Initialized native services in: C:\Users\Acer Nitro 5\.gradle\native
Initialized jansi services in: C:\Users\Acer Nitro 5\.gradle\native
Removing 1 daemon stop events from registry
Starting a Gradle Daemon, 1 busy Daemon could not be reused, use --status for details
Received JVM installation metadata from 'C:\Program Files\Eclipse Adoptium\jdk-17.0.18.8-hotspot': {JAVA_HOME=C:\Program Files\Eclipse Adoptium\jdk-17.0.18.8-hotspot, JAVA_VERSION=17.0.18, JAVA_VENDOR=Eclipse Adoptium, RUNTIME_NAME=OpenJDK Runtime Environment, RUNTIME_VERSION=17.0.18+8, VM_NAME=OpenJDK 64-Bit Server VM, VM_VERSION=17.0.18+8, VM_VENDOR=Eclipse Adoptium, OS_ARCH=amd64}
Starting process 'Gradle build daemon'. Working directory: C:\Users\Acer Nitro 5\.gradle\daemon\8.11.1 Command: C:\Program Files\Eclipse Adoptium\jdk-17.0.18.8-hotspot\bin\java.exe --add-opens=java.base/java.lang=ALL-UNNAMED --add-opens=java.base/java.lang.invoke=ALL-UNNAMED --add-opens=java.base/java.util=ALL-UNNAMED --add-opens=java.prefs/java.util.prefs=ALL-UNNAMED --add-exports=jdk.compiler/com.sun.tools.javac.api=ALL-UNNAMED --add-exports=jdk.compiler/com.sun.tools.javac.util=ALL-UNNAMED --add-opens=java.base/java.util=ALL-UNNAMED --add-opens=java.prefs/java.util.prefs=ALL-UNNAMED --add-opens=java.base/java.nio.charset=ALL-UNNAMED --add-opens=java.base/java.net=ALL-UNNAMED --add-opens=java.base/java.util.concurrent.atomic=ALL-UNNAMED --add-opens=java.xml/javax.xml.namespace=ALL-UNNAMED -Xmx2048m -Dfile.encoding=UTF-8 -Duser.country=VN -Duser.language=vi -Duser.variant -cp C:\Users\Acer Nitro 5\.gradle\wrapper\dists\gradle-8.11.1-bin\bpt9gzteqjrbo1mjrsomdt32c\gradle-8.11.1\lib\gradle-daemon-main-8.11.1.jar -javaagent:C:\Users\Acer Nitro 5\.gradle\wrapper\dists\gradle-8.11.1-bin\bpt9gzteqjrbo1mjrsomdt32c\gradle-8.11.1\lib\agents\gradle-instrumentation-agent-8.11.1.jar org.gradle.launcher.daemon.bootstrap.GradleDaemon 8.11.1
Successfully started process 'Gradle build daemon'
An attempt to start the daemon took 2.429 secs.
The client will now receive all logging from the daemon (pid: 23792). The daemon log file: C:\Users\Acer Nitro 5\.gradle\daemon\8.11.1\daemon-23792.out.log
Starting build in new daemon [memory: 2 GiB]
Using 12 worker leases.
Received JVM installation metadata from 'C:\Program Files\Eclipse Adoptium\jdk-17.0.18.8-hotspot': {JAVA_HOME=C:\Program Files\Eclipse Adoptium\jdk-17.0.18.8-hotspot, JAVA_VERSION=17.0.18, JAVA_VENDOR=Eclipse Adoptium, RUNTIME_NAME=OpenJDK Runtime Environment, RUNTIME_VERSION=17.0.18+8, VM_NAME=OpenJDK 64-Bit Server VM, VM_VERSION=17.0.18+8, VM_VENDOR=Eclipse Adoptium, OS_ARCH=amd64}
Watching the file system is configured to be enabled if available
Now considering [D:\Androi\EasyShop] as hierarchies to watch
File system watching is active
Starting Build
Settings evaluated using settings file 'D:\Androi\EasyShop\settings.gradle.kts'.
Projects loaded. Root project using build file 'D:\Androi\EasyShop\build.gradle.kts'.
Included projects: [root project 'EasyShop', project ':app']

> Configure project :
Evaluating root project 'EasyShop' using build file 'D:\Androi\EasyShop\build.gradle.kts'.
Transforming gradle-8.9.1.jar (com.android.tools.build:gradle:8.9.1) with InstrumentationAnalysisTransform
Transforming google-services-4.4.2.jar (com.google.gms:google-services:4.4.2) with InstrumentationAnalysisTransform
Transforming gradle-settings-api-8.9.1.jar (com.android.tools.build:gradle-settings-api:8.9.1) with InstrumentationAnalysisTransform
Transforming lint-model-31.9.1.jar (com.android.tools.lint:lint-model:31.9.1) with InstrumentationAnalysisTransform
Transforming builder-8.9.1.jar (com.android.tools.build:builder:8.9.1) with InstrumentationAnalysisTransform
Transforming manifest-merger-31.9.1.jar (com.android.tools.build:manifest-merger:31.9.1) with InstrumentationAnalysisTransform
Transforming sdk-common-31.9.1.jar (com.android.tools:sdk-common:31.9.1) with InstrumentationAnalysisTransform
Transforming sdklib-31.9.1.jar (com.android.tools:sdklib:31.9.1) with InstrumentationAnalysisTransform
Transforming repository-31.9.1.jar (com.android.tools:repository:31.9.1) with InstrumentationAnalysisTransform
Transforming aaptcompiler-8.9.1.jar (com.android.tools.build:aaptcompiler:8.9.1) with InstrumentationAnalysisTransform
Transforming tracker-31.9.1.jar (com.android.tools.analytics-library:tracker:31.9.1) with InstrumentationAnalysisTransform
Transforming shared-31.9.1.jar (com.android.tools.analytics-library:shared:31.9.1) with InstrumentationAnalysisTransform
Transforming databinding-compiler-common-8.9.1.jar (androidx.databinding:databinding-compiler-common:8.9.1) with InstrumentationAnalysisTransform
Transforming android-test-plugin-host-emulator-control-proto-31.9.1.jar (com.android.tools.utp:android-test-plugin-host-emulator-control-proto:31.9.1) with InstrumentationAnalysisTransform
Transforming android-test-plugin-host-retention-proto-31.9.1.jar (com.android.tools.utp:android-test-plugin-host-retention-proto:31.9.1) with InstrumentationAnalysisTransform
Transforming builder-model-8.9.1.jar (com.android.tools.build:builder-model:8.9.1) with InstrumentationAnalysisTransform
Transforming gradle-api-8.9.1.jar (com.android.tools.build:gradle-api:8.9.1) with InstrumentationAnalysisTransform
Transforming strict-version-matcher-plugin-1.2.4.jar (com.google.android.gms:strict-version-matcher-plugin:1.2.4) with InstrumentationAnalysisTransform
Transforming builder-test-api-8.9.1.jar (com.android.tools.build:builder-test-api:8.9.1) with InstrumentationAnalysisTransform
Transforming ddmlib-31.9.1.jar (com.android.tools.ddms:ddmlib:31.9.1) with InstrumentationAnalysisTransform
Transforming layoutlib-api-31.9.1.jar (com.android.tools.layoutlib:layoutlib-api:31.9.1) with InstrumentationAnalysisTransform
Transforming dvlib-31.9.1.jar (com.android.tools:dvlib:31.9.1) with InstrumentationAnalysisTransform
Transforming common-31.9.1.jar (com.android.tools:common:31.9.1) with InstrumentationAnalysisTransform
Transforming kotlin-stdlib-jdk8-2.1.0.jar (org.jetbrains.kotlin:kotlin-stdlib-jdk8:2.1.0) with InstrumentationAnalysisTransform
Transforming jetifier-processor-1.0.0-beta10.jar (com.android.tools.build.jetifier:jetifier-processor:1.0.0-beta10) with InstrumentationAnalysisTransform
Transforming jetifier-core-1.0.0-beta10.jar (com.android.tools.build.jetifier:jetifier-core:1.0.0-beta10) with InstrumentationAnalysisTransform
Transforming kotlin-reflect-2.0.20.jar (org.jetbrains.kotlin:kotlin-reflect:2.0.20) with InstrumentationAnalysisTransform
Transforming kotlin-stdlib-jdk7-2.1.0.jar (org.jetbrains.kotlin:kotlin-stdlib-jdk7:2.1.0) with InstrumentationAnalysisTransform
Transforming kotlin-stdlib-2.0.20.jar (org.jetbrains.kotlin:kotlin-stdlib:2.0.20) with InstrumentationAnalysisTransform
Transforming annotations-13.0.jar (org.jetbrains:annotations:13.0) with InstrumentationAnalysisTransform
Transforming kotlin-gradle-plugin-model-2.0.21.jar (org.jetbrains.kotlin:kotlin-gradle-plugin-model:2.0.21) with InstrumentationAnalysisTransform
Transforming kotlin-gradle-plugin-api-2.0.21.jar (org.jetbrains.kotlin:kotlin-gradle-plugin-api:2.0.21) with InstrumentationAnalysisTransform
Transforming kotlin-gradle-plugin-api-2.0.21-gradle85.jar (org.jetbrains.kotlin:kotlin-gradle-plugin-api:2.0.21) with InstrumentationAnalysisTransform
Transforming compose-compiler-gradle-plugin-2.0.21-gradle85.jar (org.jetbrains.kotlin:compose-compiler-gradle-plugin:2.0.21) with InstrumentationAnalysisTransform
Transforming kotlin-gradle-plugin-2.0.21-gradle85.jar (org.jetbrains.kotlin:kotlin-gradle-plugin:2.0.21) with InstrumentationAnalysisTransform
Transforming bundletool-1.17.2.jar (com.android.tools.build:bundletool:1.17.2) with InstrumentationAnalysisTransform
Transforming aapt2-proto-8.9.1-12782657.jar (com.android.tools.build:aapt2-proto:8.9.1-12782657) with InstrumentationAnalysisTransform
Transforming crash-31.9.1.jar (com.android.tools.analytics-library:crash:31.9.1) with InstrumentationAnalysisTransform
Transforming lint-typedef-remover-31.9.1.jar (com.android.tools.lint:lint-typedef-remover:31.9.1) with InstrumentationAnalysisTransform
Transforming databinding-common-8.9.1.jar (androidx.databinding:databinding-common:8.9.1) with InstrumentationAnalysisTransform
Transforming baseLibrary-8.9.1.jar (com.android.databinding:baseLibrary:8.9.1) with InstrumentationAnalysisTransform
Transforming android-device-provider-ddmlib-proto-31.9.1.jar (com.android.tools.utp:android-device-provider-ddmlib-proto:31.9.1) with InstrumentationAnalysisTransform
Transforming android-device-provider-gradle-proto-31.9.1.jar (com.android.tools.utp:android-device-provider-gradle-proto:31.9.1) with InstrumentationAnalysisTransform
Transforming android-device-provider-profile-proto-31.9.1.jar (com.android.tools.utp:android-device-provider-profile-proto:31.9.1) with InstrumentationAnalysisTransform
Transforming android-test-plugin-host-additional-test-output-proto-31.9.1.jar (com.android.tools.utp:android-test-plugin-host-additional-test-output-proto:31.9.1) with InstrumentationAnalysisTransform
Transforming android-test-plugin-host-coverage-proto-31.9.1.jar (com.android.tools.utp:android-test-plugin-host-coverage-proto:31.9.1) with InstrumentationAnalysisTransform
Transforming android-test-plugin-host-logcat-proto-31.9.1.jar (com.android.tools.utp:android-test-plugin-host-logcat-proto:31.9.1) with InstrumentationAnalysisTransform
Transforming android-test-plugin-host-apk-installer-proto-31.9.1.jar (com.android.tools.utp:android-test-plugin-host-apk-installer-proto:31.9.1) with InstrumentationAnalysisTransform
Transforming android-test-plugin-result-listener-gradle-proto-31.9.1.jar (com.android.tools.utp:android-test-plugin-result-listener-gradle-proto:31.9.1) with InstrumentationAnalysisTransform
Transforming transform-api-2.0.0-deprecated-use-gradle-api.jar (com.android.tools.build:transform-api:2.0.0-deprecated-use-gradle-api) with InstrumentationAnalysisTransform
Transforming httpmime-4.5.6.jar (org.apache.httpcomponents:httpmime:4.5.6) with InstrumentationAnalysisTransform
Transforming commons-io-2.16.1.jar (commons-io:commons-io:2.16.1) with InstrumentationAnalysisTransform
Transforming asm-commons-9.7.jar (org.ow2.asm:asm-commons:9.7) with InstrumentationAnalysisTransform
Transforming asm-util-9.7.jar (org.ow2.asm:asm-util:9.7) with InstrumentationAnalysisTransform
Transforming asm-analysis-9.7.jar (org.ow2.asm:asm-analysis:9.7) with InstrumentationAnalysisTransform
Transforming asm-tree-9.7.jar (org.ow2.asm:asm-tree:9.7) with InstrumentationAnalysisTransform
Transforming asm-9.7.jar (org.ow2.asm:asm:9.7) with InstrumentationAnalysisTransform
Transforming apkzlib-8.9.1.jar (com.android.tools.build:apkzlib:8.9.1) with InstrumentationAnalysisTransform
Transforming bcpkix-jdk18on-1.79.jar (org.bouncycastle:bcpkix-jdk18on:1.79) with InstrumentationAnalysisTransform
Transforming jaxb-runtime-2.3.2.jar (org.glassfish.jaxb:jaxb-runtime:2.3.2) with InstrumentationAnalysisTransform
Transforming jopt-simple-4.9.jar (net.sf.jopt-simple:jopt-simple:4.9) with InstrumentationAnalysisTransform
Transforming javapoet-1.10.0.jar (com.squareup:javapoet:1.10.0) with InstrumentationAnalysisTransform
Transforming protobuf-java-util-3.22.3.jar (com.google.protobuf:protobuf-java-util:3.22.3) with InstrumentationAnalysisTransform
Transforming tink-1.7.0.jar (com.google.crypto.tink:tink:1.7.0) with InstrumentationAnalysisTransform
Transforming core-proto-0.0.9-alpha03.jar (com.google.testing.platform:core-proto:0.0.9-alpha03) with InstrumentationAnalysisTransform
Transforming protos-31.9.1.jar (com.android.tools.analytics-library:protos:31.9.1) with InstrumentationAnalysisTransform
Transforming grpc-protobuf-1.57.2.jar (io.grpc:grpc-protobuf:1.57.2) with InstrumentationAnalysisTransform
Transforming proto-google-common-protos-2.17.0.jar (com.google.api.grpc:proto-google-common-protos:2.17.0) with InstrumentationAnalysisTransform
Transforming protobuf-java-3.24.4.jar (com.google.protobuf:protobuf-java:3.24.4) with InstrumentationAnalysisTransform
Transforming kotlin-build-statistics-2.0.21.jar (org.jetbrains.kotlin:kotlin-build-statistics:2.0.21) with InstrumentationAnalysisTransform
Transforming grpc-netty-1.57.2.jar (io.grpc:grpc-netty:1.57.2) with InstrumentationAnalysisTransform
Transforming grpc-core-1.57.2.jar (io.grpc:grpc-core:1.57.2) with InstrumentationAnalysisTransform
Transforming gson-2.10.1.jar (com.google.code.gson:gson:2.10.1) with InstrumentationAnalysisTransform
Transforming grpc-stub-1.57.2.jar (io.grpc:grpc-stub:1.57.2) with InstrumentationAnalysisTransform
Transforming tensorflow-lite-metadata-0.2.0.jar (org.tensorflow:tensorflow-lite-metadata:0.2.0) with InstrumentationAnalysisTransform
Transforming flatbuffers-java-1.12.0.jar (com.google.flatbuffers:flatbuffers-java:1.12.0) with InstrumentationAnalysisTransform
Transforming kotlin-gradle-plugin-idea-proto-2.0.21.jar (org.jetbrains.kotlin:kotlin-gradle-plugin-idea-proto:2.0.21) with InstrumentationAnalysisTransform
Transforming kotlin-gradle-plugin-idea-2.0.21.jar (org.jetbrains.kotlin:kotlin-gradle-plugin-idea:2.0.21) with InstrumentationAnalysisTransform
Transforming kotlin-klib-commonizer-api-2.0.21.jar (org.jetbrains.kotlin:kotlin-klib-commonizer-api:2.0.21) with InstrumentationAnalysisTransform
Transforming kotlin-build-tools-api-2.0.21.jar (org.jetbrains.kotlin:kotlin-build-tools-api:2.0.21) with InstrumentationAnalysisTransform
Transforming kotlin-compiler-runner-2.0.21.jar (org.jetbrains.kotlin:kotlin-compiler-runner:2.0.21) with InstrumentationAnalysisTransform
Transforming kotlin-native-utils-2.0.21.jar (org.jetbrains.kotlin:kotlin-native-utils:2.0.21) with InstrumentationAnalysisTransform
Transforming kotlin-util-klib-2.0.21.jar (org.jetbrains.kotlin:kotlin-util-klib:2.0.21) with InstrumentationAnalysisTransform
Transforming kotlin-compiler-embeddable-2.0.21.jar (org.jetbrains.kotlin:kotlin-compiler-embeddable:2.0.21) with InstrumentationAnalysisTransform
Transforming jimfs-1.1.jar (com.google.jimfs:jimfs:1.1) with InstrumentationAnalysisTransform
Transforming grpc-context-1.57.2.jar (io.grpc:grpc-context:1.57.2) with InstrumentationAnalysisTransform
Transforming grpc-protobuf-lite-1.57.2.jar (io.grpc:grpc-protobuf-lite:1.57.2) with InstrumentationAnalysisTransform
Transforming grpc-api-1.57.2.jar (io.grpc:grpc-api:1.57.2) with InstrumentationAnalysisTransform
Transforming guava-32.0.1-jre.jar (com.google.guava:guava:32.0.1-jre) with InstrumentationAnalysisTransform
Transforming dagger-2.28.3.jar (com.google.dagger:dagger:2.28.3) with InstrumentationAnalysisTransform
Transforming javax.inject-1.jar (javax.inject:javax.inject:1) with InstrumentationAnalysisTransform
Transforming kxml2-2.3.0.jar (net.sf.kxml:kxml2:2.3.0) with InstrumentationAnalysisTransform
Transforming bcutil-jdk18on-1.79.jar (org.bouncycastle:bcutil-jdk18on:1.79) with InstrumentationAnalysisTransform
Transforming bcprov-jdk18on-1.79.jar (org.bouncycastle:bcprov-jdk18on:1.79) with InstrumentationAnalysisTransform
Transforming commons-compress-1.21.jar (org.apache.commons:commons-compress:1.21) with InstrumentationAnalysisTransform
Transforming httpclient-4.5.14.jar (org.apache.httpcomponents:httpclient:4.5.14) with InstrumentationAnalysisTransform
Transforming httpcore-4.4.16.jar (org.apache.httpcomponents:httpcore:4.4.16) with InstrumentationAnalysisTransform
Transforming javax.activation-1.2.0.jar (com.sun.activation:javax.activation:1.2.0) with InstrumentationAnalysisTransform
Transforming signflinger-8.9.1.jar (com.android:signflinger:8.9.1) with InstrumentationAnalysisTransform
Transforming zipflinger-8.9.1.jar (com.android:zipflinger:8.9.1) with InstrumentationAnalysisTransform
Transforming annotations-31.9.1.jar (com.android.tools:annotations:31.9.1) with InstrumentationAnalysisTransform
Transforming jna-platform-5.6.0.jar (net.java.dev.jna:jna-platform:5.6.0) with InstrumentationAnalysisTransform
Transforming juniversalchardet-1.0.3.jar (com.googlecode.juniversalchardet:juniversalchardet:1.0.3) with InstrumentationAnalysisTransform
Transforming javax.annotation-api-1.3.2.jar (javax.annotation:javax.annotation-api:1.3.2) with InstrumentationAnalysisTransform
Transforming stax-ex-1.8.1.jar (org.jvnet.staxex:stax-ex:1.8.1) with InstrumentationAnalysisTransform
Transforming jakarta.xml.bind-api-2.3.2.jar (jakarta.xml.bind:jakarta.xml.bind-api:2.3.2) with InstrumentationAnalysisTransform
Transforming txw2-2.3.2.jar (org.glassfish.jaxb:txw2:2.3.2) with InstrumentationAnalysisTransform
Transforming istack-commons-runtime-3.0.8.jar (com.sun.istack:istack-commons-runtime:3.0.8) with InstrumentationAnalysisTransform
Transforming FastInfoset-1.2.16.jar (com.sun.xml.fastinfoset:FastInfoset:1.2.16) with InstrumentationAnalysisTransform
Transforming jakarta.activation-api-1.2.1.jar (jakarta.activation:jakarta.activation-api:1.2.1) with InstrumentationAnalysisTransform
Transforming auto-value-annotations-1.6.2.jar (com.google.auto.value:auto-value-annotations:1.6.2) with InstrumentationAnalysisTransform
Transforming error_prone_annotations-2.18.0.jar (com.google.errorprone:error_prone_annotations:2.18.0) with InstrumentationAnalysisTransform
Transforming jose4j-0.9.5.jar (org.bitbucket.b_c:jose4j:0.9.5) with InstrumentationAnalysisTransform
Transforming slf4j-api-1.7.30.jar (org.slf4j:slf4j-api:1.7.30) with InstrumentationAnalysisTransform
Transforming jdom2-2.0.6.jar (org.jdom:jdom2:2.0.6) with InstrumentationAnalysisTransform
Transforming jsr305-3.0.2.jar (com.google.code.findbugs:jsr305:3.0.2) with InstrumentationAnalysisTransform
Transforming j2objc-annotations-2.8.jar (com.google.j2objc:j2objc-annotations:2.8) with InstrumentationAnalysisTransform
Transforming checker-qual-3.33.0.jar (org.checkerframework:checker-qual:3.33.0) with InstrumentationAnalysisTransform
Transforming apksig-8.9.1.jar (com.android.tools.build:apksig:8.9.1) with InstrumentationAnalysisTransform
Transforming javawriter-2.5.0.jar (com.squareup:javawriter:2.5.0) with InstrumentationAnalysisTransform
Transforming kotlin-gradle-plugin-annotations-2.0.21.jar (org.jetbrains.kotlin:kotlin-gradle-plugin-annotations:2.0.21) with InstrumentationAnalysisTransform
Transforming kotlin-tooling-core-2.0.21.jar (org.jetbrains.kotlin:kotlin-tooling-core:2.0.21) with InstrumentationAnalysisTransform
Transforming kotlin-daemon-client-2.0.21.jar (org.jetbrains.kotlin:kotlin-daemon-client:2.0.21) with InstrumentationAnalysisTransform
Transforming kotlinx-coroutines-core-jvm-1.6.4.jar (org.jetbrains.kotlinx:kotlinx-coroutines-core-jvm:1.6.4) with InstrumentationAnalysisTransform
Transforming kotlin-util-io-2.0.21.jar (org.jetbrains.kotlin:kotlin-util-io:2.0.21) with InstrumentationAnalysisTransform
Transforming kotlin-daemon-embeddable-2.0.21.jar (org.jetbrains.kotlin:kotlin-daemon-embeddable:2.0.21) with InstrumentationAnalysisTransform
Transforming trove4j-1.0.20200330.jar (org.jetbrains.intellij.deps:trove4j:1.0.20200330) with InstrumentationAnalysisTransform
Transforming failureaccess-1.0.1.jar (com.google.guava:failureaccess:1.0.1) with InstrumentationAnalysisTransform
Transforming listenablefuture-9999.0-empty-to-avoid-conflict-with-guava.jar (com.google.guava:listenablefuture:9999.0-empty-to-avoid-conflict-with-guava) with InstrumentationAnalysisTransform
Transforming commons-logging-1.2.jar (commons-logging:commons-logging:1.2) with InstrumentationAnalysisTransform
Transforming commons-codec-1.11.jar (commons-codec:commons-codec:1.11) with InstrumentationAnalysisTransform
Transforming jna-5.6.0.jar (net.java.dev.jna:jna:5.6.0) with InstrumentationAnalysisTransform
Transforming annotations-4.1.1.4.jar (com.google.android:annotations:4.1.1.4) with InstrumentationAnalysisTransform
Transforming animal-sniffer-annotations-1.23.jar (org.codehaus.mojo:animal-sniffer-annotations:1.23) with InstrumentationAnalysisTransform
Transforming perfmark-api-0.26.0.jar (io.perfmark:perfmark-api:0.26.0) with InstrumentationAnalysisTransform
Transforming netty-codec-http2-4.1.93.Final.jar (io.netty:netty-codec-http2:4.1.93.Final) with InstrumentationAnalysisTransform
Transforming netty-handler-proxy-4.1.93.Final.jar (io.netty:netty-handler-proxy:4.1.93.Final) with InstrumentationAnalysisTransform
Transforming netty-codec-http-4.1.93.Final.jar (io.netty:netty-codec-http:4.1.93.Final) with InstrumentationAnalysisTransform
Transforming netty-handler-4.1.93.Final.jar (io.netty:netty-handler:4.1.93.Final) with InstrumentationAnalysisTransform
Transforming netty-transport-native-unix-common-4.1.93.Final.jar (io.netty:netty-transport-native-unix-common:4.1.93.Final) with InstrumentationAnalysisTransform
Transforming netty-codec-socks-4.1.93.Final.jar (io.netty:netty-codec-socks:4.1.93.Final) with InstrumentationAnalysisTransform
Transforming netty-codec-4.1.93.Final.jar (io.netty:netty-codec:4.1.93.Final) with InstrumentationAnalysisTransform
Transforming netty-transport-4.1.93.Final.jar (io.netty:netty-transport:4.1.93.Final) with InstrumentationAnalysisTransform
Transforming netty-buffer-4.1.93.Final.jar (io.netty:netty-buffer:4.1.93.Final) with InstrumentationAnalysisTransform
Transforming netty-resolver-4.1.93.Final.jar (io.netty:netty-resolver:4.1.93.Final) with InstrumentationAnalysisTransform
Transforming netty-common-4.1.93.Final.jar (io.netty:netty-common:4.1.93.Final) with InstrumentationAnalysisTransform
Transforming gradle-8.9.1.jar (com.android.tools.build:gradle:8.9.1) with InstrumentationAnalysisTransform
Transforming gradle-8.9.1.jar (com.android.tools.build:gradle:8.9.1) with MergeInstrumentationAnalysisTransform
Transforming google-services-4.4.2.jar (com.google.gms:google-services:4.4.2) with InstrumentationAnalysisTransform
Transforming google-services-4.4.2.jar (com.google.gms:google-services:4.4.2) with MergeInstrumentationAnalysisTransform
Transforming gradle-settings-api-8.9.1.jar (com.android.tools.build:gradle-settings-api:8.9.1) with InstrumentationAnalysisTransform
Transforming gradle-settings-api-8.9.1.jar (com.android.tools.build:gradle-settings-api:8.9.1) with MergeInstrumentationAnalysisTransform
Transforming lint-model-31.9.1.jar (com.android.tools.lint:lint-model:31.9.1) with InstrumentationAnalysisTransform
Transforming lint-model-31.9.1.jar (com.android.tools.lint:lint-model:31.9.1) with MergeInstrumentationAnalysisTransform
Transforming builder-8.9.1.jar (com.android.tools.build:builder:8.9.1) with InstrumentationAnalysisTransform
Transforming builder-8.9.1.jar (com.android.tools.build:builder:8.9.1) with MergeInstrumentationAnalysisTransform
Transforming manifest-merger-31.9.1.jar (com.android.tools.build:manifest-merger:31.9.1) with InstrumentationAnalysisTransform
Transforming manifest-merger-31.9.1.jar (com.android.tools.build:manifest-merger:31.9.1) with MergeInstrumentationAnalysisTransform
Transforming sdk-common-31.9.1.jar (com.android.tools:sdk-common:31.9.1) with InstrumentationAnalysisTransform
Transforming sdk-common-31.9.1.jar (com.android.tools:sdk-common:31.9.1) with MergeInstrumentationAnalysisTransform
Transforming sdklib-31.9.1.jar (com.android.tools:sdklib:31.9.1) with InstrumentationAnalysisTransform
Transforming sdklib-31.9.1.jar (com.android.tools:sdklib:31.9.1) with MergeInstrumentationAnalysisTransform
Transforming repository-31.9.1.jar (com.android.tools:repository:31.9.1) with InstrumentationAnalysisTransform
Transforming repository-31.9.1.jar (com.android.tools:repository:31.9.1) with MergeInstrumentationAnalysisTransform
Transforming aaptcompiler-8.9.1.jar (com.android.tools.build:aaptcompiler:8.9.1) with InstrumentationAnalysisTransform
Transforming aaptcompiler-8.9.1.jar (com.android.tools.build:aaptcompiler:8.9.1) with MergeInstrumentationAnalysisTransform
Transforming tracker-31.9.1.jar (com.android.tools.analytics-library:tracker:31.9.1) with InstrumentationAnalysisTransform
Transforming tracker-31.9.1.jar (com.android.tools.analytics-library:tracker:31.9.1) with MergeInstrumentationAnalysisTransform
Transforming shared-31.9.1.jar (com.android.tools.analytics-library:shared:31.9.1) with InstrumentationAnalysisTransform
Transforming shared-31.9.1.jar (com.android.tools.analytics-library:shared:31.9.1) with MergeInstrumentationAnalysisTransform
Transforming databinding-compiler-common-8.9.1.jar (androidx.databinding:databinding-compiler-common:8.9.1) with InstrumentationAnalysisTransform
Transforming databinding-compiler-common-8.9.1.jar (androidx.databinding:databinding-compiler-common:8.9.1) with MergeInstrumentationAnalysisTransform
Transforming android-test-plugin-host-emulator-control-proto-31.9.1.jar (com.android.tools.utp:android-test-plugin-host-emulator-control-proto:31.9.1) with InstrumentationAnalysisTransform
Transforming android-test-plugin-host-emulator-control-proto-31.9.1.jar (com.android.tools.utp:android-test-plugin-host-emulator-control-proto:31.9.1) with MergeInstrumentationAnalysisTransform
Transforming android-test-plugin-host-retention-proto-31.9.1.jar (com.android.tools.utp:android-test-plugin-host-retention-proto:31.9.1) with InstrumentationAnalysisTransform
Transforming android-test-plugin-host-retention-proto-31.9.1.jar (com.android.tools.utp:android-test-plugin-host-retention-proto:31.9.1) with MergeInstrumentationAnalysisTransform
Transforming builder-model-8.9.1.jar (com.android.tools.build:builder-model:8.9.1) with InstrumentationAnalysisTransform
Transforming builder-model-8.9.1.jar (com.android.tools.build:builder-model:8.9.1) with MergeInstrumentationAnalysisTransform
Transforming gradle-api-8.9.1.jar (com.android.tools.build:gradle-api:8.9.1) with InstrumentationAnalysisTransform
Transforming gradle-api-8.9.1.jar (com.android.tools.build:gradle-api:8.9.1) with MergeInstrumentationAnalysisTransform
Transforming strict-version-matcher-plugin-1.2.4.jar (com.google.android.gms:strict-version-matcher-plugin:1.2.4) with InstrumentationAnalysisTransform
Transforming strict-version-matcher-plugin-1.2.4.jar (com.google.android.gms:strict-version-matcher-plugin:1.2.4) with MergeInstrumentationAnalysisTransform
Transforming builder-test-api-8.9.1.jar (com.android.tools.build:builder-test-api:8.9.1) with InstrumentationAnalysisTransform
Transforming builder-test-api-8.9.1.jar (com.android.tools.build:builder-test-api:8.9.1) with MergeInstrumentationAnalysisTransform
Transforming ddmlib-31.9.1.jar (com.android.tools.ddms:ddmlib:31.9.1) with InstrumentationAnalysisTransform
Transforming ddmlib-31.9.1.jar (com.android.tools.ddms:ddmlib:31.9.1) with MergeInstrumentationAnalysisTransform
Transforming layoutlib-api-31.9.1.jar (com.android.tools.layoutlib:layoutlib-api:31.9.1) with InstrumentationAnalysisTransform
Transforming layoutlib-api-31.9.1.jar (com.android.tools.layoutlib:layoutlib-api:31.9.1) with MergeInstrumentationAnalysisTransform
Transforming dvlib-31.9.1.jar (com.android.tools:dvlib:31.9.1) with InstrumentationAnalysisTransform
Transforming dvlib-31.9.1.jar (com.android.tools:dvlib:31.9.1) with MergeInstrumentationAnalysisTransform
Transforming common-31.9.1.jar (com.android.tools:common:31.9.1) with InstrumentationAnalysisTransform
Transforming common-31.9.1.jar (com.android.tools:common:31.9.1) with MergeInstrumentationAnalysisTransform
Transforming kotlin-stdlib-jdk8-2.1.0.jar (org.jetbrains.kotlin:kotlin-stdlib-jdk8:2.1.0) with InstrumentationAnalysisTransform
Transforming kotlin-stdlib-jdk8-2.1.0.jar (org.jetbrains.kotlin:kotlin-stdlib-jdk8:2.1.0) with MergeInstrumentationAnalysisTransform
Transforming jetifier-processor-1.0.0-beta10.jar (com.android.tools.build.jetifier:jetifier-processor:1.0.0-beta10) with InstrumentationAnalysisTransform
Transforming jetifier-processor-1.0.0-beta10.jar (com.android.tools.build.jetifier:jetifier-processor:1.0.0-beta10) with MergeInstrumentationAnalysisTransform
Transforming jetifier-core-1.0.0-beta10.jar (com.android.tools.build.jetifier:jetifier-core:1.0.0-beta10) with InstrumentationAnalysisTransform
Transforming jetifier-core-1.0.0-beta10.jar (com.android.tools.build.jetifier:jetifier-core:1.0.0-beta10) with MergeInstrumentationAnalysisTransform
Transforming kotlin-reflect-2.0.20.jar (org.jetbrains.kotlin:kotlin-reflect:2.0.20) with InstrumentationAnalysisTransform
Transforming kotlin-reflect-2.0.20.jar (org.jetbrains.kotlin:kotlin-reflect:2.0.20) with MergeInstrumentationAnalysisTransform
Transforming kotlin-stdlib-jdk7-2.1.0.jar (org.jetbrains.kotlin:kotlin-stdlib-jdk7:2.1.0) with InstrumentationAnalysisTransform
Transforming kotlin-stdlib-jdk7-2.1.0.jar (org.jetbrains.kotlin:kotlin-stdlib-jdk7:2.1.0) with MergeInstrumentationAnalysisTransform
Transforming kotlin-stdlib-2.0.20.jar (org.jetbrains.kotlin:kotlin-stdlib:2.0.20) with InstrumentationAnalysisTransform
Transforming kotlin-stdlib-2.0.20.jar (org.jetbrains.kotlin:kotlin-stdlib:2.0.20) with MergeInstrumentationAnalysisTransform
Transforming annotations-13.0.jar (org.jetbrains:annotations:13.0) with InstrumentationAnalysisTransform
Transforming annotations-13.0.jar (org.jetbrains:annotations:13.0) with MergeInstrumentationAnalysisTransform
Transforming kotlin-gradle-plugin-model-2.0.21.jar (org.jetbrains.kotlin:kotlin-gradle-plugin-model:2.0.21) with InstrumentationAnalysisTransform
Transforming kotlin-gradle-plugin-model-2.0.21.jar (org.jetbrains.kotlin:kotlin-gradle-plugin-model:2.0.21) with MergeInstrumentationAnalysisTransform
Transforming kotlin-gradle-plugin-api-2.0.21.jar (org.jetbrains.kotlin:kotlin-gradle-plugin-api:2.0.21) with InstrumentationAnalysisTransform
Transforming kotlin-gradle-plugin-api-2.0.21.jar (org.jetbrains.kotlin:kotlin-gradle-plugin-api:2.0.21) with MergeInstrumentationAnalysisTransform
Transforming kotlin-gradle-plugin-api-2.0.21-gradle85.jar (org.jetbrains.kotlin:kotlin-gradle-plugin-api:2.0.21) with InstrumentationAnalysisTransform
Transforming kotlin-gradle-plugin-api-2.0.21-gradle85.jar (org.jetbrains.kotlin:kotlin-gradle-plugin-api:2.0.21) with MergeInstrumentationAnalysisTransform
Transforming compose-compiler-gradle-plugin-2.0.21-gradle85.jar (org.jetbrains.kotlin:compose-compiler-gradle-plugin:2.0.21) with InstrumentationAnalysisTransform
Transforming compose-compiler-gradle-plugin-2.0.21-gradle85.jar (org.jetbrains.kotlin:compose-compiler-gradle-plugin:2.0.21) with MergeInstrumentationAnalysisTransform
Transforming kotlin-gradle-plugin-2.0.21-gradle85.jar (org.jetbrains.kotlin:kotlin-gradle-plugin:2.0.21) with InstrumentationAnalysisTransform
Transforming kotlin-gradle-plugin-2.0.21-gradle85.jar (org.jetbrains.kotlin:kotlin-gradle-plugin:2.0.21) with MergeInstrumentationAnalysisTransform
Transforming bundletool-1.17.2.jar (com.android.tools.build:bundletool:1.17.2) with InstrumentationAnalysisTransform
Transforming bundletool-1.17.2.jar (com.android.tools.build:bundletool:1.17.2) with MergeInstrumentationAnalysisTransform
Transforming aapt2-proto-8.9.1-12782657.jar (com.android.tools.build:aapt2-proto:8.9.1-12782657) with InstrumentationAnalysisTransform
Transforming aapt2-proto-8.9.1-12782657.jar (com.android.tools.build:aapt2-proto:8.9.1-12782657) with MergeInstrumentationAnalysisTransform
Transforming crash-31.9.1.jar (com.android.tools.analytics-library:crash:31.9.1) with InstrumentationAnalysisTransform
Transforming crash-31.9.1.jar (com.android.tools.analytics-library:crash:31.9.1) with MergeInstrumentationAnalysisTransform
Transforming lint-typedef-remover-31.9.1.jar (com.android.tools.lint:lint-typedef-remover:31.9.1) with InstrumentationAnalysisTransform
Transforming lint-typedef-remover-31.9.1.jar (com.android.tools.lint:lint-typedef-remover:31.9.1) with MergeInstrumentationAnalysisTransform
Transforming databinding-common-8.9.1.jar (androidx.databinding:databinding-common:8.9.1) with InstrumentationAnalysisTransform
Transforming databinding-common-8.9.1.jar (androidx.databinding:databinding-common:8.9.1) with MergeInstrumentationAnalysisTransform
Transforming baseLibrary-8.9.1.jar (com.android.databinding:baseLibrary:8.9.1) with InstrumentationAnalysisTransform
Transforming baseLibrary-8.9.1.jar (com.android.databinding:baseLibrary:8.9.1) with MergeInstrumentationAnalysisTransform
Transforming android-device-provider-ddmlib-proto-31.9.1.jar (com.android.tools.utp:android-device-provider-ddmlib-proto:31.9.1) with InstrumentationAnalysisTransform
Transforming android-device-provider-ddmlib-proto-31.9.1.jar (com.android.tools.utp:android-device-provider-ddmlib-proto:31.9.1) with MergeInstrumentationAnalysisTransform
Transforming android-device-provider-gradle-proto-31.9.1.jar (com.android.tools.utp:android-device-provider-gradle-proto:31.9.1) with InstrumentationAnalysisTransform
Transforming android-device-provider-gradle-proto-31.9.1.jar (com.android.tools.utp:android-device-provider-gradle-proto:31.9.1) with MergeInstrumentationAnalysisTransform
Transforming android-device-provider-profile-proto-31.9.1.jar (com.android.tools.utp:android-device-provider-profile-proto:31.9.1) with InstrumentationAnalysisTransform
Transforming android-device-provider-profile-proto-31.9.1.jar (com.android.tools.utp:android-device-provider-profile-proto:31.9.1) with MergeInstrumentationAnalysisTransform
Transforming android-test-plugin-host-additional-test-output-proto-31.9.1.jar (com.android.tools.utp:android-test-plugin-host-additional-test-output-proto:31.9.1) with InstrumentationAnalysisTransform
Transforming android-test-plugin-host-additional-test-output-proto-31.9.1.jar (com.android.tools.utp:android-test-plugin-host-additional-test-output-proto:31.9.1) with MergeInstrumentationAnalysisTransform
Transforming android-test-plugin-host-coverage-proto-31.9.1.jar (com.android.tools.utp:android-test-plugin-host-coverage-proto:31.9.1) with InstrumentationAnalysisTransform
Transforming android-test-plugin-host-coverage-proto-31.9.1.jar (com.android.tools.utp:android-test-plugin-host-coverage-proto:31.9.1) with MergeInstrumentationAnalysisTransform
Transforming android-test-plugin-host-logcat-proto-31.9.1.jar (com.android.tools.utp:android-test-plugin-host-logcat-proto:31.9.1) with InstrumentationAnalysisTransform
Transforming android-test-plugin-host-logcat-proto-31.9.1.jar (com.android.tools.utp:android-test-plugin-host-logcat-proto:31.9.1) with MergeInstrumentationAnalysisTransform
Transforming android-test-plugin-host-apk-installer-proto-31.9.1.jar (com.android.tools.utp:android-test-plugin-host-apk-installer-proto:31.9.1) with InstrumentationAnalysisTransform
Transforming android-test-plugin-host-apk-installer-proto-31.9.1.jar (com.android.tools.utp:android-test-plugin-host-apk-installer-proto:31.9.1) with MergeInstrumentationAnalysisTransform
Transforming android-test-plugin-result-listener-gradle-proto-31.9.1.jar (com.android.tools.utp:android-test-plugin-result-listener-gradle-proto:31.9.1) with InstrumentationAnalysisTransform
Transforming android-test-plugin-result-listener-gradle-proto-31.9.1.jar (com.android.tools.utp:android-test-plugin-result-listener-gradle-proto:31.9.1) with MergeInstrumentationAnalysisTransform
Transforming transform-api-2.0.0-deprecated-use-gradle-api.jar (com.android.tools.build:transform-api:2.0.0-deprecated-use-gradle-api) with InstrumentationAnalysisTransform
Transforming transform-api-2.0.0-deprecated-use-gradle-api.jar (com.android.tools.build:transform-api:2.0.0-deprecated-use-gradle-api) with MergeInstrumentationAnalysisTransform
Transforming httpmime-4.5.6.jar (org.apache.httpcomponents:httpmime:4.5.6) with InstrumentationAnalysisTransform
Transforming httpmime-4.5.6.jar (org.apache.httpcomponents:httpmime:4.5.6) with MergeInstrumentationAnalysisTransform
Transforming commons-io-2.16.1.jar (commons-io:commons-io:2.16.1) with InstrumentationAnalysisTransform
Transforming commons-io-2.16.1.jar (commons-io:commons-io:2.16.1) with MergeInstrumentationAnalysisTransform
Transforming asm-commons-9.7.jar (org.ow2.asm:asm-commons:9.7) with InstrumentationAnalysisTransform
Transforming asm-commons-9.7.jar (org.ow2.asm:asm-commons:9.7) with MergeInstrumentationAnalysisTransform
Transforming asm-util-9.7.jar (org.ow2.asm:asm-util:9.7) with InstrumentationAnalysisTransform
Transforming asm-util-9.7.jar (org.ow2.asm:asm-util:9.7) with MergeInstrumentationAnalysisTransform
Transforming asm-analysis-9.7.jar (org.ow2.asm:asm-analysis:9.7) with InstrumentationAnalysisTransform
Transforming asm-analysis-9.7.jar (org.ow2.asm:asm-analysis:9.7) with MergeInstrumentationAnalysisTransform
Transforming asm-tree-9.7.jar (org.ow2.asm:asm-tree:9.7) with InstrumentationAnalysisTransform
Transforming asm-tree-9.7.jar (org.ow2.asm:asm-tree:9.7) with MergeInstrumentationAnalysisTransform
Transforming asm-9.7.jar (org.ow2.asm:asm:9.7) with InstrumentationAnalysisTransform
Transforming asm-9.7.jar (org.ow2.asm:asm:9.7) with MergeInstrumentationAnalysisTransform
Transforming apkzlib-8.9.1.jar (com.android.tools.build:apkzlib:8.9.1) with InstrumentationAnalysisTransform
Transforming apkzlib-8.9.1.jar (com.android.tools.build:apkzlib:8.9.1) with MergeInstrumentationAnalysisTransform
Transforming bcpkix-jdk18on-1.79.jar (org.bouncycastle:bcpkix-jdk18on:1.79) with InstrumentationAnalysisTransform
Transforming bcpkix-jdk18on-1.79.jar (org.bouncycastle:bcpkix-jdk18on:1.79) with MergeInstrumentationAnalysisTransform
Transforming jaxb-runtime-2.3.2.jar (org.glassfish.jaxb:jaxb-runtime:2.3.2) with InstrumentationAnalysisTransform
Transforming jaxb-runtime-2.3.2.jar (org.glassfish.jaxb:jaxb-runtime:2.3.2) with MergeInstrumentationAnalysisTransform
Transforming jopt-simple-4.9.jar (net.sf.jopt-simple:jopt-simple:4.9) with InstrumentationAnalysisTransform
Transforming jopt-simple-4.9.jar (net.sf.jopt-simple:jopt-simple:4.9) with MergeInstrumentationAnalysisTransform
Transforming javapoet-1.10.0.jar (com.squareup:javapoet:1.10.0) with InstrumentationAnalysisTransform
Transforming javapoet-1.10.0.jar (com.squareup:javapoet:1.10.0) with MergeInstrumentationAnalysisTransform
Transforming protobuf-java-util-3.22.3.jar (com.google.protobuf:protobuf-java-util:3.22.3) with InstrumentationAnalysisTransform
Transforming protobuf-java-util-3.22.3.jar (com.google.protobuf:protobuf-java-util:3.22.3) with MergeInstrumentationAnalysisTransform
Transforming tink-1.7.0.jar (com.google.crypto.tink:tink:1.7.0) with InstrumentationAnalysisTransform
Transforming tink-1.7.0.jar (com.google.crypto.tink:tink:1.7.0) with MergeInstrumentationAnalysisTransform
Transforming core-proto-0.0.9-alpha03.jar (com.google.testing.platform:core-proto:0.0.9-alpha03) with InstrumentationAnalysisTransform
Transforming core-proto-0.0.9-alpha03.jar (com.google.testing.platform:core-proto:0.0.9-alpha03) with MergeInstrumentationAnalysisTransform
Transforming protos-31.9.1.jar (com.android.tools.analytics-library:protos:31.9.1) with InstrumentationAnalysisTransform
Transforming protos-31.9.1.jar (com.android.tools.analytics-library:protos:31.9.1) with MergeInstrumentationAnalysisTransform
Transforming grpc-protobuf-1.57.2.jar (io.grpc:grpc-protobuf:1.57.2) with InstrumentationAnalysisTransform
Transforming grpc-protobuf-1.57.2.jar (io.grpc:grpc-protobuf:1.57.2) with MergeInstrumentationAnalysisTransform
Transforming proto-google-common-protos-2.17.0.jar (com.google.api.grpc:proto-google-common-protos:2.17.0) with InstrumentationAnalysisTransform
Transforming proto-google-common-protos-2.17.0.jar (com.google.api.grpc:proto-google-common-protos:2.17.0) with MergeInstrumentationAnalysisTransform
Transforming protobuf-java-3.24.4.jar (com.google.protobuf:protobuf-java:3.24.4) with InstrumentationAnalysisTransform
Transforming protobuf-java-3.24.4.jar (com.google.protobuf:protobuf-java:3.24.4) with MergeInstrumentationAnalysisTransform
Transforming kotlin-build-statistics-2.0.21.jar (org.jetbrains.kotlin:kotlin-build-statistics:2.0.21) with InstrumentationAnalysisTransform
Transforming kotlin-build-statistics-2.0.21.jar (org.jetbrains.kotlin:kotlin-build-statistics:2.0.21) with MergeInstrumentationAnalysisTransform
Transforming grpc-netty-1.57.2.jar (io.grpc:grpc-netty:1.57.2) with InstrumentationAnalysisTransform
Transforming grpc-netty-1.57.2.jar (io.grpc:grpc-netty:1.57.2) with MergeInstrumentationAnalysisTransform
Transforming grpc-core-1.57.2.jar (io.grpc:grpc-core:1.57.2) with InstrumentationAnalysisTransform
Transforming grpc-core-1.57.2.jar (io.grpc:grpc-core:1.57.2) with MergeInstrumentationAnalysisTransform
Transforming gson-2.10.1.jar (com.google.code.gson:gson:2.10.1) with InstrumentationAnalysisTransform
Transforming gson-2.10.1.jar (com.google.code.gson:gson:2.10.1) with MergeInstrumentationAnalysisTransform
Transforming grpc-stub-1.57.2.jar (io.grpc:grpc-stub:1.57.2) with InstrumentationAnalysisTransform
Transforming grpc-stub-1.57.2.jar (io.grpc:grpc-stub:1.57.2) with MergeInstrumentationAnalysisTransform
Transforming tensorflow-lite-metadata-0.2.0.jar (org.tensorflow:tensorflow-lite-metadata:0.2.0) with InstrumentationAnalysisTransform
Transforming tensorflow-lite-metadata-0.2.0.jar (org.tensorflow:tensorflow-lite-metadata:0.2.0) with MergeInstrumentationAnalysisTransform
Transforming flatbuffers-java-1.12.0.jar (com.google.flatbuffers:flatbuffers-java:1.12.0) with InstrumentationAnalysisTransform
Transforming flatbuffers-java-1.12.0.jar (com.google.flatbuffers:flatbuffers-java:1.12.0) with MergeInstrumentationAnalysisTransform
Transforming kotlin-gradle-plugin-idea-proto-2.0.21.jar (org.jetbrains.kotlin:kotlin-gradle-plugin-idea-proto:2.0.21) with InstrumentationAnalysisTransform
Transforming kotlin-gradle-plugin-idea-proto-2.0.21.jar (org.jetbrains.kotlin:kotlin-gradle-plugin-idea-proto:2.0.21) with MergeInstrumentationAnalysisTransform
Transforming kotlin-gradle-plugin-idea-2.0.21.jar (org.jetbrains.kotlin:kotlin-gradle-plugin-idea:2.0.21) with InstrumentationAnalysisTransform
Transforming kotlin-gradle-plugin-idea-2.0.21.jar (org.jetbrains.kotlin:kotlin-gradle-plugin-idea:2.0.21) with MergeInstrumentationAnalysisTransform
Transforming kotlin-klib-commonizer-api-2.0.21.jar (org.jetbrains.kotlin:kotlin-klib-commonizer-api:2.0.21) with InstrumentationAnalysisTransform
Transforming kotlin-klib-commonizer-api-2.0.21.jar (org.jetbrains.kotlin:kotlin-klib-commonizer-api:2.0.21) with MergeInstrumentationAnalysisTransform
Transforming kotlin-build-tools-api-2.0.21.jar (org.jetbrains.kotlin:kotlin-build-tools-api:2.0.21) with InstrumentationAnalysisTransform
Transforming kotlin-build-tools-api-2.0.21.jar (org.jetbrains.kotlin:kotlin-build-tools-api:2.0.21) with MergeInstrumentationAnalysisTransform
Transforming kotlin-compiler-runner-2.0.21.jar (org.jetbrains.kotlin:kotlin-compiler-runner:2.0.21) with InstrumentationAnalysisTransform
Transforming kotlin-compiler-runner-2.0.21.jar (org.jetbrains.kotlin:kotlin-compiler-runner:2.0.21) with MergeInstrumentationAnalysisTransform
Transforming kotlin-native-utils-2.0.21.jar (org.jetbrains.kotlin:kotlin-native-utils:2.0.21) with InstrumentationAnalysisTransform
Transforming kotlin-native-utils-2.0.21.jar (org.jetbrains.kotlin:kotlin-native-utils:2.0.21) with MergeInstrumentationAnalysisTransform
Transforming kotlin-util-klib-2.0.21.jar (org.jetbrains.kotlin:kotlin-util-klib:2.0.21) with InstrumentationAnalysisTransform
Transforming kotlin-util-klib-2.0.21.jar (org.jetbrains.kotlin:kotlin-util-klib:2.0.21) with MergeInstrumentationAnalysisTransform
Transforming kotlin-compiler-embeddable-2.0.21.jar (org.jetbrains.kotlin:kotlin-compiler-embeddable:2.0.21) with InstrumentationAnalysisTransform
Transforming kotlin-compiler-embeddable-2.0.21.jar (org.jetbrains.kotlin:kotlin-compiler-embeddable:2.0.21) with MergeInstrumentationAnalysisTransform
Transforming jimfs-1.1.jar (com.google.jimfs:jimfs:1.1) with InstrumentationAnalysisTransform
Transforming jimfs-1.1.jar (com.google.jimfs:jimfs:1.1) with MergeInstrumentationAnalysisTransform
Transforming grpc-context-1.57.2.jar (io.grpc:grpc-context:1.57.2) with InstrumentationAnalysisTransform
Transforming grpc-context-1.57.2.jar (io.grpc:grpc-context:1.57.2) with MergeInstrumentationAnalysisTransform
Transforming grpc-protobuf-lite-1.57.2.jar (io.grpc:grpc-protobuf-lite:1.57.2) with InstrumentationAnalysisTransform
Transforming grpc-protobuf-lite-1.57.2.jar (io.grpc:grpc-protobuf-lite:1.57.2) with MergeInstrumentationAnalysisTransform
Transforming grpc-api-1.57.2.jar (io.grpc:grpc-api:1.57.2) with InstrumentationAnalysisTransform
Transforming grpc-api-1.57.2.jar (io.grpc:grpc-api:1.57.2) with MergeInstrumentationAnalysisTransform
Transforming guava-32.0.1-jre.jar (com.google.guava:guava:32.0.1-jre) with InstrumentationAnalysisTransform
Transforming guava-32.0.1-jre.jar (com.google.guava:guava:32.0.1-jre) with MergeInstrumentationAnalysisTransform
Transforming dagger-2.28.3.jar (com.google.dagger:dagger:2.28.3) with InstrumentationAnalysisTransform
Transforming dagger-2.28.3.jar (com.google.dagger:dagger:2.28.3) with MergeInstrumentationAnalysisTransform
Transforming javax.inject-1.jar (javax.inject:javax.inject:1) with InstrumentationAnalysisTransform
Transforming javax.inject-1.jar (javax.inject:javax.inject:1) with MergeInstrumentationAnalysisTransform
Transforming kxml2-2.3.0.jar (net.sf.kxml:kxml2:2.3.0) with InstrumentationAnalysisTransform
Transforming kxml2-2.3.0.jar (net.sf.kxml:kxml2:2.3.0) with MergeInstrumentationAnalysisTransform
Transforming bcutil-jdk18on-1.79.jar (org.bouncycastle:bcutil-jdk18on:1.79) with InstrumentationAnalysisTransform
Transforming bcutil-jdk18on-1.79.jar (org.bouncycastle:bcutil-jdk18on:1.79) with MergeInstrumentationAnalysisTransform
Transforming bcprov-jdk18on-1.79.jar (org.bouncycastle:bcprov-jdk18on:1.79) with InstrumentationAnalysisTransform
Transforming bcprov-jdk18on-1.79.jar (org.bouncycastle:bcprov-jdk18on:1.79) with MergeInstrumentationAnalysisTransform
Transforming commons-compress-1.21.jar (org.apache.commons:commons-compress:1.21) with InstrumentationAnalysisTransform
Transforming gradle-8.9.1.jar (com.android.tools.build:gradle:8.9.1) with ExternalDependencyInstrumentingArtifactTransform
Transforming commons-compress-1.21.jar (org.apache.commons:commons-compress:1.21) with MergeInstrumentationAnalysisTransform
Transforming httpclient-4.5.14.jar (org.apache.httpcomponents:httpclient:4.5.14) with InstrumentationAnalysisTransform
Transforming httpclient-4.5.14.jar (org.apache.httpcomponents:httpclient:4.5.14) with MergeInstrumentationAnalysisTransform
Transforming httpcore-4.4.16.jar (org.apache.httpcomponents:httpcore:4.4.16) with InstrumentationAnalysisTransform
Transforming lint-model-31.9.1.jar (com.android.tools.lint:lint-model:31.9.1) with ExternalDependencyInstrumentingArtifactTransform
Transforming gradle-settings-api-8.9.1.jar (com.android.tools.build:gradle-settings-api:8.9.1) with ExternalDependencyInstrumentingArtifactTransform
Transforming manifest-merger-31.9.1.jar (com.android.tools.build:manifest-merger:31.9.1) with ExternalDependencyInstrumentingArtifactTransform
Transforming httpcore-4.4.16.jar (org.apache.httpcomponents:httpcore:4.4.16) with MergeInstrumentationAnalysisTransform
Transforming javax.activation-1.2.0.jar (com.sun.activation:javax.activation:1.2.0) with InstrumentationAnalysisTransform
Transforming sdklib-31.9.1.jar (com.android.tools:sdklib:31.9.1) with ExternalDependencyInstrumentingArtifactTransform
Transforming repository-31.9.1.jar (com.android.tools:repository:31.9.1) with ExternalDependencyInstrumentingArtifactTransform
Transforming aaptcompiler-8.9.1.jar (com.android.tools.build:aaptcompiler:8.9.1) with ExternalDependencyInstrumentingArtifactTransform
Transforming sdk-common-31.9.1.jar (com.android.tools:sdk-common:31.9.1) with ExternalDependencyInstrumentingArtifactTransform
Transforming javax.activation-1.2.0.jar (com.sun.activation:javax.activation:1.2.0) with MergeInstrumentationAnalysisTransform
Transforming signflinger-8.9.1.jar (com.android:signflinger:8.9.1) with InstrumentationAnalysisTransform
Transforming builder-8.9.1.jar (com.android.tools.build:builder:8.9.1) with ExternalDependencyInstrumentingArtifactTransform
Transforming signflinger-8.9.1.jar (com.android:signflinger:8.9.1) with MergeInstrumentationAnalysisTransform
Transforming zipflinger-8.9.1.jar (com.android:zipflinger:8.9.1) with InstrumentationAnalysisTransform
Transforming zipflinger-8.9.1.jar (com.android:zipflinger:8.9.1) with MergeInstrumentationAnalysisTransform
Transforming annotations-31.9.1.jar (com.android.tools:annotations:31.9.1) with InstrumentationAnalysisTransform
Transforming annotations-31.9.1.jar (com.android.tools:annotations:31.9.1) with MergeInstrumentationAnalysisTransform
Transforming jna-platform-5.6.0.jar (net.java.dev.jna:jna-platform:5.6.0) with InstrumentationAnalysisTransform
Transforming jna-platform-5.6.0.jar (net.java.dev.jna:jna-platform:5.6.0) with MergeInstrumentationAnalysisTransform
Transforming juniversalchardet-1.0.3.jar (com.googlecode.juniversalchardet:juniversalchardet:1.0.3) with InstrumentationAnalysisTransform
Transforming juniversalchardet-1.0.3.jar (com.googlecode.juniversalchardet:juniversalchardet:1.0.3) with MergeInstrumentationAnalysisTransform
Transforming javax.annotation-api-1.3.2.jar (javax.annotation:javax.annotation-api:1.3.2) with InstrumentationAnalysisTransform
Transforming javax.annotation-api-1.3.2.jar (javax.annotation:javax.annotation-api:1.3.2) with MergeInstrumentationAnalysisTransform
Transforming stax-ex-1.8.1.jar (org.jvnet.staxex:stax-ex:1.8.1) with InstrumentationAnalysisTransform
Transforming stax-ex-1.8.1.jar (org.jvnet.staxex:stax-ex:1.8.1) with MergeInstrumentationAnalysisTransform
Transforming jakarta.xml.bind-api-2.3.2.jar (jakarta.xml.bind:jakarta.xml.bind-api:2.3.2) with InstrumentationAnalysisTransform
Transforming jakarta.xml.bind-api-2.3.2.jar (jakarta.xml.bind:jakarta.xml.bind-api:2.3.2) with MergeInstrumentationAnalysisTransform
Transforming txw2-2.3.2.jar (org.glassfish.jaxb:txw2:2.3.2) with InstrumentationAnalysisTransform
Transforming txw2-2.3.2.jar (org.glassfish.jaxb:txw2:2.3.2) with MergeInstrumentationAnalysisTransform
Transforming istack-commons-runtime-3.0.8.jar (com.sun.istack:istack-commons-runtime:3.0.8) with InstrumentationAnalysisTransform
Transforming tracker-31.9.1.jar (com.android.tools.analytics-library:tracker:31.9.1) with ExternalDependencyInstrumentingArtifactTransform
Transforming istack-commons-runtime-3.0.8.jar (com.sun.istack:istack-commons-runtime:3.0.8) with MergeInstrumentationAnalysisTransform
Transforming google-services-4.4.2.jar (com.google.gms:google-services:4.4.2) with ExternalDependencyInstrumentingArtifactTransform
Transforming FastInfoset-1.2.16.jar (com.sun.xml.fastinfoset:FastInfoset:1.2.16) with InstrumentationAnalysisTransform
Transforming FastInfoset-1.2.16.jar (com.sun.xml.fastinfoset:FastInfoset:1.2.16) with MergeInstrumentationAnalysisTransform
Transforming jakarta.activation-api-1.2.1.jar (jakarta.activation:jakarta.activation-api:1.2.1) with InstrumentationAnalysisTransform
Transforming jakarta.activation-api-1.2.1.jar (jakarta.activation:jakarta.activation-api:1.2.1) with MergeInstrumentationAnalysisTransform
Transforming auto-value-annotations-1.6.2.jar (com.google.auto.value:auto-value-annotations:1.6.2) with InstrumentationAnalysisTransform
Transforming auto-value-annotations-1.6.2.jar (com.google.auto.value:auto-value-annotations:1.6.2) with MergeInstrumentationAnalysisTransform
Transforming error_prone_annotations-2.18.0.jar (com.google.errorprone:error_prone_annotations:2.18.0) with InstrumentationAnalysisTransform
Transforming error_prone_annotations-2.18.0.jar (com.google.errorprone:error_prone_annotations:2.18.0) with MergeInstrumentationAnalysisTransform
Transforming jose4j-0.9.5.jar (org.bitbucket.b_c:jose4j:0.9.5) with InstrumentationAnalysisTransform
Transforming jose4j-0.9.5.jar (org.bitbucket.b_c:jose4j:0.9.5) with MergeInstrumentationAnalysisTransform
Transforming slf4j-api-1.7.30.jar (org.slf4j:slf4j-api:1.7.30) with InstrumentationAnalysisTransform
Transforming slf4j-api-1.7.30.jar (org.slf4j:slf4j-api:1.7.30) with MergeInstrumentationAnalysisTransform
Transforming jdom2-2.0.6.jar (org.jdom:jdom2:2.0.6) with InstrumentationAnalysisTransform
Transforming jdom2-2.0.6.jar (org.jdom:jdom2:2.0.6) with MergeInstrumentationAnalysisTransform
Transforming jsr305-3.0.2.jar (com.google.code.findbugs:jsr305:3.0.2) with InstrumentationAnalysisTransform
Transforming jsr305-3.0.2.jar (com.google.code.findbugs:jsr305:3.0.2) with MergeInstrumentationAnalysisTransform
Transforming j2objc-annotations-2.8.jar (com.google.j2objc:j2objc-annotations:2.8) with InstrumentationAnalysisTransform
Transforming j2objc-annotations-2.8.jar (com.google.j2objc:j2objc-annotations:2.8) with MergeInstrumentationAnalysisTransform
Transforming checker-qual-3.33.0.jar (org.checkerframework:checker-qual:3.33.0) with InstrumentationAnalysisTransform
Transforming checker-qual-3.33.0.jar (org.checkerframework:checker-qual:3.33.0) with MergeInstrumentationAnalysisTransform
Transforming apksig-8.9.1.jar (com.android.tools.build:apksig:8.9.1) with InstrumentationAnalysisTransform
Transforming apksig-8.9.1.jar (com.android.tools.build:apksig:8.9.1) with MergeInstrumentationAnalysisTransform
Transforming javawriter-2.5.0.jar (com.squareup:javawriter:2.5.0) with InstrumentationAnalysisTransform
Transforming javawriter-2.5.0.jar (com.squareup:javawriter:2.5.0) with MergeInstrumentationAnalysisTransform
Transforming kotlin-gradle-plugin-annotations-2.0.21.jar (org.jetbrains.kotlin:kotlin-gradle-plugin-annotations:2.0.21) with InstrumentationAnalysisTransform
Transforming kotlin-gradle-plugin-annotations-2.0.21.jar (org.jetbrains.kotlin:kotlin-gradle-plugin-annotations:2.0.21) with MergeInstrumentationAnalysisTransform
Transforming kotlin-tooling-core-2.0.21.jar (org.jetbrains.kotlin:kotlin-tooling-core:2.0.21) with InstrumentationAnalysisTransform
Transforming kotlin-tooling-core-2.0.21.jar (org.jetbrains.kotlin:kotlin-tooling-core:2.0.21) with MergeInstrumentationAnalysisTransform
Transforming kotlin-daemon-client-2.0.21.jar (org.jetbrains.kotlin:kotlin-daemon-client:2.0.21) with InstrumentationAnalysisTransform
Transforming kotlin-daemon-client-2.0.21.jar (org.jetbrains.kotlin:kotlin-daemon-client:2.0.21) with MergeInstrumentationAnalysisTransform
Transforming kotlinx-coroutines-core-jvm-1.6.4.jar (org.jetbrains.kotlinx:kotlinx-coroutines-core-jvm:1.6.4) with InstrumentationAnalysisTransform
Transforming kotlinx-coroutines-core-jvm-1.6.4.jar (org.jetbrains.kotlinx:kotlinx-coroutines-core-jvm:1.6.4) with MergeInstrumentationAnalysisTransform
Transforming kotlin-util-io-2.0.21.jar (org.jetbrains.kotlin:kotlin-util-io:2.0.21) with InstrumentationAnalysisTransform
Transforming kotlin-util-io-2.0.21.jar (org.jetbrains.kotlin:kotlin-util-io:2.0.21) with MergeInstrumentationAnalysisTransform
Transforming kotlin-daemon-embeddable-2.0.21.jar (org.jetbrains.kotlin:kotlin-daemon-embeddable:2.0.21) with InstrumentationAnalysisTransform
Transforming kotlin-daemon-embeddable-2.0.21.jar (org.jetbrains.kotlin:kotlin-daemon-embeddable:2.0.21) with MergeInstrumentationAnalysisTransform
Transforming trove4j-1.0.20200330.jar (org.jetbrains.intellij.deps:trove4j:1.0.20200330) with InstrumentationAnalysisTransform
Transforming trove4j-1.0.20200330.jar (org.jetbrains.intellij.deps:trove4j:1.0.20200330) with MergeInstrumentationAnalysisTransform
Transforming failureaccess-1.0.1.jar (com.google.guava:failureaccess:1.0.1) with InstrumentationAnalysisTransform
Transforming failureaccess-1.0.1.jar (com.google.guava:failureaccess:1.0.1) with MergeInstrumentationAnalysisTransform
Transforming listenablefuture-9999.0-empty-to-avoid-conflict-with-guava.jar (com.google.guava:listenablefuture:9999.0-empty-to-avoid-conflict-with-guava) with InstrumentationAnalysisTransform
Transforming listenablefuture-9999.0-empty-to-avoid-conflict-with-guava.jar (com.google.guava:listenablefuture:9999.0-empty-to-avoid-conflict-with-guava) with MergeInstrumentationAnalysisTransform
Transforming commons-logging-1.2.jar (commons-logging:commons-logging:1.2) with InstrumentationAnalysisTransform
Transforming commons-logging-1.2.jar (commons-logging:commons-logging:1.2) with MergeInstrumentationAnalysisTransform
Transforming commons-codec-1.11.jar (commons-codec:commons-codec:1.11) with InstrumentationAnalysisTransform
Transforming commons-codec-1.11.jar (commons-codec:commons-codec:1.11) with MergeInstrumentationAnalysisTransform
Transforming jna-5.6.0.jar (net.java.dev.jna:jna:5.6.0) with InstrumentationAnalysisTransform
Transforming jna-5.6.0.jar (net.java.dev.jna:jna:5.6.0) with MergeInstrumentationAnalysisTransform
Transforming annotations-4.1.1.4.jar (com.google.android:annotations:4.1.1.4) with InstrumentationAnalysisTransform
Transforming annotations-4.1.1.4.jar (com.google.android:annotations:4.1.1.4) with MergeInstrumentationAnalysisTransform
Transforming animal-sniffer-annotations-1.23.jar (org.codehaus.mojo:animal-sniffer-annotations:1.23) with InstrumentationAnalysisTransform
Transforming animal-sniffer-annotations-1.23.jar (org.codehaus.mojo:animal-sniffer-annotations:1.23) with MergeInstrumentationAnalysisTransform
Transforming perfmark-api-0.26.0.jar (io.perfmark:perfmark-api:0.26.0) with InstrumentationAnalysisTransform
Transforming perfmark-api-0.26.0.jar (io.perfmark:perfmark-api:0.26.0) with MergeInstrumentationAnalysisTransform
Transforming netty-codec-http2-4.1.93.Final.jar (io.netty:netty-codec-http2:4.1.93.Final) with InstrumentationAnalysisTransform
Transforming netty-codec-http2-4.1.93.Final.jar (io.netty:netty-codec-http2:4.1.93.Final) with MergeInstrumentationAnalysisTransform
Transforming netty-handler-proxy-4.1.93.Final.jar (io.netty:netty-handler-proxy:4.1.93.Final) with InstrumentationAnalysisTransform
Transforming netty-handler-proxy-4.1.93.Final.jar (io.netty:netty-handler-proxy:4.1.93.Final) with MergeInstrumentationAnalysisTransform
Transforming netty-codec-http-4.1.93.Final.jar (io.netty:netty-codec-http:4.1.93.Final) with InstrumentationAnalysisTransform
Transforming netty-codec-http-4.1.93.Final.jar (io.netty:netty-codec-http:4.1.93.Final) with MergeInstrumentationAnalysisTransform
Transforming netty-handler-4.1.93.Final.jar (io.netty:netty-handler:4.1.93.Final) with InstrumentationAnalysisTransform
Transforming netty-handler-4.1.93.Final.jar (io.netty:netty-handler:4.1.93.Final) with MergeInstrumentationAnalysisTransform
Transforming netty-transport-native-unix-common-4.1.93.Final.jar (io.netty:netty-transport-native-unix-common:4.1.93.Final) with InstrumentationAnalysisTransform
Transforming netty-transport-native-unix-common-4.1.93.Final.jar (io.netty:netty-transport-native-unix-common:4.1.93.Final) with MergeInstrumentationAnalysisTransform
Transforming netty-codec-socks-4.1.93.Final.jar (io.netty:netty-codec-socks:4.1.93.Final) with InstrumentationAnalysisTransform
Transforming netty-codec-socks-4.1.93.Final.jar (io.netty:netty-codec-socks:4.1.93.Final) with MergeInstrumentationAnalysisTransform
Transforming netty-codec-4.1.93.Final.jar (io.netty:netty-codec:4.1.93.Final) with InstrumentationAnalysisTransform
Transforming netty-codec-4.1.93.Final.jar (io.netty:netty-codec:4.1.93.Final) with MergeInstrumentationAnalysisTransform
Transforming netty-transport-4.1.93.Final.jar (io.netty:netty-transport:4.1.93.Final) with InstrumentationAnalysisTransform
Transforming netty-transport-4.1.93.Final.jar (io.netty:netty-transport:4.1.93.Final) with MergeInstrumentationAnalysisTransform
Transforming netty-buffer-4.1.93.Final.jar (io.netty:netty-buffer:4.1.93.Final) with InstrumentationAnalysisTransform
Transforming netty-buffer-4.1.93.Final.jar (io.netty:netty-buffer:4.1.93.Final) with MergeInstrumentationAnalysisTransform
Transforming netty-resolver-4.1.93.Final.jar (io.netty:netty-resolver:4.1.93.Final) with InstrumentationAnalysisTransform
Transforming netty-resolver-4.1.93.Final.jar (io.netty:netty-resolver:4.1.93.Final) with MergeInstrumentationAnalysisTransform
Transforming netty-common-4.1.93.Final.jar (io.netty:netty-common:4.1.93.Final) with InstrumentationAnalysisTransform
Transforming netty-common-4.1.93.Final.jar (io.netty:netty-common:4.1.93.Final) with MergeInstrumentationAnalysisTransform
Transforming shared-31.9.1.jar (com.android.tools.analytics-library:shared:31.9.1) with ExternalDependencyInstrumentingArtifactTransform
Transforming databinding-compiler-common-8.9.1.jar (androidx.databinding:databinding-compiler-common:8.9.1) with ExternalDependencyInstrumentingArtifactTransform
Transforming android-test-plugin-host-emulator-control-proto-31.9.1.jar (com.android.tools.utp:android-test-plugin-host-emulator-control-proto:31.9.1) with ExternalDependencyInstrumentingArtifactTransform
Transforming android-test-plugin-host-retention-proto-31.9.1.jar (com.android.tools.utp:android-test-plugin-host-retention-proto:31.9.1) with ExternalDependencyInstrumentingArtifactTransform
Transforming builder-model-8.9.1.jar (com.android.tools.build:builder-model:8.9.1) with ExternalDependencyInstrumentingArtifactTransform
Transforming gradle-api-8.9.1.jar (com.android.tools.build:gradle-api:8.9.1) with ExternalDependencyInstrumentingArtifactTransform
Transforming builder-test-api-8.9.1.jar (com.android.tools.build:builder-test-api:8.9.1) with ExternalDependencyInstrumentingArtifactTransform
Transforming layoutlib-api-31.9.1.jar (com.android.tools.layoutlib:layoutlib-api:31.9.1) with ExternalDependencyInstrumentingArtifactTransform
Transforming ddmlib-31.9.1.jar (com.android.tools.ddms:ddmlib:31.9.1) with ExternalDependencyInstrumentingArtifactTransform
Transforming dvlib-31.9.1.jar (com.android.tools:dvlib:31.9.1) with ExternalDependencyInstrumentingArtifactTransform
Transforming strict-version-matcher-plugin-1.2.4.jar (com.google.android.gms:strict-version-matcher-plugin:1.2.4) with ExternalDependencyInstrumentingArtifactTransform
Transforming common-31.9.1.jar (com.android.tools:common:31.9.1) with ExternalDependencyInstrumentingArtifactTransform
Transforming kotlin-stdlib-jdk8-2.1.0.jar (org.jetbrains.kotlin:kotlin-stdlib-jdk8:2.1.0) with ExternalDependencyInstrumentingArtifactTransform
Transforming kotlin-stdlib-jdk7-2.1.0.jar (org.jetbrains.kotlin:kotlin-stdlib-jdk7:2.1.0) with ExternalDependencyInstrumentingArtifactTransform
Transforming jetifier-processor-1.0.0-beta10.jar (com.android.tools.build.jetifier:jetifier-processor:1.0.0-beta10) with ExternalDependencyInstrumentingArtifactTransform
Transforming kotlin-reflect-2.0.20.jar (org.jetbrains.kotlin:kotlin-reflect:2.0.20) with ExternalDependencyInstrumentingArtifactTransform
Transforming jetifier-core-1.0.0-beta10.jar (com.android.tools.build.jetifier:jetifier-core:1.0.0-beta10) with ExternalDependencyInstrumentingArtifactTransform
Transforming annotations-13.0.jar (org.jetbrains:annotations:13.0) with ExternalDependencyInstrumentingArtifactTransform
Transforming kotlin-gradle-plugin-model-2.0.21.jar (org.jetbrains.kotlin:kotlin-gradle-plugin-model:2.0.21) with ExternalDependencyInstrumentingArtifactTransform
Transforming kotlin-stdlib-2.0.20.jar (org.jetbrains.kotlin:kotlin-stdlib:2.0.20) with ExternalDependencyInstrumentingArtifactTransform
Transforming kotlin-gradle-plugin-api-2.0.21.jar (org.jetbrains.kotlin:kotlin-gradle-plugin-api:2.0.21) with ExternalDependencyInstrumentingArtifactTransform
Transforming kotlin-gradle-plugin-api-2.0.21-gradle85.jar (org.jetbrains.kotlin:kotlin-gradle-plugin-api:2.0.21) with ExternalDependencyInstrumentingArtifactTransform
Transforming kotlin-gradle-plugin-2.0.21-gradle85.jar (org.jetbrains.kotlin:kotlin-gradle-plugin:2.0.21) with ExternalDependencyInstrumentingArtifactTransform
Transforming compose-compiler-gradle-plugin-2.0.21-gradle85.jar (org.jetbrains.kotlin:compose-compiler-gradle-plugin:2.0.21) with ExternalDependencyInstrumentingArtifactTransform
Transforming aapt2-proto-8.9.1-12782657.jar (com.android.tools.build:aapt2-proto:8.9.1-12782657) with ExternalDependencyInstrumentingArtifactTransform
Transforming crash-31.9.1.jar (com.android.tools.analytics-library:crash:31.9.1) with ExternalDependencyInstrumentingArtifactTransform
Transforming bundletool-1.17.2.jar (com.android.tools.build:bundletool:1.17.2) with ExternalDependencyInstrumentingArtifactTransform
Transforming databinding-common-8.9.1.jar (androidx.databinding:databinding-common:8.9.1) with ExternalDependencyInstrumentingArtifactTransform
Transforming lint-typedef-remover-31.9.1.jar (com.android.tools.lint:lint-typedef-remover:31.9.1) with ExternalDependencyInstrumentingArtifactTransform
Transforming baseLibrary-8.9.1.jar (com.android.databinding:baseLibrary:8.9.1) with ExternalDependencyInstrumentingArtifactTransform
Transforming android-device-provider-gradle-proto-31.9.1.jar (com.android.tools.utp:android-device-provider-gradle-proto:31.9.1) with ExternalDependencyInstrumentingArtifactTransform
Transforming android-device-provider-profile-proto-31.9.1.jar (com.android.tools.utp:android-device-provider-profile-proto:31.9.1) with ExternalDependencyInstrumentingArtifactTransform
Transforming android-test-plugin-host-additional-test-output-proto-31.9.1.jar (com.android.tools.utp:android-test-plugin-host-additional-test-output-proto:31.9.1) with ExternalDependencyInstrumentingArtifactTransform
Transforming android-device-provider-ddmlib-proto-31.9.1.jar (com.android.tools.utp:android-device-provider-ddmlib-proto:31.9.1) with ExternalDependencyInstrumentingArtifactTransform
Transforming android-test-plugin-host-coverage-proto-31.9.1.jar (com.android.tools.utp:android-test-plugin-host-coverage-proto:31.9.1) with ExternalDependencyInstrumentingArtifactTransform
Transforming android-test-plugin-host-logcat-proto-31.9.1.jar (com.android.tools.utp:android-test-plugin-host-logcat-proto:31.9.1) with ExternalDependencyInstrumentingArtifactTransform
Transforming android-test-plugin-host-apk-installer-proto-31.9.1.jar (com.android.tools.utp:android-test-plugin-host-apk-installer-proto:31.9.1) with ExternalDependencyInstrumentingArtifactTransform
Transforming transform-api-2.0.0-deprecated-use-gradle-api.jar (com.android.tools.build:transform-api:2.0.0-deprecated-use-gradle-api) with ExternalDependencyInstrumentingArtifactTransform
Transforming android-test-plugin-result-listener-gradle-proto-31.9.1.jar (com.android.tools.utp:android-test-plugin-result-listener-gradle-proto:31.9.1) with ExternalDependencyInstrumentingArtifactTransform
Transforming asm-commons-9.7.jar (org.ow2.asm:asm-commons:9.7) with ExternalDependencyInstrumentingArtifactTransform
Transforming httpmime-4.5.6.jar (org.apache.httpcomponents:httpmime:4.5.6) with ExternalDependencyInstrumentingArtifactTransform
Transforming asm-analysis-9.7.jar (org.ow2.asm:asm-analysis:9.7) with ExternalDependencyInstrumentingArtifactTransform
Transforming commons-io-2.16.1.jar (commons-io:commons-io:2.16.1) with ExternalDependencyInstrumentingArtifactTransform
Transforming asm-tree-9.7.jar (org.ow2.asm:asm-tree:9.7) with ExternalDependencyInstrumentingArtifactTransform
Transforming asm-util-9.7.jar (org.ow2.asm:asm-util:9.7) with ExternalDependencyInstrumentingArtifactTransform
Transforming apkzlib-8.9.1.jar (com.android.tools.build:apkzlib:8.9.1) with ExternalDependencyInstrumentingArtifactTransform
Transforming asm-9.7.jar (org.ow2.asm:asm:9.7) with ExternalDependencyInstrumentingArtifactTransform
Transforming jopt-simple-4.9.jar (net.sf.jopt-simple:jopt-simple:4.9) with ExternalDependencyInstrumentingArtifactTransform
Transforming jaxb-runtime-2.3.2.jar (org.glassfish.jaxb:jaxb-runtime:2.3.2) with ExternalDependencyInstrumentingArtifactTransform
Transforming bcpkix-jdk18on-1.79.jar (org.bouncycastle:bcpkix-jdk18on:1.79) with ExternalDependencyInstrumentingArtifactTransform
Transforming javapoet-1.10.0.jar (com.squareup:javapoet:1.10.0) with ExternalDependencyInstrumentingArtifactTransform
Transforming protobuf-java-util-3.22.3.jar (com.google.protobuf:protobuf-java-util:3.22.3) with ExternalDependencyInstrumentingArtifactTransform
Transforming tink-1.7.0.jar (com.google.crypto.tink:tink:1.7.0) with ExternalDependencyInstrumentingArtifactTransform
Transforming protos-31.9.1.jar (com.android.tools.analytics-library:protos:31.9.1) with ExternalDependencyInstrumentingArtifactTransform
Transforming core-proto-0.0.9-alpha03.jar (com.google.testing.platform:core-proto:0.0.9-alpha03) with ExternalDependencyInstrumentingArtifactTransform
Transforming grpc-protobuf-1.57.2.jar (io.grpc:grpc-protobuf:1.57.2) with ExternalDependencyInstrumentingArtifactTransform
Transforming proto-google-common-protos-2.17.0.jar (com.google.api.grpc:proto-google-common-protos:2.17.0) with ExternalDependencyInstrumentingArtifactTransform
Transforming kotlin-build-statistics-2.0.21.jar (org.jetbrains.kotlin:kotlin-build-statistics:2.0.21) with ExternalDependencyInstrumentingArtifactTransform
Transforming grpc-netty-1.57.2.jar (io.grpc:grpc-netty:1.57.2) with ExternalDependencyInstrumentingArtifactTransform
Transforming protobuf-java-3.24.4.jar (com.google.protobuf:protobuf-java:3.24.4) with ExternalDependencyInstrumentingArtifactTransform
Transforming grpc-core-1.57.2.jar (io.grpc:grpc-core:1.57.2) with ExternalDependencyInstrumentingArtifactTransform
Transforming gson-2.10.1.jar (com.google.code.gson:gson:2.10.1) with ExternalDependencyInstrumentingArtifactTransform
Transforming tensorflow-lite-metadata-0.2.0.jar (org.tensorflow:tensorflow-lite-metadata:0.2.0) with ExternalDependencyInstrumentingArtifactTransform
Transforming grpc-stub-1.57.2.jar (io.grpc:grpc-stub:1.57.2) with ExternalDependencyInstrumentingArtifactTransform
Transforming flatbuffers-java-1.12.0.jar (com.google.flatbuffers:flatbuffers-java:1.12.0) with ExternalDependencyInstrumentingArtifactTransform
Transforming kotlin-gradle-plugin-idea-proto-2.0.21.jar (org.jetbrains.kotlin:kotlin-gradle-plugin-idea-proto:2.0.21) with ExternalDependencyInstrumentingArtifactTransform
Transforming kotlin-gradle-plugin-idea-2.0.21.jar (org.jetbrains.kotlin:kotlin-gradle-plugin-idea:2.0.21) with ExternalDependencyInstrumentingArtifactTransform
Transforming kotlin-compiler-runner-2.0.21.jar (org.jetbrains.kotlin:kotlin-compiler-runner:2.0.21) with ExternalDependencyInstrumentingArtifactTransform
Transforming kotlin-klib-commonizer-api-2.0.21.jar (org.jetbrains.kotlin:kotlin-klib-commonizer-api:2.0.21) with ExternalDependencyInstrumentingArtifactTransform
Transforming kotlin-util-klib-2.0.21.jar (org.jetbrains.kotlin:kotlin-util-klib:2.0.21) with ExternalDependencyInstrumentingArtifactTransform
Transforming kotlin-compiler-embeddable-2.0.21.jar (org.jetbrains.kotlin:kotlin-compiler-embeddable:2.0.21) with ExternalDependencyInstrumentingArtifactTransform
Transforming grpc-context-1.57.2.jar (io.grpc:grpc-context:1.57.2) with ExternalDependencyInstrumentingArtifactTransform
Transforming kotlin-native-utils-2.0.21.jar (org.jetbrains.kotlin:kotlin-native-utils:2.0.21) with ExternalDependencyInstrumentingArtifactTransform
Transforming kotlin-build-tools-api-2.0.21.jar (org.jetbrains.kotlin:kotlin-build-tools-api:2.0.21) with ExternalDependencyInstrumentingArtifactTransform
Transforming jimfs-1.1.jar (com.google.jimfs:jimfs:1.1) with ExternalDependencyInstrumentingArtifactTransform
Transforming guava-32.0.1-jre.jar (com.google.guava:guava:32.0.1-jre) with ExternalDependencyInstrumentingArtifactTransform
Transforming javax.inject-1.jar (javax.inject:javax.inject:1) with ExternalDependencyInstrumentingArtifactTransform
Transforming grpc-protobuf-lite-1.57.2.jar (io.grpc:grpc-protobuf-lite:1.57.2) with ExternalDependencyInstrumentingArtifactTransform
Transforming grpc-api-1.57.2.jar (io.grpc:grpc-api:1.57.2) with ExternalDependencyInstrumentingArtifactTransform
Transforming httpclient-4.5.14.jar (org.apache.httpcomponents:httpclient:4.5.14) with ExternalDependencyInstrumentingArtifactTransform
Transforming bcutil-jdk18on-1.79.jar (org.bouncycastle:bcutil-jdk18on:1.79) with ExternalDependencyInstrumentingArtifactTransform
Transforming kxml2-2.3.0.jar (net.sf.kxml:kxml2:2.3.0) with ExternalDependencyInstrumentingArtifactTransform
Transforming dagger-2.28.3.jar (com.google.dagger:dagger:2.28.3) with ExternalDependencyInstrumentingArtifactTransform
Transforming bcprov-jdk18on-1.79.jar (org.bouncycastle:bcprov-jdk18on:1.79) with ExternalDependencyInstrumentingArtifactTransform
Transforming commons-compress-1.21.jar (org.apache.commons:commons-compress:1.21) with ExternalDependencyInstrumentingArtifactTransform
Transforming httpcore-4.4.16.jar (org.apache.httpcomponents:httpcore:4.4.16) with ExternalDependencyInstrumentingArtifactTransform
Transforming signflinger-8.9.1.jar (com.android:signflinger:8.9.1) with ExternalDependencyInstrumentingArtifactTransform
Transforming javax.activation-1.2.0.jar (com.sun.activation:javax.activation:1.2.0) with ExternalDependencyInstrumentingArtifactTransform
Transforming zipflinger-8.9.1.jar (com.android:zipflinger:8.9.1) with ExternalDependencyInstrumentingArtifactTransform
Transforming javax.annotation-api-1.3.2.jar (javax.annotation:javax.annotation-api:1.3.2) with ExternalDependencyInstrumentingArtifactTransform
Transforming annotations-31.9.1.jar (com.android.tools:annotations:31.9.1) with ExternalDependencyInstrumentingArtifactTransform
Transforming juniversalchardet-1.0.3.jar (com.googlecode.juniversalchardet:juniversalchardet:1.0.3) with ExternalDependencyInstrumentingArtifactTransform
Transforming stax-ex-1.8.1.jar (org.jvnet.staxex:stax-ex:1.8.1) with ExternalDependencyInstrumentingArtifactTransform
Transforming jna-platform-5.6.0.jar (net.java.dev.jna:jna-platform:5.6.0) with ExternalDependencyInstrumentingArtifactTransform
Transforming jakarta.xml.bind-api-2.3.2.jar (jakarta.xml.bind:jakarta.xml.bind-api:2.3.2) with ExternalDependencyInstrumentingArtifactTransform
Transforming FastInfoset-1.2.16.jar (com.sun.xml.fastinfoset:FastInfoset:1.2.16) with ExternalDependencyInstrumentingArtifactTransform
Transforming txw2-2.3.2.jar (org.glassfish.jaxb:txw2:2.3.2) with ExternalDependencyInstrumentingArtifactTransform
Transforming auto-value-annotations-1.6.2.jar (com.google.auto.value:auto-value-annotations:1.6.2) with ExternalDependencyInstrumentingArtifactTransform
Transforming error_prone_annotations-2.18.0.jar (com.google.errorprone:error_prone_annotations:2.18.0) with ExternalDependencyInstrumentingArtifactTransform
Transforming jakarta.activation-api-1.2.1.jar (jakarta.activation:jakarta.activation-api:1.2.1) with ExternalDependencyInstrumentingArtifactTransform
Transforming jose4j-0.9.5.jar (org.bitbucket.b_c:jose4j:0.9.5) with ExternalDependencyInstrumentingArtifactTransform
Transforming istack-commons-runtime-3.0.8.jar (com.sun.istack:istack-commons-runtime:3.0.8) with ExternalDependencyInstrumentingArtifactTransform
Transforming j2objc-annotations-2.8.jar (com.google.j2objc:j2objc-annotations:2.8) with ExternalDependencyInstrumentingArtifactTransform
Transforming checker-qual-3.33.0.jar (org.checkerframework:checker-qual:3.33.0) with ExternalDependencyInstrumentingArtifactTransform
Transforming slf4j-api-1.7.30.jar (org.slf4j:slf4j-api:1.7.30) with ExternalDependencyInstrumentingArtifactTransform
Transforming jdom2-2.0.6.jar (org.jdom:jdom2:2.0.6) with ExternalDependencyInstrumentingArtifactTransform
Transforming apksig-8.9.1.jar (com.android.tools.build:apksig:8.9.1) with ExternalDependencyInstrumentingArtifactTransform
Transforming javawriter-2.5.0.jar (com.squareup:javawriter:2.5.0) with ExternalDependencyInstrumentingArtifactTransform
Transforming kotlin-gradle-plugin-annotations-2.0.21.jar (org.jetbrains.kotlin:kotlin-gradle-plugin-annotations:2.0.21) with ExternalDependencyInstrumentingArtifactTransform
Transforming jsr305-3.0.2.jar (com.google.code.findbugs:jsr305:3.0.2) with ExternalDependencyInstrumentingArtifactTransform
Transforming kotlin-daemon-client-2.0.21.jar (org.jetbrains.kotlin:kotlin-daemon-client:2.0.21) with ExternalDependencyInstrumentingArtifactTransform
Transforming kotlin-tooling-core-2.0.21.jar (org.jetbrains.kotlin:kotlin-tooling-core:2.0.21) with ExternalDependencyInstrumentingArtifactTransform
Transforming kotlinx-coroutines-core-jvm-1.6.4.jar (org.jetbrains.kotlinx:kotlinx-coroutines-core-jvm:1.6.4) with ExternalDependencyInstrumentingArtifactTransform
Transforming kotlin-daemon-embeddable-2.0.21.jar (org.jetbrains.kotlin:kotlin-daemon-embeddable:2.0.21) with ExternalDependencyInstrumentingArtifactTransform
Transforming listenablefuture-9999.0-empty-to-avoid-conflict-with-guava.jar (com.google.guava:listenablefuture:9999.0-empty-to-avoid-conflict-with-guava) with ExternalDependencyInstrumentingArtifactTransform
Transforming failureaccess-1.0.1.jar (com.google.guava:failureaccess:1.0.1) with ExternalDependencyInstrumentingArtifactTransform
Transforming kotlin-util-io-2.0.21.jar (org.jetbrains.kotlin:kotlin-util-io:2.0.21) with ExternalDependencyInstrumentingArtifactTransform
Transforming trove4j-1.0.20200330.jar (org.jetbrains.intellij.deps:trove4j:1.0.20200330) with ExternalDependencyInstrumentingArtifactTransform
Transforming jna-5.6.0.jar (net.java.dev.jna:jna:5.6.0) with ExternalDependencyInstrumentingArtifactTransform
Transforming commons-logging-1.2.jar (commons-logging:commons-logging:1.2) with ExternalDependencyInstrumentingArtifactTransform
Transforming commons-codec-1.11.jar (commons-codec:commons-codec:1.11) with ExternalDependencyInstrumentingArtifactTransform
Transforming annotations-4.1.1.4.jar (com.google.android:annotations:4.1.1.4) with ExternalDependencyInstrumentingArtifactTransform
Transforming netty-handler-proxy-4.1.93.Final.jar (io.netty:netty-handler-proxy:4.1.93.Final) with ExternalDependencyInstrumentingArtifactTransform
Transforming animal-sniffer-annotations-1.23.jar (org.codehaus.mojo:animal-sniffer-annotations:1.23) with ExternalDependencyInstrumentingArtifactTransform
Transforming netty-codec-http2-4.1.93.Final.jar (io.netty:netty-codec-http2:4.1.93.Final) with ExternalDependencyInstrumentingArtifactTransform
Transforming perfmark-api-0.26.0.jar (io.perfmark:perfmark-api:0.26.0) with ExternalDependencyInstrumentingArtifactTransform
Transforming netty-handler-4.1.93.Final.jar (io.netty:netty-handler:4.1.93.Final) with ExternalDependencyInstrumentingArtifactTransform
Transforming netty-codec-http-4.1.93.Final.jar (io.netty:netty-codec-http:4.1.93.Final) with ExternalDependencyInstrumentingArtifactTransform
Transforming netty-transport-native-unix-common-4.1.93.Final.jar (io.netty:netty-transport-native-unix-common:4.1.93.Final) with ExternalDependencyInstrumentingArtifactTransform
Transforming netty-codec-socks-4.1.93.Final.jar (io.netty:netty-codec-socks:4.1.93.Final) with ExternalDependencyInstrumentingArtifactTransform
Transforming netty-codec-4.1.93.Final.jar (io.netty:netty-codec:4.1.93.Final) with ExternalDependencyInstrumentingArtifactTransform
Transforming netty-transport-4.1.93.Final.jar (io.netty:netty-transport:4.1.93.Final) with ExternalDependencyInstrumentingArtifactTransform
Transforming netty-buffer-4.1.93.Final.jar (io.netty:netty-buffer:4.1.93.Final) with ExternalDependencyInstrumentingArtifactTransform
Transforming netty-resolver-4.1.93.Final.jar (io.netty:netty-resolver:4.1.93.Final) with ExternalDependencyInstrumentingArtifactTransform
Transforming netty-common-4.1.93.Final.jar (io.netty:netty-common:4.1.93.Final) with ExternalDependencyInstrumentingArtifactTransform

> Configure project :app
Evaluating project ':app' using build file 'D:\Androi\EasyShop\app\build.gradle.kts'.
Using default execution profile
Using Kotlin Gradle Plugin gradle85 variant
Detected Android Gradle Plugin compose compiler configuration
Detected Android Gradle Plugin compose compiler configuration
Detected Android Gradle Plugin compose compiler configuration
Detected Android Gradle Plugin compose compiler configuration
Detected Android Gradle Plugin compose compiler configuration
All projects evaluated.
Task name matched 'assembleDebug'
Selected primary task 'assembleDebug' from project :
Adding -Xuse-inline-scopes-numbers Kotlin compiler flag for task :app:compileDebugKotlin
Tasks to be executed: [task ':app:preBuild', task ':app:preDebugBuild', task ':app:mergeDebugNativeDebugMetadata', task ':app:checkKotlinGradlePluginConfigurationErrors', task ':app:generateDebugBuildConfig', task ':app:checkDebugAarMetadata', task ':app:generateDebugResValues', task ':app:processDebugGoogleServices', task ':app:mapDebugSourceSetPaths', task ':app:generateDebugResources', task ':app:mergeDebugResources', task ':app:packageDebugResources', task ':app:parseDebugLocalResources', task ':app:createDebugCompatibleScreenManifests', task ':app:extractDeepLinksDebug', task ':app:processDebugMainManifest', task ':app:processDebugManifest', task ':app:processDebugManifestForPackage', task ':app:processDebugResources', task ':app:compileDebugKotlin', task ':app:javaPreCompileDebug', task ':app:compileDebugJavaWithJavac', task ':app:mergeDebugShaders', task ':app:compileDebugShaders', task ':app:generateDebugAssets', task ':app:mergeDebugAssets', task ':app:compressDebugAssets', task ':app:processDebugJavaRes', task ':app:mergeDebugJavaResource', task ':app:checkDebugDuplicateClasses', task ':app:desugarDebugFileDependencies', task ':app:mergeExtDexDebug', task ':app:mergeLibDexDebug', task ':app:dexBuilderDebug', task ':app:mergeProjectDexDebug', task ':app:mergeDebugJniLibFolders', task ':app:mergeDebugNativeLibs', task ':app:stripDebugDebugSymbols', task ':app:validateSigningDebug', task ':app:writeDebugAppMetadata', task ':app:writeDebugSigningConfigVersions', task ':app:packageDebug', task ':app:createDebugApkListingFileRedirect', task ':app:assembleDebug']
Tasks that were excluded: []
Resolve mutations for :app:preBuild (Thread[Execution worker Thread 4,5,main]) started.
:app:preBuild (Thread[included builds,5,main]) started.

> Task :app:preBuild UP-TO-DATE
Skipping task ':app:preBuild' as it has no actions.
Resolve mutations for :app:preDebugBuild (Thread[Execution worker Thread 4,5,main]) started.
:app:preDebugBuild (Thread[Execution worker Thread 6,5,main]) started.

> Task :app:preDebugBuild UP-TO-DATE
Skipping task ':app:preDebugBuild' as it has no actions.
Resolve mutations for :app:mergeDebugNativeDebugMetadata (Thread[Execution worker Thread 4,5,main]) started.
:app:mergeDebugNativeDebugMetadata (Thread[Execution worker Thread 4,5,main]) started.

> Task :app:mergeDebugNativeDebugMetadata NO-SOURCE
Invalidating in-memory cache of D:\Androi\EasyShop\.gradle\buildOutputCleanup\outputFiles.bin
Skipping task ':app:mergeDebugNativeDebugMetadata' as it has no source files and no previous output files.
Resolve mutations for :app:checkKotlinGradlePluginConfigurationErrors (Thread[Execution worker Thread 4,5,main]) started.
:app:checkKotlinGradlePluginConfigurationErrors (Thread[Execution worker Thread 4,5,main]) started.

> Task :app:checkKotlinGradlePluginConfigurationErrors SKIPPED
Skipping task ':app:checkKotlinGradlePluginConfigurationErrors' as task onlyIf 'errorDiagnostics are present' is false.
Resolve mutations for :app:generateDebugBuildConfig (Thread[Execution worker Thread 6,5,main]) started.
:app:generateDebugBuildConfig (Thread[Execution worker Thread 6,5,main]) started.

> Task :app:generateDebugBuildConfig UP-TO-DATE
Invalidating in-memory cache of D:\Androi\EasyShop\.gradle\8.11.1\fileHashes\fileHashes.bin
Invalidating in-memory cache of D:\Androi\EasyShop\.gradle\8.11.1\fileHashes\resourceHashesCache.bin
Caching disabled for task ':app:generateDebugBuildConfig' because:
  Build cache is disabled
Skipping task ':app:generateDebugBuildConfig' as it is up-to-date.
Resolve mutations for :app:checkDebugAarMetadata (Thread[Execution worker Thread 4,5,main]) started.
:app:checkDebugAarMetadata (Thread[Execution worker Thread 4,5,main]) started.

> Task :app:checkDebugAarMetadata UP-TO-DATE
Transforming coil-compose-2.7.0.aar (io.coil-kt:coil-compose:2.7.0) with ExtractAarTransform
Transforming dotsindicator-5.1.0.aar (com.tbuonomo:dotsindicator:5.1.0) with ExtractAarTransform
Transforming coil-compose-base-2.7.0.aar (io.coil-kt:coil-compose-base:2.7.0) with ExtractAarTransform
Transforming coil-2.7.0.aar (io.coil-kt:coil:2.7.0) with ExtractAarTransform
Transforming coil-base-2.7.0.aar (io.coil-kt:coil-base:2.7.0) with ExtractAarTransform
Transforming appcompat-1.7.0.aar (androidx.appcompat:appcompat:1.7.0) with ExtractAarTransform
Transforming navigation-runtime-2.8.5.aar (androidx.navigation:navigation-runtime:2.8.5) with ExtractAarTransform
Transforming navigation-common-2.8.5.aar (androidx.navigation:navigation-common:2.8.5) with ExtractAarTransform
Transforming appcompat-resources-1.7.0.aar (androidx.appcompat:appcompat-resources:1.7.0) with ExtractAarTransform
Transforming generativeai-0.9.0.aar (com.google.ai.client.generativeai:generativeai:0.9.0) with ExtractAarTransform
Transforming drawerlayout-1.0.0.aar (androidx.drawerlayout:drawerlayout:1.0.0) with ExtractAarTransform
Transforming navigation-common-ktx-2.8.5.aar (androidx.navigation:navigation-common-ktx:2.8.5) with ExtractAarTransform
Transforming coil-2.7.0.aar (io.coil-kt:coil:2.7.0) with AarTransform
Transforming coil-compose-base-2.7.0.aar (io.coil-kt:coil-compose-base:2.7.0) with AarTransform
Transforming coil-compose-2.7.0.aar (io.coil-kt:coil-compose:2.7.0) with AarTransform
Transforming generativeai-0.9.0.aar (com.google.ai.client.generativeai:generativeai:0.9.0) with AarTransform
Transforming appcompat-resources-1.7.0.aar (androidx.appcompat:appcompat-resources:1.7.0) with AarTransform
Transforming navigation-common-2.8.5.aar (androidx.navigation:navigation-common:2.8.5) with AarTransform
Transforming navigation-runtime-2.8.5.aar (androidx.navigation:navigation-runtime:2.8.5) with AarTransform
Transforming dotsindicator-5.1.0.aar (com.tbuonomo:dotsindicator:5.1.0) with AarTransform
Transforming material3.aar (androidx.compose.material3:material3-android:1.4.0) with ExtractAarTransform
Transforming navigation-compose-2.8.5.aar (androidx.navigation:navigation-compose:2.8.5) with ExtractAarTransform
Transforming navigation-runtime-ktx-2.8.5.aar (androidx.navigation:navigation-runtime-ktx:2.8.5) with ExtractAarTransform
Transforming accompanist-drawablepainter-0.32.0.aar (com.google.accompanist:accompanist-drawablepainter:0.32.0) with ExtractAarTransform
Transforming material-icons-extended-release.aar (androidx.compose.material:material-icons-extended-android:1.7.2) with ExtractAarTransform
Transforming material-icons-core-release.aar (androidx.compose.material:material-icons-core-android:1.7.2) with ExtractAarTransform
Transforming ui-tooling-data-release.aar (androidx.compose.ui:ui-tooling-data-android:1.8.2) with ExtractAarTransform
Transforming coil-base-2.7.0.aar (io.coil-kt:coil-base:2.7.0) with AarTransform
Transforming ui-tooling-preview-release.aar (androidx.compose.ui:ui-tooling-preview-android:1.8.2) with ExtractAarTransform
Transforming navigation-common-ktx-2.8.5.aar (androidx.navigation:navigation-common-ktx:2.8.5) with AarTransform
Transforming foundation-release.aar (androidx.compose.foundation:foundation-android:1.8.2) with ExtractAarTransform
Transforming drawerlayout-1.0.0.aar (androidx.drawerlayout:drawerlayout:1.0.0) with AarTransform
Transforming foundation-layout-release.aar (androidx.compose.foundation:foundation-layout-android:1.8.2) with ExtractAarTransform
Transforming material-icons-extended-release.aar (androidx.compose.material:material-icons-extended-android:1.7.2) with AarTransform
Transforming material-icons-core-release.aar (androidx.compose.material:material-icons-core-android:1.7.2) with AarTransform
Transforming animation-core-release.aar (androidx.compose.animation:animation-core-android:1.8.2) with ExtractAarTransform
Transforming navigation-runtime-ktx-2.8.5.aar (androidx.navigation:navigation-runtime-ktx:2.8.5) with AarTransform
Transforming ui-tooling-data-release.aar (androidx.compose.ui:ui-tooling-data-android:1.8.2) with AarTransform
Transforming animation-release.aar (androidx.compose.animation:animation-android:1.8.2) with ExtractAarTransform
Transforming ui-geometry-release.aar (androidx.compose.ui:ui-geometry-android:1.8.2) with ExtractAarTransform
Transforming ui-tooling-preview-release.aar (androidx.compose.ui:ui-tooling-preview-android:1.8.2) with AarTransform
Transforming ui-tooling-release.aar (androidx.compose.ui:ui-tooling-android:1.8.2) with ExtractAarTransform
Transforming material-release.aar (androidx.compose.material:material-android:1.7.2) with ExtractAarTransform
Transforming accompanist-drawablepainter-0.32.0.aar (com.google.accompanist:accompanist-drawablepainter:0.32.0) with AarTransform
Transforming foundation-layout-release.aar (androidx.compose.foundation:foundation-layout-android:1.8.2) with AarTransform
Transforming material-ripple-release.aar (androidx.compose.material:material-ripple-android:1.8.1) with ExtractAarTransform
Transforming ui-util-release.aar (androidx.compose.ui:ui-util-android:1.8.2) with ExtractAarTransform
Transforming animation-release.aar (androidx.compose.animation:animation-android:1.8.2) with AarTransform
Transforming ui-unit-release.aar (androidx.compose.ui:ui-unit-android:1.8.2) with ExtractAarTransform
Transforming ui-geometry-release.aar (androidx.compose.ui:ui-geometry-android:1.8.2) with AarTransform
Transforming ui-text-release.aar (androidx.compose.ui:ui-text-android:1.8.2) with ExtractAarTransform
Transforming animation-core-release.aar (androidx.compose.animation:animation-core-android:1.8.2) with AarTransform
Transforming material-release.aar (androidx.compose.material:material-android:1.7.2) with AarTransform
Transforming material-ripple-release.aar (androidx.compose.material:material-ripple-android:1.8.1) with AarTransform
Transforming ui-unit-release.aar (androidx.compose.ui:ui-unit-android:1.8.2) with AarTransform
Transforming ui-graphics-release.aar (androidx.compose.ui:ui-graphics-android:1.8.2) with ExtractAarTransform
Transforming ui-test-manifest-1.8.2.aar (androidx.compose.ui:ui-test-manifest:1.8.2) with ExtractAarTransform
Transforming firebase-auth-23.1.0.aar (com.google.firebase:firebase-auth:23.1.0) with ExtractAarTransform
Transforming play-services-maps-19.0.0.aar (com.google.android.gms:play-services-maps:19.0.0) with ExtractAarTransform
Transforming firebase-firestore-25.1.1.aar (com.google.firebase:firebase-firestore:25.1.1) with ExtractAarTransform
Transforming firebase-auth-23.1.0.aar (com.google.firebase:firebase-auth:23.1.0) with AarTransform
Transforming ui-text-release.aar (androidx.compose.ui:ui-text-android:1.8.2) with AarTransform
Transforming play-services-maps-19.0.0.aar (com.google.android.gms:play-services-maps:19.0.0) with AarTransform
Transforming ui-test-manifest-1.8.2.aar (androidx.compose.ui:ui-test-manifest:1.8.2) with AarTransform
Transforming play-services-location-21.0.0.aar (com.google.android.gms:play-services-location:21.0.0) with ExtractAarTransform
Transforming googleid-1.1.1.aar (com.google.android.libraries.identity.googleid:googleid:1.1.1) with ExtractAarTransform
Transforming ui-util-release.aar (androidx.compose.ui:ui-util-android:1.8.2) with AarTransform
Transforming credentials-1.3.0.aar (androidx.credentials:credentials:1.3.0) with ExtractAarTransform
Transforming credentials-1.3.0.aar (androidx.credentials:credentials:1.3.0) with ExtractAarTransform
Transforming credentials-1.3.0.aar (androidx.credentials:credentials:1.3.0) with ExtractAarTransform
Transforming play-services-location-21.0.0.aar (com.google.android.gms:play-services-location:21.0.0) with AarTransform
Transforming googleid-1.1.1.aar (com.google.android.libraries.identity.googleid:googleid:1.1.1) with AarTransform
Transforming credentials-play-services-auth-1.3.0.aar (androidx.credentials:credentials-play-services-auth:1.3.0) with ExtractAarTransform
Transforming credentials-play-services-auth-1.3.0.aar (androidx.credentials:credentials-play-services-auth:1.3.0) with ExtractAarTransform
Transforming credentials-play-services-auth-1.3.0.aar (androidx.credentials:credentials-play-services-auth:1.3.0) with AarTransform
Transforming credentials-play-services-auth-1.3.0.aar (androidx.credentials:credentials-play-services-auth:1.3.0) with AarTransform
Transforming play-services-auth-21.1.1.aar (com.google.android.gms:play-services-auth:21.1.1) with ExtractAarTransform
Transforming material3.aar (androidx.compose.material3:material3-android:1.4.0) with AarTransform
Transforming play-services-auth-api-phone-18.0.2.aar (com.google.android.gms:play-services-auth-api-phone:18.0.2) with ExtractAarTransform
Transforming play-services-auth-api-phone-18.0.2.aar (com.google.android.gms:play-services-auth-api-phone:18.0.2) with ExtractAarTransform
Transforming play-services-auth-api-phone-18.0.2.aar (com.google.android.gms:play-services-auth-api-phone:18.0.2) with AarTransform
Transforming play-services-auth-api-phone-18.0.2.aar (com.google.android.gms:play-services-auth-api-phone:18.0.2) with AarTransform
Transforming navigation-compose-2.8.5.aar (androidx.navigation:navigation-compose:2.8.5) with AarTransform
Transforming play-services-auth-21.1.1.aar (com.google.android.gms:play-services-auth:21.1.1) with AarTransform
Transforming recaptcha-18.5.1.aar (com.google.android.recaptcha:recaptcha:18.5.1) with ExtractAarTransform
Transforming integrity-1.3.0.aar (com.google.android.play:integrity:1.3.0) with ExtractAarTransform
Transforming integrity-1.3.0.aar (com.google.android.play:integrity:1.3.0) with ExtractAarTransform
Transforming foundation-release.aar (androidx.compose.foundation:foundation-android:1.8.2) with AarTransform
Transforming integrity-1.3.0.aar (com.google.android.play:integrity:1.3.0) with AarTransform
Transforming integrity-1.3.0.aar (com.google.android.play:integrity:1.3.0) with AarTransform
Transforming recaptcha-18.5.1.aar (com.google.android.recaptcha:recaptcha:18.5.1) with AarTransform
Transforming firebase-storage-ktx-21.0.1.aar (com.google.firebase:firebase-storage-ktx:21.0.1) with ExtractAarTransform
Transforming firebase-storage-21.0.1.aar (com.google.firebase:firebase-storage:21.0.1) with ExtractAarTransform
Transforming ui-tooling-release.aar (androidx.compose.ui:ui-tooling-android:1.8.2) with AarTransform
Transforming firebase-auth-interop-20.0.0.aar (com.google.firebase:firebase-auth-interop:20.0.0) with ExtractAarTransform
Transforming firebase-auth-interop-20.0.0.aar (com.google.firebase:firebase-auth-interop:20.0.0) with ExtractAarTransform
Transforming firebase-auth-interop-20.0.0.aar (com.google.firebase:firebase-auth-interop:20.0.0) with ExtractAarTransform
Transforming firebase-storage-ktx-21.0.1.aar (com.google.firebase:firebase-storage-ktx:21.0.1) with AarTransform
Transforming firebase-auth-interop-20.0.0.aar (com.google.firebase:firebase-auth-interop:20.0.0) with AarTransform
Transforming firebase-storage-21.0.1.aar (com.google.firebase:firebase-storage:21.0.1) with AarTransform
Transforming firebase-auth-interop-20.0.0.aar (com.google.firebase:firebase-auth-interop:20.0.0) with AarTransform
Transforming firebase-auth-interop-20.0.0.aar (com.google.firebase:firebase-auth-interop:20.0.0) with AarTransform
Transforming firebase-firestore-25.1.1.aar (com.google.firebase:firebase-firestore:25.1.1) with AarTransform
Transforming ui-graphics-release.aar (androidx.compose.ui:ui-graphics-android:1.8.2) with AarTransform
Transforming firebase-messaging-ktx-24.1.0.aar (com.google.firebase:firebase-messaging-ktx:24.1.0) with ExtractAarTransform
Transforming firebase-messaging-24.1.0.aar (com.google.firebase:firebase-messaging:24.1.0) with ExtractAarTransform
Transforming firebase-appcheck-18.0.0.aar (com.google.firebase:firebase-appcheck:18.0.0) with ExtractAarTransform
Transforming firebase-installations-18.0.0.aar (com.google.firebase:firebase-installations:18.0.0) with ExtractAarTransform
Transforming firebase-common-ktx-21.0.0.aar (com.google.firebase:firebase-common-ktx:21.0.0) with ExtractAarTransform
Transforming firebase-common-ktx-21.0.0.aar (com.google.firebase:firebase-common-ktx:21.0.0) with ExtractAarTransform
Transforming firebase-common-ktx-21.0.0.aar (com.google.firebase:firebase-common-ktx:21.0.0) with ExtractAarTransform
Transforming firebase-appcheck-18.0.0.aar (com.google.firebase:firebase-appcheck:18.0.0) with AarTransform
Transforming firebase-installations-18.0.0.aar (com.google.firebase:firebase-installations:18.0.0) with AarTransform
Transforming firebase-common-ktx-21.0.0.aar (com.google.firebase:firebase-common-ktx:21.0.0) with AarTransform
Transforming firebase-common-ktx-21.0.0.aar (com.google.firebase:firebase-common-ktx:21.0.0) with AarTransform
Transforming firebase-common-ktx-21.0.0.aar (com.google.firebase:firebase-common-ktx:21.0.0) with AarTransform
Transforming firebase-messaging-24.1.0.aar (com.google.firebase:firebase-messaging:24.1.0) with AarTransform
Transforming firebase-common-21.0.0.aar (com.google.firebase:firebase-common:21.0.0) with ExtractAarTransform
Transforming firebase-common-21.0.0.aar (com.google.firebase:firebase-common:21.0.0) with ExtractAarTransform
Transforming firebase-common-21.0.0.aar (com.google.firebase:firebase-common:21.0.0) with ExtractAarTransform
Transforming firebase-common-21.0.0.aar (com.google.firebase:firebase-common:21.0.0) with ExtractAarTransform
Transforming firebase-common-21.0.0.aar (com.google.firebase:firebase-common:21.0.0) with ExtractAarTransform
Transforming firebase-common-21.0.0.aar (com.google.firebase:firebase-common:21.0.0) with ExtractAarTransform
Transforming credentials-1.3.0.aar (androidx.credentials:credentials:1.3.0) with AarTransform
Transforming credentials-1.3.0.aar (androidx.credentials:credentials:1.3.0) with AarTransform
Transforming credentials-1.3.0.aar (androidx.credentials:credentials:1.3.0) with AarTransform
Transforming firebase-common-21.0.0.aar (com.google.firebase:firebase-common:21.0.0) with ExtractAarTransform
Transforming firebase-common-21.0.0.aar (com.google.firebase:firebase-common:21.0.0) with ExtractAarTransform
Transforming firebase-common-21.0.0.aar (com.google.firebase:firebase-common:21.0.0) with ExtractAarTransform
Transforming firebase-database-collection-18.0.1.aar (com.google.firebase:firebase-database-collection:18.0.1) with ExtractAarTransform
Transforming firebase-common-21.0.0.aar (com.google.firebase:firebase-common:21.0.0) with AarTransform
Transforming firebase-common-21.0.0.aar (com.google.firebase:firebase-common:21.0.0) with AarTransform
Transforming firebase-common-21.0.0.aar (com.google.firebase:firebase-common:21.0.0) with AarTransform
Transforming firebase-common-21.0.0.aar (com.google.firebase:firebase-common:21.0.0) with AarTransform
Transforming firebase-common-21.0.0.aar (com.google.firebase:firebase-common:21.0.0) with AarTransform
Transforming firebase-common-21.0.0.aar (com.google.firebase:firebase-common:21.0.0) with AarTransform
Transforming firebase-common-21.0.0.aar (com.google.firebase:firebase-common:21.0.0) with AarTransform
Transforming firebase-common-21.0.0.aar (com.google.firebase:firebase-common:21.0.0) with AarTransform
Transforming firebase-common-21.0.0.aar (com.google.firebase:firebase-common:21.0.0) with AarTransform
Transforming firebase-database-collection-18.0.1.aar (com.google.firebase:firebase-database-collection:18.0.1) with AarTransform
Transforming play-services-fido-21.0.0.aar (com.google.android.gms:play-services-fido:21.0.0) with ExtractAarTransform
Transforming play-services-auth-base-18.0.10.aar (com.google.android.gms:play-services-auth-base:18.0.10) with ExtractAarTransform
Transforming play-services-base-18.5.0.aar (com.google.android.gms:play-services-base:18.5.0) with ExtractAarTransform
Transforming play-services-fido-21.0.0.aar (com.google.android.gms:play-services-fido:21.0.0) with ExtractAarTransform
Transforming firebase-appcheck-interop-17.1.0.aar (com.google.firebase:firebase-appcheck-interop:17.1.0) with ExtractAarTransform
Transforming firebase-appcheck-interop-17.1.0.aar (com.google.firebase:firebase-appcheck-interop:17.1.0) with ExtractAarTransform
Transforming play-services-base-18.5.0.aar (com.google.android.gms:play-services-base:18.5.0) with ExtractAarTransform
Transforming firebase-appcheck-interop-17.1.0.aar (com.google.firebase:firebase-appcheck-interop:17.1.0) with ExtractAarTransform
Transforming play-services-base-18.5.0.aar (com.google.android.gms:play-services-base:18.5.0) with ExtractAarTransform
Transforming firebase-appcheck-interop-17.1.0.aar (com.google.firebase:firebase-appcheck-interop:17.1.0) with ExtractAarTransform
Transforming play-services-fido-21.0.0.aar (com.google.android.gms:play-services-fido:21.0.0) with AarTransform
Transforming play-services-auth-base-18.0.10.aar (com.google.android.gms:play-services-auth-base:18.0.10) with AarTransform
Transforming play-services-fido-21.0.0.aar (com.google.android.gms:play-services-fido:21.0.0) with AarTransform
Transforming firebase-appcheck-interop-17.1.0.aar (com.google.firebase:firebase-appcheck-interop:17.1.0) with AarTransform
Transforming firebase-appcheck-interop-17.1.0.aar (com.google.firebase:firebase-appcheck-interop:17.1.0) with AarTransform
Transforming firebase-appcheck-interop-17.1.0.aar (com.google.firebase:firebase-appcheck-interop:17.1.0) with AarTransform
Transforming firebase-appcheck-interop-17.1.0.aar (com.google.firebase:firebase-appcheck-interop:17.1.0) with AarTransform
Transforming play-services-base-18.5.0.aar (com.google.android.gms:play-services-base:18.5.0) with ExtractAarTransform
Transforming play-services-base-18.5.0.aar (com.google.android.gms:play-services-base:18.5.0) with ExtractAarTransform
Transforming play-services-base-18.5.0.aar (com.google.android.gms:play-services-base:18.5.0) with ExtractAarTransform
Transforming play-services-base-18.5.0.aar (com.google.android.gms:play-services-base:18.5.0) with ExtractAarTransform
Transforming play-services-base-18.5.0.aar (com.google.android.gms:play-services-base:18.5.0) with ExtractAarTransform
Transforming play-services-base-18.5.0.aar (com.google.android.gms:play-services-base:18.5.0) with ExtractAarTransform
Transforming play-services-base-18.5.0.aar (com.google.android.gms:play-services-base:18.5.0) with ExtractAarTransform
Transforming appcompat-1.7.0.aar (androidx.appcompat:appcompat:1.7.0) with AarTransform
Transforming play-services-base-18.5.0.aar (com.google.android.gms:play-services-base:18.5.0) with ExtractAarTransform
Transforming firebase-messaging-ktx-24.1.0.aar (com.google.firebase:firebase-messaging-ktx:24.1.0) with AarTransform
Transforming play-services-base-18.5.0.aar (com.google.android.gms:play-services-base:18.5.0) with ExtractAarTransform
Transforming play-services-base-18.5.0.aar (com.google.android.gms:play-services-base:18.5.0) with AarTransform
Transforming play-services-base-18.5.0.aar (com.google.android.gms:play-services-base:18.5.0) with AarTransform
Transforming play-services-base-18.5.0.aar (com.google.android.gms:play-services-base:18.5.0) with AarTransform
Transforming play-services-base-18.5.0.aar (com.google.android.gms:play-services-base:18.5.0) with AarTransform
Transforming play-services-base-18.5.0.aar (com.google.android.gms:play-services-base:18.5.0) with AarTransform
Transforming play-services-base-18.5.0.aar (com.google.android.gms:play-services-base:18.5.0) with AarTransform
Transforming play-services-base-18.5.0.aar (com.google.android.gms:play-services-base:18.5.0) with AarTransform
Transforming play-services-base-18.5.0.aar (com.google.android.gms:play-services-base:18.5.0) with AarTransform
Transforming play-services-base-18.5.0.aar (com.google.android.gms:play-services-base:18.5.0) with AarTransform
Transforming play-services-base-18.5.0.aar (com.google.android.gms:play-services-base:18.5.0) with AarTransform
Transforming play-services-base-18.5.0.aar (com.google.android.gms:play-services-base:18.5.0) with AarTransform
Transforming play-services-base-18.5.0.aar (com.google.android.gms:play-services-base:18.5.0) with AarTransform
Transforming play-services-cloud-messaging-17.2.0.aar (com.google.android.gms:play-services-cloud-messaging:17.2.0) with ExtractAarTransform
Transforming firebase-iid-interop-17.1.0.aar (com.google.firebase:firebase-iid-interop:17.1.0) with ExtractAarTransform
Transforming firebase-installations-interop-17.1.1.aar (com.google.firebase:firebase-installations-interop:17.1.1) with ExtractAarTransform
Transforming firebase-installations-interop-17.1.1.aar (com.google.firebase:firebase-installations-interop:17.1.1) with ExtractAarTransform
Transforming common-0.8.0.aar (com.google.ai.client.generativeai:common:0.8.0) with ExtractAarTransform
Transforming runtime-annotation.aar (androidx.compose.runtime:runtime-annotation-android:1.9.0) with ExtractAarTransform
Transforming savedstate-ktx-1.3.0.aar (androidx.savedstate:savedstate-ktx:1.3.0) with ExtractAarTransform
Transforming runtime-saveable.aar (androidx.compose.runtime:runtime-saveable-android:1.9.0) with ExtractAarTransform
Transforming savedstate-compose-release.aar (androidx.savedstate:savedstate-compose-android:1.3.0) with ExtractAarTransform
Transforming play-services-stats-17.0.2.aar (com.google.android.gms:play-services-stats:17.0.2) with ExtractAarTransform
Transforming legacy-support-core-utils-1.0.0.aar (androidx.legacy:legacy-support-core-utils:1.0.0) with ExtractAarTransform
Transforming dynamicanimation-1.0.0.aar (androidx.dynamicanimation:dynamicanimation:1.0.0) with ExtractAarTransform
Transforming play-services-cloud-messaging-17.2.0.aar (com.google.android.gms:play-services-cloud-messaging:17.2.0) with AarTransform
Transforming firebase-iid-interop-17.1.0.aar (com.google.firebase:firebase-iid-interop:17.1.0) with AarTransform
Transforming legacy-support-core-utils-1.0.0.aar (androidx.legacy:legacy-support-core-utils:1.0.0) with AarTransform
Transforming firebase-installations-interop-17.1.1.aar (com.google.firebase:firebase-installations-interop:17.1.1) with AarTransform
Transforming firebase-installations-interop-17.1.1.aar (com.google.firebase:firebase-installations-interop:17.1.1) with AarTransform
Transforming dynamicanimation-1.0.0.aar (androidx.dynamicanimation:dynamicanimation:1.0.0) with AarTransform
Transforming play-services-stats-17.0.2.aar (com.google.android.gms:play-services-stats:17.0.2) with AarTransform
Transforming common-0.8.0.aar (com.google.ai.client.generativeai:common:0.8.0) with AarTransform
Transforming legacy-support-core-utils-1.0.0.aar (androidx.legacy:legacy-support-core-utils:1.0.0) with ExtractAarTransform
Transforming legacy-support-core-utils-1.0.0.aar (androidx.legacy:legacy-support-core-utils:1.0.0) with AarTransform
Transforming loader-1.1.0.aar (androidx.loader:loader:1.1.0) with ExtractAarTransform
Transforming savedstate-compose-release.aar (androidx.savedstate:savedstate-compose-android:1.3.0) with AarTransform
Transforming runtime-annotation.aar (androidx.compose.runtime:runtime-annotation-android:1.9.0) with AarTransform
Transforming runtime-saveable.aar (androidx.compose.runtime:runtime-saveable-android:1.9.0) with AarTransform
Transforming loader-1.1.0.aar (androidx.loader:loader:1.1.0) with ExtractAarTransform
Transforming loader-1.1.0.aar (androidx.loader:loader:1.1.0) with ExtractAarTransform
Transforming emoji2-views-helper-1.4.0.aar (androidx.emoji2:emoji2-views-helper:1.4.0) with ExtractAarTransform
Transforming lifecycle-viewmodel-2.9.0.aar (androidx.lifecycle:lifecycle-viewmodel:2.9.0) with ExtractAarTransform
Transforming lifecycle-viewmodel-savedstate-release.aar (androidx.lifecycle:lifecycle-viewmodel-savedstate-android:2.9.0) with ExtractAarTransform
Transforming emoji2-1.4.0.aar (androidx.emoji2:emoji2:1.4.0) with ExtractAarTransform
Transforming savedstate-ktx-1.3.0.aar (androidx.savedstate:savedstate-ktx:1.3.0) with AarTransform
Transforming lifecycle-viewmodel-release.aar (androidx.lifecycle:lifecycle-viewmodel-android:2.9.0) with ExtractAarTransform
Transforming lifecycle-runtime-ktx.aar (androidx.lifecycle:lifecycle-runtime-ktx-android:2.9.0) with ExtractAarTransform
Transforming lifecycle-runtime-release.aar (androidx.lifecycle:lifecycle-runtime-android:2.9.0) with ExtractAarTransform
Transforming loader-1.1.0.aar (androidx.loader:loader:1.1.0) with AarTransform
Transforming lifecycle-viewmodel-ktx-2.9.0.aar (androidx.lifecycle:lifecycle-viewmodel-ktx:2.9.0) with ExtractAarTransform
Transforming loader-1.1.0.aar (androidx.loader:loader:1.1.0) with AarTransform
Transforming loader-1.1.0.aar (androidx.loader:loader:1.1.0) with AarTransform
Transforming lifecycle-process-2.9.0.aar (androidx.lifecycle:lifecycle-process:2.9.0) with ExtractAarTransform
Transforming lifecycle-livedata-core-2.9.0.aar (androidx.lifecycle:lifecycle-livedata-core:2.9.0) with ExtractAarTransform
Transforming lifecycle-runtime-compose-release.aar (androidx.lifecycle:lifecycle-runtime-compose-android:2.9.0) with ExtractAarTransform
Transforming lifecycle-livedata-core-2.9.0.aar (androidx.lifecycle:lifecycle-livedata-core:2.9.0) with ExtractAarTransform
Transforming lifecycle-viewmodel-2.9.0.aar (androidx.lifecycle:lifecycle-viewmodel:2.9.0) with AarTransform
Transforming lifecycle-runtime-ktx.aar (androidx.lifecycle:lifecycle-runtime-ktx-android:2.9.0) with AarTransform
Transforming lifecycle-viewmodel-savedstate-release.aar (androidx.lifecycle:lifecycle-viewmodel-savedstate-android:2.9.0) with AarTransform
Transforming lifecycle-viewmodel-release.aar (androidx.lifecycle:lifecycle-viewmodel-android:2.9.0) with AarTransform
Transforming emoji2-views-helper-1.4.0.aar (androidx.emoji2:emoji2-views-helper:1.4.0) with AarTransform
Transforming lifecycle-viewmodel-ktx-2.9.0.aar (androidx.lifecycle:lifecycle-viewmodel-ktx:2.9.0) with AarTransform
Transforming lifecycle-runtime-release.aar (androidx.lifecycle:lifecycle-runtime-android:2.9.0) with AarTransform
Transforming emoji2-1.4.0.aar (androidx.emoji2:emoji2:1.4.0) with AarTransform
Transforming runtime.aar (androidx.compose.runtime:runtime-android:1.9.0) with ExtractAarTransform
Transforming browser-1.4.0.aar (androidx.browser:browser:1.4.0) with ExtractAarTransform
Transforming profileinstaller-1.4.0.aar (androidx.profileinstaller:profileinstaller:1.4.0) with ExtractAarTransform
Transforming play-services-tasks-18.2.0.aar (com.google.android.gms:play-services-tasks:18.2.0) with ExtractAarTransform
Transforming play-services-tasks-18.2.0.aar (com.google.android.gms:play-services-tasks:18.2.0) with ExtractAarTransform
Transforming play-services-tasks-18.2.0.aar (com.google.android.gms:play-services-tasks:18.2.0) with ExtractAarTransform
Transforming play-services-tasks-18.2.0.aar (com.google.android.gms:play-services-tasks:18.2.0) with ExtractAarTransform
Transforming lifecycle-process-2.9.0.aar (androidx.lifecycle:lifecycle-process:2.9.0) with AarTransform
Transforming play-services-tasks-18.2.0.aar (com.google.android.gms:play-services-tasks:18.2.0) with AarTransform
Transforming play-services-tasks-18.2.0.aar (com.google.android.gms:play-services-tasks:18.2.0) with AarTransform
Transforming play-services-tasks-18.2.0.aar (com.google.android.gms:play-services-tasks:18.2.0) with AarTransform
Transforming play-services-tasks-18.2.0.aar (com.google.android.gms:play-services-tasks:18.2.0) with AarTransform
Transforming lifecycle-runtime-compose-release.aar (androidx.lifecycle:lifecycle-runtime-compose-android:2.9.0) with AarTransform
Transforming play-services-tasks-18.2.0.aar (com.google.android.gms:play-services-tasks:18.2.0) with ExtractAarTransform
Transforming play-services-tasks-18.2.0.aar (com.google.android.gms:play-services-tasks:18.2.0) with AarTransform
Transforming runtime.aar (androidx.compose.runtime:runtime-android:1.9.0) with AarTransform
Transforming lifecycle-livedata-core-2.9.0.aar (androidx.lifecycle:lifecycle-livedata-core:2.9.0) with AarTransform
Transforming lifecycle-livedata-core-2.9.0.aar (androidx.lifecycle:lifecycle-livedata-core:2.9.0) with AarTransform
Transforming play-services-tasks-18.2.0.aar (com.google.android.gms:play-services-tasks:18.2.0) with ExtractAarTransform
Transforming play-services-tasks-18.2.0.aar (com.google.android.gms:play-services-tasks:18.2.0) with AarTransform
Transforming play-services-tasks-18.2.0.aar (com.google.android.gms:play-services-tasks:18.2.0) with ExtractAarTransform
Transforming play-services-tasks-18.2.0.aar (com.google.android.gms:play-services-tasks:18.2.0) with AarTransform
Transforming play-services-basement-18.4.0.aar (com.google.android.gms:play-services-basement:18.4.0) with ExtractAarTransform
Transforming play-services-basement-18.4.0.aar (com.google.android.gms:play-services-basement:18.4.0) with ExtractAarTransform
Transforming firebase-measurement-connector-19.0.0.aar (com.google.firebase:firebase-measurement-connector:19.0.0) with ExtractAarTransform
Transforming play-services-basement-18.4.0.aar (com.google.android.gms:play-services-basement:18.4.0) with ExtractAarTransform
Transforming play-services-basement-18.4.0.aar (com.google.android.gms:play-services-basement:18.4.0) with ExtractAarTransform
Transforming play-services-basement-18.4.0.aar (com.google.android.gms:play-services-basement:18.4.0) with ExtractAarTransform
Transforming play-services-basement-18.4.0.aar (com.google.android.gms:play-services-basement:18.4.0) with ExtractAarTransform
Transforming play-services-basement-18.4.0.aar (com.google.android.gms:play-services-basement:18.4.0) with ExtractAarTransform
Transforming play-services-basement-18.4.0.aar (com.google.android.gms:play-services-basement:18.4.0) with ExtractAarTransform
Transforming play-services-basement-18.4.0.aar (com.google.android.gms:play-services-basement:18.4.0) with ExtractAarTransform
Transforming profileinstaller-1.4.0.aar (androidx.profileinstaller:profileinstaller:1.4.0) with AarTransform
Transforming firebase-measurement-connector-19.0.0.aar (com.google.firebase:firebase-measurement-connector:19.0.0) with AarTransform
Transforming play-services-basement-18.4.0.aar (com.google.android.gms:play-services-basement:18.4.0) with ExtractAarTransform
Transforming play-services-basement-18.4.0.aar (com.google.android.gms:play-services-basement:18.4.0) with ExtractAarTransform
Transforming play-services-basement-18.4.0.aar (com.google.android.gms:play-services-basement:18.4.0) with AarTransform
Transforming play-services-basement-18.4.0.aar (com.google.android.gms:play-services-basement:18.4.0) with AarTransform
Transforming play-services-basement-18.4.0.aar (com.google.android.gms:play-services-basement:18.4.0) with AarTransform
Transforming play-services-basement-18.4.0.aar (com.google.android.gms:play-services-basement:18.4.0) with AarTransform
Transforming play-services-basement-18.4.0.aar (com.google.android.gms:play-services-basement:18.4.0) with AarTransform
Transforming play-services-basement-18.4.0.aar (com.google.android.gms:play-services-basement:18.4.0) with AarTransform
Transforming play-services-basement-18.4.0.aar (com.google.android.gms:play-services-basement:18.4.0) with AarTransform
Transforming play-services-basement-18.4.0.aar (com.google.android.gms:play-services-basement:18.4.0) with AarTransform
Transforming play-services-basement-18.4.0.aar (com.google.android.gms:play-services-basement:18.4.0) with AarTransform
Transforming play-services-basement-18.4.0.aar (com.google.android.gms:play-services-basement:18.4.0) with AarTransform
Transforming play-services-basement-18.4.0.aar (com.google.android.gms:play-services-basement:18.4.0) with AarTransform
Transforming viewpager2-1.1.0.aar (androidx.viewpager2:viewpager2:1.1.0) with ExtractAarTransform
Transforming recyclerview-1.3.1.aar (androidx.recyclerview:recyclerview:1.3.1) with ExtractAarTransform
Transforming fragment-1.5.7.aar (androidx.fragment:fragment:1.5.7) with ExtractAarTransform
Transforming fragment-1.5.7.aar (androidx.fragment:fragment:1.5.7) with ExtractAarTransform
Transforming fragment-1.5.7.aar (androidx.fragment:fragment:1.5.7) with ExtractAarTransform
Transforming fragment-1.5.7.aar (androidx.fragment:fragment:1.5.7) with ExtractAarTransform
Transforming fragment-1.5.7.aar (androidx.fragment:fragment:1.5.7) with ExtractAarTransform
Transforming fragment-1.5.7.aar (androidx.fragment:fragment:1.5.7) with ExtractAarTransform
Transforming lifecycle-viewmodel-compose-release.aar (androidx.lifecycle:lifecycle-viewmodel-compose-android:2.9.0) with ExtractAarTransform
Transforming savedstate-release.aar (androidx.savedstate:savedstate-android:1.3.0) with ExtractAarTransform
Transforming ui-release.aar (androidx.compose.ui:ui-android:1.8.2) with ExtractAarTransform
Transforming browser-1.4.0.aar (androidx.browser:browser:1.4.0) with AarTransform
Transforming activity-ktx-1.9.3.aar (androidx.activity:activity-ktx:1.9.3) with ExtractAarTransform
Transforming savedstate-release.aar (androidx.savedstate:savedstate-android:1.3.0) with AarTransform
Transforming viewpager2-1.1.0.aar (androidx.viewpager2:viewpager2:1.1.0) with AarTransform
Transforming recyclerview-1.3.1.aar (androidx.recyclerview:recyclerview:1.3.1) with AarTransform
Transforming lifecycle-viewmodel-compose-release.aar (androidx.lifecycle:lifecycle-viewmodel-compose-android:2.9.0) with AarTransform
Transforming fragment-1.5.7.aar (androidx.fragment:fragment:1.5.7) with AarTransform
Transforming fragment-1.5.7.aar (androidx.fragment:fragment:1.5.7) with AarTransform
Transforming fragment-1.5.7.aar (androidx.fragment:fragment:1.5.7) with AarTransform
Transforming activity-ktx-1.9.3.aar (androidx.activity:activity-ktx:1.9.3) with AarTransform
Transforming fragment-1.5.7.aar (androidx.fragment:fragment:1.5.7) with AarTransform
Transforming fragment-1.5.7.aar (androidx.fragment:fragment:1.5.7) with AarTransform
Transforming fragment-1.5.7.aar (androidx.fragment:fragment:1.5.7) with AarTransform
Transforming activity-compose-1.9.3.aar (androidx.activity:activity-compose:1.9.3) with ExtractAarTransform
Transforming activity-1.9.3.aar (androidx.activity:activity:1.9.3) with ExtractAarTransform
Transforming vectordrawable-animated-1.1.0.aar (androidx.vectordrawable:vectordrawable-animated:1.1.0) with ExtractAarTransform
Transforming vectordrawable-1.1.0.aar (androidx.vectordrawable:vectordrawable:1.1.0) with ExtractAarTransform
Transforming vectordrawable-1.1.0.aar (androidx.vectordrawable:vectordrawable:1.1.0) with ExtractAarTransform
Transforming vectordrawable-animated-1.1.0.aar (androidx.vectordrawable:vectordrawable-animated:1.1.0) with AarTransform
Transforming activity-compose-1.9.3.aar (androidx.activity:activity-compose:1.9.3) with AarTransform
Transforming activity-1.9.3.aar (androidx.activity:activity:1.9.3) with AarTransform
Transforming vectordrawable-1.1.0.aar (androidx.vectordrawable:vectordrawable:1.1.0) with AarTransform
Transforming vectordrawable-1.1.0.aar (androidx.vectordrawable:vectordrawable:1.1.0) with AarTransform
Transforming viewpager-1.0.0.aar (androidx.viewpager:viewpager:1.0.0) with ExtractAarTransform
Transforming customview-1.0.0.aar (androidx.customview:customview:1.0.0) with ExtractAarTransform
Transforming customview-1.0.0.aar (androidx.customview:customview:1.0.0) with ExtractAarTransform
Transforming customview-1.0.0.aar (androidx.customview:customview:1.0.0) with ExtractAarTransform
Transforming autofill-1.0.0.aar (androidx.autofill:autofill:1.0.0) with ExtractAarTransform
Transforming viewpager-1.0.0.aar (androidx.viewpager:viewpager:1.0.0) with AarTransform
Transforming customview-1.0.0.aar (androidx.customview:customview:1.0.0) with AarTransform
Transforming customview-1.0.0.aar (androidx.customview:customview:1.0.0) with AarTransform
Transforming customview-1.0.0.aar (androidx.customview:customview:1.0.0) with AarTransform
Transforming autofill-1.0.0.aar (androidx.autofill:autofill:1.0.0) with AarTransform
Transforming graphics-path-1.0.1.aar (androidx.graphics:graphics-path:1.0.1) with ExtractAarTransform
Transforming core-1.13.1.aar (androidx.core:core:1.13.1) with ExtractAarTransform
Transforming core-1.13.1.aar (androidx.core:core:1.13.1) with ExtractAarTransform
Transforming core-1.13.1.aar (androidx.core:core:1.13.1) with ExtractAarTransform
Transforming core-1.13.1.aar (androidx.core:core:1.13.1) with ExtractAarTransform
Transforming graphics-path-1.0.1.aar (androidx.graphics:graphics-path:1.0.1) with AarTransform
Transforming core-1.13.1.aar (androidx.core:core:1.13.1) with ExtractAarTransform
Transforming ui-release.aar (androidx.compose.ui:ui-android:1.8.2) with AarTransform
Transforming core-1.13.1.aar (androidx.core:core:1.13.1) with ExtractAarTransform
Transforming core-1.13.1.aar (androidx.core:core:1.13.1) with ExtractAarTransform
Transforming core-1.13.1.aar (androidx.core:core:1.13.1) with ExtractAarTransform
Transforming core-1.13.1.aar (androidx.core:core:1.13.1) with ExtractAarTransform
Transforming core-1.13.1.aar (androidx.core:core:1.13.1) with ExtractAarTransform
Transforming core-1.13.1.aar (androidx.core:core:1.13.1) with ExtractAarTransform
Transforming customview-poolingcontainer-1.0.0.aar (androidx.customview:customview-poolingcontainer:1.0.0) with ExtractAarTransform
Transforming customview-poolingcontainer-1.0.0.aar (androidx.customview:customview-poolingcontainer:1.0.0) with AarTransform
Transforming core-ktx-1.13.1.aar (androidx.core:core-ktx:1.13.1) with ExtractAarTransform
Transforming core-ktx-1.13.1.aar (androidx.core:core-ktx:1.13.1) with AarTransform
Transforming annotation-experimental-1.4.1.aar (androidx.annotation:annotation-experimental:1.4.1) with ExtractAarTransform
Transforming annotation-experimental-1.4.1.aar (androidx.annotation:annotation-experimental:1.4.1) with AarTransform
Transforming versionedparcelable-1.1.1.aar (androidx.versionedparcelable:versionedparcelable:1.1.1) with ExtractAarTransform
Transforming core-1.13.1.aar (androidx.core:core:1.13.1) with AarTransform
Transforming core-1.13.1.aar (androidx.core:core:1.13.1) with AarTransform
Transforming core-1.13.1.aar (androidx.core:core:1.13.1) with AarTransform
Transforming core-1.13.1.aar (androidx.core:core:1.13.1) with AarTransform
Transforming core-1.13.1.aar (androidx.core:core:1.13.1) with AarTransform
Transforming core-1.13.1.aar (androidx.core:core:1.13.1) with AarTransform
Transforming core-1.13.1.aar (androidx.core:core:1.13.1) with AarTransform
Transforming core-1.13.1.aar (androidx.core:core:1.13.1) with AarTransform
Transforming core-1.13.1.aar (androidx.core:core:1.13.1) with AarTransform
Transforming core-1.13.1.aar (androidx.core:core:1.13.1) with AarTransform
Transforming core-1.13.1.aar (androidx.core:core:1.13.1) with AarTransform
Transforming versionedparcelable-1.1.1.aar (androidx.versionedparcelable:versionedparcelable:1.1.1) with AarTransform
Transforming firebase-components-18.0.0.aar (com.google.firebase:firebase-components:18.0.0) with ExtractAarTransform
Transforming firebase-components-18.0.0.aar (com.google.firebase:firebase-components:18.0.0) with ExtractAarTransform
Transforming firebase-components-18.0.0.aar (com.google.firebase:firebase-components:18.0.0) with ExtractAarTransform
Transforming firebase-components-18.0.0.aar (com.google.firebase:firebase-components:18.0.0) with ExtractAarTransform
Transforming firebase-components-18.0.0.aar (com.google.firebase:firebase-components:18.0.0) with ExtractAarTransform
Transforming firebase-components-18.0.0.aar (com.google.firebase:firebase-components:18.0.0) with ExtractAarTransform
Transforming cursoradapter-1.0.0.aar (androidx.cursoradapter:cursoradapter:1.0.0) with ExtractAarTransform
Transforming firebase-components-18.0.0.aar (com.google.firebase:firebase-components:18.0.0) with ExtractAarTransform
Transforming firebase-components-18.0.0.aar (com.google.firebase:firebase-components:18.0.0) with ExtractAarTransform
Transforming localbroadcastmanager-1.0.0.aar (androidx.localbroadcastmanager:localbroadcastmanager:1.0.0) with ExtractAarTransform
Transforming localbroadcastmanager-1.0.0.aar (androidx.localbroadcastmanager:localbroadcastmanager:1.0.0) with ExtractAarTransform
Transforming firebase-components-18.0.0.aar (com.google.firebase:firebase-components:18.0.0) with ExtractAarTransform
Transforming cursoradapter-1.0.0.aar (androidx.cursoradapter:cursoradapter:1.0.0) with AarTransform
Transforming localbroadcastmanager-1.0.0.aar (androidx.localbroadcastmanager:localbroadcastmanager:1.0.0) with AarTransform
Transforming localbroadcastmanager-1.0.0.aar (androidx.localbroadcastmanager:localbroadcastmanager:1.0.0) with AarTransform
Transforming firebase-components-18.0.0.aar (com.google.firebase:firebase-components:18.0.0) with AarTransform
Transforming firebase-components-18.0.0.aar (com.google.firebase:firebase-components:18.0.0) with AarTransform
Transforming firebase-components-18.0.0.aar (com.google.firebase:firebase-components:18.0.0) with AarTransform
Transforming firebase-components-18.0.0.aar (com.google.firebase:firebase-components:18.0.0) with AarTransform
Transforming firebase-components-18.0.0.aar (com.google.firebase:firebase-components:18.0.0) with AarTransform
Transforming firebase-components-18.0.0.aar (com.google.firebase:firebase-components:18.0.0) with AarTransform
Transforming firebase-components-18.0.0.aar (com.google.firebase:firebase-components:18.0.0) with AarTransform
Transforming firebase-components-18.0.0.aar (com.google.firebase:firebase-components:18.0.0) with AarTransform
Transforming firebase-components-18.0.0.aar (com.google.firebase:firebase-components:18.0.0) with AarTransform
Transforming interpolator-1.0.0.aar (androidx.interpolator:interpolator:1.0.0) with ExtractAarTransform
Transforming interpolator-1.0.0.aar (androidx.interpolator:interpolator:1.0.0) with ExtractAarTransform
Transforming startup-runtime-1.1.1.aar (androidx.startup:startup-runtime:1.1.1) with ExtractAarTransform
Transforming transport-runtime-3.1.9.aar (com.google.android.datatransport:transport-runtime:3.1.9) with ExtractAarTransform
Transforming firebase-encoders-json-18.0.0.aar (com.google.firebase:firebase-encoders-json:18.0.0) with ExtractAarTransform
Transforming firebase-encoders-json-18.0.0.aar (com.google.firebase:firebase-encoders-json:18.0.0) with ExtractAarTransform
Transforming transport-runtime-3.1.9.aar (com.google.android.datatransport:transport-runtime:3.1.9) with ExtractAarTransform
Transforming firebase-datatransport-18.2.0.aar (com.google.firebase:firebase-datatransport:18.2.0) with ExtractAarTransform
Transforming transport-runtime-3.1.9.aar (com.google.android.datatransport:transport-runtime:3.1.9) with ExtractAarTransform
Transforming transport-backend-cct-3.1.9.aar (com.google.android.datatransport:transport-backend-cct:3.1.9) with ExtractAarTransform
Transforming transport-backend-cct-3.1.9.aar (com.google.android.datatransport:transport-backend-cct:3.1.9) with ExtractAarTransform
Transforming tracing-1.0.0.aar (androidx.tracing:tracing:1.0.0) with ExtractAarTransform
Transforming interpolator-1.0.0.aar (androidx.interpolator:interpolator:1.0.0) with AarTransform
Transforming interpolator-1.0.0.aar (androidx.interpolator:interpolator:1.0.0) with AarTransform
Transforming firebase-encoders-json-18.0.0.aar (com.google.firebase:firebase-encoders-json:18.0.0) with AarTransform
Transforming firebase-encoders-json-18.0.0.aar (com.google.firebase:firebase-encoders-json:18.0.0) with AarTransform
Transforming transport-api-3.1.0.aar (com.google.android.datatransport:transport-api:3.1.0) with ExtractAarTransform
Transforming transport-api-3.1.0.aar (com.google.android.datatransport:transport-api:3.1.0) with ExtractAarTransform
Transforming startup-runtime-1.1.1.aar (androidx.startup:startup-runtime:1.1.1) with AarTransform
Transforming transport-backend-cct-3.1.9.aar (com.google.android.datatransport:transport-backend-cct:3.1.9) with AarTransform
Transforming transport-backend-cct-3.1.9.aar (com.google.android.datatransport:transport-backend-cct:3.1.9) with AarTransform
Transforming transport-runtime-3.1.9.aar (com.google.android.datatransport:transport-runtime:3.1.9) with AarTransform
Transforming transport-runtime-3.1.9.aar (com.google.android.datatransport:transport-runtime:3.1.9) with AarTransform
Transforming transport-runtime-3.1.9.aar (com.google.android.datatransport:transport-runtime:3.1.9) with AarTransform
Transforming firebase-datatransport-18.2.0.aar (com.google.firebase:firebase-datatransport:18.2.0) with AarTransform
Transforming transport-api-3.1.0.aar (com.google.android.datatransport:transport-api:3.1.0) with ExtractAarTransform
Transforming transport-api-3.1.0.aar (com.google.android.datatransport:transport-api:3.1.0) with ExtractAarTransform
Transforming tracing-1.0.0.aar (androidx.tracing:tracing:1.0.0) with AarTransform
Transforming exifinterface-1.3.7.aar (androidx.exifinterface:exifinterface:1.3.7) with ExtractAarTransform
Transforming print-1.0.0.aar (androidx.print:print:1.0.0) with ExtractAarTransform
Transforming protolite-well-known-types-18.0.0.aar (com.google.firebase:protolite-well-known-types:18.0.0) with ExtractAarTransform
Transforming core-runtime-2.2.0.aar (androidx.arch.core:core-runtime:2.2.0) with ExtractAarTransform
Transforming documentfile-1.0.0.aar (androidx.documentfile:documentfile:1.0.0) with ExtractAarTransform
Transforming core-viewtree-1.0.0.aar (androidx.core:core-viewtree:1.0.0) with ExtractAarTransform
Transforming grpc-android-1.62.2.aar (io.grpc:grpc-android:1.62.2) with ExtractAarTransform
Transforming transport-api-3.1.0.aar (com.google.android.datatransport:transport-api:3.1.0) with AarTransform
Transforming transport-api-3.1.0.aar (com.google.android.datatransport:transport-api:3.1.0) with AarTransform
Transforming core-common-2.0.3.aar (com.google.android.play:core-common:2.0.3) with ExtractAarTransform
Transforming transport-api-3.1.0.aar (com.google.android.datatransport:transport-api:3.1.0) with AarTransform
Transforming transport-api-3.1.0.aar (com.google.android.datatransport:transport-api:3.1.0) with AarTransform
Transforming documentfile-1.0.0.aar (androidx.documentfile:documentfile:1.0.0) with AarTransform
Transforming print-1.0.0.aar (androidx.print:print:1.0.0) with AarTransform
Transforming protolite-well-known-types-18.0.0.aar (com.google.firebase:protolite-well-known-types:18.0.0) with AarTransform
Transforming exifinterface-1.3.7.aar (androidx.exifinterface:exifinterface:1.3.7) with AarTransform
Transforming grpc-android-1.62.2.aar (io.grpc:grpc-android:1.62.2) with AarTransform
Transforming core-common-2.0.3.aar (com.google.android.play:core-common:2.0.3) with AarTransform
Transforming core-runtime-2.2.0.aar (androidx.arch.core:core-runtime:2.2.0) with AarTransform
Transforming core-viewtree-1.0.0.aar (androidx.core:core-viewtree:1.0.0) with AarTransform
Caching disabled for task ':app:checkDebugAarMetadata' because:
  Build cache is disabled
  Caching has been disabled for the task
Skipping task ':app:checkDebugAarMetadata' as it is up-to-date.
Resolve mutations for :app:generateDebugResValues (Thread[Execution worker Thread 4,5,main]) started.
:app:generateDebugResValues (Thread[Execution worker Thread 4,5,main]) started.

> Task :app:generateDebugResValues UP-TO-DATE
Caching disabled for task ':app:generateDebugResValues' because:
  Build cache is disabled
Skipping task ':app:generateDebugResValues' as it is up-to-date.
Resolve mutations for :app:processDebugGoogleServices (Thread[Execution worker Thread 4,5,main]) started.
:app:processDebugGoogleServices (Thread[Execution worker Thread 4,5,main]) started.

> Task :app:processDebugGoogleServices UP-TO-DATE
Caching disabled for task ':app:processDebugGoogleServices' because:
  Build cache is disabled
Skipping task ':app:processDebugGoogleServices' as it is up-to-date.
Resolve mutations for :app:mapDebugSourceSetPaths (Thread[Execution worker Thread 4,5,main]) started.
:app:mapDebugSourceSetPaths (Thread[Execution worker Thread 4,5,main]) started.

> Task :app:mapDebugSourceSetPaths UP-TO-DATE
Transforming dotsindicator-5.1.0.aar (com.tbuonomo:dotsindicator:5.1.0) with ExtractAarTransform
Transforming dotsindicator-5.1.0.aar (com.tbuonomo:dotsindicator:5.1.0) with AarTransform
Transforming coil-compose-2.7.0.aar (io.coil-kt:coil-compose:2.7.0) with ExtractAarTransform
Transforming coil-compose-2.7.0.aar (io.coil-kt:coil-compose:2.7.0) with AarTransform
Transforming coil-compose-base-2.7.0.aar (io.coil-kt:coil-compose-base:2.7.0) with ExtractAarTransform
Transforming coil-compose-base-2.7.0.aar (io.coil-kt:coil-compose-base:2.7.0) with AarTransform
Transforming coil-2.7.0.aar (io.coil-kt:coil:2.7.0) with ExtractAarTransform
Transforming coil-2.7.0.aar (io.coil-kt:coil:2.7.0) with AarTransform
Transforming coil-base-2.7.0.aar (io.coil-kt:coil-base:2.7.0) with ExtractAarTransform
Transforming coil-base-2.7.0.aar (io.coil-kt:coil-base:2.7.0) with AarTransform
Transforming appcompat-resources-1.7.0.aar (androidx.appcompat:appcompat-resources:1.7.0) with ExtractAarTransform
Transforming appcompat-resources-1.7.0.aar (androidx.appcompat:appcompat-resources:1.7.0) with AarTransform
Transforming appcompat-1.7.0.aar (androidx.appcompat:appcompat:1.7.0) with ExtractAarTransform
Transforming appcompat-1.7.0.aar (androidx.appcompat:appcompat:1.7.0) with AarTransform
Transforming generativeai-0.9.0.aar (com.google.ai.client.generativeai:generativeai:0.9.0) with ExtractAarTransform
Transforming generativeai-0.9.0.aar (com.google.ai.client.generativeai:generativeai:0.9.0) with AarTransform
Transforming drawerlayout-1.0.0.aar (androidx.drawerlayout:drawerlayout:1.0.0) with ExtractAarTransform
Transforming drawerlayout-1.0.0.aar (androidx.drawerlayout:drawerlayout:1.0.0) with AarTransform
Transforming navigation-common-2.8.5.aar (androidx.navigation:navigation-common:2.8.5) with ExtractAarTransform
Transforming navigation-common-2.8.5.aar (androidx.navigation:navigation-common:2.8.5) with AarTransform
Transforming navigation-runtime-2.8.5.aar (androidx.navigation:navigation-runtime:2.8.5) with ExtractAarTransform
Transforming navigation-runtime-2.8.5.aar (androidx.navigation:navigation-runtime:2.8.5) with AarTransform
Transforming navigation-common-ktx-2.8.5.aar (androidx.navigation:navigation-common-ktx:2.8.5) with ExtractAarTransform
Transforming navigation-common-ktx-2.8.5.aar (androidx.navigation:navigation-common-ktx:2.8.5) with AarTransform
Transforming navigation-runtime-ktx-2.8.5.aar (androidx.navigation:navigation-runtime-ktx:2.8.5) with ExtractAarTransform
Transforming navigation-runtime-ktx-2.8.5.aar (androidx.navigation:navigation-runtime-ktx:2.8.5) with AarTransform
Transforming navigation-compose-2.8.5.aar (androidx.navigation:navigation-compose:2.8.5) with ExtractAarTransform
Transforming navigation-compose-2.8.5.aar (androidx.navigation:navigation-compose:2.8.5) with AarTransform
Transforming material3.aar (androidx.compose.material3:material3-android:1.4.0) with ExtractAarTransform
Transforming material3.aar (androidx.compose.material3:material3-android:1.4.0) with AarTransform
Transforming accompanist-drawablepainter-0.32.0.aar (com.google.accompanist:accompanist-drawablepainter:0.32.0) with ExtractAarTransform
Transforming accompanist-drawablepainter-0.32.0.aar (com.google.accompanist:accompanist-drawablepainter:0.32.0) with AarTransform
Transforming material-icons-extended-release.aar (androidx.compose.material:material-icons-extended-android:1.7.2) with ExtractAarTransform
Transforming material-icons-extended-release.aar (androidx.compose.material:material-icons-extended-android:1.7.2) with AarTransform
Transforming material-icons-core-release.aar (androidx.compose.material:material-icons-core-android:1.7.2) with ExtractAarTransform
Transforming material-icons-core-release.aar (androidx.compose.material:material-icons-core-android:1.7.2) with AarTransform
Transforming ui-tooling-data-release.aar (androidx.compose.ui:ui-tooling-data-android:1.8.2) with ExtractAarTransform
Transforming ui-tooling-data-release.aar (androidx.compose.ui:ui-tooling-data-android:1.8.2) with AarTransform
Transforming ui-tooling-preview-release.aar (androidx.compose.ui:ui-tooling-preview-android:1.8.2) with ExtractAarTransform
Transforming ui-tooling-preview-release.aar (androidx.compose.ui:ui-tooling-preview-android:1.8.2) with AarTransform
Transforming foundation-release.aar (androidx.compose.foundation:foundation-android:1.8.2) with ExtractAarTransform
Transforming foundation-release.aar (androidx.compose.foundation:foundation-android:1.8.2) with AarTransform
Transforming foundation-layout-release.aar (androidx.compose.foundation:foundation-layout-android:1.8.2) with ExtractAarTransform
Transforming foundation-layout-release.aar (androidx.compose.foundation:foundation-layout-android:1.8.2) with AarTransform
Transforming animation-core-release.aar (androidx.compose.animation:animation-core-android:1.8.2) with ExtractAarTransform
Transforming animation-core-release.aar (androidx.compose.animation:animation-core-android:1.8.2) with AarTransform
Transforming animation-release.aar (androidx.compose.animation:animation-android:1.8.2) with ExtractAarTransform
Transforming animation-release.aar (androidx.compose.animation:animation-android:1.8.2) with AarTransform
Transforming ui-geometry-release.aar (androidx.compose.ui:ui-geometry-android:1.8.2) with ExtractAarTransform
Transforming ui-geometry-release.aar (androidx.compose.ui:ui-geometry-android:1.8.2) with AarTransform
Transforming ui-tooling-release.aar (androidx.compose.ui:ui-tooling-android:1.8.2) with ExtractAarTransform
Transforming ui-tooling-release.aar (androidx.compose.ui:ui-tooling-android:1.8.2) with AarTransform
Transforming material-release.aar (androidx.compose.material:material-android:1.7.2) with ExtractAarTransform
Transforming material-release.aar (androidx.compose.material:material-android:1.7.2) with AarTransform
Transforming material-ripple-release.aar (androidx.compose.material:material-ripple-android:1.8.1) with ExtractAarTransform
Transforming material-ripple-release.aar (androidx.compose.material:material-ripple-android:1.8.1) with AarTransform
Transforming ui-util-release.aar (androidx.compose.ui:ui-util-android:1.8.2) with ExtractAarTransform
Transforming ui-util-release.aar (androidx.compose.ui:ui-util-android:1.8.2) with AarTransform
Transforming ui-unit-release.aar (androidx.compose.ui:ui-unit-android:1.8.2) with ExtractAarTransform
Transforming ui-unit-release.aar (androidx.compose.ui:ui-unit-android:1.8.2) with AarTransform
Transforming ui-text-release.aar (androidx.compose.ui:ui-text-android:1.8.2) with ExtractAarTransform
Transforming ui-text-release.aar (androidx.compose.ui:ui-text-android:1.8.2) with AarTransform
Transforming ui-graphics-release.aar (androidx.compose.ui:ui-graphics-android:1.8.2) with ExtractAarTransform
Transforming ui-graphics-release.aar (androidx.compose.ui:ui-graphics-android:1.8.2) with AarTransform
Transforming ui-test-manifest-1.8.2.aar (androidx.compose.ui:ui-test-manifest:1.8.2) with ExtractAarTransform
Transforming ui-test-manifest-1.8.2.aar (androidx.compose.ui:ui-test-manifest:1.8.2) with AarTransform
Transforming firebase-auth-23.1.0.aar (com.google.firebase:firebase-auth:23.1.0) with ExtractAarTransform
Transforming firebase-auth-23.1.0.aar (com.google.firebase:firebase-auth:23.1.0) with AarTransform
Transforming play-services-maps-19.0.0.aar (com.google.android.gms:play-services-maps:19.0.0) with ExtractAarTransform
Transforming play-services-maps-19.0.0.aar (com.google.android.gms:play-services-maps:19.0.0) with AarTransform
Transforming firebase-firestore-25.1.1.aar (com.google.firebase:firebase-firestore:25.1.1) with ExtractAarTransform
Transforming firebase-firestore-25.1.1.aar (com.google.firebase:firebase-firestore:25.1.1) with AarTransform
Transforming play-services-location-21.0.0.aar (com.google.android.gms:play-services-location:21.0.0) with ExtractAarTransform
Transforming play-services-location-21.0.0.aar (com.google.android.gms:play-services-location:21.0.0) with AarTransform
Transforming googleid-1.1.1.aar (com.google.android.libraries.identity.googleid:googleid:1.1.1) with ExtractAarTransform
Transforming googleid-1.1.1.aar (com.google.android.libraries.identity.googleid:googleid:1.1.1) with AarTransform
Transforming credentials-1.3.0.aar (androidx.credentials:credentials:1.3.0) with ExtractAarTransform
Transforming credentials-1.3.0.aar (androidx.credentials:credentials:1.3.0) with AarTransform
Transforming credentials-1.3.0.aar (androidx.credentials:credentials:1.3.0) with ExtractAarTransform
Transforming credentials-1.3.0.aar (androidx.credentials:credentials:1.3.0) with AarTransform
Transforming credentials-1.3.0.aar (androidx.credentials:credentials:1.3.0) with ExtractAarTransform
Transforming credentials-1.3.0.aar (androidx.credentials:credentials:1.3.0) with AarTransform
Transforming credentials-play-services-auth-1.3.0.aar (androidx.credentials:credentials-play-services-auth:1.3.0) with ExtractAarTransform
Transforming credentials-play-services-auth-1.3.0.aar (androidx.credentials:credentials-play-services-auth:1.3.0) with AarTransform
Transforming credentials-play-services-auth-1.3.0.aar (androidx.credentials:credentials-play-services-auth:1.3.0) with ExtractAarTransform
Transforming credentials-play-services-auth-1.3.0.aar (androidx.credentials:credentials-play-services-auth:1.3.0) with AarTransform
Transforming play-services-auth-21.1.1.aar (com.google.android.gms:play-services-auth:21.1.1) with ExtractAarTransform
Transforming play-services-auth-21.1.1.aar (com.google.android.gms:play-services-auth:21.1.1) with AarTransform
Transforming play-services-auth-api-phone-18.0.2.aar (com.google.android.gms:play-services-auth-api-phone:18.0.2) with ExtractAarTransform
Transforming play-services-auth-api-phone-18.0.2.aar (com.google.android.gms:play-services-auth-api-phone:18.0.2) with AarTransform
Transforming play-services-auth-api-phone-18.0.2.aar (com.google.android.gms:play-services-auth-api-phone:18.0.2) with ExtractAarTransform
Transforming play-services-auth-api-phone-18.0.2.aar (com.google.android.gms:play-services-auth-api-phone:18.0.2) with AarTransform
Transforming recaptcha-18.5.1.aar (com.google.android.recaptcha:recaptcha:18.5.1) with ExtractAarTransform
Transforming recaptcha-18.5.1.aar (com.google.android.recaptcha:recaptcha:18.5.1) with AarTransform
Transforming integrity-1.3.0.aar (com.google.android.play:integrity:1.3.0) with ExtractAarTransform
Transforming integrity-1.3.0.aar (com.google.android.play:integrity:1.3.0) with AarTransform
Transforming integrity-1.3.0.aar (com.google.android.play:integrity:1.3.0) with ExtractAarTransform
Transforming integrity-1.3.0.aar (com.google.android.play:integrity:1.3.0) with AarTransform
Transforming firebase-storage-ktx-21.0.1.aar (com.google.firebase:firebase-storage-ktx:21.0.1) with ExtractAarTransform
Transforming firebase-storage-ktx-21.0.1.aar (com.google.firebase:firebase-storage-ktx:21.0.1) with AarTransform
Transforming firebase-storage-21.0.1.aar (com.google.firebase:firebase-storage:21.0.1) with ExtractAarTransform
Transforming firebase-storage-21.0.1.aar (com.google.firebase:firebase-storage:21.0.1) with AarTransform
Transforming firebase-auth-interop-20.0.0.aar (com.google.firebase:firebase-auth-interop:20.0.0) with ExtractAarTransform
Transforming firebase-auth-interop-20.0.0.aar (com.google.firebase:firebase-auth-interop:20.0.0) with AarTransform
Transforming firebase-auth-interop-20.0.0.aar (com.google.firebase:firebase-auth-interop:20.0.0) with ExtractAarTransform
Transforming firebase-auth-interop-20.0.0.aar (com.google.firebase:firebase-auth-interop:20.0.0) with AarTransform
Transforming firebase-auth-interop-20.0.0.aar (com.google.firebase:firebase-auth-interop:20.0.0) with ExtractAarTransform
Transforming firebase-auth-interop-20.0.0.aar (com.google.firebase:firebase-auth-interop:20.0.0) with AarTransform
Transforming firebase-messaging-ktx-24.1.0.aar (com.google.firebase:firebase-messaging-ktx:24.1.0) with ExtractAarTransform
Transforming firebase-messaging-ktx-24.1.0.aar (com.google.firebase:firebase-messaging-ktx:24.1.0) with AarTransform
Transforming firebase-messaging-24.1.0.aar (com.google.firebase:firebase-messaging:24.1.0) with ExtractAarTransform
Transforming firebase-messaging-24.1.0.aar (com.google.firebase:firebase-messaging:24.1.0) with AarTransform
Transforming firebase-appcheck-18.0.0.aar (com.google.firebase:firebase-appcheck:18.0.0) with ExtractAarTransform
Transforming firebase-appcheck-18.0.0.aar (com.google.firebase:firebase-appcheck:18.0.0) with AarTransform
Transforming firebase-installations-18.0.0.aar (com.google.firebase:firebase-installations:18.0.0) with ExtractAarTransform
Transforming firebase-installations-18.0.0.aar (com.google.firebase:firebase-installations:18.0.0) with AarTransform
Transforming firebase-common-ktx-21.0.0.aar (com.google.firebase:firebase-common-ktx:21.0.0) with ExtractAarTransform
Transforming firebase-common-ktx-21.0.0.aar (com.google.firebase:firebase-common-ktx:21.0.0) with AarTransform
Transforming firebase-common-ktx-21.0.0.aar (com.google.firebase:firebase-common-ktx:21.0.0) with ExtractAarTransform
Transforming firebase-common-ktx-21.0.0.aar (com.google.firebase:firebase-common-ktx:21.0.0) with AarTransform
Transforming firebase-common-ktx-21.0.0.aar (com.google.firebase:firebase-common-ktx:21.0.0) with ExtractAarTransform
Transforming firebase-common-ktx-21.0.0.aar (com.google.firebase:firebase-common-ktx:21.0.0) with AarTransform
Transforming firebase-common-ktx-21.0.0.aar (com.google.firebase:firebase-common-ktx:21.0.0) with ExtractAarTransform
Transforming firebase-common-ktx-21.0.0.aar (com.google.firebase:firebase-common-ktx:21.0.0) with AarTransform
Transforming firebase-common-ktx-21.0.0.aar (com.google.firebase:firebase-common-ktx:21.0.0) with ExtractAarTransform
Transforming firebase-common-ktx-21.0.0.aar (com.google.firebase:firebase-common-ktx:21.0.0) with AarTransform
Transforming firebase-common-ktx-21.0.0.aar (com.google.firebase:firebase-common-ktx:21.0.0) with ExtractAarTransform
Transforming firebase-common-ktx-21.0.0.aar (com.google.firebase:firebase-common-ktx:21.0.0) with AarTransform
Transforming firebase-common-ktx-21.0.0.aar (com.google.firebase:firebase-common-ktx:21.0.0) with ExtractAarTransform
Transforming firebase-common-ktx-21.0.0.aar (com.google.firebase:firebase-common-ktx:21.0.0) with AarTransform
Transforming firebase-common-ktx-21.0.0.aar (com.google.firebase:firebase-common-ktx:21.0.0) with ExtractAarTransform
Transforming firebase-common-ktx-21.0.0.aar (com.google.firebase:firebase-common-ktx:21.0.0) with AarTransform
Transforming firebase-common-21.0.0.aar (com.google.firebase:firebase-common:21.0.0) with ExtractAarTransform
Transforming firebase-common-21.0.0.aar (com.google.firebase:firebase-common:21.0.0) with AarTransform
Transforming firebase-common-21.0.0.aar (com.google.firebase:firebase-common:21.0.0) with ExtractAarTransform
Transforming firebase-common-21.0.0.aar (com.google.firebase:firebase-common:21.0.0) with AarTransform
Transforming firebase-common-21.0.0.aar (com.google.firebase:firebase-common:21.0.0) with ExtractAarTransform
Transforming firebase-common-21.0.0.aar (com.google.firebase:firebase-common:21.0.0) with AarTransform
Transforming firebase-common-21.0.0.aar (com.google.firebase:firebase-common:21.0.0) with ExtractAarTransform
Transforming firebase-common-21.0.0.aar (com.google.firebase:firebase-common:21.0.0) with AarTransform
Transforming firebase-common-21.0.0.aar (com.google.firebase:firebase-common:21.0.0) with ExtractAarTransform
Transforming firebase-common-21.0.0.aar (com.google.firebase:firebase-common:21.0.0) with AarTransform
Transforming firebase-common-21.0.0.aar (com.google.firebase:firebase-common:21.0.0) with ExtractAarTransform
Transforming firebase-common-21.0.0.aar (com.google.firebase:firebase-common:21.0.0) with AarTransform
Transforming firebase-common-21.0.0.aar (com.google.firebase:firebase-common:21.0.0) with ExtractAarTransform
Transforming firebase-common-21.0.0.aar (com.google.firebase:firebase-common:21.0.0) with AarTransform
Transforming firebase-common-21.0.0.aar (com.google.firebase:firebase-common:21.0.0) with ExtractAarTransform
Transforming firebase-common-21.0.0.aar (com.google.firebase:firebase-common:21.0.0) with AarTransform
Transforming firebase-common-21.0.0.aar (com.google.firebase:firebase-common:21.0.0) with ExtractAarTransform
Transforming firebase-common-21.0.0.aar (com.google.firebase:firebase-common:21.0.0) with AarTransform
Transforming firebase-database-collection-18.0.1.aar (com.google.firebase:firebase-database-collection:18.0.1) with ExtractAarTransform
Transforming firebase-database-collection-18.0.1.aar (com.google.firebase:firebase-database-collection:18.0.1) with AarTransform
Transforming play-services-fido-21.0.0.aar (com.google.android.gms:play-services-fido:21.0.0) with ExtractAarTransform
Transforming play-services-fido-21.0.0.aar (com.google.android.gms:play-services-fido:21.0.0) with AarTransform
Transforming play-services-fido-21.0.0.aar (com.google.android.gms:play-services-fido:21.0.0) with ExtractAarTransform
Transforming play-services-fido-21.0.0.aar (com.google.android.gms:play-services-fido:21.0.0) with AarTransform
Transforming play-services-auth-base-18.0.10.aar (com.google.android.gms:play-services-auth-base:18.0.10) with ExtractAarTransform
Transforming play-services-auth-base-18.0.10.aar (com.google.android.gms:play-services-auth-base:18.0.10) with AarTransform
Transforming firebase-appcheck-interop-17.1.0.aar (com.google.firebase:firebase-appcheck-interop:17.1.0) with ExtractAarTransform
Transforming firebase-appcheck-interop-17.1.0.aar (com.google.firebase:firebase-appcheck-interop:17.1.0) with AarTransform
Transforming firebase-appcheck-interop-17.1.0.aar (com.google.firebase:firebase-appcheck-interop:17.1.0) with ExtractAarTransform
Transforming firebase-appcheck-interop-17.1.0.aar (com.google.firebase:firebase-appcheck-interop:17.1.0) with AarTransform
Transforming firebase-appcheck-interop-17.1.0.aar (com.google.firebase:firebase-appcheck-interop:17.1.0) with ExtractAarTransform
Transforming firebase-appcheck-interop-17.1.0.aar (com.google.firebase:firebase-appcheck-interop:17.1.0) with AarTransform
Transforming firebase-appcheck-interop-17.1.0.aar (com.google.firebase:firebase-appcheck-interop:17.1.0) with ExtractAarTransform
Transforming firebase-appcheck-interop-17.1.0.aar (com.google.firebase:firebase-appcheck-interop:17.1.0) with AarTransform
Transforming play-services-base-18.5.0.aar (com.google.android.gms:play-services-base:18.5.0) with ExtractAarTransform
Transforming play-services-base-18.5.0.aar (com.google.android.gms:play-services-base:18.5.0) with AarTransform
Transforming play-services-base-18.5.0.aar (com.google.android.gms:play-services-base:18.5.0) with ExtractAarTransform
Transforming play-services-base-18.5.0.aar (com.google.android.gms:play-services-base:18.5.0) with AarTransform
Transforming play-services-base-18.5.0.aar (com.google.android.gms:play-services-base:18.5.0) with ExtractAarTransform
Transforming play-services-base-18.5.0.aar (com.google.android.gms:play-services-base:18.5.0) with AarTransform
Transforming play-services-base-18.5.0.aar (com.google.android.gms:play-services-base:18.5.0) with ExtractAarTransform
Transforming play-services-base-18.5.0.aar (com.google.android.gms:play-services-base:18.5.0) with AarTransform
Transforming play-services-base-18.5.0.aar (com.google.android.gms:play-services-base:18.5.0) with ExtractAarTransform
Transforming play-services-base-18.5.0.aar (com.google.android.gms:play-services-base:18.5.0) with AarTransform
Transforming play-services-base-18.5.0.aar (com.google.android.gms:play-services-base:18.5.0) with ExtractAarTransform
Transforming play-services-base-18.5.0.aar (com.google.android.gms:play-services-base:18.5.0) with AarTransform
Transforming play-services-base-18.5.0.aar (com.google.android.gms:play-services-base:18.5.0) with ExtractAarTransform
Transforming play-services-base-18.5.0.aar (com.google.android.gms:play-services-base:18.5.0) with AarTransform
Transforming play-services-base-18.5.0.aar (com.google.android.gms:play-services-base:18.5.0) with ExtractAarTransform
Transforming play-services-base-18.5.0.aar (com.google.android.gms:play-services-base:18.5.0) with AarTransform
Transforming play-services-base-18.5.0.aar (com.google.android.gms:play-services-base:18.5.0) with ExtractAarTransform
Transforming play-services-base-18.5.0.aar (com.google.android.gms:play-services-base:18.5.0) with AarTransform
Transforming play-services-base-18.5.0.aar (com.google.android.gms:play-services-base:18.5.0) with ExtractAarTransform
Transforming play-services-base-18.5.0.aar (com.google.android.gms:play-services-base:18.5.0) with AarTransform
Transforming play-services-base-18.5.0.aar (com.google.android.gms:play-services-base:18.5.0) with ExtractAarTransform
Transforming play-services-base-18.5.0.aar (com.google.android.gms:play-services-base:18.5.0) with AarTransform
Transforming play-services-base-18.5.0.aar (com.google.android.gms:play-services-base:18.5.0) with ExtractAarTransform
Transforming play-services-base-18.5.0.aar (com.google.android.gms:play-services-base:18.5.0) with AarTransform
Transforming firebase-iid-interop-17.1.0.aar (com.google.firebase:firebase-iid-interop:17.1.0) with ExtractAarTransform
Transforming firebase-iid-interop-17.1.0.aar (com.google.firebase:firebase-iid-interop:17.1.0) with AarTransform
Transforming play-services-cloud-messaging-17.2.0.aar (com.google.android.gms:play-services-cloud-messaging:17.2.0) with ExtractAarTransform
Transforming play-services-cloud-messaging-17.2.0.aar (com.google.android.gms:play-services-cloud-messaging:17.2.0) with AarTransform
Transforming firebase-installations-interop-17.1.1.aar (com.google.firebase:firebase-installations-interop:17.1.1) with ExtractAarTransform
Transforming firebase-installations-interop-17.1.1.aar (com.google.firebase:firebase-installations-interop:17.1.1) with AarTransform
Transforming firebase-installations-interop-17.1.1.aar (com.google.firebase:firebase-installations-interop:17.1.1) with ExtractAarTransform
Transforming firebase-installations-interop-17.1.1.aar (com.google.firebase:firebase-installations-interop:17.1.1) with AarTransform
Transforming common-0.8.0.aar (com.google.ai.client.generativeai:common:0.8.0) with ExtractAarTransform
Transforming common-0.8.0.aar (com.google.ai.client.generativeai:common:0.8.0) with AarTransform
Transforming runtime-annotation.aar (androidx.compose.runtime:runtime-annotation-android:1.9.0) with ExtractAarTransform
Transforming runtime-annotation.aar (androidx.compose.runtime:runtime-annotation-android:1.9.0) with AarTransform
Transforming runtime-saveable.aar (androidx.compose.runtime:runtime-saveable-android:1.9.0) with ExtractAarTransform
Transforming runtime-saveable.aar (androidx.compose.runtime:runtime-saveable-android:1.9.0) with AarTransform
Transforming savedstate-ktx-1.3.0.aar (androidx.savedstate:savedstate-ktx:1.3.0) with ExtractAarTransform
Transforming savedstate-ktx-1.3.0.aar (androidx.savedstate:savedstate-ktx:1.3.0) with AarTransform
Transforming savedstate-compose-release.aar (androidx.savedstate:savedstate-compose-android:1.3.0) with ExtractAarTransform
Transforming savedstate-compose-release.aar (androidx.savedstate:savedstate-compose-android:1.3.0) with AarTransform
Transforming dynamicanimation-1.0.0.aar (androidx.dynamicanimation:dynamicanimation:1.0.0) with ExtractAarTransform
Transforming dynamicanimation-1.0.0.aar (androidx.dynamicanimation:dynamicanimation:1.0.0) with AarTransform
Transforming play-services-stats-17.0.2.aar (com.google.android.gms:play-services-stats:17.0.2) with ExtractAarTransform
Transforming play-services-stats-17.0.2.aar (com.google.android.gms:play-services-stats:17.0.2) with AarTransform
Transforming legacy-support-core-utils-1.0.0.aar (androidx.legacy:legacy-support-core-utils:1.0.0) with ExtractAarTransform
Transforming legacy-support-core-utils-1.0.0.aar (androidx.legacy:legacy-support-core-utils:1.0.0) with AarTransform
Transforming legacy-support-core-utils-1.0.0.aar (androidx.legacy:legacy-support-core-utils:1.0.0) with ExtractAarTransform
Transforming legacy-support-core-utils-1.0.0.aar (androidx.legacy:legacy-support-core-utils:1.0.0) with AarTransform
Transforming loader-1.1.0.aar (androidx.loader:loader:1.1.0) with ExtractAarTransform
Transforming loader-1.1.0.aar (androidx.loader:loader:1.1.0) with AarTransform
Transforming loader-1.1.0.aar (androidx.loader:loader:1.1.0) with ExtractAarTransform
Transforming loader-1.1.0.aar (androidx.loader:loader:1.1.0) with AarTransform
Transforming loader-1.1.0.aar (androidx.loader:loader:1.1.0) with ExtractAarTransform
Transforming loader-1.1.0.aar (androidx.loader:loader:1.1.0) with AarTransform
Transforming emoji2-views-helper-1.4.0.aar (androidx.emoji2:emoji2-views-helper:1.4.0) with ExtractAarTransform
Transforming emoji2-views-helper-1.4.0.aar (androidx.emoji2:emoji2-views-helper:1.4.0) with AarTransform
Transforming emoji2-1.4.0.aar (androidx.emoji2:emoji2:1.4.0) with ExtractAarTransform
Transforming emoji2-1.4.0.aar (androidx.emoji2:emoji2:1.4.0) with AarTransform
Transforming lifecycle-viewmodel-savedstate-release.aar (androidx.lifecycle:lifecycle-viewmodel-savedstate-android:2.9.0) with ExtractAarTransform
Transforming lifecycle-viewmodel-savedstate-release.aar (androidx.lifecycle:lifecycle-viewmodel-savedstate-android:2.9.0) with AarTransform
Transforming lifecycle-viewmodel-2.9.0.aar (androidx.lifecycle:lifecycle-viewmodel:2.9.0) with ExtractAarTransform
Transforming lifecycle-viewmodel-2.9.0.aar (androidx.lifecycle:lifecycle-viewmodel:2.9.0) with AarTransform
Transforming lifecycle-viewmodel-release.aar (androidx.lifecycle:lifecycle-viewmodel-android:2.9.0) with ExtractAarTransform
Transforming lifecycle-viewmodel-release.aar (androidx.lifecycle:lifecycle-viewmodel-android:2.9.0) with AarTransform
Transforming lifecycle-runtime-ktx.aar (androidx.lifecycle:lifecycle-runtime-ktx-android:2.9.0) with ExtractAarTransform
Transforming lifecycle-runtime-ktx.aar (androidx.lifecycle:lifecycle-runtime-ktx-android:2.9.0) with AarTransform
Transforming lifecycle-runtime-release.aar (androidx.lifecycle:lifecycle-runtime-android:2.9.0) with ExtractAarTransform
Transforming lifecycle-runtime-release.aar (androidx.lifecycle:lifecycle-runtime-android:2.9.0) with AarTransform
Transforming lifecycle-viewmodel-ktx-2.9.0.aar (androidx.lifecycle:lifecycle-viewmodel-ktx:2.9.0) with ExtractAarTransform
Transforming lifecycle-viewmodel-ktx-2.9.0.aar (androidx.lifecycle:lifecycle-viewmodel-ktx:2.9.0) with AarTransform
Transforming lifecycle-process-2.9.0.aar (androidx.lifecycle:lifecycle-process:2.9.0) with ExtractAarTransform
Transforming lifecycle-process-2.9.0.aar (androidx.lifecycle:lifecycle-process:2.9.0) with AarTransform
Transforming lifecycle-livedata-core-2.9.0.aar (androidx.lifecycle:lifecycle-livedata-core:2.9.0) with ExtractAarTransform
Transforming lifecycle-livedata-core-2.9.0.aar (androidx.lifecycle:lifecycle-livedata-core:2.9.0) with AarTransform
Transforming lifecycle-livedata-core-2.9.0.aar (androidx.lifecycle:lifecycle-livedata-core:2.9.0) with ExtractAarTransform
Transforming lifecycle-livedata-core-2.9.0.aar (androidx.lifecycle:lifecycle-livedata-core:2.9.0) with AarTransform
Transforming lifecycle-runtime-compose-release.aar (androidx.lifecycle:lifecycle-runtime-compose-android:2.9.0) with ExtractAarTransform
Transforming lifecycle-runtime-compose-release.aar (androidx.lifecycle:lifecycle-runtime-compose-android:2.9.0) with AarTransform
Transforming runtime.aar (androidx.compose.runtime:runtime-android:1.9.0) with ExtractAarTransform
Transforming runtime.aar (androidx.compose.runtime:runtime-android:1.9.0) with AarTransform
Transforming browser-1.4.0.aar (androidx.browser:browser:1.4.0) with ExtractAarTransform
Transforming browser-1.4.0.aar (androidx.browser:browser:1.4.0) with AarTransform
Transforming profileinstaller-1.4.0.aar (androidx.profileinstaller:profileinstaller:1.4.0) with ExtractAarTransform
Transforming profileinstaller-1.4.0.aar (androidx.profileinstaller:profileinstaller:1.4.0) with AarTransform
Transforming play-services-tasks-18.2.0.aar (com.google.android.gms:play-services-tasks:18.2.0) with ExtractAarTransform
Transforming play-services-tasks-18.2.0.aar (com.google.android.gms:play-services-tasks:18.2.0) with AarTransform
Transforming play-services-tasks-18.2.0.aar (com.google.android.gms:play-services-tasks:18.2.0) with ExtractAarTransform
Transforming play-services-tasks-18.2.0.aar (com.google.android.gms:play-services-tasks:18.2.0) with AarTransform
Transforming play-services-tasks-18.2.0.aar (com.google.android.gms:play-services-tasks:18.2.0) with ExtractAarTransform
Transforming play-services-tasks-18.2.0.aar (com.google.android.gms:play-services-tasks:18.2.0) with AarTransform
Transforming play-services-tasks-18.2.0.aar (com.google.android.gms:play-services-tasks:18.2.0) with ExtractAarTransform
Transforming play-services-tasks-18.2.0.aar (com.google.android.gms:play-services-tasks:18.2.0) with AarTransform
Transforming play-services-tasks-18.2.0.aar (com.google.android.gms:play-services-tasks:18.2.0) with ExtractAarTransform
Transforming play-services-tasks-18.2.0.aar (com.google.android.gms:play-services-tasks:18.2.0) with AarTransform
Transforming play-services-tasks-18.2.0.aar (com.google.android.gms:play-services-tasks:18.2.0) with ExtractAarTransform
Transforming play-services-tasks-18.2.0.aar (com.google.android.gms:play-services-tasks:18.2.0) with AarTransform
Transforming play-services-tasks-18.2.0.aar (com.google.android.gms:play-services-tasks:18.2.0) with ExtractAarTransform
Transforming play-services-tasks-18.2.0.aar (com.google.android.gms:play-services-tasks:18.2.0) with AarTransform
Transforming play-services-tasks-18.2.0.aar (com.google.android.gms:play-services-tasks:18.2.0) with ExtractAarTransform
Transforming play-services-tasks-18.2.0.aar (com.google.android.gms:play-services-tasks:18.2.0) with AarTransform
Transforming play-services-tasks-18.2.0.aar (com.google.android.gms:play-services-tasks:18.2.0) with ExtractAarTransform
Transforming play-services-tasks-18.2.0.aar (com.google.android.gms:play-services-tasks:18.2.0) with AarTransform
Transforming play-services-tasks-18.2.0.aar (com.google.android.gms:play-services-tasks:18.2.0) with ExtractAarTransform
Transforming play-services-tasks-18.2.0.aar (com.google.android.gms:play-services-tasks:18.2.0) with AarTransform
Transforming play-services-tasks-18.2.0.aar (com.google.android.gms:play-services-tasks:18.2.0) with ExtractAarTransform
Transforming play-services-tasks-18.2.0.aar (com.google.android.gms:play-services-tasks:18.2.0) with AarTransform
Transforming play-services-tasks-18.2.0.aar (com.google.android.gms:play-services-tasks:18.2.0) with ExtractAarTransform
Transforming play-services-tasks-18.2.0.aar (com.google.android.gms:play-services-tasks:18.2.0) with AarTransform
Transforming play-services-tasks-18.2.0.aar (com.google.android.gms:play-services-tasks:18.2.0) with ExtractAarTransform
Transforming play-services-tasks-18.2.0.aar (com.google.android.gms:play-services-tasks:18.2.0) with AarTransform
Transforming play-services-tasks-18.2.0.aar (com.google.android.gms:play-services-tasks:18.2.0) with ExtractAarTransform
Transforming play-services-tasks-18.2.0.aar (com.google.android.gms:play-services-tasks:18.2.0) with AarTransform
Transforming play-services-tasks-18.2.0.aar (com.google.android.gms:play-services-tasks:18.2.0) with ExtractAarTransform
Transforming play-services-tasks-18.2.0.aar (com.google.android.gms:play-services-tasks:18.2.0) with AarTransform
Transforming play-services-tasks-18.2.0.aar (com.google.android.gms:play-services-tasks:18.2.0) with ExtractAarTransform
Transforming play-services-tasks-18.2.0.aar (com.google.android.gms:play-services-tasks:18.2.0) with AarTransform
Transforming play-services-tasks-18.2.0.aar (com.google.android.gms:play-services-tasks:18.2.0) with ExtractAarTransform
Transforming play-services-tasks-18.2.0.aar (com.google.android.gms:play-services-tasks:18.2.0) with AarTransform
Transforming play-services-tasks-18.2.0.aar (com.google.android.gms:play-services-tasks:18.2.0) with ExtractAarTransform
Transforming play-services-tasks-18.2.0.aar (com.google.android.gms:play-services-tasks:18.2.0) with AarTransform
Transforming play-services-tasks-18.2.0.aar (com.google.android.gms:play-services-tasks:18.2.0) with ExtractAarTransform
Transforming play-services-tasks-18.2.0.aar (com.google.android.gms:play-services-tasks:18.2.0) with AarTransform
Transforming play-services-tasks-18.2.0.aar (com.google.android.gms:play-services-tasks:18.2.0) with ExtractAarTransform
Transforming play-services-tasks-18.2.0.aar (com.google.android.gms:play-services-tasks:18.2.0) with AarTransform
Transforming play-services-tasks-18.2.0.aar (com.google.android.gms:play-services-tasks:18.2.0) with ExtractAarTransform
Transforming play-services-tasks-18.2.0.aar (com.google.android.gms:play-services-tasks:18.2.0) with AarTransform
Transforming play-services-tasks-18.2.0.aar (com.google.android.gms:play-services-tasks:18.2.0) with ExtractAarTransform
Transforming play-services-tasks-18.2.0.aar (com.google.android.gms:play-services-tasks:18.2.0) with AarTransform
Transforming firebase-measurement-connector-19.0.0.aar (com.google.firebase:firebase-measurement-connector:19.0.0) with ExtractAarTransform
Transforming firebase-measurement-connector-19.0.0.aar (com.google.firebase:firebase-measurement-connector:19.0.0) with AarTransform
Transforming play-services-basement-18.4.0.aar (com.google.android.gms:play-services-basement:18.4.0) with ExtractAarTransform
Transforming play-services-basement-18.4.0.aar (com.google.android.gms:play-services-basement:18.4.0) with AarTransform
Transforming play-services-basement-18.4.0.aar (com.google.android.gms:play-services-basement:18.4.0) with ExtractAarTransform
Transforming play-services-basement-18.4.0.aar (com.google.android.gms:play-services-basement:18.4.0) with AarTransform
Transforming play-services-basement-18.4.0.aar (com.google.android.gms:play-services-basement:18.4.0) with ExtractAarTransform
Transforming play-services-basement-18.4.0.aar (com.google.android.gms:play-services-basement:18.4.0) with AarTransform
Transforming play-services-basement-18.4.0.aar (com.google.android.gms:play-services-basement:18.4.0) with ExtractAarTransform
Transforming play-services-basement-18.4.0.aar (com.google.android.gms:play-services-basement:18.4.0) with AarTransform
Transforming play-services-basement-18.4.0.aar (com.google.android.gms:play-services-basement:18.4.0) with ExtractAarTransform
Transforming play-services-basement-18.4.0.aar (com.google.android.gms:play-services-basement:18.4.0) with AarTransform
Transforming play-services-basement-18.4.0.aar (com.google.android.gms:play-services-basement:18.4.0) with ExtractAarTransform
Transforming play-services-basement-18.4.0.aar (com.google.android.gms:play-services-basement:18.4.0) with AarTransform
Transforming play-services-basement-18.4.0.aar (com.google.android.gms:play-services-basement:18.4.0) with ExtractAarTransform
Transforming play-services-basement-18.4.0.aar (com.google.android.gms:play-services-basement:18.4.0) with AarTransform
Transforming play-services-basement-18.4.0.aar (com.google.android.gms:play-services-basement:18.4.0) with ExtractAarTransform
Transforming play-services-basement-18.4.0.aar (com.google.android.gms:play-services-basement:18.4.0) with AarTransform
Transforming play-services-basement-18.4.0.aar (com.google.android.gms:play-services-basement:18.4.0) with ExtractAarTransform
Transforming play-services-basement-18.4.0.aar (com.google.android.gms:play-services-basement:18.4.0) with AarTransform
Transforming play-services-basement-18.4.0.aar (com.google.android.gms:play-services-basement:18.4.0) with ExtractAarTransform
Transforming play-services-basement-18.4.0.aar (com.google.android.gms:play-services-basement:18.4.0) with AarTransform
Transforming play-services-basement-18.4.0.aar (com.google.android.gms:play-services-basement:18.4.0) with ExtractAarTransform
Transforming play-services-basement-18.4.0.aar (com.google.android.gms:play-services-basement:18.4.0) with AarTransform
Transforming play-services-basement-18.4.0.aar (com.google.android.gms:play-services-basement:18.4.0) with ExtractAarTransform
Transforming play-services-basement-18.4.0.aar (com.google.android.gms:play-services-basement:18.4.0) with AarTransform
Transforming play-services-basement-18.4.0.aar (com.google.android.gms:play-services-basement:18.4.0) with ExtractAarTransform
Transforming play-services-basement-18.4.0.aar (com.google.android.gms:play-services-basement:18.4.0) with AarTransform
Transforming play-services-basement-18.4.0.aar (com.google.android.gms:play-services-basement:18.4.0) with ExtractAarTransform
Transforming play-services-basement-18.4.0.aar (com.google.android.gms:play-services-basement:18.4.0) with AarTransform
Transforming play-services-basement-18.4.0.aar (com.google.android.gms:play-services-basement:18.4.0) with ExtractAarTransform
Transforming play-services-basement-18.4.0.aar (com.google.android.gms:play-services-basement:18.4.0) with AarTransform
Transforming play-services-basement-18.4.0.aar (com.google.android.gms:play-services-basement:18.4.0) with ExtractAarTransform
Transforming play-services-basement-18.4.0.aar (com.google.android.gms:play-services-basement:18.4.0) with AarTransform
Transforming play-services-basement-18.4.0.aar (com.google.android.gms:play-services-basement:18.4.0) with ExtractAarTransform
Transforming play-services-basement-18.4.0.aar (com.google.android.gms:play-services-basement:18.4.0) with AarTransform
Transforming play-services-basement-18.4.0.aar (com.google.android.gms:play-services-basement:18.4.0) with ExtractAarTransform
Transforming play-services-basement-18.4.0.aar (com.google.android.gms:play-services-basement:18.4.0) with AarTransform
Transforming play-services-basement-18.4.0.aar (com.google.android.gms:play-services-basement:18.4.0) with ExtractAarTransform
Transforming play-services-basement-18.4.0.aar (com.google.android.gms:play-services-basement:18.4.0) with AarTransform
Transforming recyclerview-1.3.1.aar (androidx.recyclerview:recyclerview:1.3.1) with ExtractAarTransform
Transforming recyclerview-1.3.1.aar (androidx.recyclerview:recyclerview:1.3.1) with AarTransform
Transforming viewpager2-1.1.0.aar (androidx.viewpager2:viewpager2:1.1.0) with ExtractAarTransform
Transforming viewpager2-1.1.0.aar (androidx.viewpager2:viewpager2:1.1.0) with AarTransform
Transforming fragment-1.5.7.aar (androidx.fragment:fragment:1.5.7) with ExtractAarTransform
Transforming fragment-1.5.7.aar (androidx.fragment:fragment:1.5.7) with AarTransform
Transforming fragment-1.5.7.aar (androidx.fragment:fragment:1.5.7) with ExtractAarTransform
Transforming fragment-1.5.7.aar (androidx.fragment:fragment:1.5.7) with AarTransform
Transforming fragment-1.5.7.aar (androidx.fragment:fragment:1.5.7) with ExtractAarTransform
Transforming fragment-1.5.7.aar (androidx.fragment:fragment:1.5.7) with AarTransform
Transforming fragment-1.5.7.aar (androidx.fragment:fragment:1.5.7) with ExtractAarTransform
Transforming fragment-1.5.7.aar (androidx.fragment:fragment:1.5.7) with AarTransform
Transforming fragment-1.5.7.aar (androidx.fragment:fragment:1.5.7) with ExtractAarTransform
Transforming fragment-1.5.7.aar (androidx.fragment:fragment:1.5.7) with AarTransform
Transforming fragment-1.5.7.aar (androidx.fragment:fragment:1.5.7) with ExtractAarTransform
Transforming fragment-1.5.7.aar (androidx.fragment:fragment:1.5.7) with AarTransform
Transforming savedstate-release.aar (androidx.savedstate:savedstate-android:1.3.0) with ExtractAarTransform
Transforming savedstate-release.aar (androidx.savedstate:savedstate-android:1.3.0) with AarTransform
Transforming lifecycle-viewmodel-compose-release.aar (androidx.lifecycle:lifecycle-viewmodel-compose-android:2.9.0) with ExtractAarTransform
Transforming lifecycle-viewmodel-compose-release.aar (androidx.lifecycle:lifecycle-viewmodel-compose-android:2.9.0) with AarTransform
Transforming ui-release.aar (androidx.compose.ui:ui-android:1.8.2) with ExtractAarTransform
Transforming ui-release.aar (androidx.compose.ui:ui-android:1.8.2) with AarTransform
Transforming activity-ktx-1.9.3.aar (androidx.activity:activity-ktx:1.9.3) with ExtractAarTransform
Transforming activity-ktx-1.9.3.aar (androidx.activity:activity-ktx:1.9.3) with AarTransform
Transforming activity-compose-1.9.3.aar (androidx.activity:activity-compose:1.9.3) with ExtractAarTransform
Transforming activity-compose-1.9.3.aar (androidx.activity:activity-compose:1.9.3) with AarTransform
Transforming activity-1.9.3.aar (androidx.activity:activity:1.9.3) with ExtractAarTransform
Transforming activity-1.9.3.aar (androidx.activity:activity:1.9.3) with AarTransform
Transforming vectordrawable-animated-1.1.0.aar (androidx.vectordrawable:vectordrawable-animated:1.1.0) with ExtractAarTransform
Transforming vectordrawable-animated-1.1.0.aar (androidx.vectordrawable:vectordrawable-animated:1.1.0) with AarTransform
Transforming vectordrawable-1.1.0.aar (androidx.vectordrawable:vectordrawable:1.1.0) with ExtractAarTransform
Transforming vectordrawable-1.1.0.aar (androidx.vectordrawable:vectordrawable:1.1.0) with AarTransform
Transforming vectordrawable-1.1.0.aar (androidx.vectordrawable:vectordrawable:1.1.0) with ExtractAarTransform
Transforming vectordrawable-1.1.0.aar (androidx.vectordrawable:vectordrawable:1.1.0) with AarTransform
Transforming viewpager-1.0.0.aar (androidx.viewpager:viewpager:1.0.0) with ExtractAarTransform
Transforming viewpager-1.0.0.aar (androidx.viewpager:viewpager:1.0.0) with AarTransform
Transforming customview-1.0.0.aar (androidx.customview:customview:1.0.0) with ExtractAarTransform
Transforming customview-1.0.0.aar (androidx.customview:customview:1.0.0) with AarTransform
Transforming customview-1.0.0.aar (androidx.customview:customview:1.0.0) with ExtractAarTransform
Transforming customview-1.0.0.aar (androidx.customview:customview:1.0.0) with AarTransform
Transforming customview-1.0.0.aar (androidx.customview:customview:1.0.0) with ExtractAarTransform
Transforming customview-1.0.0.aar (androidx.customview:customview:1.0.0) with AarTransform
Transforming autofill-1.0.0.aar (androidx.autofill:autofill:1.0.0) with ExtractAarTransform
Transforming autofill-1.0.0.aar (androidx.autofill:autofill:1.0.0) with AarTransform
Transforming graphics-path-1.0.1.aar (androidx.graphics:graphics-path:1.0.1) with ExtractAarTransform
Transforming graphics-path-1.0.1.aar (androidx.graphics:graphics-path:1.0.1) with AarTransform
Transforming core-1.13.1.aar (androidx.core:core:1.13.1) with ExtractAarTransform
Transforming core-1.13.1.aar (androidx.core:core:1.13.1) with AarTransform
Transforming core-1.13.1.aar (androidx.core:core:1.13.1) with ExtractAarTransform
Transforming core-1.13.1.aar (androidx.core:core:1.13.1) with AarTransform
Transforming core-1.13.1.aar (androidx.core:core:1.13.1) with ExtractAarTransform
Transforming core-1.13.1.aar (androidx.core:core:1.13.1) with AarTransform
Transforming core-1.13.1.aar (androidx.core:core:1.13.1) with ExtractAarTransform
Transforming core-1.13.1.aar (androidx.core:core:1.13.1) with AarTransform
Transforming core-1.13.1.aar (androidx.core:core:1.13.1) with ExtractAarTransform
Transforming core-1.13.1.aar (androidx.core:core:1.13.1) with AarTransform
Transforming core-1.13.1.aar (androidx.core:core:1.13.1) with ExtractAarTransform
Transforming core-1.13.1.aar (androidx.core:core:1.13.1) with AarTransform
Transforming core-1.13.1.aar (androidx.core:core:1.13.1) with ExtractAarTransform
Transforming core-1.13.1.aar (androidx.core:core:1.13.1) with AarTransform
Transforming core-1.13.1.aar (androidx.core:core:1.13.1) with ExtractAarTransform
Transforming core-1.13.1.aar (androidx.core:core:1.13.1) with AarTransform
Transforming core-1.13.1.aar (androidx.core:core:1.13.1) with ExtractAarTransform
Transforming core-1.13.1.aar (androidx.core:core:1.13.1) with AarTransform
Transforming core-1.13.1.aar (androidx.core:core:1.13.1) with ExtractAarTransform
Transforming core-1.13.1.aar (androidx.core:core:1.13.1) with AarTransform
Transforming core-1.13.1.aar (androidx.core:core:1.13.1) with ExtractAarTransform
Transforming core-1.13.1.aar (androidx.core:core:1.13.1) with AarTransform
Transforming customview-poolingcontainer-1.0.0.aar (androidx.customview:customview-poolingcontainer:1.0.0) with ExtractAarTransform
Transforming customview-poolingcontainer-1.0.0.aar (androidx.customview:customview-poolingcontainer:1.0.0) with AarTransform
Transforming core-ktx-1.13.1.aar (androidx.core:core-ktx:1.13.1) with ExtractAarTransform
Transforming core-ktx-1.13.1.aar (androidx.core:core-ktx:1.13.1) with AarTransform
Transforming annotation-experimental-1.4.1.aar (androidx.annotation:annotation-experimental:1.4.1) with ExtractAarTransform
Transforming annotation-experimental-1.4.1.aar (androidx.annotation:annotation-experimental:1.4.1) with AarTransform
Transforming versionedparcelable-1.1.1.aar (androidx.versionedparcelable:versionedparcelable:1.1.1) with ExtractAarTransform
Transforming versionedparcelable-1.1.1.aar (androidx.versionedparcelable:versionedparcelable:1.1.1) with AarTransform
Transforming cursoradapter-1.0.0.aar (androidx.cursoradapter:cursoradapter:1.0.0) with ExtractAarTransform
Transforming cursoradapter-1.0.0.aar (androidx.cursoradapter:cursoradapter:1.0.0) with AarTransform
Transforming localbroadcastmanager-1.0.0.aar (androidx.localbroadcastmanager:localbroadcastmanager:1.0.0) with ExtractAarTransform
Transforming localbroadcastmanager-1.0.0.aar (androidx.localbroadcastmanager:localbroadcastmanager:1.0.0) with AarTransform
Transforming localbroadcastmanager-1.0.0.aar (androidx.localbroadcastmanager:localbroadcastmanager:1.0.0) with ExtractAarTransform
Transforming localbroadcastmanager-1.0.0.aar (androidx.localbroadcastmanager:localbroadcastmanager:1.0.0) with AarTransform
Transforming firebase-components-18.0.0.aar (com.google.firebase:firebase-components:18.0.0) with ExtractAarTransform
Transforming firebase-components-18.0.0.aar (com.google.firebase:firebase-components:18.0.0) with AarTransform
Transforming firebase-components-18.0.0.aar (com.google.firebase:firebase-components:18.0.0) with ExtractAarTransform
Transforming firebase-components-18.0.0.aar (com.google.firebase:firebase-components:18.0.0) with AarTransform
Transforming firebase-components-18.0.0.aar (com.google.firebase:firebase-components:18.0.0) with ExtractAarTransform
Transforming firebase-components-18.0.0.aar (com.google.firebase:firebase-components:18.0.0) with AarTransform
Transforming firebase-components-18.0.0.aar (com.google.firebase:firebase-components:18.0.0) with ExtractAarTransform
Transforming firebase-components-18.0.0.aar (com.google.firebase:firebase-components:18.0.0) with AarTransform
Transforming firebase-components-18.0.0.aar (com.google.firebase:firebase-components:18.0.0) with ExtractAarTransform
Transforming firebase-components-18.0.0.aar (com.google.firebase:firebase-components:18.0.0) with AarTransform
Transforming firebase-components-18.0.0.aar (com.google.firebase:firebase-components:18.0.0) with ExtractAarTransform
Transforming firebase-components-18.0.0.aar (com.google.firebase:firebase-components:18.0.0) with AarTransform
Transforming firebase-components-18.0.0.aar (com.google.firebase:firebase-components:18.0.0) with ExtractAarTransform
Transforming firebase-components-18.0.0.aar (com.google.firebase:firebase-components:18.0.0) with AarTransform
Transforming firebase-components-18.0.0.aar (com.google.firebase:firebase-components:18.0.0) with ExtractAarTransform
Transforming firebase-components-18.0.0.aar (com.google.firebase:firebase-components:18.0.0) with AarTransform
Transforming firebase-components-18.0.0.aar (com.google.firebase:firebase-components:18.0.0) with ExtractAarTransform
Transforming firebase-components-18.0.0.aar (com.google.firebase:firebase-components:18.0.0) with AarTransform
Transforming interpolator-1.0.0.aar (androidx.interpolator:interpolator:1.0.0) with ExtractAarTransform
Transforming interpolator-1.0.0.aar (androidx.interpolator:interpolator:1.0.0) with AarTransform
Transforming interpolator-1.0.0.aar (androidx.interpolator:interpolator:1.0.0) with ExtractAarTransform
Transforming interpolator-1.0.0.aar (androidx.interpolator:interpolator:1.0.0) with AarTransform
Transforming startup-runtime-1.1.1.aar (androidx.startup:startup-runtime:1.1.1) with ExtractAarTransform
Transforming startup-runtime-1.1.1.aar (androidx.startup:startup-runtime:1.1.1) with AarTransform
Transforming tracing-1.0.0.aar (androidx.tracing:tracing:1.0.0) with ExtractAarTransform
Transforming tracing-1.0.0.aar (androidx.tracing:tracing:1.0.0) with AarTransform
Transforming firebase-datatransport-18.2.0.aar (com.google.firebase:firebase-datatransport:18.2.0) with ExtractAarTransform
Transforming firebase-datatransport-18.2.0.aar (com.google.firebase:firebase-datatransport:18.2.0) with AarTransform
Transforming transport-backend-cct-3.1.9.aar (com.google.android.datatransport:transport-backend-cct:3.1.9) with ExtractAarTransform
Transforming transport-backend-cct-3.1.9.aar (com.google.android.datatransport:transport-backend-cct:3.1.9) with AarTransform
Transforming transport-backend-cct-3.1.9.aar (com.google.android.datatransport:transport-backend-cct:3.1.9) with ExtractAarTransform
Transforming transport-backend-cct-3.1.9.aar (com.google.android.datatransport:transport-backend-cct:3.1.9) with AarTransform
Transforming firebase-encoders-json-18.0.0.aar (com.google.firebase:firebase-encoders-json:18.0.0) with ExtractAarTransform
Transforming firebase-encoders-json-18.0.0.aar (com.google.firebase:firebase-encoders-json:18.0.0) with AarTransform
Transforming firebase-encoders-json-18.0.0.aar (com.google.firebase:firebase-encoders-json:18.0.0) with ExtractAarTransform
Transforming firebase-encoders-json-18.0.0.aar (com.google.firebase:firebase-encoders-json:18.0.0) with AarTransform
Transforming transport-runtime-3.1.9.aar (com.google.android.datatransport:transport-runtime:3.1.9) with ExtractAarTransform
Transforming transport-runtime-3.1.9.aar (com.google.android.datatransport:transport-runtime:3.1.9) with AarTransform
Transforming transport-runtime-3.1.9.aar (com.google.android.datatransport:transport-runtime:3.1.9) with ExtractAarTransform
Transforming transport-runtime-3.1.9.aar (com.google.android.datatransport:transport-runtime:3.1.9) with AarTransform
Transforming transport-runtime-3.1.9.aar (com.google.android.datatransport:transport-runtime:3.1.9) with ExtractAarTransform
Transforming transport-runtime-3.1.9.aar (com.google.android.datatransport:transport-runtime:3.1.9) with AarTransform
Transforming transport-api-3.1.0.aar (com.google.android.datatransport:transport-api:3.1.0) with ExtractAarTransform
Transforming transport-api-3.1.0.aar (com.google.android.datatransport:transport-api:3.1.0) with AarTransform
Transforming transport-api-3.1.0.aar (com.google.android.datatransport:transport-api:3.1.0) with ExtractAarTransform
Transforming transport-api-3.1.0.aar (com.google.android.datatransport:transport-api:3.1.0) with AarTransform
Transforming transport-api-3.1.0.aar (com.google.android.datatransport:transport-api:3.1.0) with ExtractAarTransform
Transforming transport-api-3.1.0.aar (com.google.android.datatransport:transport-api:3.1.0) with AarTransform
Transforming transport-api-3.1.0.aar (com.google.android.datatransport:transport-api:3.1.0) with ExtractAarTransform
Transforming transport-api-3.1.0.aar (com.google.android.datatransport:transport-api:3.1.0) with AarTransform
Transforming exifinterface-1.3.7.aar (androidx.exifinterface:exifinterface:1.3.7) with ExtractAarTransform
Transforming exifinterface-1.3.7.aar (androidx.exifinterface:exifinterface:1.3.7) with AarTransform
Transforming documentfile-1.0.0.aar (androidx.documentfile:documentfile:1.0.0) with ExtractAarTransform
Transforming documentfile-1.0.0.aar (androidx.documentfile:documentfile:1.0.0) with AarTransform
Transforming print-1.0.0.aar (androidx.print:print:1.0.0) with ExtractAarTransform
Transforming print-1.0.0.aar (androidx.print:print:1.0.0) with AarTransform
Transforming core-runtime-2.2.0.aar (androidx.arch.core:core-runtime:2.2.0) with ExtractAarTransform
Transforming core-runtime-2.2.0.aar (androidx.arch.core:core-runtime:2.2.0) with AarTransform
Transforming core-viewtree-1.0.0.aar (androidx.core:core-viewtree:1.0.0) with ExtractAarTransform
Transforming core-viewtree-1.0.0.aar (androidx.core:core-viewtree:1.0.0) with AarTransform
Transforming protolite-well-known-types-18.0.0.aar (com.google.firebase:protolite-well-known-types:18.0.0) with ExtractAarTransform
Transforming protolite-well-known-types-18.0.0.aar (com.google.firebase:protolite-well-known-types:18.0.0) with AarTransform
Transforming grpc-android-1.62.2.aar (io.grpc:grpc-android:1.62.2) with ExtractAarTransform
Transforming grpc-android-1.62.2.aar (io.grpc:grpc-android:1.62.2) with AarTransform
Transforming core-common-2.0.3.aar (com.google.android.play:core-common:2.0.3) with ExtractAarTransform
Transforming core-common-2.0.3.aar (com.google.android.play:core-common:2.0.3) with AarTransform
Caching disabled for task ':app:mapDebugSourceSetPaths' because:
  Build cache is disabled
  Caching has been disabled for the task
Skipping task ':app:mapDebugSourceSetPaths' as it is up-to-date.
Resolve mutations for :app:generateDebugResources (Thread[Execution worker Thread 3,5,main]) started.
:app:generateDebugResources (Thread[Execution worker Thread 3,5,main]) started.

> Task :app:generateDebugResources UP-TO-DATE
Caching disabled for task ':app:generateDebugResources' because:
  Build cache is disabled
Skipping task ':app:generateDebugResources' as it is up-to-date.
Resolve mutations for :app:mergeDebugResources (Thread[Execution worker Thread 3,5,main]) started.
:app:mergeDebugResources (Thread[Execution worker Thread 3,5,main]) started.

> Task :app:mergeDebugResources UP-TO-DATE
Caching disabled for task ':app:mergeDebugResources' because:
  Build cache is disabled
Skipping task ':app:mergeDebugResources' as it is up-to-date.
Resolve mutations for :app:packageDebugResources (Thread[Execution worker Thread 3,5,main]) started.
:app:packageDebugResources (Thread[Execution worker Thread 3,5,main]) started.

> Task :app:packageDebugResources UP-TO-DATE
Caching disabled for task ':app:packageDebugResources' because:
  Build cache is disabled
Skipping task ':app:packageDebugResources' as it is up-to-date.
Resolve mutations for :app:parseDebugLocalResources (Thread[Execution worker Thread 4,5,main]) started.
:app:parseDebugLocalResources (Thread[Execution worker Thread 4,5,main]) started.

> Task :app:parseDebugLocalResources UP-TO-DATE
Transforming android.jar with PlatformAttrTransform
Transforming android.jar with PlatformAttrTransform
Transforming android.jar with PlatformAttrTransform
Transforming android.jar with PlatformAttrTransform
Transforming android.jar with PlatformAttrTransform
Transforming android.jar with PlatformAttrTransform
Caching disabled for task ':app:parseDebugLocalResources' because:
  Build cache is disabled
Skipping task ':app:parseDebugLocalResources' as it is up-to-date.
Resolve mutations for :app:createDebugCompatibleScreenManifests (Thread[Execution worker Thread 4,5,main]) started.
:app:createDebugCompatibleScreenManifests (Thread[Execution worker Thread 4,5,main]) started.

> Task :app:createDebugCompatibleScreenManifests UP-TO-DATE
Caching disabled for task ':app:createDebugCompatibleScreenManifests' because:
  Build cache is disabled
  Caching has been disabled for the task
Skipping task ':app:createDebugCompatibleScreenManifests' as it is up-to-date.
Resolve mutations for :app:extractDeepLinksDebug (Thread[Execution worker Thread 4,5,main]) started.
:app:extractDeepLinksDebug (Thread[Execution worker Thread 4,5,main]) started.

> Task :app:extractDeepLinksDebug UP-TO-DATE
Caching disabled for task ':app:extractDeepLinksDebug' because:
  Build cache is disabled
Skipping task ':app:extractDeepLinksDebug' as it is up-to-date.
Resolve mutations for :app:processDebugMainManifest (Thread[Execution worker Thread 4,5,main]) started.
:app:processDebugMainManifest (Thread[Execution worker Thread 4,5,main]) started.

> Task :app:processDebugMainManifest
Transforming dotsindicator-5.1.0.aar (com.tbuonomo:dotsindicator:5.1.0) with ExtractAarTransform
Transforming dotsindicator-5.1.0.aar (com.tbuonomo:dotsindicator:5.1.0) with AarTransform
Transforming coil-compose-2.7.0.aar (io.coil-kt:coil-compose:2.7.0) with ExtractAarTransform
Transforming coil-compose-2.7.0.aar (io.coil-kt:coil-compose:2.7.0) with AarTransform
Transforming coil-compose-base-2.7.0.aar (io.coil-kt:coil-compose-base:2.7.0) with ExtractAarTransform
Transforming coil-compose-base-2.7.0.aar (io.coil-kt:coil-compose-base:2.7.0) with AarTransform
Transforming coil-2.7.0.aar (io.coil-kt:coil:2.7.0) with ExtractAarTransform
Transforming coil-2.7.0.aar (io.coil-kt:coil:2.7.0) with AarTransform
Transforming coil-base-2.7.0.aar (io.coil-kt:coil-base:2.7.0) with ExtractAarTransform
Transforming coil-base-2.7.0.aar (io.coil-kt:coil-base:2.7.0) with AarTransform
Transforming appcompat-resources-1.7.0.aar (androidx.appcompat:appcompat-resources:1.7.0) with ExtractAarTransform
Transforming appcompat-resources-1.7.0.aar (androidx.appcompat:appcompat-resources:1.7.0) with AarTransform
Transforming appcompat-1.7.0.aar (androidx.appcompat:appcompat:1.7.0) with ExtractAarTransform
Transforming appcompat-1.7.0.aar (androidx.appcompat:appcompat:1.7.0) with AarTransform
Transforming generativeai-0.9.0.aar (com.google.ai.client.generativeai:generativeai:0.9.0) with ExtractAarTransform
Transforming generativeai-0.9.0.aar (com.google.ai.client.generativeai:generativeai:0.9.0) with AarTransform
Transforming drawerlayout-1.0.0.aar (androidx.drawerlayout:drawerlayout:1.0.0) with ExtractAarTransform
Transforming drawerlayout-1.0.0.aar (androidx.drawerlayout:drawerlayout:1.0.0) with AarTransform
Transforming navigation-common-2.8.5.aar (androidx.navigation:navigation-common:2.8.5) with ExtractAarTransform
Transforming navigation-common-2.8.5.aar (androidx.navigation:navigation-common:2.8.5) with AarTransform
Transforming navigation-runtime-2.8.5.aar (androidx.navigation:navigation-runtime:2.8.5) with ExtractAarTransform
Transforming navigation-runtime-2.8.5.aar (androidx.navigation:navigation-runtime:2.8.5) with AarTransform
Transforming navigation-common-ktx-2.8.5.aar (androidx.navigation:navigation-common-ktx:2.8.5) with ExtractAarTransform
Transforming navigation-common-ktx-2.8.5.aar (androidx.navigation:navigation-common-ktx:2.8.5) with AarTransform
Transforming navigation-runtime-ktx-2.8.5.aar (androidx.navigation:navigation-runtime-ktx:2.8.5) with ExtractAarTransform
Transforming navigation-runtime-ktx-2.8.5.aar (androidx.navigation:navigation-runtime-ktx:2.8.5) with AarTransform
Transforming navigation-compose-2.8.5.aar (androidx.navigation:navigation-compose:2.8.5) with ExtractAarTransform
Transforming navigation-compose-2.8.5.aar (androidx.navigation:navigation-compose:2.8.5) with AarTransform
Transforming material3.aar (androidx.compose.material3:material3-android:1.4.0) with ExtractAarTransform
Transforming material3.aar (androidx.compose.material3:material3-android:1.4.0) with AarTransform
Transforming accompanist-drawablepainter-0.32.0.aar (com.google.accompanist:accompanist-drawablepainter:0.32.0) with ExtractAarTransform
Transforming accompanist-drawablepainter-0.32.0.aar (com.google.accompanist:accompanist-drawablepainter:0.32.0) with AarTransform
Transforming material-icons-extended-release.aar (androidx.compose.material:material-icons-extended-android:1.7.2) with ExtractAarTransform
Transforming material-icons-extended-release.aar (androidx.compose.material:material-icons-extended-android:1.7.2) with AarTransform
Transforming material-icons-core-release.aar (androidx.compose.material:material-icons-core-android:1.7.2) with ExtractAarTransform
Transforming material-icons-core-release.aar (androidx.compose.material:material-icons-core-android:1.7.2) with AarTransform
Transforming ui-tooling-data-release.aar (androidx.compose.ui:ui-tooling-data-android:1.8.2) with ExtractAarTransform
Transforming ui-tooling-data-release.aar (androidx.compose.ui:ui-tooling-data-android:1.8.2) with AarTransform
Transforming ui-tooling-preview-release.aar (androidx.compose.ui:ui-tooling-preview-android:1.8.2) with ExtractAarTransform
Transforming ui-tooling-preview-release.aar (androidx.compose.ui:ui-tooling-preview-android:1.8.2) with AarTransform
Transforming foundation-release.aar (androidx.compose.foundation:foundation-android:1.8.2) with ExtractAarTransform
Transforming foundation-release.aar (androidx.compose.foundation:foundation-android:1.8.2) with AarTransform
Transforming foundation-layout-release.aar (androidx.compose.foundation:foundation-layout-android:1.8.2) with ExtractAarTransform
Transforming foundation-layout-release.aar (androidx.compose.foundation:foundation-layout-android:1.8.2) with AarTransform
Transforming animation-core-release.aar (androidx.compose.animation:animation-core-android:1.8.2) with ExtractAarTransform
Transforming animation-core-release.aar (androidx.compose.animation:animation-core-android:1.8.2) with AarTransform
Transforming animation-release.aar (androidx.compose.animation:animation-android:1.8.2) with ExtractAarTransform
Transforming animation-release.aar (androidx.compose.animation:animation-android:1.8.2) with AarTransform
Transforming ui-geometry-release.aar (androidx.compose.ui:ui-geometry-android:1.8.2) with ExtractAarTransform
Transforming ui-geometry-release.aar (androidx.compose.ui:ui-geometry-android:1.8.2) with AarTransform
Transforming ui-tooling-release.aar (androidx.compose.ui:ui-tooling-android:1.8.2) with ExtractAarTransform
Transforming ui-tooling-release.aar (androidx.compose.ui:ui-tooling-android:1.8.2) with AarTransform
Transforming material-release.aar (androidx.compose.material:material-android:1.7.2) with ExtractAarTransform
Transforming material-release.aar (androidx.compose.material:material-android:1.7.2) with AarTransform
Transforming material-ripple-release.aar (androidx.compose.material:material-ripple-android:1.8.1) with ExtractAarTransform
Transforming material-ripple-release.aar (androidx.compose.material:material-ripple-android:1.8.1) with AarTransform
Transforming ui-util-release.aar (androidx.compose.ui:ui-util-android:1.8.2) with ExtractAarTransform
Transforming ui-util-release.aar (androidx.compose.ui:ui-util-android:1.8.2) with AarTransform
Transforming ui-unit-release.aar (androidx.compose.ui:ui-unit-android:1.8.2) with ExtractAarTransform
Transforming ui-unit-release.aar (androidx.compose.ui:ui-unit-android:1.8.2) with AarTransform
Transforming ui-text-release.aar (androidx.compose.ui:ui-text-android:1.8.2) with ExtractAarTransform
Transforming ui-text-release.aar (androidx.compose.ui:ui-text-android:1.8.2) with AarTransform
Transforming ui-graphics-release.aar (androidx.compose.ui:ui-graphics-android:1.8.2) with ExtractAarTransform
Transforming ui-graphics-release.aar (androidx.compose.ui:ui-graphics-android:1.8.2) with AarTransform
Transforming ui-test-manifest-1.8.2.aar (androidx.compose.ui:ui-test-manifest:1.8.2) with ExtractAarTransform
Transforming ui-test-manifest-1.8.2.aar (androidx.compose.ui:ui-test-manifest:1.8.2) with AarTransform
Transforming firebase-auth-23.1.0.aar (com.google.firebase:firebase-auth:23.1.0) with ExtractAarTransform
Transforming firebase-auth-23.1.0.aar (com.google.firebase:firebase-auth:23.1.0) with AarTransform
Transforming play-services-maps-19.0.0.aar (com.google.android.gms:play-services-maps:19.0.0) with ExtractAarTransform
Transforming play-services-maps-19.0.0.aar (com.google.android.gms:play-services-maps:19.0.0) with AarTransform
Transforming firebase-firestore-25.1.1.aar (com.google.firebase:firebase-firestore:25.1.1) with ExtractAarTransform
Transforming firebase-firestore-25.1.1.aar (com.google.firebase:firebase-firestore:25.1.1) with AarTransform
Transforming play-services-location-21.0.0.aar (com.google.android.gms:play-services-location:21.0.0) with ExtractAarTransform
Transforming play-services-location-21.0.0.aar (com.google.android.gms:play-services-location:21.0.0) with AarTransform
Transforming googleid-1.1.1.aar (com.google.android.libraries.identity.googleid:googleid:1.1.1) with ExtractAarTransform
Transforming googleid-1.1.1.aar (com.google.android.libraries.identity.googleid:googleid:1.1.1) with AarTransform
Transforming credentials-1.3.0.aar (androidx.credentials:credentials:1.3.0) with ExtractAarTransform
Transforming credentials-1.3.0.aar (androidx.credentials:credentials:1.3.0) with AarTransform
Transforming credentials-1.3.0.aar (androidx.credentials:credentials:1.3.0) with ExtractAarTransform
Transforming credentials-1.3.0.aar (androidx.credentials:credentials:1.3.0) with AarTransform
Transforming credentials-1.3.0.aar (androidx.credentials:credentials:1.3.0) with ExtractAarTransform
Transforming credentials-1.3.0.aar (androidx.credentials:credentials:1.3.0) with AarTransform
Transforming credentials-play-services-auth-1.3.0.aar (androidx.credentials:credentials-play-services-auth:1.3.0) with ExtractAarTransform
Transforming credentials-play-services-auth-1.3.0.aar (androidx.credentials:credentials-play-services-auth:1.3.0) with AarTransform
Transforming credentials-play-services-auth-1.3.0.aar (androidx.credentials:credentials-play-services-auth:1.3.0) with ExtractAarTransform
Transforming credentials-play-services-auth-1.3.0.aar (androidx.credentials:credentials-play-services-auth:1.3.0) with AarTransform
Transforming play-services-auth-21.1.1.aar (com.google.android.gms:play-services-auth:21.1.1) with ExtractAarTransform
Transforming play-services-auth-21.1.1.aar (com.google.android.gms:play-services-auth:21.1.1) with AarTransform
Transforming play-services-auth-api-phone-18.0.2.aar (com.google.android.gms:play-services-auth-api-phone:18.0.2) with ExtractAarTransform
Transforming play-services-auth-api-phone-18.0.2.aar (com.google.android.gms:play-services-auth-api-phone:18.0.2) with AarTransform
Transforming play-services-auth-api-phone-18.0.2.aar (com.google.android.gms:play-services-auth-api-phone:18.0.2) with ExtractAarTransform
Transforming play-services-auth-api-phone-18.0.2.aar (com.google.android.gms:play-services-auth-api-phone:18.0.2) with AarTransform
Transforming recaptcha-18.5.1.aar (com.google.android.recaptcha:recaptcha:18.5.1) with ExtractAarTransform
Transforming recaptcha-18.5.1.aar (com.google.android.recaptcha:recaptcha:18.5.1) with AarTransform
Transforming integrity-1.3.0.aar (com.google.android.play:integrity:1.3.0) with ExtractAarTransform
Transforming integrity-1.3.0.aar (com.google.android.play:integrity:1.3.0) with AarTransform
Transforming integrity-1.3.0.aar (com.google.android.play:integrity:1.3.0) with ExtractAarTransform
Transforming integrity-1.3.0.aar (com.google.android.play:integrity:1.3.0) with AarTransform
Transforming firebase-storage-ktx-21.0.1.aar (com.google.firebase:firebase-storage-ktx:21.0.1) with ExtractAarTransform
Transforming firebase-storage-ktx-21.0.1.aar (com.google.firebase:firebase-storage-ktx:21.0.1) with AarTransform
Transforming firebase-storage-21.0.1.aar (com.google.firebase:firebase-storage:21.0.1) with ExtractAarTransform
Transforming firebase-storage-21.0.1.aar (com.google.firebase:firebase-storage:21.0.1) with AarTransform
Transforming firebase-auth-interop-20.0.0.aar (com.google.firebase:firebase-auth-interop:20.0.0) with ExtractAarTransform
Transforming firebase-auth-interop-20.0.0.aar (com.google.firebase:firebase-auth-interop:20.0.0) with AarTransform
Transforming firebase-auth-interop-20.0.0.aar (com.google.firebase:firebase-auth-interop:20.0.0) with ExtractAarTransform
Transforming firebase-auth-interop-20.0.0.aar (com.google.firebase:firebase-auth-interop:20.0.0) with AarTransform
Transforming firebase-auth-interop-20.0.0.aar (com.google.firebase:firebase-auth-interop:20.0.0) with ExtractAarTransform
Transforming firebase-auth-interop-20.0.0.aar (com.google.firebase:firebase-auth-interop:20.0.0) with AarTransform
Transforming firebase-messaging-ktx-24.1.0.aar (com.google.firebase:firebase-messaging-ktx:24.1.0) with ExtractAarTransform
Transforming firebase-messaging-ktx-24.1.0.aar (com.google.firebase:firebase-messaging-ktx:24.1.0) with AarTransform
Transforming firebase-messaging-24.1.0.aar (com.google.firebase:firebase-messaging:24.1.0) with ExtractAarTransform
Transforming firebase-messaging-24.1.0.aar (com.google.firebase:firebase-messaging:24.1.0) with AarTransform
Transforming firebase-appcheck-18.0.0.aar (com.google.firebase:firebase-appcheck:18.0.0) with ExtractAarTransform
Transforming firebase-appcheck-18.0.0.aar (com.google.firebase:firebase-appcheck:18.0.0) with AarTransform
Transforming firebase-installations-18.0.0.aar (com.google.firebase:firebase-installations:18.0.0) with ExtractAarTransform
Transforming firebase-installations-18.0.0.aar (com.google.firebase:firebase-installations:18.0.0) with AarTransform
Transforming firebase-common-ktx-21.0.0.aar (com.google.firebase:firebase-common-ktx:21.0.0) with ExtractAarTransform
Transforming firebase-common-ktx-21.0.0.aar (com.google.firebase:firebase-common-ktx:21.0.0) with AarTransform
Transforming firebase-common-ktx-21.0.0.aar (com.google.firebase:firebase-common-ktx:21.0.0) with ExtractAarTransform
Transforming firebase-common-ktx-21.0.0.aar (com.google.firebase:firebase-common-ktx:21.0.0) with AarTransform
Transforming firebase-common-ktx-21.0.0.aar (com.google.firebase:firebase-common-ktx:21.0.0) with ExtractAarTransform
Transforming firebase-common-ktx-21.0.0.aar (com.google.firebase:firebase-common-ktx:21.0.0) with AarTransform
Transforming firebase-common-ktx-21.0.0.aar (com.google.firebase:firebase-common-ktx:21.0.0) with ExtractAarTransform
Transforming firebase-common-ktx-21.0.0.aar (com.google.firebase:firebase-common-ktx:21.0.0) with AarTransform
Transforming firebase-common-ktx-21.0.0.aar (com.google.firebase:firebase-common-ktx:21.0.0) with ExtractAarTransform
Transforming firebase-common-ktx-21.0.0.aar (com.google.firebase:firebase-common-ktx:21.0.0) with AarTransform
Transforming firebase-common-ktx-21.0.0.aar (com.google.firebase:firebase-common-ktx:21.0.0) with ExtractAarTransform
Transforming firebase-common-ktx-21.0.0.aar (com.google.firebase:firebase-common-ktx:21.0.0) with AarTransform
Transforming firebase-common-ktx-21.0.0.aar (com.google.firebase:firebase-common-ktx:21.0.0) with ExtractAarTransform
Transforming firebase-common-ktx-21.0.0.aar (com.google.firebase:firebase-common-ktx:21.0.0) with AarTransform
Transforming firebase-common-ktx-21.0.0.aar (com.google.firebase:firebase-common-ktx:21.0.0) with ExtractAarTransform
Transforming firebase-common-ktx-21.0.0.aar (com.google.firebase:firebase-common-ktx:21.0.0) with AarTransform
Transforming firebase-common-21.0.0.aar (com.google.firebase:firebase-common:21.0.0) with ExtractAarTransform
Transforming firebase-common-21.0.0.aar (com.google.firebase:firebase-common:21.0.0) with AarTransform
Transforming firebase-common-21.0.0.aar (com.google.firebase:firebase-common:21.0.0) with ExtractAarTransform
Transforming firebase-common-21.0.0.aar (com.google.firebase:firebase-common:21.0.0) with AarTransform
Transforming firebase-common-21.0.0.aar (com.google.firebase:firebase-common:21.0.0) with ExtractAarTransform
Transforming firebase-common-21.0.0.aar (com.google.firebase:firebase-common:21.0.0) with AarTransform
Transforming firebase-common-21.0.0.aar (com.google.firebase:firebase-common:21.0.0) with ExtractAarTransform
Transforming firebase-common-21.0.0.aar (com.google.firebase:firebase-common:21.0.0) with AarTransform
Transforming firebase-common-21.0.0.aar (com.google.firebase:firebase-common:21.0.0) with ExtractAarTransform
Transforming firebase-common-21.0.0.aar (com.google.firebase:firebase-common:21.0.0) with AarTransform
Transforming firebase-common-21.0.0.aar (com.google.firebase:firebase-common:21.0.0) with ExtractAarTransform
Transforming firebase-common-21.0.0.aar (com.google.firebase:firebase-common:21.0.0) with AarTransform
Transforming firebase-common-21.0.0.aar (com.google.firebase:firebase-common:21.0.0) with ExtractAarTransform
Transforming firebase-common-21.0.0.aar (com.google.firebase:firebase-common:21.0.0) with AarTransform
Transforming firebase-common-21.0.0.aar (com.google.firebase:firebase-common:21.0.0) with ExtractAarTransform
Transforming firebase-common-21.0.0.aar (com.google.firebase:firebase-common:21.0.0) with AarTransform
Transforming firebase-common-21.0.0.aar (com.google.firebase:firebase-common:21.0.0) with ExtractAarTransform
Transforming firebase-common-21.0.0.aar (com.google.firebase:firebase-common:21.0.0) with AarTransform
Transforming firebase-database-collection-18.0.1.aar (com.google.firebase:firebase-database-collection:18.0.1) with ExtractAarTransform
Transforming firebase-database-collection-18.0.1.aar (com.google.firebase:firebase-database-collection:18.0.1) with AarTransform
Transforming play-services-fido-21.0.0.aar (com.google.android.gms:play-services-fido:21.0.0) with ExtractAarTransform
Transforming play-services-fido-21.0.0.aar (com.google.android.gms:play-services-fido:21.0.0) with AarTransform
Transforming play-services-fido-21.0.0.aar (com.google.android.gms:play-services-fido:21.0.0) with ExtractAarTransform
Transforming play-services-fido-21.0.0.aar (com.google.android.gms:play-services-fido:21.0.0) with AarTransform
Transforming play-services-auth-base-18.0.10.aar (com.google.android.gms:play-services-auth-base:18.0.10) with ExtractAarTransform
Transforming play-services-auth-base-18.0.10.aar (com.google.android.gms:play-services-auth-base:18.0.10) with AarTransform
Transforming firebase-appcheck-interop-17.1.0.aar (com.google.firebase:firebase-appcheck-interop:17.1.0) with ExtractAarTransform
Transforming firebase-appcheck-interop-17.1.0.aar (com.google.firebase:firebase-appcheck-interop:17.1.0) with AarTransform
Transforming firebase-appcheck-interop-17.1.0.aar (com.google.firebase:firebase-appcheck-interop:17.1.0) with ExtractAarTransform
Transforming firebase-appcheck-interop-17.1.0.aar (com.google.firebase:firebase-appcheck-interop:17.1.0) with AarTransform
Transforming firebase-appcheck-interop-17.1.0.aar (com.google.firebase:firebase-appcheck-interop:17.1.0) with ExtractAarTransform
Transforming firebase-appcheck-interop-17.1.0.aar (com.google.firebase:firebase-appcheck-interop:17.1.0) with AarTransform
Transforming firebase-appcheck-interop-17.1.0.aar (com.google.firebase:firebase-appcheck-interop:17.1.0) with ExtractAarTransform
Transforming firebase-appcheck-interop-17.1.0.aar (com.google.firebase:firebase-appcheck-interop:17.1.0) with AarTransform
Transforming play-services-base-18.5.0.aar (com.google.android.gms:play-services-base:18.5.0) with ExtractAarTransform
Transforming play-services-base-18.5.0.aar (com.google.android.gms:play-services-base:18.5.0) with AarTransform
Transforming play-services-base-18.5.0.aar (com.google.android.gms:play-services-base:18.5.0) with ExtractAarTransform
Transforming play-services-base-18.5.0.aar (com.google.android.gms:play-services-base:18.5.0) with AarTransform
Transforming play-services-base-18.5.0.aar (com.google.android.gms:play-services-base:18.5.0) with ExtractAarTransform
Transforming play-services-base-18.5.0.aar (com.google.android.gms:play-services-base:18.5.0) with AarTransform
Transforming play-services-base-18.5.0.aar (com.google.android.gms:play-services-base:18.5.0) with ExtractAarTransform
Transforming play-services-base-18.5.0.aar (com.google.android.gms:play-services-base:18.5.0) with AarTransform
Transforming play-services-base-18.5.0.aar (com.google.android.gms:play-services-base:18.5.0) with ExtractAarTransform
Transforming play-services-base-18.5.0.aar (com.google.android.gms:play-services-base:18.5.0) with AarTransform
Transforming play-services-base-18.5.0.aar (com.google.android.gms:play-services-base:18.5.0) with ExtractAarTransform
Transforming play-services-base-18.5.0.aar (com.google.android.gms:play-services-base:18.5.0) with AarTransform
Transforming play-services-base-18.5.0.aar (com.google.android.gms:play-services-base:18.5.0) with ExtractAarTransform
Transforming play-services-base-18.5.0.aar (com.google.android.gms:play-services-base:18.5.0) with AarTransform
Transforming play-services-base-18.5.0.aar (com.google.android.gms:play-services-base:18.5.0) with ExtractAarTransform
Transforming play-services-base-18.5.0.aar (com.google.android.gms:play-services-base:18.5.0) with AarTransform
Transforming play-services-base-18.5.0.aar (com.google.android.gms:play-services-base:18.5.0) with ExtractAarTransform
Transforming play-services-base-18.5.0.aar (com.google.android.gms:play-services-base:18.5.0) with AarTransform
Transforming play-services-base-18.5.0.aar (com.google.android.gms:play-services-base:18.5.0) with ExtractAarTransform
Transforming play-services-base-18.5.0.aar (com.google.android.gms:play-services-base:18.5.0) with AarTransform
Transforming play-services-base-18.5.0.aar (com.google.android.gms:play-services-base:18.5.0) with ExtractAarTransform
Transforming play-services-base-18.5.0.aar (com.google.android.gms:play-services-base:18.5.0) with AarTransform
Transforming play-services-base-18.5.0.aar (com.google.android.gms:play-services-base:18.5.0) with ExtractAarTransform
Transforming play-services-base-18.5.0.aar (com.google.android.gms:play-services-base:18.5.0) with AarTransform
Transforming firebase-iid-interop-17.1.0.aar (com.google.firebase:firebase-iid-interop:17.1.0) with ExtractAarTransform
Transforming firebase-iid-interop-17.1.0.aar (com.google.firebase:firebase-iid-interop:17.1.0) with AarTransform
Transforming play-services-cloud-messaging-17.2.0.aar (com.google.android.gms:play-services-cloud-messaging:17.2.0) with ExtractAarTransform
Transforming play-services-cloud-messaging-17.2.0.aar (com.google.android.gms:play-services-cloud-messaging:17.2.0) with AarTransform
Transforming firebase-installations-interop-17.1.1.aar (com.google.firebase:firebase-installations-interop:17.1.1) with ExtractAarTransform
Transforming firebase-installations-interop-17.1.1.aar (com.google.firebase:firebase-installations-interop:17.1.1) with AarTransform
Transforming firebase-installations-interop-17.1.1.aar (com.google.firebase:firebase-installations-interop:17.1.1) with ExtractAarTransform
Transforming firebase-installations-interop-17.1.1.aar (com.google.firebase:firebase-installations-interop:17.1.1) with AarTransform
Transforming common-0.8.0.aar (com.google.ai.client.generativeai:common:0.8.0) with ExtractAarTransform
Transforming common-0.8.0.aar (com.google.ai.client.generativeai:common:0.8.0) with AarTransform
Transforming runtime-annotation.aar (androidx.compose.runtime:runtime-annotation-android:1.9.0) with ExtractAarTransform
Transforming runtime-annotation.aar (androidx.compose.runtime:runtime-annotation-android:1.9.0) with AarTransform
Transforming runtime-saveable.aar (androidx.compose.runtime:runtime-saveable-android:1.9.0) with ExtractAarTransform
Transforming runtime-saveable.aar (androidx.compose.runtime:runtime-saveable-android:1.9.0) with AarTransform
Transforming savedstate-ktx-1.3.0.aar (androidx.savedstate:savedstate-ktx:1.3.0) with ExtractAarTransform
Transforming savedstate-ktx-1.3.0.aar (androidx.savedstate:savedstate-ktx:1.3.0) with AarTransform
Transforming savedstate-compose-release.aar (androidx.savedstate:savedstate-compose-android:1.3.0) with ExtractAarTransform
Transforming savedstate-compose-release.aar (androidx.savedstate:savedstate-compose-android:1.3.0) with AarTransform
Transforming dynamicanimation-1.0.0.aar (androidx.dynamicanimation:dynamicanimation:1.0.0) with ExtractAarTransform
Transforming dynamicanimation-1.0.0.aar (androidx.dynamicanimation:dynamicanimation:1.0.0) with AarTransform
Transforming play-services-stats-17.0.2.aar (com.google.android.gms:play-services-stats:17.0.2) with ExtractAarTransform
Transforming play-services-stats-17.0.2.aar (com.google.android.gms:play-services-stats:17.0.2) with AarTransform
Transforming legacy-support-core-utils-1.0.0.aar (androidx.legacy:legacy-support-core-utils:1.0.0) with ExtractAarTransform
Transforming legacy-support-core-utils-1.0.0.aar (androidx.legacy:legacy-support-core-utils:1.0.0) with AarTransform
Transforming legacy-support-core-utils-1.0.0.aar (androidx.legacy:legacy-support-core-utils:1.0.0) with ExtractAarTransform
Transforming legacy-support-core-utils-1.0.0.aar (androidx.legacy:legacy-support-core-utils:1.0.0) with AarTransform
Transforming loader-1.1.0.aar (androidx.loader:loader:1.1.0) with ExtractAarTransform
Transforming loader-1.1.0.aar (androidx.loader:loader:1.1.0) with AarTransform
Transforming loader-1.1.0.aar (androidx.loader:loader:1.1.0) with ExtractAarTransform
Transforming loader-1.1.0.aar (androidx.loader:loader:1.1.0) with AarTransform
Transforming loader-1.1.0.aar (androidx.loader:loader:1.1.0) with ExtractAarTransform
Transforming loader-1.1.0.aar (androidx.loader:loader:1.1.0) with AarTransform
Transforming emoji2-views-helper-1.4.0.aar (androidx.emoji2:emoji2-views-helper:1.4.0) with ExtractAarTransform
Transforming emoji2-views-helper-1.4.0.aar (androidx.emoji2:emoji2-views-helper:1.4.0) with AarTransform
Transforming emoji2-1.4.0.aar (androidx.emoji2:emoji2:1.4.0) with ExtractAarTransform
Transforming emoji2-1.4.0.aar (androidx.emoji2:emoji2:1.4.0) with AarTransform
Transforming lifecycle-viewmodel-savedstate-release.aar (androidx.lifecycle:lifecycle-viewmodel-savedstate-android:2.9.0) with ExtractAarTransform
Transforming lifecycle-viewmodel-savedstate-release.aar (androidx.lifecycle:lifecycle-viewmodel-savedstate-android:2.9.0) with AarTransform
Transforming lifecycle-viewmodel-2.9.0.aar (androidx.lifecycle:lifecycle-viewmodel:2.9.0) with ExtractAarTransform
Transforming lifecycle-viewmodel-2.9.0.aar (androidx.lifecycle:lifecycle-viewmodel:2.9.0) with AarTransform
Transforming lifecycle-viewmodel-release.aar (androidx.lifecycle:lifecycle-viewmodel-android:2.9.0) with ExtractAarTransform
Transforming lifecycle-viewmodel-release.aar (androidx.lifecycle:lifecycle-viewmodel-android:2.9.0) with AarTransform
Transforming lifecycle-runtime-ktx.aar (androidx.lifecycle:lifecycle-runtime-ktx-android:2.9.0) with ExtractAarTransform
Transforming lifecycle-runtime-ktx.aar (androidx.lifecycle:lifecycle-runtime-ktx-android:2.9.0) with AarTransform
Transforming lifecycle-runtime-release.aar (androidx.lifecycle:lifecycle-runtime-android:2.9.0) with ExtractAarTransform
Transforming lifecycle-runtime-release.aar (androidx.lifecycle:lifecycle-runtime-android:2.9.0) with AarTransform
Transforming lifecycle-viewmodel-ktx-2.9.0.aar (androidx.lifecycle:lifecycle-viewmodel-ktx:2.9.0) with ExtractAarTransform
Transforming lifecycle-viewmodel-ktx-2.9.0.aar (androidx.lifecycle:lifecycle-viewmodel-ktx:2.9.0) with AarTransform
Transforming lifecycle-process-2.9.0.aar (androidx.lifecycle:lifecycle-process:2.9.0) with ExtractAarTransform
Transforming lifecycle-process-2.9.0.aar (androidx.lifecycle:lifecycle-process:2.9.0) with AarTransform
Transforming lifecycle-livedata-core-2.9.0.aar (androidx.lifecycle:lifecycle-livedata-core:2.9.0) with ExtractAarTransform
Transforming lifecycle-livedata-core-2.9.0.aar (androidx.lifecycle:lifecycle-livedata-core:2.9.0) with AarTransform
Transforming lifecycle-livedata-core-2.9.0.aar (androidx.lifecycle:lifecycle-livedata-core:2.9.0) with ExtractAarTransform
Transforming lifecycle-livedata-core-2.9.0.aar (androidx.lifecycle:lifecycle-livedata-core:2.9.0) with AarTransform
Transforming lifecycle-runtime-compose-release.aar (androidx.lifecycle:lifecycle-runtime-compose-android:2.9.0) with ExtractAarTransform
Transforming lifecycle-runtime-compose-release.aar (androidx.lifecycle:lifecycle-runtime-compose-android:2.9.0) with AarTransform
Transforming runtime.aar (androidx.compose.runtime:runtime-android:1.9.0) with ExtractAarTransform
Transforming runtime.aar (androidx.compose.runtime:runtime-android:1.9.0) with AarTransform
Transforming browser-1.4.0.aar (androidx.browser:browser:1.4.0) with ExtractAarTransform
Transforming browser-1.4.0.aar (androidx.browser:browser:1.4.0) with AarTransform
Transforming profileinstaller-1.4.0.aar (androidx.profileinstaller:profileinstaller:1.4.0) with ExtractAarTransform
Transforming profileinstaller-1.4.0.aar (androidx.profileinstaller:profileinstaller:1.4.0) with AarTransform
Transforming play-services-tasks-18.2.0.aar (com.google.android.gms:play-services-tasks:18.2.0) with ExtractAarTransform
Transforming play-services-tasks-18.2.0.aar (com.google.android.gms:play-services-tasks:18.2.0) with AarTransform
Transforming play-services-tasks-18.2.0.aar (com.google.android.gms:play-services-tasks:18.2.0) with ExtractAarTransform
Transforming play-services-tasks-18.2.0.aar (com.google.android.gms:play-services-tasks:18.2.0) with AarTransform
Transforming play-services-tasks-18.2.0.aar (com.google.android.gms:play-services-tasks:18.2.0) with ExtractAarTransform
Transforming play-services-tasks-18.2.0.aar (com.google.android.gms:play-services-tasks:18.2.0) with AarTransform
Transforming play-services-tasks-18.2.0.aar (com.google.android.gms:play-services-tasks:18.2.0) with ExtractAarTransform
Transforming play-services-tasks-18.2.0.aar (com.google.android.gms:play-services-tasks:18.2.0) with AarTransform
Transforming play-services-tasks-18.2.0.aar (com.google.android.gms:play-services-tasks:18.2.0) with ExtractAarTransform
Transforming play-services-tasks-18.2.0.aar (com.google.android.gms:play-services-tasks:18.2.0) with AarTransform
Transforming play-services-tasks-18.2.0.aar (com.google.android.gms:play-services-tasks:18.2.0) with ExtractAarTransform
Transforming play-services-tasks-18.2.0.aar (com.google.android.gms:play-services-tasks:18.2.0) with AarTransform
Transforming play-services-tasks-18.2.0.aar (com.google.android.gms:play-services-tasks:18.2.0) with ExtractAarTransform
Transforming play-services-tasks-18.2.0.aar (com.google.android.gms:play-services-tasks:18.2.0) with AarTransform
Transforming play-services-tasks-18.2.0.aar (com.google.android.gms:play-services-tasks:18.2.0) with ExtractAarTransform
Transforming play-services-tasks-18.2.0.aar (com.google.android.gms:play-services-tasks:18.2.0) with AarTransform
Transforming play-services-tasks-18.2.0.aar (com.google.android.gms:play-services-tasks:18.2.0) with ExtractAarTransform
Transforming play-services-tasks-18.2.0.aar (com.google.android.gms:play-services-tasks:18.2.0) with AarTransform
Transforming play-services-tasks-18.2.0.aar (com.google.android.gms:play-services-tasks:18.2.0) with ExtractAarTransform
Transforming play-services-tasks-18.2.0.aar (com.google.android.gms:play-services-tasks:18.2.0) with AarTransform
Transforming play-services-tasks-18.2.0.aar (com.google.android.gms:play-services-tasks:18.2.0) with ExtractAarTransform
Transforming play-services-tasks-18.2.0.aar (com.google.android.gms:play-services-tasks:18.2.0) with AarTransform
Transforming play-services-tasks-18.2.0.aar (com.google.android.gms:play-services-tasks:18.2.0) with ExtractAarTransform
Transforming play-services-tasks-18.2.0.aar (com.google.android.gms:play-services-tasks:18.2.0) with AarTransform
Transforming play-services-tasks-18.2.0.aar (com.google.android.gms:play-services-tasks:18.2.0) with ExtractAarTransform
Transforming play-services-tasks-18.2.0.aar (com.google.android.gms:play-services-tasks:18.2.0) with AarTransform
Transforming play-services-tasks-18.2.0.aar (com.google.android.gms:play-services-tasks:18.2.0) with ExtractAarTransform
Transforming play-services-tasks-18.2.0.aar (com.google.android.gms:play-services-tasks:18.2.0) with AarTransform
Transforming play-services-tasks-18.2.0.aar (com.google.android.gms:play-services-tasks:18.2.0) with ExtractAarTransform
Transforming play-services-tasks-18.2.0.aar (com.google.android.gms:play-services-tasks:18.2.0) with AarTransform
Transforming play-services-tasks-18.2.0.aar (com.google.android.gms:play-services-tasks:18.2.0) with ExtractAarTransform
Transforming play-services-tasks-18.2.0.aar (com.google.android.gms:play-services-tasks:18.2.0) with AarTransform
Transforming play-services-tasks-18.2.0.aar (com.google.android.gms:play-services-tasks:18.2.0) with ExtractAarTransform
Transforming play-services-tasks-18.2.0.aar (com.google.android.gms:play-services-tasks:18.2.0) with AarTransform
Transforming play-services-tasks-18.2.0.aar (com.google.android.gms:play-services-tasks:18.2.0) with ExtractAarTransform
Transforming play-services-tasks-18.2.0.aar (com.google.android.gms:play-services-tasks:18.2.0) with AarTransform
Transforming play-services-tasks-18.2.0.aar (com.google.android.gms:play-services-tasks:18.2.0) with ExtractAarTransform
Transforming play-services-tasks-18.2.0.aar (com.google.android.gms:play-services-tasks:18.2.0) with AarTransform
Transforming play-services-tasks-18.2.0.aar (com.google.android.gms:play-services-tasks:18.2.0) with ExtractAarTransform
Transforming play-services-tasks-18.2.0.aar (com.google.android.gms:play-services-tasks:18.2.0) with AarTransform
Transforming play-services-tasks-18.2.0.aar (com.google.android.gms:play-services-tasks:18.2.0) with ExtractAarTransform
Transforming play-services-tasks-18.2.0.aar (com.google.android.gms:play-services-tasks:18.2.0) with AarTransform
Transforming play-services-tasks-18.2.0.aar (com.google.android.gms:play-services-tasks:18.2.0) with ExtractAarTransform
Transforming play-services-tasks-18.2.0.aar (com.google.android.gms:play-services-tasks:18.2.0) with AarTransform
Transforming firebase-measurement-connector-19.0.0.aar (com.google.firebase:firebase-measurement-connector:19.0.0) with ExtractAarTransform
Transforming firebase-measurement-connector-19.0.0.aar (com.google.firebase:firebase-measurement-connector:19.0.0) with AarTransform
Transforming play-services-basement-18.4.0.aar (com.google.android.gms:play-services-basement:18.4.0) with ExtractAarTransform
Transforming play-services-basement-18.4.0.aar (com.google.android.gms:play-services-basement:18.4.0) with AarTransform
Transforming play-services-basement-18.4.0.aar (com.google.android.gms:play-services-basement:18.4.0) with ExtractAarTransform
Transforming play-services-basement-18.4.0.aar (com.google.android.gms:play-services-basement:18.4.0) with AarTransform
Transforming play-services-basement-18.4.0.aar (com.google.android.gms:play-services-basement:18.4.0) with ExtractAarTransform
Transforming play-services-basement-18.4.0.aar (com.google.android.gms:play-services-basement:18.4.0) with AarTransform
Transforming play-services-basement-18.4.0.aar (com.google.android.gms:play-services-basement:18.4.0) with ExtractAarTransform
Transforming play-services-basement-18.4.0.aar (com.google.android.gms:play-services-basement:18.4.0) with AarTransform
Transforming play-services-basement-18.4.0.aar (com.google.android.gms:play-services-basement:18.4.0) with ExtractAarTransform
Transforming play-services-basement-18.4.0.aar (com.google.android.gms:play-services-basement:18.4.0) with AarTransform
Transforming play-services-basement-18.4.0.aar (com.google.android.gms:play-services-basement:18.4.0) with ExtractAarTransform
Transforming play-services-basement-18.4.0.aar (com.google.android.gms:play-services-basement:18.4.0) with AarTransform
Transforming play-services-basement-18.4.0.aar (com.google.android.gms:play-services-basement:18.4.0) with ExtractAarTransform
Transforming play-services-basement-18.4.0.aar (com.google.android.gms:play-services-basement:18.4.0) with AarTransform
Transforming play-services-basement-18.4.0.aar (com.google.android.gms:play-services-basement:18.4.0) with ExtractAarTransform
Transforming play-services-basement-18.4.0.aar (com.google.android.gms:play-services-basement:18.4.0) with AarTransform
Transforming play-services-basement-18.4.0.aar (com.google.android.gms:play-services-basement:18.4.0) with ExtractAarTransform
Transforming play-services-basement-18.4.0.aar (com.google.android.gms:play-services-basement:18.4.0) with AarTransform
Transforming play-services-basement-18.4.0.aar (com.google.android.gms:play-services-basement:18.4.0) with ExtractAarTransform
Transforming play-services-basement-18.4.0.aar (com.google.android.gms:play-services-basement:18.4.0) with AarTransform
Transforming play-services-basement-18.4.0.aar (com.google.android.gms:play-services-basement:18.4.0) with ExtractAarTransform
Transforming play-services-basement-18.4.0.aar (com.google.android.gms:play-services-basement:18.4.0) with AarTransform
Transforming play-services-basement-18.4.0.aar (com.google.android.gms:play-services-basement:18.4.0) with ExtractAarTransform
Transforming play-services-basement-18.4.0.aar (com.google.android.gms:play-services-basement:18.4.0) with AarTransform
Transforming play-services-basement-18.4.0.aar (com.google.android.gms:play-services-basement:18.4.0) with ExtractAarTransform
Transforming play-services-basement-18.4.0.aar (com.google.android.gms:play-services-basement:18.4.0) with AarTransform
Transforming play-services-basement-18.4.0.aar (com.google.android.gms:play-services-basement:18.4.0) with ExtractAarTransform
Transforming play-services-basement-18.4.0.aar (com.google.android.gms:play-services-basement:18.4.0) with AarTransform
Transforming play-services-basement-18.4.0.aar (com.google.android.gms:play-services-basement:18.4.0) with ExtractAarTransform
Transforming play-services-basement-18.4.0.aar (com.google.android.gms:play-services-basement:18.4.0) with AarTransform
Transforming play-services-basement-18.4.0.aar (com.google.android.gms:play-services-basement:18.4.0) with ExtractAarTransform
Transforming play-services-basement-18.4.0.aar (com.google.android.gms:play-services-basement:18.4.0) with AarTransform
Transforming play-services-basement-18.4.0.aar (com.google.android.gms:play-services-basement:18.4.0) with ExtractAarTransform
Transforming play-services-basement-18.4.0.aar (com.google.android.gms:play-services-basement:18.4.0) with AarTransform
Transforming play-services-basement-18.4.0.aar (com.google.android.gms:play-services-basement:18.4.0) with ExtractAarTransform
Transforming play-services-basement-18.4.0.aar (com.google.android.gms:play-services-basement:18.4.0) with AarTransform
Transforming play-services-basement-18.4.0.aar (com.google.android.gms:play-services-basement:18.4.0) with ExtractAarTransform
Transforming play-services-basement-18.4.0.aar (com.google.android.gms:play-services-basement:18.4.0) with AarTransform
Transforming recyclerview-1.3.1.aar (androidx.recyclerview:recyclerview:1.3.1) with ExtractAarTransform
Transforming recyclerview-1.3.1.aar (androidx.recyclerview:recyclerview:1.3.1) with AarTransform
Transforming viewpager2-1.1.0.aar (androidx.viewpager2:viewpager2:1.1.0) with ExtractAarTransform
Transforming viewpager2-1.1.0.aar (androidx.viewpager2:viewpager2:1.1.0) with AarTransform
Transforming fragment-1.5.7.aar (androidx.fragment:fragment:1.5.7) with ExtractAarTransform
Transforming fragment-1.5.7.aar (androidx.fragment:fragment:1.5.7) with AarTransform
Transforming fragment-1.5.7.aar (androidx.fragment:fragment:1.5.7) with ExtractAarTransform
Transforming fragment-1.5.7.aar (androidx.fragment:fragment:1.5.7) with AarTransform
Transforming fragment-1.5.7.aar (androidx.fragment:fragment:1.5.7) with ExtractAarTransform
Transforming fragment-1.5.7.aar (androidx.fragment:fragment:1.5.7) with AarTransform
Transforming fragment-1.5.7.aar (androidx.fragment:fragment:1.5.7) with ExtractAarTransform
Transforming fragment-1.5.7.aar (androidx.fragment:fragment:1.5.7) with AarTransform
Transforming fragment-1.5.7.aar (androidx.fragment:fragment:1.5.7) with ExtractAarTransform
Transforming fragment-1.5.7.aar (androidx.fragment:fragment:1.5.7) with AarTransform
Transforming fragment-1.5.7.aar (androidx.fragment:fragment:1.5.7) with ExtractAarTransform
Transforming fragment-1.5.7.aar (androidx.fragment:fragment:1.5.7) with AarTransform
Transforming savedstate-release.aar (androidx.savedstate:savedstate-android:1.3.0) with ExtractAarTransform
Transforming savedstate-release.aar (androidx.savedstate:savedstate-android:1.3.0) with AarTransform
Transforming lifecycle-viewmodel-compose-release.aar (androidx.lifecycle:lifecycle-viewmodel-compose-android:2.9.0) with ExtractAarTransform
Transforming lifecycle-viewmodel-compose-release.aar (androidx.lifecycle:lifecycle-viewmodel-compose-android:2.9.0) with AarTransform
Transforming ui-release.aar (androidx.compose.ui:ui-android:1.8.2) with ExtractAarTransform
Transforming ui-release.aar (androidx.compose.ui:ui-android:1.8.2) with AarTransform
Transforming activity-ktx-1.9.3.aar (androidx.activity:activity-ktx:1.9.3) with ExtractAarTransform
Transforming activity-ktx-1.9.3.aar (androidx.activity:activity-ktx:1.9.3) with AarTransform
Transforming activity-compose-1.9.3.aar (androidx.activity:activity-compose:1.9.3) with ExtractAarTransform
Transforming activity-compose-1.9.3.aar (androidx.activity:activity-compose:1.9.3) with AarTransform
Transforming activity-1.9.3.aar (androidx.activity:activity:1.9.3) with ExtractAarTransform
Transforming activity-1.9.3.aar (androidx.activity:activity:1.9.3) with AarTransform
Transforming vectordrawable-animated-1.1.0.aar (androidx.vectordrawable:vectordrawable-animated:1.1.0) with ExtractAarTransform
Transforming vectordrawable-animated-1.1.0.aar (androidx.vectordrawable:vectordrawable-animated:1.1.0) with AarTransform
Transforming vectordrawable-1.1.0.aar (androidx.vectordrawable:vectordrawable:1.1.0) with ExtractAarTransform
Transforming vectordrawable-1.1.0.aar (androidx.vectordrawable:vectordrawable:1.1.0) with AarTransform
Transforming vectordrawable-1.1.0.aar (androidx.vectordrawable:vectordrawable:1.1.0) with ExtractAarTransform
Transforming vectordrawable-1.1.0.aar (androidx.vectordrawable:vectordrawable:1.1.0) with AarTransform
Transforming viewpager-1.0.0.aar (androidx.viewpager:viewpager:1.0.0) with ExtractAarTransform
Transforming viewpager-1.0.0.aar (androidx.viewpager:viewpager:1.0.0) with AarTransform
Transforming customview-1.0.0.aar (androidx.customview:customview:1.0.0) with ExtractAarTransform
Transforming customview-1.0.0.aar (androidx.customview:customview:1.0.0) with AarTransform
Transforming customview-1.0.0.aar (androidx.customview:customview:1.0.0) with ExtractAarTransform
Transforming customview-1.0.0.aar (androidx.customview:customview:1.0.0) with AarTransform
Transforming customview-1.0.0.aar (androidx.customview:customview:1.0.0) with ExtractAarTransform
Transforming customview-1.0.0.aar (androidx.customview:customview:1.0.0) with AarTransform
Transforming autofill-1.0.0.aar (androidx.autofill:autofill:1.0.0) with ExtractAarTransform
Transforming autofill-1.0.0.aar (androidx.autofill:autofill:1.0.0) with AarTransform
Transforming graphics-path-1.0.1.aar (androidx.graphics:graphics-path:1.0.1) with ExtractAarTransform
Transforming graphics-path-1.0.1.aar (androidx.graphics:graphics-path:1.0.1) with AarTransform
Transforming core-1.13.1.aar (androidx.core:core:1.13.1) with ExtractAarTransform
Transforming core-1.13.1.aar (androidx.core:core:1.13.1) with AarTransform
Transforming core-1.13.1.aar (androidx.core:core:1.13.1) with ExtractAarTransform
Transforming core-1.13.1.aar (androidx.core:core:1.13.1) with AarTransform
Transforming core-1.13.1.aar (androidx.core:core:1.13.1) with ExtractAarTransform
Transforming core-1.13.1.aar (androidx.core:core:1.13.1) with AarTransform
Transforming core-1.13.1.aar (androidx.core:core:1.13.1) with ExtractAarTransform
Transforming core-1.13.1.aar (androidx.core:core:1.13.1) with AarTransform
Transforming core-1.13.1.aar (androidx.core:core:1.13.1) with ExtractAarTransform
Transforming core-1.13.1.aar (androidx.core:core:1.13.1) with AarTransform
Transforming core-1.13.1.aar (androidx.core:core:1.13.1) with ExtractAarTransform
Transforming core-1.13.1.aar (androidx.core:core:1.13.1) with AarTransform
Transforming core-1.13.1.aar (androidx.core:core:1.13.1) with ExtractAarTransform
Transforming core-1.13.1.aar (androidx.core:core:1.13.1) with AarTransform
Transforming core-1.13.1.aar (androidx.core:core:1.13.1) with ExtractAarTransform
Transforming core-1.13.1.aar (androidx.core:core:1.13.1) with AarTransform
Transforming core-1.13.1.aar (androidx.core:core:1.13.1) with ExtractAarTransform
Transforming core-1.13.1.aar (androidx.core:core:1.13.1) with AarTransform
Transforming core-1.13.1.aar (androidx.core:core:1.13.1) with ExtractAarTransform
Transforming core-1.13.1.aar (androidx.core:core:1.13.1) with AarTransform
Transforming core-1.13.1.aar (androidx.core:core:1.13.1) with ExtractAarTransform
Transforming core-1.13.1.aar (androidx.core:core:1.13.1) with AarTransform
Transforming customview-poolingcontainer-1.0.0.aar (androidx.customview:customview-poolingcontainer:1.0.0) with ExtractAarTransform
Transforming customview-poolingcontainer-1.0.0.aar (androidx.customview:customview-poolingcontainer:1.0.0) with AarTransform
Transforming core-ktx-1.13.1.aar (androidx.core:core-ktx:1.13.1) with ExtractAarTransform
Transforming core-ktx-1.13.1.aar (androidx.core:core-ktx:1.13.1) with AarTransform
Transforming annotation-experimental-1.4.1.aar (androidx.annotation:annotation-experimental:1.4.1) with ExtractAarTransform
Transforming annotation-experimental-1.4.1.aar (androidx.annotation:annotation-experimental:1.4.1) with AarTransform
Transforming versionedparcelable-1.1.1.aar (androidx.versionedparcelable:versionedparcelable:1.1.1) with ExtractAarTransform
Transforming versionedparcelable-1.1.1.aar (androidx.versionedparcelable:versionedparcelable:1.1.1) with AarTransform
Transforming cursoradapter-1.0.0.aar (androidx.cursoradapter:cursoradapter:1.0.0) with ExtractAarTransform
Transforming cursoradapter-1.0.0.aar (androidx.cursoradapter:cursoradapter:1.0.0) with AarTransform
Transforming localbroadcastmanager-1.0.0.aar (androidx.localbroadcastmanager:localbroadcastmanager:1.0.0) with ExtractAarTransform
Transforming localbroadcastmanager-1.0.0.aar (androidx.localbroadcastmanager:localbroadcastmanager:1.0.0) with AarTransform
Transforming localbroadcastmanager-1.0.0.aar (androidx.localbroadcastmanager:localbroadcastmanager:1.0.0) with ExtractAarTransform
Transforming localbroadcastmanager-1.0.0.aar (androidx.localbroadcastmanager:localbroadcastmanager:1.0.0) with AarTransform
Transforming firebase-components-18.0.0.aar (com.google.firebase:firebase-components:18.0.0) with ExtractAarTransform
Transforming firebase-components-18.0.0.aar (com.google.firebase:firebase-components:18.0.0) with AarTransform
Transforming firebase-components-18.0.0.aar (com.google.firebase:firebase-components:18.0.0) with ExtractAarTransform
Transforming firebase-components-18.0.0.aar (com.google.firebase:firebase-components:18.0.0) with AarTransform
Transforming firebase-components-18.0.0.aar (com.google.firebase:firebase-components:18.0.0) with ExtractAarTransform
Transforming firebase-components-18.0.0.aar (com.google.firebase:firebase-components:18.0.0) with AarTransform
Transforming firebase-components-18.0.0.aar (com.google.firebase:firebase-components:18.0.0) with ExtractAarTransform
Transforming firebase-components-18.0.0.aar (com.google.firebase:firebase-components:18.0.0) with AarTransform
Transforming firebase-components-18.0.0.aar (com.google.firebase:firebase-components:18.0.0) with ExtractAarTransform
Transforming firebase-components-18.0.0.aar (com.google.firebase:firebase-components:18.0.0) with AarTransform
Transforming firebase-components-18.0.0.aar (com.google.firebase:firebase-components:18.0.0) with ExtractAarTransform
Transforming firebase-components-18.0.0.aar (com.google.firebase:firebase-components:18.0.0) with AarTransform
Transforming firebase-components-18.0.0.aar (com.google.firebase:firebase-components:18.0.0) with ExtractAarTransform
Transforming firebase-components-18.0.0.aar (com.google.firebase:firebase-components:18.0.0) with AarTransform
Transforming firebase-components-18.0.0.aar (com.google.firebase:firebase-components:18.0.0) with ExtractAarTransform
Transforming firebase-components-18.0.0.aar (com.google.firebase:firebase-components:18.0.0) with AarTransform
Transforming firebase-components-18.0.0.aar (com.google.firebase:firebase-components:18.0.0) with ExtractAarTransform
Transforming firebase-components-18.0.0.aar (com.google.firebase:firebase-components:18.0.0) with AarTransform
Transforming interpolator-1.0.0.aar (androidx.interpolator:interpolator:1.0.0) with ExtractAarTransform
Transforming interpolator-1.0.0.aar (androidx.interpolator:interpolator:1.0.0) with AarTransform
Transforming interpolator-1.0.0.aar (androidx.interpolator:interpolator:1.0.0) with ExtractAarTransform
Transforming interpolator-1.0.0.aar (androidx.interpolator:interpolator:1.0.0) with AarTransform
Transforming startup-runtime-1.1.1.aar (androidx.startup:startup-runtime:1.1.1) with ExtractAarTransform
Transforming startup-runtime-1.1.1.aar (androidx.startup:startup-runtime:1.1.1) with AarTransform
Transforming tracing-1.0.0.aar (androidx.tracing:tracing:1.0.0) with ExtractAarTransform
Transforming tracing-1.0.0.aar (androidx.tracing:tracing:1.0.0) with AarTransform
Transforming firebase-datatransport-18.2.0.aar (com.google.firebase:firebase-datatransport:18.2.0) with ExtractAarTransform
Transforming firebase-datatransport-18.2.0.aar (com.google.firebase:firebase-datatransport:18.2.0) with AarTransform
Transforming transport-backend-cct-3.1.9.aar (com.google.android.datatransport:transport-backend-cct:3.1.9) with ExtractAarTransform
Transforming transport-backend-cct-3.1.9.aar (com.google.android.datatransport:transport-backend-cct:3.1.9) with AarTransform
Transforming transport-backend-cct-3.1.9.aar (com.google.android.datatransport:transport-backend-cct:3.1.9) with ExtractAarTransform
Transforming transport-backend-cct-3.1.9.aar (com.google.android.datatransport:transport-backend-cct:3.1.9) with AarTransform
Transforming firebase-encoders-json-18.0.0.aar (com.google.firebase:firebase-encoders-json:18.0.0) with ExtractAarTransform
Transforming firebase-encoders-json-18.0.0.aar (com.google.firebase:firebase-encoders-json:18.0.0) with AarTransform
Transforming firebase-encoders-json-18.0.0.aar (com.google.firebase:firebase-encoders-json:18.0.0) with ExtractAarTransform
Transforming firebase-encoders-json-18.0.0.aar (com.google.firebase:firebase-encoders-json:18.0.0) with AarTransform
Transforming transport-runtime-3.1.9.aar (com.google.android.datatransport:transport-runtime:3.1.9) with ExtractAarTransform
Transforming transport-runtime-3.1.9.aar (com.google.android.datatransport:transport-runtime:3.1.9) with AarTransform
Transforming transport-runtime-3.1.9.aar (com.google.android.datatransport:transport-runtime:3.1.9) with ExtractAarTransform
Transforming transport-runtime-3.1.9.aar (com.google.android.datatransport:transport-runtime:3.1.9) with AarTransform
Transforming transport-runtime-3.1.9.aar (com.google.android.datatransport:transport-runtime:3.1.9) with ExtractAarTransform
Transforming transport-runtime-3.1.9.aar (com.google.android.datatransport:transport-runtime:3.1.9) with AarTransform
Transforming transport-api-3.1.0.aar (com.google.android.datatransport:transport-api:3.1.0) with ExtractAarTransform
Transforming transport-api-3.1.0.aar (com.google.android.datatransport:transport-api:3.1.0) with AarTransform
Transforming transport-api-3.1.0.aar (com.google.android.datatransport:transport-api:3.1.0) with ExtractAarTransform
Transforming transport-api-3.1.0.aar (com.google.android.datatransport:transport-api:3.1.0) with AarTransform
Transforming transport-api-3.1.0.aar (com.google.android.datatransport:transport-api:3.1.0) with ExtractAarTransform
Transforming transport-api-3.1.0.aar (com.google.android.datatransport:transport-api:3.1.0) with AarTransform
Transforming transport-api-3.1.0.aar (com.google.android.datatransport:transport-api:3.1.0) with ExtractAarTransform
Transforming transport-api-3.1.0.aar (com.google.android.datatransport:transport-api:3.1.0) with AarTransform
Transforming exifinterface-1.3.7.aar (androidx.exifinterface:exifinterface:1.3.7) with ExtractAarTransform
Transforming exifinterface-1.3.7.aar (androidx.exifinterface:exifinterface:1.3.7) with AarTransform
Transforming documentfile-1.0.0.aar (androidx.documentfile:documentfile:1.0.0) with ExtractAarTransform
Transforming documentfile-1.0.0.aar (androidx.documentfile:documentfile:1.0.0) with AarTransform
Transforming print-1.0.0.aar (androidx.print:print:1.0.0) with ExtractAarTransform
Transforming print-1.0.0.aar (androidx.print:print:1.0.0) with AarTransform
Transforming core-runtime-2.2.0.aar (androidx.arch.core:core-runtime:2.2.0) with ExtractAarTransform
Transforming core-runtime-2.2.0.aar (androidx.arch.core:core-runtime:2.2.0) with AarTransform
Transforming core-viewtree-1.0.0.aar (androidx.core:core-viewtree:1.0.0) with ExtractAarTransform
Transforming core-viewtree-1.0.0.aar (androidx.core:core-viewtree:1.0.0) with AarTransform
Transforming protolite-well-known-types-18.0.0.aar (com.google.firebase:protolite-well-known-types:18.0.0) with ExtractAarTransform
Transforming protolite-well-known-types-18.0.0.aar (com.google.firebase:protolite-well-known-types:18.0.0) with AarTransform
Transforming grpc-android-1.62.2.aar (io.grpc:grpc-android:1.62.2) with ExtractAarTransform
Transforming grpc-android-1.62.2.aar (io.grpc:grpc-android:1.62.2) with AarTransform
Transforming core-common-2.0.3.aar (com.google.android.play:core-common:2.0.3) with ExtractAarTransform
Transforming core-common-2.0.3.aar (com.google.android.play:core-common:2.0.3) with AarTransform
Transforming dotsindicator-5.1.0.aar (com.tbuonomo:dotsindicator:5.1.0) with ExtractAarTransform
Transforming dotsindicator-5.1.0.aar (com.tbuonomo:dotsindicator:5.1.0) with AarTransform
Transforming coil-compose-2.7.0.aar (io.coil-kt:coil-compose:2.7.0) with ExtractAarTransform
Transforming coil-compose-2.7.0.aar (io.coil-kt:coil-compose:2.7.0) with AarTransform
Transforming coil-compose-base-2.7.0.aar (io.coil-kt:coil-compose-base:2.7.0) with ExtractAarTransform
Transforming coil-compose-base-2.7.0.aar (io.coil-kt:coil-compose-base:2.7.0) with AarTransform
Transforming coil-2.7.0.aar (io.coil-kt:coil:2.7.0) with ExtractAarTransform
Transforming coil-2.7.0.aar (io.coil-kt:coil:2.7.0) with AarTransform
Transforming coil-base-2.7.0.aar (io.coil-kt:coil-base:2.7.0) with ExtractAarTransform
Transforming coil-base-2.7.0.aar (io.coil-kt:coil-base:2.7.0) with AarTransform
Transforming appcompat-resources-1.7.0.aar (androidx.appcompat:appcompat-resources:1.7.0) with ExtractAarTransform
Transforming appcompat-resources-1.7.0.aar (androidx.appcompat:appcompat-resources:1.7.0) with AarTransform
Transforming appcompat-1.7.0.aar (androidx.appcompat:appcompat:1.7.0) with ExtractAarTransform
Transforming appcompat-1.7.0.aar (androidx.appcompat:appcompat:1.7.0) with AarTransform
Transforming generativeai-0.9.0.aar (com.google.ai.client.generativeai:generativeai:0.9.0) with ExtractAarTransform
Transforming generativeai-0.9.0.aar (com.google.ai.client.generativeai:generativeai:0.9.0) with AarTransform
Transforming drawerlayout-1.0.0.aar (androidx.drawerlayout:drawerlayout:1.0.0) with ExtractAarTransform
Transforming drawerlayout-1.0.0.aar (androidx.drawerlayout:drawerlayout:1.0.0) with AarTransform
Transforming navigation-common-2.8.5.aar (androidx.navigation:navigation-common:2.8.5) with ExtractAarTransform
Transforming navigation-common-2.8.5.aar (androidx.navigation:navigation-common:2.8.5) with AarTransform
Transforming navigation-runtime-2.8.5.aar (androidx.navigation:navigation-runtime:2.8.5) with ExtractAarTransform
Transforming navigation-runtime-2.8.5.aar (androidx.navigation:navigation-runtime:2.8.5) with AarTransform
Transforming navigation-common-ktx-2.8.5.aar (androidx.navigation:navigation-common-ktx:2.8.5) with ExtractAarTransform
Transforming navigation-common-ktx-2.8.5.aar (androidx.navigation:navigation-common-ktx:2.8.5) with AarTransform
Transforming navigation-runtime-ktx-2.8.5.aar (androidx.navigation:navigation-runtime-ktx:2.8.5) with ExtractAarTransform
Transforming navigation-runtime-ktx-2.8.5.aar (androidx.navigation:navigation-runtime-ktx:2.8.5) with AarTransform
Transforming navigation-compose-2.8.5.aar (androidx.navigation:navigation-compose:2.8.5) with ExtractAarTransform
Transforming navigation-compose-2.8.5.aar (androidx.navigation:navigation-compose:2.8.5) with AarTransform
Transforming material3.aar (androidx.compose.material3:material3-android:1.4.0) with ExtractAarTransform
Transforming material3.aar (androidx.compose.material3:material3-android:1.4.0) with AarTransform
Transforming accompanist-drawablepainter-0.32.0.aar (com.google.accompanist:accompanist-drawablepainter:0.32.0) with ExtractAarTransform
Transforming accompanist-drawablepainter-0.32.0.aar (com.google.accompanist:accompanist-drawablepainter:0.32.0) with AarTransform
Transforming material-icons-extended-release.aar (androidx.compose.material:material-icons-extended-android:1.7.2) with ExtractAarTransform
Transforming material-icons-extended-release.aar (androidx.compose.material:material-icons-extended-android:1.7.2) with AarTransform
Transforming material-icons-core-release.aar (androidx.compose.material:material-icons-core-android:1.7.2) with ExtractAarTransform
Transforming material-icons-core-release.aar (androidx.compose.material:material-icons-core-android:1.7.2) with AarTransform
Transforming ui-tooling-data-release.aar (androidx.compose.ui:ui-tooling-data-android:1.8.2) with ExtractAarTransform
Transforming ui-tooling-data-release.aar (androidx.compose.ui:ui-tooling-data-android:1.8.2) with AarTransform
Transforming ui-tooling-preview-release.aar (androidx.compose.ui:ui-tooling-preview-android:1.8.2) with ExtractAarTransform
Transforming ui-tooling-preview-release.aar (androidx.compose.ui:ui-tooling-preview-android:1.8.2) with AarTransform
Transforming foundation-release.aar (androidx.compose.foundation:foundation-android:1.8.2) with ExtractAarTransform
Transforming foundation-release.aar (androidx.compose.foundation:foundation-android:1.8.2) with AarTransform
Transforming foundation-layout-release.aar (androidx.compose.foundation:foundation-layout-android:1.8.2) with ExtractAarTransform
Transforming foundation-layout-release.aar (androidx.compose.foundation:foundation-layout-android:1.8.2) with AarTransform
Transforming animation-core-release.aar (androidx.compose.animation:animation-core-android:1.8.2) with ExtractAarTransform
Transforming animation-core-release.aar (androidx.compose.animation:animation-core-android:1.8.2) with AarTransform
Transforming animation-release.aar (androidx.compose.animation:animation-android:1.8.2) with ExtractAarTransform
Transforming animation-release.aar (androidx.compose.animation:animation-android:1.8.2) with AarTransform
Transforming ui-geometry-release.aar (androidx.compose.ui:ui-geometry-android:1.8.2) with ExtractAarTransform
Transforming ui-geometry-release.aar (androidx.compose.ui:ui-geometry-android:1.8.2) with AarTransform
Transforming ui-tooling-release.aar (androidx.compose.ui:ui-tooling-android:1.8.2) with ExtractAarTransform
Transforming ui-tooling-release.aar (androidx.compose.ui:ui-tooling-android:1.8.2) with AarTransform
Transforming material-release.aar (androidx.compose.material:material-android:1.7.2) with ExtractAarTransform
Transforming material-release.aar (androidx.compose.material:material-android:1.7.2) with AarTransform
Transforming material-ripple-release.aar (androidx.compose.material:material-ripple-android:1.8.1) with ExtractAarTransform
Transforming material-ripple-release.aar (androidx.compose.material:material-ripple-android:1.8.1) with AarTransform
Transforming ui-util-release.aar (androidx.compose.ui:ui-util-android:1.8.2) with ExtractAarTransform
Transforming ui-util-release.aar (androidx.compose.ui:ui-util-android:1.8.2) with AarTransform
Transforming ui-unit-release.aar (androidx.compose.ui:ui-unit-android:1.8.2) with ExtractAarTransform
Transforming ui-unit-release.aar (androidx.compose.ui:ui-unit-android:1.8.2) with AarTransform
Transforming ui-text-release.aar (androidx.compose.ui:ui-text-android:1.8.2) with ExtractAarTransform
Transforming ui-text-release.aar (androidx.compose.ui:ui-text-android:1.8.2) with AarTransform
Transforming ui-graphics-release.aar (androidx.compose.ui:ui-graphics-android:1.8.2) with ExtractAarTransform
Transforming ui-graphics-release.aar (androidx.compose.ui:ui-graphics-android:1.8.2) with AarTransform
Transforming ui-test-manifest-1.8.2.aar (androidx.compose.ui:ui-test-manifest:1.8.2) with ExtractAarTransform
Transforming ui-test-manifest-1.8.2.aar (androidx.compose.ui:ui-test-manifest:1.8.2) with AarTransform
Transforming firebase-auth-23.1.0.aar (com.google.firebase:firebase-auth:23.1.0) with ExtractAarTransform
Transforming firebase-auth-23.1.0.aar (com.google.firebase:firebase-auth:23.1.0) with AarTransform
Transforming play-services-maps-19.0.0.aar (com.google.android.gms:play-services-maps:19.0.0) with ExtractAarTransform
Transforming play-services-maps-19.0.0.aar (com.google.android.gms:play-services-maps:19.0.0) with AarTransform
Transforming firebase-firestore-25.1.1.aar (com.google.firebase:firebase-firestore:25.1.1) with ExtractAarTransform
Transforming firebase-firestore-25.1.1.aar (com.google.firebase:firebase-firestore:25.1.1) with AarTransform
Transforming play-services-location-21.0.0.aar (com.google.android.gms:play-services-location:21.0.0) with ExtractAarTransform
Transforming play-services-location-21.0.0.aar (com.google.android.gms:play-services-location:21.0.0) with AarTransform
Transforming googleid-1.1.1.aar (com.google.android.libraries.identity.googleid:googleid:1.1.1) with ExtractAarTransform
Transforming googleid-1.1.1.aar (com.google.android.libraries.identity.googleid:googleid:1.1.1) with AarTransform
Transforming credentials-1.3.0.aar (androidx.credentials:credentials:1.3.0) with ExtractAarTransform
Transforming credentials-1.3.0.aar (androidx.credentials:credentials:1.3.0) with AarTransform
Transforming credentials-1.3.0.aar (androidx.credentials:credentials:1.3.0) with ExtractAarTransform
Transforming credentials-1.3.0.aar (androidx.credentials:credentials:1.3.0) with AarTransform
Transforming credentials-1.3.0.aar (androidx.credentials:credentials:1.3.0) with ExtractAarTransform
Transforming credentials-1.3.0.aar (androidx.credentials:credentials:1.3.0) with AarTransform
Transforming credentials-play-services-auth-1.3.0.aar (androidx.credentials:credentials-play-services-auth:1.3.0) with ExtractAarTransform
Transforming credentials-play-services-auth-1.3.0.aar (androidx.credentials:credentials-play-services-auth:1.3.0) with AarTransform
Transforming credentials-play-services-auth-1.3.0.aar (androidx.credentials:credentials-play-services-auth:1.3.0) with ExtractAarTransform
Transforming credentials-play-services-auth-1.3.0.aar (androidx.credentials:credentials-play-services-auth:1.3.0) with AarTransform
Transforming play-services-auth-21.1.1.aar (com.google.android.gms:play-services-auth:21.1.1) with ExtractAarTransform
Transforming play-services-auth-21.1.1.aar (com.google.android.gms:play-services-auth:21.1.1) with AarTransform
Transforming play-services-auth-api-phone-18.0.2.aar (com.google.android.gms:play-services-auth-api-phone:18.0.2) with ExtractAarTransform
Transforming play-services-auth-api-phone-18.0.2.aar (com.google.android.gms:play-services-auth-api-phone:18.0.2) with AarTransform
Transforming play-services-auth-api-phone-18.0.2.aar (com.google.android.gms:play-services-auth-api-phone:18.0.2) with ExtractAarTransform
Transforming play-services-auth-api-phone-18.0.2.aar (com.google.android.gms:play-services-auth-api-phone:18.0.2) with AarTransform
Transforming recaptcha-18.5.1.aar (com.google.android.recaptcha:recaptcha:18.5.1) with ExtractAarTransform
Transforming recaptcha-18.5.1.aar (com.google.android.recaptcha:recaptcha:18.5.1) with AarTransform
Transforming integrity-1.3.0.aar (com.google.android.play:integrity:1.3.0) with ExtractAarTransform
Transforming integrity-1.3.0.aar (com.google.android.play:integrity:1.3.0) with AarTransform
Transforming integrity-1.3.0.aar (com.google.android.play:integrity:1.3.0) with ExtractAarTransform
Transforming integrity-1.3.0.aar (com.google.android.play:integrity:1.3.0) with AarTransform
Transforming firebase-storage-ktx-21.0.1.aar (com.google.firebase:firebase-storage-ktx:21.0.1) with ExtractAarTransform
Transforming firebase-storage-ktx-21.0.1.aar (com.google.firebase:firebase-storage-ktx:21.0.1) with AarTransform
Transforming firebase-storage-21.0.1.aar (com.google.firebase:firebase-storage:21.0.1) with ExtractAarTransform
Transforming firebase-storage-21.0.1.aar (com.google.firebase:firebase-storage:21.0.1) with AarTransform
Transforming firebase-auth-interop-20.0.0.aar (com.google.firebase:firebase-auth-interop:20.0.0) with ExtractAarTransform
Transforming firebase-auth-interop-20.0.0.aar (com.google.firebase:firebase-auth-interop:20.0.0) with AarTransform
Transforming firebase-auth-interop-20.0.0.aar (com.google.firebase:firebase-auth-interop:20.0.0) with ExtractAarTransform
Transforming firebase-auth-interop-20.0.0.aar (com.google.firebase:firebase-auth-interop:20.0.0) with AarTransform
Transforming firebase-auth-interop-20.0.0.aar (com.google.firebase:firebase-auth-interop:20.0.0) with ExtractAarTransform
Transforming firebase-auth-interop-20.0.0.aar (com.google.firebase:firebase-auth-interop:20.0.0) with AarTransform
Transforming firebase-messaging-ktx-24.1.0.aar (com.google.firebase:firebase-messaging-ktx:24.1.0) with ExtractAarTransform
Transforming firebase-messaging-ktx-24.1.0.aar (com.google.firebase:firebase-messaging-ktx:24.1.0) with AarTransform
Transforming firebase-messaging-24.1.0.aar (com.google.firebase:firebase-messaging:24.1.0) with ExtractAarTransform
Transforming firebase-messaging-24.1.0.aar (com.google.firebase:firebase-messaging:24.1.0) with AarTransform
Transforming firebase-appcheck-18.0.0.aar (com.google.firebase:firebase-appcheck:18.0.0) with ExtractAarTransform
Transforming firebase-appcheck-18.0.0.aar (com.google.firebase:firebase-appcheck:18.0.0) with AarTransform
Transforming firebase-installations-18.0.0.aar (com.google.firebase:firebase-installations:18.0.0) with ExtractAarTransform
Transforming firebase-installations-18.0.0.aar (com.google.firebase:firebase-installations:18.0.0) with AarTransform
Transforming firebase-common-ktx-21.0.0.aar (com.google.firebase:firebase-common-ktx:21.0.0) with ExtractAarTransform
Transforming firebase-common-ktx-21.0.0.aar (com.google.firebase:firebase-common-ktx:21.0.0) with AarTransform
Transforming firebase-common-ktx-21.0.0.aar (com.google.firebase:firebase-common-ktx:21.0.0) with ExtractAarTransform
Transforming firebase-common-ktx-21.0.0.aar (com.google.firebase:firebase-common-ktx:21.0.0) with AarTransform
Transforming firebase-common-ktx-21.0.0.aar (com.google.firebase:firebase-common-ktx:21.0.0) with ExtractAarTransform
Transforming firebase-common-ktx-21.0.0.aar (com.google.firebase:firebase-common-ktx:21.0.0) with AarTransform
Transforming firebase-common-ktx-21.0.0.aar (com.google.firebase:firebase-common-ktx:21.0.0) with ExtractAarTransform
Transforming firebase-common-ktx-21.0.0.aar (com.google.firebase:firebase-common-ktx:21.0.0) with AarTransform
Transforming firebase-common-ktx-21.0.0.aar (com.google.firebase:firebase-common-ktx:21.0.0) with ExtractAarTransform
Transforming firebase-common-ktx-21.0.0.aar (com.google.firebase:firebase-common-ktx:21.0.0) with AarTransform
Transforming firebase-common-ktx-21.0.0.aar (com.google.firebase:firebase-common-ktx:21.0.0) with ExtractAarTransform
Transforming firebase-common-ktx-21.0.0.aar (com.google.firebase:firebase-common-ktx:21.0.0) with AarTransform
Transforming firebase-common-ktx-21.0.0.aar (com.google.firebase:firebase-common-ktx:21.0.0) with ExtractAarTransform
Transforming firebase-common-ktx-21.0.0.aar (com.google.firebase:firebase-common-ktx:21.0.0) with AarTransform
Transforming firebase-common-ktx-21.0.0.aar (com.google.firebase:firebase-common-ktx:21.0.0) with ExtractAarTransform
Transforming firebase-common-ktx-21.0.0.aar (com.google.firebase:firebase-common-ktx:21.0.0) with AarTransform
Transforming firebase-common-21.0.0.aar (com.google.firebase:firebase-common:21.0.0) with ExtractAarTransform
Transforming firebase-common-21.0.0.aar (com.google.firebase:firebase-common:21.0.0) with AarTransform
Transforming firebase-common-21.0.0.aar (com.google.firebase:firebase-common:21.0.0) with ExtractAarTransform
Transforming firebase-common-21.0.0.aar (com.google.firebase:firebase-common:21.0.0) with AarTransform
Transforming firebase-common-21.0.0.aar (com.google.firebase:firebase-common:21.0.0) with ExtractAarTransform
Transforming firebase-common-21.0.0.aar (com.google.firebase:firebase-common:21.0.0) with AarTransform
Transforming firebase-common-21.0.0.aar (com.google.firebase:firebase-common:21.0.0) with ExtractAarTransform
Transforming firebase-common-21.0.0.aar (com.google.firebase:firebase-common:21.0.0) with AarTransform
Transforming firebase-common-21.0.0.aar (com.google.firebase:firebase-common:21.0.0) with ExtractAarTransform
Transforming firebase-common-21.0.0.aar (com.google.firebase:firebase-common:21.0.0) with AarTransform
Transforming firebase-common-21.0.0.aar (com.google.firebase:firebase-common:21.0.0) with ExtractAarTransform
Transforming firebase-common-21.0.0.aar (com.google.firebase:firebase-common:21.0.0) with AarTransform
Transforming firebase-common-21.0.0.aar (com.google.firebase:firebase-common:21.0.0) with ExtractAarTransform
Transforming firebase-common-21.0.0.aar (com.google.firebase:firebase-common:21.0.0) with AarTransform
Transforming firebase-common-21.0.0.aar (com.google.firebase:firebase-common:21.0.0) with ExtractAarTransform
Transforming firebase-common-21.0.0.aar (com.google.firebase:firebase-common:21.0.0) with AarTransform
Transforming firebase-common-21.0.0.aar (com.google.firebase:firebase-common:21.0.0) with ExtractAarTransform
Transforming firebase-common-21.0.0.aar (com.google.firebase:firebase-common:21.0.0) with AarTransform
Transforming firebase-database-collection-18.0.1.aar (com.google.firebase:firebase-database-collection:18.0.1) with ExtractAarTransform
Transforming firebase-database-collection-18.0.1.aar (com.google.firebase:firebase-database-collection:18.0.1) with AarTransform
Transforming play-services-fido-21.0.0.aar (com.google.android.gms:play-services-fido:21.0.0) with ExtractAarTransform
Transforming play-services-fido-21.0.0.aar (com.google.android.gms:play-services-fido:21.0.0) with AarTransform
Transforming play-services-fido-21.0.0.aar (com.google.android.gms:play-services-fido:21.0.0) with ExtractAarTransform
Transforming play-services-fido-21.0.0.aar (com.google.android.gms:play-services-fido:21.0.0) with AarTransform
Transforming play-services-auth-base-18.0.10.aar (com.google.android.gms:play-services-auth-base:18.0.10) with ExtractAarTransform
Transforming play-services-auth-base-18.0.10.aar (com.google.android.gms:play-services-auth-base:18.0.10) with AarTransform
Transforming firebase-appcheck-interop-17.1.0.aar (com.google.firebase:firebase-appcheck-interop:17.1.0) with ExtractAarTransform
Transforming firebase-appcheck-interop-17.1.0.aar (com.google.firebase:firebase-appcheck-interop:17.1.0) with AarTransform
Transforming firebase-appcheck-interop-17.1.0.aar (com.google.firebase:firebase-appcheck-interop:17.1.0) with ExtractAarTransform
Transforming firebase-appcheck-interop-17.1.0.aar (com.google.firebase:firebase-appcheck-interop:17.1.0) with AarTransform
Transforming firebase-appcheck-interop-17.1.0.aar (com.google.firebase:firebase-appcheck-interop:17.1.0) with ExtractAarTransform
Transforming firebase-appcheck-interop-17.1.0.aar (com.google.firebase:firebase-appcheck-interop:17.1.0) with AarTransform
Transforming firebase-appcheck-interop-17.1.0.aar (com.google.firebase:firebase-appcheck-interop:17.1.0) with ExtractAarTransform
Transforming firebase-appcheck-interop-17.1.0.aar (com.google.firebase:firebase-appcheck-interop:17.1.0) with AarTransform
Transforming play-services-base-18.5.0.aar (com.google.android.gms:play-services-base:18.5.0) with ExtractAarTransform
Transforming play-services-base-18.5.0.aar (com.google.android.gms:play-services-base:18.5.0) with AarTransform
Transforming play-services-base-18.5.0.aar (com.google.android.gms:play-services-base:18.5.0) with ExtractAarTransform
Transforming play-services-base-18.5.0.aar (com.google.android.gms:play-services-base:18.5.0) with AarTransform
Transforming play-services-base-18.5.0.aar (com.google.android.gms:play-services-base:18.5.0) with ExtractAarTransform
Transforming play-services-base-18.5.0.aar (com.google.android.gms:play-services-base:18.5.0) with AarTransform
Transforming play-services-base-18.5.0.aar (com.google.android.gms:play-services-base:18.5.0) with ExtractAarTransform
Transforming play-services-base-18.5.0.aar (com.google.android.gms:play-services-base:18.5.0) with AarTransform
Transforming play-services-base-18.5.0.aar (com.google.android.gms:play-services-base:18.5.0) with ExtractAarTransform
Transforming play-services-base-18.5.0.aar (com.google.android.gms:play-services-base:18.5.0) with AarTransform
Transforming play-services-base-18.5.0.aar (com.google.android.gms:play-services-base:18.5.0) with ExtractAarTransform
Transforming play-services-base-18.5.0.aar (com.google.android.gms:play-services-base:18.5.0) with AarTransform
Transforming play-services-base-18.5.0.aar (com.google.android.gms:play-services-base:18.5.0) with ExtractAarTransform
Transforming play-services-base-18.5.0.aar (com.google.android.gms:play-services-base:18.5.0) with AarTransform
Transforming play-services-base-18.5.0.aar (com.google.android.gms:play-services-base:18.5.0) with ExtractAarTransform
Transforming play-services-base-18.5.0.aar (com.google.android.gms:play-services-base:18.5.0) with AarTransform
Transforming play-services-base-18.5.0.aar (com.google.android.gms:play-services-base:18.5.0) with ExtractAarTransform
Transforming play-services-base-18.5.0.aar (com.google.android.gms:play-services-base:18.5.0) with AarTransform
Transforming play-services-base-18.5.0.aar (com.google.android.gms:play-services-base:18.5.0) with ExtractAarTransform
Transforming play-services-base-18.5.0.aar (com.google.android.gms:play-services-base:18.5.0) with AarTransform
Transforming play-services-base-18.5.0.aar (com.google.android.gms:play-services-base:18.5.0) with ExtractAarTransform
Transforming play-services-base-18.5.0.aar (com.google.android.gms:play-services-base:18.5.0) with AarTransform
Transforming play-services-base-18.5.0.aar (com.google.android.gms:play-services-base:18.5.0) with ExtractAarTransform
Transforming play-services-base-18.5.0.aar (com.google.android.gms:play-services-base:18.5.0) with AarTransform
Transforming firebase-iid-interop-17.1.0.aar (com.google.firebase:firebase-iid-interop:17.1.0) with ExtractAarTransform
Transforming firebase-iid-interop-17.1.0.aar (com.google.firebase:firebase-iid-interop:17.1.0) with AarTransform
Transforming play-services-cloud-messaging-17.2.0.aar (com.google.android.gms:play-services-cloud-messaging:17.2.0) with ExtractAarTransform
Transforming play-services-cloud-messaging-17.2.0.aar (com.google.android.gms:play-services-cloud-messaging:17.2.0) with AarTransform
Transforming firebase-installations-interop-17.1.1.aar (com.google.firebase:firebase-installations-interop:17.1.1) with ExtractAarTransform
Transforming firebase-installations-interop-17.1.1.aar (com.google.firebase:firebase-installations-interop:17.1.1) with AarTransform
Transforming firebase-installations-interop-17.1.1.aar (com.google.firebase:firebase-installations-interop:17.1.1) with ExtractAarTransform
Transforming firebase-installations-interop-17.1.1.aar (com.google.firebase:firebase-installations-interop:17.1.1) with AarTransform
Transforming common-0.8.0.aar (com.google.ai.client.generativeai:common:0.8.0) with ExtractAarTransform
Transforming common-0.8.0.aar (com.google.ai.client.generativeai:common:0.8.0) with AarTransform
Transforming runtime-annotation.aar (androidx.compose.runtime:runtime-annotation-android:1.9.0) with ExtractAarTransform
Transforming runtime-annotation.aar (androidx.compose.runtime:runtime-annotation-android:1.9.0) with AarTransform
Transforming runtime-saveable.aar (androidx.compose.runtime:runtime-saveable-android:1.9.0) with ExtractAarTransform
Transforming runtime-saveable.aar (androidx.compose.runtime:runtime-saveable-android:1.9.0) with AarTransform
Transforming savedstate-ktx-1.3.0.aar (androidx.savedstate:savedstate-ktx:1.3.0) with ExtractAarTransform
Transforming savedstate-ktx-1.3.0.aar (androidx.savedstate:savedstate-ktx:1.3.0) with AarTransform
Transforming savedstate-compose-release.aar (androidx.savedstate:savedstate-compose-android:1.3.0) with ExtractAarTransform
Transforming savedstate-compose-release.aar (androidx.savedstate:savedstate-compose-android:1.3.0) with AarTransform
Transforming dynamicanimation-1.0.0.aar (androidx.dynamicanimation:dynamicanimation:1.0.0) with ExtractAarTransform
Transforming dynamicanimation-1.0.0.aar (androidx.dynamicanimation:dynamicanimation:1.0.0) with AarTransform
Transforming play-services-stats-17.0.2.aar (com.google.android.gms:play-services-stats:17.0.2) with ExtractAarTransform
Transforming play-services-stats-17.0.2.aar (com.google.android.gms:play-services-stats:17.0.2) with AarTransform
Transforming legacy-support-core-utils-1.0.0.aar (androidx.legacy:legacy-support-core-utils:1.0.0) with ExtractAarTransform
Transforming legacy-support-core-utils-1.0.0.aar (androidx.legacy:legacy-support-core-utils:1.0.0) with AarTransform
Transforming legacy-support-core-utils-1.0.0.aar (androidx.legacy:legacy-support-core-utils:1.0.0) with ExtractAarTransform
Transforming legacy-support-core-utils-1.0.0.aar (androidx.legacy:legacy-support-core-utils:1.0.0) with AarTransform
Transforming loader-1.1.0.aar (androidx.loader:loader:1.1.0) with ExtractAarTransform
Transforming loader-1.1.0.aar (androidx.loader:loader:1.1.0) with AarTransform
Transforming loader-1.1.0.aar (androidx.loader:loader:1.1.0) with ExtractAarTransform
Transforming loader-1.1.0.aar (androidx.loader:loader:1.1.0) with AarTransform
Transforming loader-1.1.0.aar (androidx.loader:loader:1.1.0) with ExtractAarTransform
Transforming loader-1.1.0.aar (androidx.loader:loader:1.1.0) with AarTransform
Transforming emoji2-views-helper-1.4.0.aar (androidx.emoji2:emoji2-views-helper:1.4.0) with ExtractAarTransform
Transforming emoji2-views-helper-1.4.0.aar (androidx.emoji2:emoji2-views-helper:1.4.0) with AarTransform
Transforming emoji2-1.4.0.aar (androidx.emoji2:emoji2:1.4.0) with ExtractAarTransform
Transforming emoji2-1.4.0.aar (androidx.emoji2:emoji2:1.4.0) with AarTransform
Transforming lifecycle-viewmodel-savedstate-release.aar (androidx.lifecycle:lifecycle-viewmodel-savedstate-android:2.9.0) with ExtractAarTransform
Transforming lifecycle-viewmodel-savedstate-release.aar (androidx.lifecycle:lifecycle-viewmodel-savedstate-android:2.9.0) with AarTransform
Transforming lifecycle-viewmodel-2.9.0.aar (androidx.lifecycle:lifecycle-viewmodel:2.9.0) with ExtractAarTransform
Transforming lifecycle-viewmodel-2.9.0.aar (androidx.lifecycle:lifecycle-viewmodel:2.9.0) with AarTransform
Transforming lifecycle-viewmodel-release.aar (androidx.lifecycle:lifecycle-viewmodel-android:2.9.0) with ExtractAarTransform
Transforming lifecycle-viewmodel-release.aar (androidx.lifecycle:lifecycle-viewmodel-android:2.9.0) with AarTransform
Transforming lifecycle-runtime-ktx.aar (androidx.lifecycle:lifecycle-runtime-ktx-android:2.9.0) with ExtractAarTransform
Transforming lifecycle-runtime-ktx.aar (androidx.lifecycle:lifecycle-runtime-ktx-android:2.9.0) with AarTransform
Transforming lifecycle-runtime-release.aar (androidx.lifecycle:lifecycle-runtime-android:2.9.0) with ExtractAarTransform
Transforming lifecycle-runtime-release.aar (androidx.lifecycle:lifecycle-runtime-android:2.9.0) with AarTransform
Transforming lifecycle-viewmodel-ktx-2.9.0.aar (androidx.lifecycle:lifecycle-viewmodel-ktx:2.9.0) with ExtractAarTransform
Transforming lifecycle-viewmodel-ktx-2.9.0.aar (androidx.lifecycle:lifecycle-viewmodel-ktx:2.9.0) with AarTransform
Transforming lifecycle-process-2.9.0.aar (androidx.lifecycle:lifecycle-process:2.9.0) with ExtractAarTransform
Transforming lifecycle-process-2.9.0.aar (androidx.lifecycle:lifecycle-process:2.9.0) with AarTransform
Transforming lifecycle-livedata-core-2.9.0.aar (androidx.lifecycle:lifecycle-livedata-core:2.9.0) with ExtractAarTransform
Transforming lifecycle-livedata-core-2.9.0.aar (androidx.lifecycle:lifecycle-livedata-core:2.9.0) with AarTransform
Transforming lifecycle-livedata-core-2.9.0.aar (androidx.lifecycle:lifecycle-livedata-core:2.9.0) with ExtractAarTransform
Transforming lifecycle-livedata-core-2.9.0.aar (androidx.lifecycle:lifecycle-livedata-core:2.9.0) with AarTransform
Transforming lifecycle-runtime-compose-release.aar (androidx.lifecycle:lifecycle-runtime-compose-android:2.9.0) with ExtractAarTransform
Transforming lifecycle-runtime-compose-release.aar (androidx.lifecycle:lifecycle-runtime-compose-android:2.9.0) with AarTransform
Transforming runtime.aar (androidx.compose.runtime:runtime-android:1.9.0) with ExtractAarTransform
Transforming runtime.aar (androidx.compose.runtime:runtime-android:1.9.0) with AarTransform
Transforming browser-1.4.0.aar (androidx.browser:browser:1.4.0) with ExtractAarTransform
Transforming browser-1.4.0.aar (androidx.browser:browser:1.4.0) with AarTransform
Transforming profileinstaller-1.4.0.aar (androidx.profileinstaller:profileinstaller:1.4.0) with ExtractAarTransform
Transforming profileinstaller-1.4.0.aar (androidx.profileinstaller:profileinstaller:1.4.0) with AarTransform
Transforming play-services-tasks-18.2.0.aar (com.google.android.gms:play-services-tasks:18.2.0) with ExtractAarTransform
Transforming play-services-tasks-18.2.0.aar (com.google.android.gms:play-services-tasks:18.2.0) with AarTransform
Transforming play-services-tasks-18.2.0.aar (com.google.android.gms:play-services-tasks:18.2.0) with ExtractAarTransform
Transforming play-services-tasks-18.2.0.aar (com.google.android.gms:play-services-tasks:18.2.0) with AarTransform
Transforming play-services-tasks-18.2.0.aar (com.google.android.gms:play-services-tasks:18.2.0) with ExtractAarTransform
Transforming play-services-tasks-18.2.0.aar (com.google.android.gms:play-services-tasks:18.2.0) with AarTransform
Transforming play-services-tasks-18.2.0.aar (com.google.android.gms:play-services-tasks:18.2.0) with ExtractAarTransform
Transforming play-services-tasks-18.2.0.aar (com.google.android.gms:play-services-tasks:18.2.0) with AarTransform
Transforming play-services-tasks-18.2.0.aar (com.google.android.gms:play-services-tasks:18.2.0) with ExtractAarTransform
Transforming play-services-tasks-18.2.0.aar (com.google.android.gms:play-services-tasks:18.2.0) with AarTransform
Transforming play-services-tasks-18.2.0.aar (com.google.android.gms:play-services-tasks:18.2.0) with ExtractAarTransform
Transforming play-services-tasks-18.2.0.aar (com.google.android.gms:play-services-tasks:18.2.0) with AarTransform
Transforming play-services-tasks-18.2.0.aar (com.google.android.gms:play-services-tasks:18.2.0) with ExtractAarTransform
Transforming play-services-tasks-18.2.0.aar (com.google.android.gms:play-services-tasks:18.2.0) with AarTransform
Transforming play-services-tasks-18.2.0.aar (com.google.android.gms:play-services-tasks:18.2.0) with ExtractAarTransform
Transforming play-services-tasks-18.2.0.aar (com.google.android.gms:play-services-tasks:18.2.0) with AarTransform
Transforming play-services-tasks-18.2.0.aar (com.google.android.gms:play-services-tasks:18.2.0) with ExtractAarTransform
Transforming play-services-tasks-18.2.0.aar (com.google.android.gms:play-services-tasks:18.2.0) with AarTransform
Transforming play-services-tasks-18.2.0.aar (com.google.android.gms:play-services-tasks:18.2.0) with ExtractAarTransform
Transforming play-services-tasks-18.2.0.aar (com.google.android.gms:play-services-tasks:18.2.0) with AarTransform
Transforming play-services-tasks-18.2.0.aar (com.google.android.gms:play-services-tasks:18.2.0) with ExtractAarTransform
Transforming play-services-tasks-18.2.0.aar (com.google.android.gms:play-services-tasks:18.2.0) with AarTransform
Transforming play-services-tasks-18.2.0.aar (com.google.android.gms:play-services-tasks:18.2.0) with ExtractAarTransform
Transforming play-services-tasks-18.2.0.aar (com.google.android.gms:play-services-tasks:18.2.0) with AarTransform
Transforming play-services-tasks-18.2.0.aar (com.google.android.gms:play-services-tasks:18.2.0) with ExtractAarTransform
Transforming play-services-tasks-18.2.0.aar (com.google.android.gms:play-services-tasks:18.2.0) with AarTransform
Transforming play-services-tasks-18.2.0.aar (com.google.android.gms:play-services-tasks:18.2.0) with ExtractAarTransform
Transforming play-services-tasks-18.2.0.aar (com.google.android.gms:play-services-tasks:18.2.0) with AarTransform
Transforming play-services-tasks-18.2.0.aar (com.google.android.gms:play-services-tasks:18.2.0) with ExtractAarTransform
Transforming play-services-tasks-18.2.0.aar (com.google.android.gms:play-services-tasks:18.2.0) with AarTransform
Transforming play-services-tasks-18.2.0.aar (com.google.android.gms:play-services-tasks:18.2.0) with ExtractAarTransform
Transforming play-services-tasks-18.2.0.aar (com.google.android.gms:play-services-tasks:18.2.0) with AarTransform
Transforming play-services-tasks-18.2.0.aar (com.google.android.gms:play-services-tasks:18.2.0) with ExtractAarTransform
Transforming play-services-tasks-18.2.0.aar (com.google.android.gms:play-services-tasks:18.2.0) with AarTransform
Transforming play-services-tasks-18.2.0.aar (com.google.android.gms:play-services-tasks:18.2.0) with ExtractAarTransform
Transforming play-services-tasks-18.2.0.aar (com.google.android.gms:play-services-tasks:18.2.0) with AarTransform
Transforming play-services-tasks-18.2.0.aar (com.google.android.gms:play-services-tasks:18.2.0) with ExtractAarTransform
Transforming play-services-tasks-18.2.0.aar (com.google.android.gms:play-services-tasks:18.2.0) with AarTransform
Transforming play-services-tasks-18.2.0.aar (com.google.android.gms:play-services-tasks:18.2.0) with ExtractAarTransform
Transforming play-services-tasks-18.2.0.aar (com.google.android.gms:play-services-tasks:18.2.0) with AarTransform
Transforming play-services-tasks-18.2.0.aar (com.google.android.gms:play-services-tasks:18.2.0) with ExtractAarTransform
Transforming play-services-tasks-18.2.0.aar (com.google.android.gms:play-services-tasks:18.2.0) with AarTransform
Transforming play-services-tasks-18.2.0.aar (com.google.android.gms:play-services-tasks:18.2.0) with ExtractAarTransform
Transforming play-services-tasks-18.2.0.aar (com.google.android.gms:play-services-tasks:18.2.0) with AarTransform
Transforming firebase-measurement-connector-19.0.0.aar (com.google.firebase:firebase-measurement-connector:19.0.0) with ExtractAarTransform
Transforming firebase-measurement-connector-19.0.0.aar (com.google.firebase:firebase-measurement-connector:19.0.0) with AarTransform
Transforming play-services-basement-18.4.0.aar (com.google.android.gms:play-services-basement:18.4.0) with ExtractAarTransform
Transforming play-services-basement-18.4.0.aar (com.google.android.gms:play-services-basement:18.4.0) with AarTransform
Transforming play-services-basement-18.4.0.aar (com.google.android.gms:play-services-basement:18.4.0) with ExtractAarTransform
Transforming play-services-basement-18.4.0.aar (com.google.android.gms:play-services-basement:18.4.0) with AarTransform
Transforming play-services-basement-18.4.0.aar (com.google.android.gms:play-services-basement:18.4.0) with ExtractAarTransform
Transforming play-services-basement-18.4.0.aar (com.google.android.gms:play-services-basement:18.4.0) with AarTransform
Transforming play-services-basement-18.4.0.aar (com.google.android.gms:play-services-basement:18.4.0) with ExtractAarTransform
Transforming play-services-basement-18.4.0.aar (com.google.android.gms:play-services-basement:18.4.0) with AarTransform
Transforming play-services-basement-18.4.0.aar (com.google.android.gms:play-services-basement:18.4.0) with ExtractAarTransform
Transforming play-services-basement-18.4.0.aar (com.google.android.gms:play-services-basement:18.4.0) with AarTransform
Transforming play-services-basement-18.4.0.aar (com.google.android.gms:play-services-basement:18.4.0) with ExtractAarTransform
Transforming play-services-basement-18.4.0.aar (com.google.android.gms:play-services-basement:18.4.0) with AarTransform
Transforming play-services-basement-18.4.0.aar (com.google.android.gms:play-services-basement:18.4.0) with ExtractAarTransform
Transforming play-services-basement-18.4.0.aar (com.google.android.gms:play-services-basement:18.4.0) with AarTransform
Transforming play-services-basement-18.4.0.aar (com.google.android.gms:play-services-basement:18.4.0) with ExtractAarTransform
Transforming play-services-basement-18.4.0.aar (com.google.android.gms:play-services-basement:18.4.0) with AarTransform
Transforming play-services-basement-18.4.0.aar (com.google.android.gms:play-services-basement:18.4.0) with ExtractAarTransform
Transforming play-services-basement-18.4.0.aar (com.google.android.gms:play-services-basement:18.4.0) with AarTransform
Transforming play-services-basement-18.4.0.aar (com.google.android.gms:play-services-basement:18.4.0) with ExtractAarTransform
Transforming play-services-basement-18.4.0.aar (com.google.android.gms:play-services-basement:18.4.0) with AarTransform
Transforming play-services-basement-18.4.0.aar (com.google.android.gms:play-services-basement:18.4.0) with ExtractAarTransform
Transforming play-services-basement-18.4.0.aar (com.google.android.gms:play-services-basement:18.4.0) with AarTransform
Transforming play-services-basement-18.4.0.aar (com.google.android.gms:play-services-basement:18.4.0) with ExtractAarTransform
Transforming play-services-basement-18.4.0.aar (com.google.android.gms:play-services-basement:18.4.0) with AarTransform
Transforming play-services-basement-18.4.0.aar (com.google.android.gms:play-services-basement:18.4.0) with ExtractAarTransform
Transforming play-services-basement-18.4.0.aar (com.google.android.gms:play-services-basement:18.4.0) with AarTransform
Transforming play-services-basement-18.4.0.aar (com.google.android.gms:play-services-basement:18.4.0) with ExtractAarTransform
Transforming play-services-basement-18.4.0.aar (com.google.android.gms:play-services-basement:18.4.0) with AarTransform
Transforming play-services-basement-18.4.0.aar (com.google.android.gms:play-services-basement:18.4.0) with ExtractAarTransform
Transforming play-services-basement-18.4.0.aar (com.google.android.gms:play-services-basement:18.4.0) with AarTransform
Transforming play-services-basement-18.4.0.aar (com.google.android.gms:play-services-basement:18.4.0) with ExtractAarTransform
Transforming play-services-basement-18.4.0.aar (com.google.android.gms:play-services-basement:18.4.0) with AarTransform
Transforming play-services-basement-18.4.0.aar (com.google.android.gms:play-services-basement:18.4.0) with ExtractAarTransform
Transforming play-services-basement-18.4.0.aar (com.google.android.gms:play-services-basement:18.4.0) with AarTransform
Transforming play-services-basement-18.4.0.aar (com.google.android.gms:play-services-basement:18.4.0) with ExtractAarTransform
Transforming play-services-basement-18.4.0.aar (com.google.android.gms:play-services-basement:18.4.0) with AarTransform
Transforming play-services-basement-18.4.0.aar (com.google.android.gms:play-services-basement:18.4.0) with ExtractAarTransform
Transforming play-services-basement-18.4.0.aar (com.google.android.gms:play-services-basement:18.4.0) with AarTransform
Transforming recyclerview-1.3.1.aar (androidx.recyclerview:recyclerview:1.3.1) with ExtractAarTransform
Transforming recyclerview-1.3.1.aar (androidx.recyclerview:recyclerview:1.3.1) with AarTransform
Transforming viewpager2-1.1.0.aar (androidx.viewpager2:viewpager2:1.1.0) with ExtractAarTransform
Transforming viewpager2-1.1.0.aar (androidx.viewpager2:viewpager2:1.1.0) with AarTransform
Transforming fragment-1.5.7.aar (androidx.fragment:fragment:1.5.7) with ExtractAarTransform
Transforming fragment-1.5.7.aar (androidx.fragment:fragment:1.5.7) with AarTransform
Transforming fragment-1.5.7.aar (androidx.fragment:fragment:1.5.7) with ExtractAarTransform
Transforming fragment-1.5.7.aar (androidx.fragment:fragment:1.5.7) with AarTransform
Transforming fragment-1.5.7.aar (androidx.fragment:fragment:1.5.7) with ExtractAarTransform
Transforming fragment-1.5.7.aar (androidx.fragment:fragment:1.5.7) with AarTransform
Transforming fragment-1.5.7.aar (androidx.fragment:fragment:1.5.7) with ExtractAarTransform
Transforming fragment-1.5.7.aar (androidx.fragment:fragment:1.5.7) with AarTransform
Transforming fragment-1.5.7.aar (androidx.fragment:fragment:1.5.7) with ExtractAarTransform
Transforming fragment-1.5.7.aar (androidx.fragment:fragment:1.5.7) with AarTransform
Transforming fragment-1.5.7.aar (androidx.fragment:fragment:1.5.7) with ExtractAarTransform
Transforming fragment-1.5.7.aar (androidx.fragment:fragment:1.5.7) with AarTransform
Transforming savedstate-release.aar (androidx.savedstate:savedstate-android:1.3.0) with ExtractAarTransform
Transforming savedstate-release.aar (androidx.savedstate:savedstate-android:1.3.0) with AarTransform
Transforming lifecycle-viewmodel-compose-release.aar (androidx.lifecycle:lifecycle-viewmodel-compose-android:2.9.0) with ExtractAarTransform
Transforming lifecycle-viewmodel-compose-release.aar (androidx.lifecycle:lifecycle-viewmodel-compose-android:2.9.0) with AarTransform
Transforming ui-release.aar (androidx.compose.ui:ui-android:1.8.2) with ExtractAarTransform
Transforming ui-release.aar (androidx.compose.ui:ui-android:1.8.2) with AarTransform
Transforming activity-ktx-1.9.3.aar (androidx.activity:activity-ktx:1.9.3) with ExtractAarTransform
Transforming activity-ktx-1.9.3.aar (androidx.activity:activity-ktx:1.9.3) with AarTransform
Transforming activity-compose-1.9.3.aar (androidx.activity:activity-compose:1.9.3) with ExtractAarTransform
Transforming activity-compose-1.9.3.aar (androidx.activity:activity-compose:1.9.3) with AarTransform
Transforming activity-1.9.3.aar (androidx.activity:activity:1.9.3) with ExtractAarTransform
Transforming activity-1.9.3.aar (androidx.activity:activity:1.9.3) with AarTransform
Transforming vectordrawable-animated-1.1.0.aar (androidx.vectordrawable:vectordrawable-animated:1.1.0) with ExtractAarTransform
Transforming vectordrawable-animated-1.1.0.aar (androidx.vectordrawable:vectordrawable-animated:1.1.0) with AarTransform
Transforming vectordrawable-1.1.0.aar (androidx.vectordrawable:vectordrawable:1.1.0) with ExtractAarTransform
Transforming vectordrawable-1.1.0.aar (androidx.vectordrawable:vectordrawable:1.1.0) with AarTransform
Transforming vectordrawable-1.1.0.aar (androidx.vectordrawable:vectordrawable:1.1.0) with ExtractAarTransform
Transforming vectordrawable-1.1.0.aar (androidx.vectordrawable:vectordrawable:1.1.0) with AarTransform
Transforming viewpager-1.0.0.aar (androidx.viewpager:viewpager:1.0.0) with ExtractAarTransform
Transforming viewpager-1.0.0.aar (androidx.viewpager:viewpager:1.0.0) with AarTransform
Transforming customview-1.0.0.aar (androidx.customview:customview:1.0.0) with ExtractAarTransform
Transforming customview-1.0.0.aar (androidx.customview:customview:1.0.0) with AarTransform
Transforming customview-1.0.0.aar (androidx.customview:customview:1.0.0) with ExtractAarTransform
Transforming customview-1.0.0.aar (androidx.customview:customview:1.0.0) with AarTransform
Transforming customview-1.0.0.aar (androidx.customview:customview:1.0.0) with ExtractAarTransform
Transforming customview-1.0.0.aar (androidx.customview:customview:1.0.0) with AarTransform
Transforming autofill-1.0.0.aar (androidx.autofill:autofill:1.0.0) with ExtractAarTransform
Transforming autofill-1.0.0.aar (androidx.autofill:autofill:1.0.0) with AarTransform
Transforming graphics-path-1.0.1.aar (androidx.graphics:graphics-path:1.0.1) with ExtractAarTransform
Transforming graphics-path-1.0.1.aar (androidx.graphics:graphics-path:1.0.1) with AarTransform
Transforming core-1.13.1.aar (androidx.core:core:1.13.1) with ExtractAarTransform
Transforming core-1.13.1.aar (androidx.core:core:1.13.1) with AarTransform
Transforming core-1.13.1.aar (androidx.core:core:1.13.1) with ExtractAarTransform
Transforming core-1.13.1.aar (androidx.core:core:1.13.1) with AarTransform
Transforming core-1.13.1.aar (androidx.core:core:1.13.1) with ExtractAarTransform
Transforming core-1.13.1.aar (androidx.core:core:1.13.1) with AarTransform
Transforming core-1.13.1.aar (androidx.core:core:1.13.1) with ExtractAarTransform
Transforming core-1.13.1.aar (androidx.core:core:1.13.1) with AarTransform
Transforming core-1.13.1.aar (androidx.core:core:1.13.1) with ExtractAarTransform
Transforming core-1.13.1.aar (androidx.core:core:1.13.1) with AarTransform
Transforming core-1.13.1.aar (androidx.core:core:1.13.1) with ExtractAarTransform
Transforming core-1.13.1.aar (androidx.core:core:1.13.1) with AarTransform
Transforming core-1.13.1.aar (androidx.core:core:1.13.1) with ExtractAarTransform
Transforming core-1.13.1.aar (androidx.core:core:1.13.1) with AarTransform
Transforming core-1.13.1.aar (androidx.core:core:1.13.1) with ExtractAarTransform
Transforming core-1.13.1.aar (androidx.core:core:1.13.1) with AarTransform
Transforming core-1.13.1.aar (androidx.core:core:1.13.1) with ExtractAarTransform
Transforming core-1.13.1.aar (androidx.core:core:1.13.1) with AarTransform
Transforming core-1.13.1.aar (androidx.core:core:1.13.1) with ExtractAarTransform
Transforming core-1.13.1.aar (androidx.core:core:1.13.1) with AarTransform
Transforming core-1.13.1.aar (androidx.core:core:1.13.1) with ExtractAarTransform
Transforming core-1.13.1.aar (androidx.core:core:1.13.1) with AarTransform
Transforming customview-poolingcontainer-1.0.0.aar (androidx.customview:customview-poolingcontainer:1.0.0) with ExtractAarTransform
Transforming customview-poolingcontainer-1.0.0.aar (androidx.customview:customview-poolingcontainer:1.0.0) with AarTransform
Transforming core-ktx-1.13.1.aar (androidx.core:core-ktx:1.13.1) with ExtractAarTransform
Transforming core-ktx-1.13.1.aar (androidx.core:core-ktx:1.13.1) with AarTransform
Transforming annotation-experimental-1.4.1.aar (androidx.annotation:annotation-experimental:1.4.1) with ExtractAarTransform
Transforming annotation-experimental-1.4.1.aar (androidx.annotation:annotation-experimental:1.4.1) with AarTransform
Transforming versionedparcelable-1.1.1.aar (androidx.versionedparcelable:versionedparcelable:1.1.1) with ExtractAarTransform
Transforming versionedparcelable-1.1.1.aar (androidx.versionedparcelable:versionedparcelable:1.1.1) with AarTransform
Transforming cursoradapter-1.0.0.aar (androidx.cursoradapter:cursoradapter:1.0.0) with ExtractAarTransform
Transforming cursoradapter-1.0.0.aar (androidx.cursoradapter:cursoradapter:1.0.0) with AarTransform
Transforming localbroadcastmanager-1.0.0.aar (androidx.localbroadcastmanager:localbroadcastmanager:1.0.0) with ExtractAarTransform
Transforming localbroadcastmanager-1.0.0.aar (androidx.localbroadcastmanager:localbroadcastmanager:1.0.0) with AarTransform
Transforming localbroadcastmanager-1.0.0.aar (androidx.localbroadcastmanager:localbroadcastmanager:1.0.0) with ExtractAarTransform
Transforming localbroadcastmanager-1.0.0.aar (androidx.localbroadcastmanager:localbroadcastmanager:1.0.0) with AarTransform
Transforming firebase-components-18.0.0.aar (com.google.firebase:firebase-components:18.0.0) with ExtractAarTransform
Transforming firebase-components-18.0.0.aar (com.google.firebase:firebase-components:18.0.0) with AarTransform
Transforming firebase-components-18.0.0.aar (com.google.firebase:firebase-components:18.0.0) with ExtractAarTransform
Transforming firebase-components-18.0.0.aar (com.google.firebase:firebase-components:18.0.0) with AarTransform
Transforming firebase-components-18.0.0.aar (com.google.firebase:firebase-components:18.0.0) with ExtractAarTransform
Transforming firebase-components-18.0.0.aar (com.google.firebase:firebase-components:18.0.0) with AarTransform
Transforming firebase-components-18.0.0.aar (com.google.firebase:firebase-components:18.0.0) with ExtractAarTransform
Transforming firebase-components-18.0.0.aar (com.google.firebase:firebase-components:18.0.0) with AarTransform
Transforming firebase-components-18.0.0.aar (com.google.firebase:firebase-components:18.0.0) with ExtractAarTransform
Transforming firebase-components-18.0.0.aar (com.google.firebase:firebase-components:18.0.0) with AarTransform
Transforming firebase-components-18.0.0.aar (com.google.firebase:firebase-components:18.0.0) with ExtractAarTransform
Transforming firebase-components-18.0.0.aar (com.google.firebase:firebase-components:18.0.0) with AarTransform
Transforming firebase-components-18.0.0.aar (com.google.firebase:firebase-components:18.0.0) with ExtractAarTransform
Transforming firebase-components-18.0.0.aar (com.google.firebase:firebase-components:18.0.0) with AarTransform
Transforming firebase-components-18.0.0.aar (com.google.firebase:firebase-components:18.0.0) with ExtractAarTransform
Transforming firebase-components-18.0.0.aar (com.google.firebase:firebase-components:18.0.0) with AarTransform
Transforming firebase-components-18.0.0.aar (com.google.firebase:firebase-components:18.0.0) with ExtractAarTransform
Transforming firebase-components-18.0.0.aar (com.google.firebase:firebase-components:18.0.0) with AarTransform
Transforming interpolator-1.0.0.aar (androidx.interpolator:interpolator:1.0.0) with ExtractAarTransform
Transforming interpolator-1.0.0.aar (androidx.interpolator:interpolator:1.0.0) with AarTransform
Transforming interpolator-1.0.0.aar (androidx.interpolator:interpolator:1.0.0) with ExtractAarTransform
Transforming interpolator-1.0.0.aar (androidx.interpolator:interpolator:1.0.0) with AarTransform
Transforming startup-runtime-1.1.1.aar (androidx.startup:startup-runtime:1.1.1) with ExtractAarTransform
Transforming startup-runtime-1.1.1.aar (androidx.startup:startup-runtime:1.1.1) with AarTransform
Transforming tracing-1.0.0.aar (androidx.tracing:tracing:1.0.0) with ExtractAarTransform
Transforming tracing-1.0.0.aar (androidx.tracing:tracing:1.0.0) with AarTransform
Transforming firebase-datatransport-18.2.0.aar (com.google.firebase:firebase-datatransport:18.2.0) with ExtractAarTransform
Transforming firebase-datatransport-18.2.0.aar (com.google.firebase:firebase-datatransport:18.2.0) with AarTransform
Transforming transport-backend-cct-3.1.9.aar (com.google.android.datatransport:transport-backend-cct:3.1.9) with ExtractAarTransform
Transforming transport-backend-cct-3.1.9.aar (com.google.android.datatransport:transport-backend-cct:3.1.9) with AarTransform
Transforming transport-backend-cct-3.1.9.aar (com.google.android.datatransport:transport-backend-cct:3.1.9) with ExtractAarTransform
Transforming transport-backend-cct-3.1.9.aar (com.google.android.datatransport:transport-backend-cct:3.1.9) with AarTransform
Transforming firebase-encoders-json-18.0.0.aar (com.google.firebase:firebase-encoders-json:18.0.0) with ExtractAarTransform
Transforming firebase-encoders-json-18.0.0.aar (com.google.firebase:firebase-encoders-json:18.0.0) with AarTransform
Transforming firebase-encoders-json-18.0.0.aar (com.google.firebase:firebase-encoders-json:18.0.0) with ExtractAarTransform
Transforming firebase-encoders-json-18.0.0.aar (com.google.firebase:firebase-encoders-json:18.0.0) with AarTransform
Transforming transport-runtime-3.1.9.aar (com.google.android.datatransport:transport-runtime:3.1.9) with ExtractAarTransform
Transforming transport-runtime-3.1.9.aar (com.google.android.datatransport:transport-runtime:3.1.9) with AarTransform
Transforming transport-runtime-3.1.9.aar (com.google.android.datatransport:transport-runtime:3.1.9) with ExtractAarTransform
Transforming transport-runtime-3.1.9.aar (com.google.android.datatransport:transport-runtime:3.1.9) with AarTransform
Transforming transport-runtime-3.1.9.aar (com.google.android.datatransport:transport-runtime:3.1.9) with ExtractAarTransform
Transforming transport-runtime-3.1.9.aar (com.google.android.datatransport:transport-runtime:3.1.9) with AarTransform
Transforming transport-api-3.1.0.aar (com.google.android.datatransport:transport-api:3.1.0) with ExtractAarTransform
Transforming transport-api-3.1.0.aar (com.google.android.datatransport:transport-api:3.1.0) with AarTransform
Transforming transport-api-3.1.0.aar (com.google.android.datatransport:transport-api:3.1.0) with ExtractAarTransform
Transforming transport-api-3.1.0.aar (com.google.android.datatransport:transport-api:3.1.0) with AarTransform
Transforming transport-api-3.1.0.aar (com.google.android.datatransport:transport-api:3.1.0) with ExtractAarTransform
Transforming transport-api-3.1.0.aar (com.google.android.datatransport:transport-api:3.1.0) with AarTransform
Transforming transport-api-3.1.0.aar (com.google.android.datatransport:transport-api:3.1.0) with ExtractAarTransform
Transforming transport-api-3.1.0.aar (com.google.android.datatransport:transport-api:3.1.0) with AarTransform
Transforming exifinterface-1.3.7.aar (androidx.exifinterface:exifinterface:1.3.7) with ExtractAarTransform
Transforming exifinterface-1.3.7.aar (androidx.exifinterface:exifinterface:1.3.7) with AarTransform
Transforming documentfile-1.0.0.aar (androidx.documentfile:documentfile:1.0.0) with ExtractAarTransform
Transforming documentfile-1.0.0.aar (androidx.documentfile:documentfile:1.0.0) with AarTransform
Transforming print-1.0.0.aar (androidx.print:print:1.0.0) with ExtractAarTransform
Transforming print-1.0.0.aar (androidx.print:print:1.0.0) with AarTransform
Transforming core-runtime-2.2.0.aar (androidx.arch.core:core-runtime:2.2.0) with ExtractAarTransform
Transforming core-runtime-2.2.0.aar (androidx.arch.core:core-runtime:2.2.0) with AarTransform
Transforming core-viewtree-1.0.0.aar (androidx.core:core-viewtree:1.0.0) with ExtractAarTransform
Transforming core-viewtree-1.0.0.aar (androidx.core:core-viewtree:1.0.0) with AarTransform
Transforming protolite-well-known-types-18.0.0.aar (com.google.firebase:protolite-well-known-types:18.0.0) with ExtractAarTransform
Transforming protolite-well-known-types-18.0.0.aar (com.google.firebase:protolite-well-known-types:18.0.0) with AarTransform
Transforming grpc-android-1.62.2.aar (io.grpc:grpc-android:1.62.2) with ExtractAarTransform
Transforming grpc-android-1.62.2.aar (io.grpc:grpc-android:1.62.2) with AarTransform
Transforming core-common-2.0.3.aar (com.google.android.play:core-common:2.0.3) with ExtractAarTransform
Transforming core-common-2.0.3.aar (com.google.android.play:core-common:2.0.3) with AarTransform
Caching disabled for task ':app:processDebugMainManifest' because:
  Build cache is disabled
Task ':app:processDebugMainManifest' is not up-to-date because:
  Value of input property 'optionalFeatures' has changed for task ':app:processDebugMainManifest'
Loading library manifest C:\Users\Acer Nitro 5\.gradle\caches\8.11.1\transforms\4b0e36554cf4c6d2e252af718fc55524\transformed\dotsindicator-5.1.0\AndroidManifest.xml
Loading library manifest C:\Users\Acer Nitro 5\.gradle\caches\8.11.1\transforms\10b36f80b1b9c36cfd60309274030db5\transformed\coil-compose-2.7.0\AndroidManifest.xml
Loading library manifest C:\Users\Acer Nitro 5\.gradle\caches\8.11.1\transforms\636f1676822336e55a65b73e41218211\transformed\coil-compose-base-2.7.0\AndroidManifest.xml
Loading library manifest C:\Users\Acer Nitro 5\.gradle\caches\8.11.1\transforms\327a515e165010341f6794597cc84f53\transformed\coil-2.7.0\AndroidManifest.xml
Loading library manifest C:\Users\Acer Nitro 5\.gradle\caches\8.11.1\transforms\807008f15bdebe89a5813dbf5476db54\transformed\coil-base-2.7.0\AndroidManifest.xml
Loading library manifest C:\Users\Acer Nitro 5\.gradle\caches\8.11.1\transforms\ec3ea7c6faae5f26c5601bee5c55f58a\transformed\appcompat-resources-1.7.0\AndroidManifest.xml
Loading library manifest C:\Users\Acer Nitro 5\.gradle\caches\8.11.1\transforms\68b8951697167ce1d7e843a4af076f9a\transformed\appcompat-1.7.0\AndroidManifest.xml
Loading library manifest C:\Users\Acer Nitro 5\.gradle\caches\8.11.1\transforms\69ff85f168e7868f8024976e4989e06c\transformed\generativeai-0.9.0\AndroidManifest.xml
Loading library manifest C:\Users\Acer Nitro 5\.gradle\caches\8.11.1\transforms\b94b55ae90c0356c6de60ef25c6c2f36\transformed\drawerlayout-1.0.0\AndroidManifest.xml
Loading library manifest C:\Users\Acer Nitro 5\.gradle\caches\8.11.1\transforms\78076b4ee92753888fa767cf954e68f9\transformed\navigation-common-2.8.5\AndroidManifest.xml
Loading library manifest C:\Users\Acer Nitro 5\.gradle\caches\8.11.1\transforms\ae8467a9c71eeee2c20a2e38521f2994\transformed\navigation-runtime-2.8.5\AndroidManifest.xml
Loading library manifest C:\Users\Acer Nitro 5\.gradle\caches\8.11.1\transforms\9394557b93c18b33b394b1e1dd219e3b\transformed\navigation-common-ktx-2.8.5\AndroidManifest.xml
Loading library manifest C:\Users\Acer Nitro 5\.gradle\caches\8.11.1\transforms\ef14790a94300366d2594411097ad3e2\transformed\navigation-runtime-ktx-2.8.5\AndroidManifest.xml
Loading library manifest C:\Users\Acer Nitro 5\.gradle\caches\8.11.1\transforms\6a038a8a2d55df5c7ef5d967462a779f\transformed\navigation-compose-2.8.5\AndroidManifest.xml
Loading library manifest C:\Users\Acer Nitro 5\.gradle\caches\8.11.1\transforms\ebd5575211e954734fa4ee52c44cec75\transformed\material3\AndroidManifest.xml
Loading library manifest C:\Users\Acer Nitro 5\.gradle\caches\8.11.1\transforms\f3a3716a68415fa932e0d6bf3eca0786\transformed\accompanist-drawablepainter-0.32.0\AndroidManifest.xml
Loading library manifest C:\Users\Acer Nitro 5\.gradle\caches\8.11.1\transforms\cedec6db3309c38485e5c77cb9a65e08\transformed\material-icons-extended-release\AndroidManifest.xml
Loading library manifest C:\Users\Acer Nitro 5\.gradle\caches\8.11.1\transforms\bdee3080e4a00cb6f5fb5e0dbf2001dd\transformed\material-icons-core-release\AndroidManifest.xml
Loading library manifest C:\Users\Acer Nitro 5\.gradle\caches\8.11.1\transforms\12895ad3527e0e650881b279aed94ae8\transformed\ui-tooling-data-release\AndroidManifest.xml
Loading library manifest C:\Users\Acer Nitro 5\.gradle\caches\8.11.1\transforms\b904d0a4a25e9ac0b259cc5b57a2786e\transformed\ui-tooling-preview-release\AndroidManifest.xml
Loading library manifest C:\Users\Acer Nitro 5\.gradle\caches\8.11.1\transforms\1adfba07004805aed551a36711b90ea2\transformed\foundation-release\AndroidManifest.xml
Loading library manifest C:\Users\Acer Nitro 5\.gradle\caches\8.11.1\transforms\f3f1579517ac8b70cf272eb88445529f\transformed\foundation-layout-release\AndroidManifest.xml
Loading library manifest C:\Users\Acer Nitro 5\.gradle\caches\8.11.1\transforms\d62692f5c9bccfcb8be7f1f1a968f267\transformed\animation-core-release\AndroidManifest.xml
Loading library manifest C:\Users\Acer Nitro 5\.gradle\caches\8.11.1\transforms\1cc1ecf2b54316e1233d5d6bbb864b9f\transformed\animation-release\AndroidManifest.xml
Loading library manifest C:\Users\Acer Nitro 5\.gradle\caches\8.11.1\transforms\136b26b87348c09dfc1e769f984e7733\transformed\ui-geometry-release\AndroidManifest.xml
Loading library manifest C:\Users\Acer Nitro 5\.gradle\caches\8.11.1\transforms\6bcd439ba10175b9d580bc358b489922\transformed\ui-tooling-release\AndroidManifest.xml
Loading library manifest C:\Users\Acer Nitro 5\.gradle\caches\8.11.1\transforms\a543f0aa32eb5c3e44f60e6aa1c6304e\transformed\material-release\AndroidManifest.xml
Loading library manifest C:\Users\Acer Nitro 5\.gradle\caches\8.11.1\transforms\a8eb8afbb246032ef2b78bc4bc1d2693\transformed\material-ripple-release\AndroidManifest.xml
Loading library manifest C:\Users\Acer Nitro 5\.gradle\caches\8.11.1\transforms\b708e22fb142de3e0f3efc8294478db8\transformed\ui-util-release\AndroidManifest.xml
Loading library manifest C:\Users\Acer Nitro 5\.gradle\caches\8.11.1\transforms\90c496a607b0fea0a83717018129f2db\transformed\ui-unit-release\AndroidManifest.xml
Loading library manifest C:\Users\Acer Nitro 5\.gradle\caches\8.11.1\transforms\f8eaaf63c1a6be4e7fd86b6d1c463036\transformed\ui-text-release\AndroidManifest.xml
Loading library manifest C:\Users\Acer Nitro 5\.gradle\caches\8.11.1\transforms\86c5c7f57518b06aa8a57a6c3af76499\transformed\ui-graphics-release\AndroidManifest.xml
Loading library manifest C:\Users\Acer Nitro 5\.gradle\caches\8.11.1\transforms\db5b5b694da5e77a2023177d4a99d8f3\transformed\ui-test-manifest-1.8.2\AndroidManifest.xml
Loading library manifest C:\Users\Acer Nitro 5\.gradle\caches\8.11.1\transforms\463ceebb09c85fbe4463d8a2aa1299dc\transformed\firebase-auth-23.1.0\AndroidManifest.xml
Loading library manifest C:\Users\Acer Nitro 5\.gradle\caches\8.11.1\transforms\2e77fa64755a3bd4513c11b403f471d5\transformed\play-services-maps-19.0.0\AndroidManifest.xml
Loading library manifest C:\Users\Acer Nitro 5\.gradle\caches\8.11.1\transforms\40e64b434365722a4fc66c6a375b184c\transformed\firebase-firestore-25.1.1\AndroidManifest.xml
Loading library manifest C:\Users\Acer Nitro 5\.gradle\caches\8.11.1\transforms\1d1be984d991166499e45a171ade7479\transformed\play-services-location-21.0.0\AndroidManifest.xml
Loading library manifest C:\Users\Acer Nitro 5\.gradle\caches\8.11.1\transforms\1b13e2227264b2674b8cf6334aac180b\transformed\googleid-1.1.1\AndroidManifest.xml
Loading library manifest C:\Users\Acer Nitro 5\.gradle\caches\8.11.1\transforms\960e35b36800e2a9d81ee98aa3547131\transformed\credentials-1.3.0\AndroidManifest.xml
Loading library manifest C:\Users\Acer Nitro 5\.gradle\caches\8.11.1\transforms\f814fd8d997b64a2311225735a56f096\transformed\credentials-play-services-auth-1.3.0\AndroidManifest.xml
Loading library manifest C:\Users\Acer Nitro 5\.gradle\caches\8.11.1\transforms\b35838692daa47e13cc21a285c6fd0eb\transformed\play-services-auth-21.1.1\AndroidManifest.xml
Loading library manifest C:\Users\Acer Nitro 5\.gradle\caches\8.11.1\transforms\bfc8c26046ba8a2e97c6010edcde5f7f\transformed\play-services-auth-api-phone-18.0.2\AndroidManifest.xml
Loading library manifest C:\Users\Acer Nitro 5\.gradle\caches\8.11.1\transforms\f571ae0f6b3ab1f22941a205482bfff4\transformed\recaptcha-18.5.1\AndroidManifest.xml
Loading library manifest C:\Users\Acer Nitro 5\.gradle\caches\8.11.1\transforms\6d8a4ca86c7346d924a01b1c17508409\transformed\integrity-1.3.0\AndroidManifest.xml
Loading library manifest C:\Users\Acer Nitro 5\.gradle\caches\8.11.1\transforms\ab726d256340231a1f043de78dc70eee\transformed\firebase-storage-ktx-21.0.1\AndroidManifest.xml
Loading library manifest C:\Users\Acer Nitro 5\.gradle\caches\8.11.1\transforms\e020baa80d399224966e4385dc4cc7e3\transformed\firebase-storage-21.0.1\AndroidManifest.xml
Loading library manifest C:\Users\Acer Nitro 5\.gradle\caches\8.11.1\transforms\112a0bb3893e45a3a4ee8371bff47c1a\transformed\firebase-auth-interop-20.0.0\AndroidManifest.xml
Loading library manifest C:\Users\Acer Nitro 5\.gradle\caches\8.11.1\transforms\8f73694642f77e1138753fb9fefa5d62\transformed\firebase-messaging-ktx-24.1.0\AndroidManifest.xml
Loading library manifest C:\Users\Acer Nitro 5\.gradle\caches\8.11.1\transforms\8093d9425102c25452327fce4c4be3fb\transformed\firebase-messaging-24.1.0\AndroidManifest.xml
Loading library manifest C:\Users\Acer Nitro 5\.gradle\caches\8.11.1\transforms\5d53badb2f7864672d397fa60f79dd73\transformed\firebase-appcheck-18.0.0\AndroidManifest.xml
Loading library manifest C:\Users\Acer Nitro 5\.gradle\caches\8.11.1\transforms\0d8ac9dcaa03a372409f9d2fecc94b23\transformed\firebase-installations-18.0.0\AndroidManifest.xml
Loading library manifest C:\Users\Acer Nitro 5\.gradle\caches\8.11.1\transforms\79ffa144d1b0b2680033e999f7699d1d\transformed\firebase-common-ktx-21.0.0\AndroidManifest.xml
Loading library manifest C:\Users\Acer Nitro 5\.gradle\caches\8.11.1\transforms\b5c6f1a08c8a0aef23de016808637746\transformed\firebase-common-21.0.0\AndroidManifest.xml
Loading library manifest C:\Users\Acer Nitro 5\.gradle\caches\8.11.1\transforms\f3529313b0b31b721e58264a40b50322\transformed\firebase-database-collection-18.0.1\AndroidManifest.xml
Loading library manifest C:\Users\Acer Nitro 5\.gradle\caches\8.11.1\transforms\62c5426b4149dc6915f1ff0658881b20\transformed\play-services-fido-21.0.0\AndroidManifest.xml
Loading library manifest C:\Users\Acer Nitro 5\.gradle\caches\8.11.1\transforms\44cb22b7f346a897f64fcbc2b6dcb71a\transformed\play-services-auth-base-18.0.10\AndroidManifest.xml
Loading library manifest C:\Users\Acer Nitro 5\.gradle\caches\8.11.1\transforms\2ab4c7663e06f6db47e499cdb6a5bd7a\transformed\firebase-appcheck-interop-17.1.0\AndroidManifest.xml
Loading library manifest C:\Users\Acer Nitro 5\.gradle\caches\8.11.1\transforms\9c1be5eac42f2831148a70bf9e80a03c\transformed\play-services-base-18.5.0\AndroidManifest.xml
Loading library manifest C:\Users\Acer Nitro 5\.gradle\caches\8.11.1\transforms\ee17001f2c4b37972af2957ce7f25015\transformed\firebase-iid-interop-17.1.0\AndroidManifest.xml
Loading library manifest C:\Users\Acer Nitro 5\.gradle\caches\8.11.1\transforms\a8b59f8ebdbb100759163a6e5f54bc98\transformed\play-services-cloud-messaging-17.2.0\AndroidManifest.xml
Loading library manifest C:\Users\Acer Nitro 5\.gradle\caches\8.11.1\transforms\2dd13ef112b86a111e9bf64acef86146\transformed\firebase-installations-interop-17.1.1\AndroidManifest.xml
Loading library manifest C:\Users\Acer Nitro 5\.gradle\caches\8.11.1\transforms\a43d44bc29419815d335798392407e65\transformed\common-0.8.0\AndroidManifest.xml
Loading library manifest C:\Users\Acer Nitro 5\.gradle\caches\8.11.1\transforms\5bc2d09a88813063fa93554c35aa853c\transformed\runtime-annotation\AndroidManifest.xml
Loading library manifest C:\Users\Acer Nitro 5\.gradle\caches\8.11.1\transforms\b4b628177fa72c4fd89ae6bc0ca3eb93\transformed\runtime-saveable\AndroidManifest.xml
Loading library manifest C:\Users\Acer Nitro 5\.gradle\caches\8.11.1\transforms\4c919cf587e45e4864e3ad808ade0e8a\transformed\savedstate-ktx-1.3.0\AndroidManifest.xml
Loading library manifest C:\Users\Acer Nitro 5\.gradle\caches\8.11.1\transforms\82dc2d3d4eeef3d4ecff1eacaddb25b7\transformed\savedstate-compose-release\AndroidManifest.xml
Loading library manifest C:\Users\Acer Nitro 5\.gradle\caches\8.11.1\transforms\bb78213c975e0ce827608745e417cd65\transformed\dynamicanimation-1.0.0\AndroidManifest.xml
Loading library manifest C:\Users\Acer Nitro 5\.gradle\caches\8.11.1\transforms\cd185b34cd8e61d803fe36472b8b08a9\transformed\play-services-stats-17.0.2\AndroidManifest.xml
Loading library manifest C:\Users\Acer Nitro 5\.gradle\caches\8.11.1\transforms\227b7b023c4035eaa70e25ee798466ed\transformed\legacy-support-core-utils-1.0.0\AndroidManifest.xml
Loading library manifest C:\Users\Acer Nitro 5\.gradle\caches\8.11.1\transforms\277366b3cd5522924a3cc5911213c45d\transformed\loader-1.1.0\AndroidManifest.xml
Loading library manifest C:\Users\Acer Nitro 5\.gradle\caches\8.11.1\transforms\caadc21c5d073fb8e9b182b472ebd3dd\transformed\emoji2-views-helper-1.4.0\AndroidManifest.xml
Loading library manifest C:\Users\Acer Nitro 5\.gradle\caches\8.11.1\transforms\7f527cef68b88148dd6206b919407775\transformed\emoji2-1.4.0\AndroidManifest.xml
Loading library manifest C:\Users\Acer Nitro 5\.gradle\caches\8.11.1\transforms\9d23e33d5860f59d590d803fdb70faad\transformed\lifecycle-viewmodel-savedstate-release\AndroidManifest.xml
Loading library manifest C:\Users\Acer Nitro 5\.gradle\caches\8.11.1\transforms\0c803bd3564b502ac5fd5a3cbd6c3d0c\transformed\lifecycle-viewmodel-2.9.0\AndroidManifest.xml
Loading library manifest C:\Users\Acer Nitro 5\.gradle\caches\8.11.1\transforms\c48f20d13fc95d38ead0eca98e51b0b7\transformed\lifecycle-viewmodel-release\AndroidManifest.xml
Loading library manifest C:\Users\Acer Nitro 5\.gradle\caches\8.11.1\transforms\0f1f586499314e969518630bcfc3d3dc\transformed\lifecycle-runtime-ktx\AndroidManifest.xml
Loading library manifest C:\Users\Acer Nitro 5\.gradle\caches\8.11.1\transforms\d1877065c6f61e904546cfd5f78dfbb8\transformed\lifecycle-runtime-release\AndroidManifest.xml
Loading library manifest C:\Users\Acer Nitro 5\.gradle\caches\8.11.1\transforms\ebf19302c8c344c57819b5e1733b2165\transformed\lifecycle-viewmodel-ktx-2.9.0\AndroidManifest.xml
Loading library manifest C:\Users\Acer Nitro 5\.gradle\caches\8.11.1\transforms\a8104228285a30d6c49a79900cbbe10a\transformed\lifecycle-process-2.9.0\AndroidManifest.xml
Loading library manifest C:\Users\Acer Nitro 5\.gradle\caches\8.11.1\transforms\54d6273d0e01ea9a99c048b516bdb3f7\transformed\lifecycle-livedata-core-2.9.0\AndroidManifest.xml
Loading library manifest C:\Users\Acer Nitro 5\.gradle\caches\8.11.1\transforms\8c71e05118d3ffb64aa8f73749edc451\transformed\lifecycle-runtime-compose-release\AndroidManifest.xml
Loading library manifest C:\Users\Acer Nitro 5\.gradle\caches\8.11.1\transforms\b5eff590ab3417d4508f78422d784c9a\transformed\runtime\AndroidManifest.xml
Loading library manifest C:\Users\Acer Nitro 5\.gradle\caches\8.11.1\transforms\1e4ecd71ee4376580bcaf31726d48c1b\transformed\browser-1.4.0\AndroidManifest.xml
Loading library manifest C:\Users\Acer Nitro 5\.gradle\caches\8.11.1\transforms\3f317197be5add164010b7514a2b15b2\transformed\profileinstaller-1.4.0\AndroidManifest.xml
Loading library manifest C:\Users\Acer Nitro 5\.gradle\caches\8.11.1\transforms\1f861f3c666c29c3d994ffdbe8aeb2af\transformed\play-services-tasks-18.2.0\AndroidManifest.xml
Loading library manifest C:\Users\Acer Nitro 5\.gradle\caches\8.11.1\transforms\5a036191ff47ba3cb3b87574abed9d21\transformed\firebase-measurement-connector-19.0.0\AndroidManifest.xml
Loading library manifest C:\Users\Acer Nitro 5\.gradle\caches\8.11.1\transforms\2983aaebbda33a8ce3da7a45b7cf0f48\transformed\play-services-basement-18.4.0\AndroidManifest.xml
Loading library manifest C:\Users\Acer Nitro 5\.gradle\caches\8.11.1\transforms\b895bb75234ab8ed251472b6cebf311b\transformed\recyclerview-1.3.1\AndroidManifest.xml
Loading library manifest C:\Users\Acer Nitro 5\.gradle\caches\8.11.1\transforms\03a26674ca63f3df3cf001677fb7d388\transformed\viewpager2-1.1.0\AndroidManifest.xml
Loading library manifest C:\Users\Acer Nitro 5\.gradle\caches\8.11.1\transforms\4b358c07a7244741dbfa85e0e4e5d9a2\transformed\fragment-1.5.7\AndroidManifest.xml
Loading library manifest C:\Users\Acer Nitro 5\.gradle\caches\8.11.1\transforms\cfac4992e761088a6e9b91fb5637b3c4\transformed\savedstate-release\AndroidManifest.xml
Loading library manifest C:\Users\Acer Nitro 5\.gradle\caches\8.11.1\transforms\2b8e33f5ea2dd4441af83b479e29a98f\transformed\lifecycle-viewmodel-compose-release\AndroidManifest.xml
Loading library manifest C:\Users\Acer Nitro 5\.gradle\caches\8.11.1\transforms\949c976b60e435f8b6bdafc2fd20c1ab\transformed\ui-release\AndroidManifest.xml
Loading library manifest C:\Users\Acer Nitro 5\.gradle\caches\8.11.1\transforms\21083531686d127fec2d7d3776790536\transformed\activity-ktx-1.9.3\AndroidManifest.xml
Loading library manifest C:\Users\Acer Nitro 5\.gradle\caches\8.11.1\transforms\d17e63869270f8a807dbcd132ca43101\transformed\activity-compose-1.9.3\AndroidManifest.xml
Loading library manifest C:\Users\Acer Nitro 5\.gradle\caches\8.11.1\transforms\b68f9d08535bd5cae97b631c2ca1cf5e\transformed\activity-1.9.3\AndroidManifest.xml
Loading library manifest C:\Users\Acer Nitro 5\.gradle\caches\8.11.1\transforms\cfeb5dee4760239d40134813e87744a6\transformed\vectordrawable-animated-1.1.0\AndroidManifest.xml
Loading library manifest C:\Users\Acer Nitro 5\.gradle\caches\8.11.1\transforms\9e79ccaadeda7580f3a4c758ba55abbb\transformed\vectordrawable-1.1.0\AndroidManifest.xml
Loading library manifest C:\Users\Acer Nitro 5\.gradle\caches\8.11.1\transforms\2ac38eb11d4c64b7ab6bece450d6782c\transformed\viewpager-1.0.0\AndroidManifest.xml
Loading library manifest C:\Users\Acer Nitro 5\.gradle\caches\8.11.1\transforms\87d2d2a20b4d86ec25d3df79f1892dfc\transformed\customview-1.0.0\AndroidManifest.xml
Loading library manifest C:\Users\Acer Nitro 5\.gradle\caches\8.11.1\transforms\262ec8d049d76bf36befcb2c2f4a5a90\transformed\autofill-1.0.0\AndroidManifest.xml
Loading library manifest C:\Users\Acer Nitro 5\.gradle\caches\8.11.1\transforms\3a0893ffd9e97739a1b10550e0389f43\transformed\graphics-path-1.0.1\AndroidManifest.xml
Loading library manifest C:\Users\Acer Nitro 5\.gradle\caches\8.11.1\transforms\4db4e9688354cf46df14807269069e32\transformed\core-1.13.1\AndroidManifest.xml
Loading library manifest C:\Users\Acer Nitro 5\.gradle\caches\8.11.1\transforms\e6396fff035cd1235d70e4d8df3caf10\transformed\customview-poolingcontainer-1.0.0\AndroidManifest.xml
Loading library manifest C:\Users\Acer Nitro 5\.gradle\caches\8.11.1\transforms\495a6db04b5726a05c18e8b1ca6eef75\transformed\core-ktx-1.13.1\AndroidManifest.xml
Loading library manifest C:\Users\Acer Nitro 5\.gradle\caches\8.11.1\transforms\abbfd7cbc6bf43d716988be0c5e914a4\transformed\annotation-experimental-1.4.1\AndroidManifest.xml
Loading library manifest C:\Users\Acer Nitro 5\.gradle\caches\8.11.1\transforms\80ff4f2dabebdf22636d12ea0661e9c2\transformed\versionedparcelable-1.1.1\AndroidManifest.xml
Loading library manifest C:\Users\Acer Nitro 5\.gradle\caches\8.11.1\transforms\44bfe78ccfe1168dc486bfc9cf88267f\transformed\cursoradapter-1.0.0\AndroidManifest.xml
Loading library manifest C:\Users\Acer Nitro 5\.gradle\caches\8.11.1\transforms\806a5cbb40cdb759979e1d8c8062c797\transformed\localbroadcastmanager-1.0.0\AndroidManifest.xml
Loading library manifest C:\Users\Acer Nitro 5\.gradle\caches\8.11.1\transforms\6d73149cf33d63add032935fc60c26e4\transformed\firebase-components-18.0.0\AndroidManifest.xml
Loading library manifest C:\Users\Acer Nitro 5\.gradle\caches\8.11.1\transforms\c8938db0022df80937fbf55c089c0598\transformed\interpolator-1.0.0\AndroidManifest.xml
Loading library manifest C:\Users\Acer Nitro 5\.gradle\caches\8.11.1\transforms\ce4c5be8707b1f546cf169291f560c14\transformed\startup-runtime-1.1.1\AndroidManifest.xml
Loading library manifest C:\Users\Acer Nitro 5\.gradle\caches\8.11.1\transforms\39f6fa36b4d7b5924a9c53fe5ed56faf\transformed\tracing-1.0.0\AndroidManifest.xml
Loading library manifest C:\Users\Acer Nitro 5\.gradle\caches\8.11.1\transforms\d70763a87df4afeeb9856616ea67daa9\transformed\firebase-datatransport-18.2.0\AndroidManifest.xml
Loading library manifest C:\Users\Acer Nitro 5\.gradle\caches\8.11.1\transforms\77e1d8d43e3f105b6229ee2a4188bc49\transformed\transport-backend-cct-3.1.9\AndroidManifest.xml
Loading library manifest C:\Users\Acer Nitro 5\.gradle\caches\8.11.1\transforms\baef5a863896da029a1ae1b3e5ff05e5\transformed\firebase-encoders-json-18.0.0\AndroidManifest.xml
Loading library manifest C:\Users\Acer Nitro 5\.gradle\caches\8.11.1\transforms\805643dd18b3c6feac6ff8c0b1ff13e4\transformed\transport-runtime-3.1.9\AndroidManifest.xml
Loading library manifest C:\Users\Acer Nitro 5\.gradle\caches\8.11.1\transforms\9315b1944c83416650efad89c4d630e4\transformed\transport-api-3.1.0\AndroidManifest.xml
Loading library manifest C:\Users\Acer Nitro 5\.gradle\caches\8.11.1\transforms\03104b3a7936788500aae3641ce413eb\transformed\exifinterface-1.3.7\AndroidManifest.xml
Loading library manifest C:\Users\Acer Nitro 5\.gradle\caches\8.11.1\transforms\2cedf1e008c2587137ac5b2185772f18\transformed\documentfile-1.0.0\AndroidManifest.xml
Loading library manifest C:\Users\Acer Nitro 5\.gradle\caches\8.11.1\transforms\ab637050bbfdb993cc1296a9b25ac16a\transformed\print-1.0.0\AndroidManifest.xml
Loading library manifest C:\Users\Acer Nitro 5\.gradle\caches\8.11.1\transforms\0262c4f1a65117ce26c4df8f8a37cd6f\transformed\core-runtime-2.2.0\AndroidManifest.xml
Loading library manifest C:\Users\Acer Nitro 5\.gradle\caches\8.11.1\transforms\28396b6a7de537008940f5be0392c75a\transformed\core-viewtree-1.0.0\AndroidManifest.xml
Loading library manifest C:\Users\Acer Nitro 5\.gradle\caches\8.11.1\transforms\4d7468edfeafcca30fbff09d87ee8154\transformed\protolite-well-known-types-18.0.0\AndroidManifest.xml
Loading library manifest C:\Users\Acer Nitro 5\.gradle\caches\8.11.1\transforms\04b953c0ee80fd760dc64c38ad5bc8ad\transformed\grpc-android-1.62.2\AndroidManifest.xml
Loading library manifest C:\Users\Acer Nitro 5\.gradle\caches\8.11.1\transforms\727c2541502561b62744b99ccdeae2db\transformed\core-common-2.0.3\AndroidManifest.xml
Merging main manifest D:\Androi\EasyShop\app\src\main\AndroidManifest.xml

Merging library manifest C:\Users\Acer Nitro 5\.gradle\caches\8.11.1\transforms\4b0e36554cf4c6d2e252af718fc55524\transformed\dotsindicator-5.1.0\AndroidManifest.xml
Merging manifest with lower [com.tbuonomo:dotsindicator:5.1.0] AndroidManifest.xml:2:1-9:12
uses-sdk defined in both files...
Merging uses-sdk with lower [com.tbuonomo:dotsindicator:5.1.0] AndroidManifest.xml:5:5-44
application defined in both files...
Merging application with lower [com.tbuonomo:dotsindicator:5.1.0] AndroidManifest.xml:7:5-47
Merging library manifest C:\Users\Acer Nitro 5\.gradle\caches\8.11.1\transforms\10b36f80b1b9c36cfd60309274030db5\transformed\coil-compose-2.7.0\AndroidManifest.xml
Merging manifest with lower [io.coil-kt:coil-compose:2.7.0] AndroidManifest.xml:2:1-7:12
uses-sdk defined in both files...
Merging uses-sdk with lower [io.coil-kt:coil-compose:2.7.0] AndroidManifest.xml:5:5-44
Merging library manifest C:\Users\Acer Nitro 5\.gradle\caches\8.11.1\transforms\636f1676822336e55a65b73e41218211\transformed\coil-compose-base-2.7.0\AndroidManifest.xml
Merging manifest with lower [io.coil-kt:coil-compose-base:2.7.0] AndroidManifest.xml:2:1-7:12
uses-sdk defined in both files...
Merging uses-sdk with lower [io.coil-kt:coil-compose-base:2.7.0] AndroidManifest.xml:5:5-44
Merging library manifest C:\Users\Acer Nitro 5\.gradle\caches\8.11.1\transforms\327a515e165010341f6794597cc84f53\transformed\coil-2.7.0\AndroidManifest.xml
Merging manifest with lower [io.coil-kt:coil:2.7.0] AndroidManifest.xml:2:1-7:12
uses-sdk defined in both files...
Merging uses-sdk with lower [io.coil-kt:coil:2.7.0] AndroidManifest.xml:5:5-44
Merging library manifest C:\Users\Acer Nitro 5\.gradle\caches\8.11.1\transforms\807008f15bdebe89a5813dbf5476db54\transformed\coil-base-2.7.0\AndroidManifest.xml
Merging manifest with lower [io.coil-kt:coil-base:2.7.0] AndroidManifest.xml:2:1-7:12
uses-sdk defined in both files...
Merging uses-sdk with lower [io.coil-kt:coil-base:2.7.0] AndroidManifest.xml:5:5-44
Merging library manifest C:\Users\Acer Nitro 5\.gradle\caches\8.11.1\transforms\ec3ea7c6faae5f26c5601bee5c55f58a\transformed\appcompat-resources-1.7.0\AndroidManifest.xml
Merging manifest with lower [androidx.appcompat:appcompat-resources:1.7.0] AndroidManifest.xml:2:1-7:12
uses-sdk defined in both files...
Merging uses-sdk with lower [androidx.appcompat:appcompat-resources:1.7.0] AndroidManifest.xml:5:5-44
Merging library manifest C:\Users\Acer Nitro 5\.gradle\caches\8.11.1\transforms\68b8951697167ce1d7e843a4af076f9a\transformed\appcompat-1.7.0\AndroidManifest.xml
Merging manifest with lower [androidx.appcompat:appcompat:1.7.0] AndroidManifest.xml:2:1-7:12
uses-sdk defined in both files...
Merging uses-sdk with lower [androidx.appcompat:appcompat:1.7.0] AndroidManifest.xml:5:5-44
Merging library manifest C:\Users\Acer Nitro 5\.gradle\caches\8.11.1\transforms\69ff85f168e7868f8024976e4989e06c\transformed\generativeai-0.9.0\AndroidManifest.xml
Merging manifest with lower [com.google.ai.client.generativeai:generativeai:0.9.0] AndroidManifest.xml:17:1-24:12
uses-sdk defined in both files...
Merging uses-sdk with lower [com.google.ai.client.generativeai:generativeai:0.9.0] AndroidManifest.xml:20:5-44
uses-permission#android.permission.INTERNET defined in both files...
Merging uses-permission#android.permission.INTERNET with lower [com.google.ai.client.generativeai:generativeai:0.9.0] AndroidManifest.xml:22:5-67
Merging library manifest C:\Users\Acer Nitro 5\.gradle\caches\8.11.1\transforms\b94b55ae90c0356c6de60ef25c6c2f36\transformed\drawerlayout-1.0.0\AndroidManifest.xml
Merging manifest with lower [androidx.drawerlayout:drawerlayout:1.0.0] AndroidManifest.xml:17:1-22:12
uses-sdk defined in both files...
Merging uses-sdk with lower [androidx.drawerlayout:drawerlayout:1.0.0] AndroidManifest.xml:20:5-44
Merging library manifest C:\Users\Acer Nitro 5\.gradle\caches\8.11.1\transforms\78076b4ee92753888fa767cf954e68f9\transformed\navigation-common-2.8.5\AndroidManifest.xml
Merging manifest with lower [androidx.navigation:navigation-common:2.8.5] AndroidManifest.xml:17:1-22:12
uses-sdk defined in both files...
Merging uses-sdk with lower [androidx.navigation:navigation-common:2.8.5] AndroidManifest.xml:20:5-44
Merging library manifest C:\Users\Acer Nitro 5\.gradle\caches\8.11.1\transforms\ae8467a9c71eeee2c20a2e38521f2994\transformed\navigation-runtime-2.8.5\AndroidManifest.xml
Merging manifest with lower [androidx.navigation:navigation-runtime:2.8.5] AndroidManifest.xml:17:1-22:12
uses-sdk defined in both files...
Merging uses-sdk with lower [androidx.navigation:navigation-runtime:2.8.5] AndroidManifest.xml:20:5-44
Merging library manifest C:\Users\Acer Nitro 5\.gradle\caches\8.11.1\transforms\9394557b93c18b33b394b1e1dd219e3b\transformed\navigation-common-ktx-2.8.5\AndroidManifest.xml
Merging manifest with lower [androidx.navigation:navigation-common-ktx:2.8.5] AndroidManifest.xml:2:1-7:12
uses-sdk defined in both files...
Merging uses-sdk with lower [androidx.navigation:navigation-common-ktx:2.8.5] AndroidManifest.xml:5:5-44
Merging library manifest C:\Users\Acer Nitro 5\.gradle\caches\8.11.1\transforms\ef14790a94300366d2594411097ad3e2\transformed\navigation-runtime-ktx-2.8.5\AndroidManifest.xml
Merging manifest with lower [androidx.navigation:navigation-runtime-ktx:2.8.5] AndroidManifest.xml:2:1-7:12
uses-sdk defined in both files...
Merging uses-sdk with lower [androidx.navigation:navigation-runtime-ktx:2.8.5] AndroidManifest.xml:5:5-44
Merging library manifest C:\Users\Acer Nitro 5\.gradle\caches\8.11.1\transforms\6a038a8a2d55df5c7ef5d967462a779f\transformed\navigation-compose-2.8.5\AndroidManifest.xml
Merging manifest with lower [androidx.navigation:navigation-compose:2.8.5] AndroidManifest.xml:2:1-7:12
uses-sdk defined in both files...
Merging uses-sdk with lower [androidx.navigation:navigation-compose:2.8.5] AndroidManifest.xml:5:5-44
Merging library manifest C:\Users\Acer Nitro 5\.gradle\caches\8.11.1\transforms\ebd5575211e954734fa4ee52c44cec75\transformed\material3\AndroidManifest.xml
Merging manifest with lower [androidx.compose.material3:material3-android:1.4.0] AndroidManifest.xml:17:1-22:12
uses-sdk defined in both files...
Merging uses-sdk with lower [androidx.compose.material3:material3-android:1.4.0] AndroidManifest.xml:20:5-44
Merging library manifest C:\Users\Acer Nitro 5\.gradle\caches\8.11.1\transforms\f3a3716a68415fa932e0d6bf3eca0786\transformed\accompanist-drawablepainter-0.32.0\AndroidManifest.xml
Merging manifest with lower [com.google.accompanist:accompanist-drawablepainter:0.32.0] AndroidManifest.xml:17:1-23:12
uses-sdk defined in both files...
Merging uses-sdk with lower [com.google.accompanist:accompanist-drawablepainter:0.32.0] AndroidManifest.xml:21:5-44
Merging library manifest C:\Users\Acer Nitro 5\.gradle\caches\8.11.1\transforms\cedec6db3309c38485e5c77cb9a65e08\transformed\material-icons-extended-release\AndroidManifest.xml
Merging manifest with lower [androidx.compose.material:material-icons-extended-android:1.7.2] AndroidManifest.xml:2:1-7:12
uses-sdk defined in both files...
Merging uses-sdk with lower [androidx.compose.material:material-icons-extended-android:1.7.2] AndroidManifest.xml:5:5-44
Merging library manifest C:\Users\Acer Nitro 5\.gradle\caches\8.11.1\transforms\bdee3080e4a00cb6f5fb5e0dbf2001dd\transformed\material-icons-core-release\AndroidManifest.xml
Merging manifest with lower [androidx.compose.material:material-icons-core-android:1.7.2] AndroidManifest.xml:2:1-7:12
uses-sdk defined in both files...
Merging uses-sdk with lower [androidx.compose.material:material-icons-core-android:1.7.2] AndroidManifest.xml:5:5-44
Merging library manifest C:\Users\Acer Nitro 5\.gradle\caches\8.11.1\transforms\12895ad3527e0e650881b279aed94ae8\transformed\ui-tooling-data-release\AndroidManifest.xml
Merging manifest with lower [androidx.compose.ui:ui-tooling-data-android:1.8.2] AndroidManifest.xml:2:1-7:12
uses-sdk defined in both files...
Merging uses-sdk with lower [androidx.compose.ui:ui-tooling-data-android:1.8.2] AndroidManifest.xml:5:5-44
Merging library manifest C:\Users\Acer Nitro 5\.gradle\caches\8.11.1\transforms\b904d0a4a25e9ac0b259cc5b57a2786e\transformed\ui-tooling-preview-release\AndroidManifest.xml
Merging manifest with lower [androidx.compose.ui:ui-tooling-preview-android:1.8.2] AndroidManifest.xml:17:1-22:12
uses-sdk defined in both files...
Merging uses-sdk with lower [androidx.compose.ui:ui-tooling-preview-android:1.8.2] AndroidManifest.xml:20:5-44
Merging library manifest C:\Users\Acer Nitro 5\.gradle\caches\8.11.1\transforms\1adfba07004805aed551a36711b90ea2\transformed\foundation-release\AndroidManifest.xml
Merging manifest with lower [androidx.compose.foundation:foundation-android:1.8.2] AndroidManifest.xml:2:1-7:12
uses-sdk defined in both files...
Merging uses-sdk with lower [androidx.compose.foundation:foundation-android:1.8.2] AndroidManifest.xml:5:5-44
Merging library manifest C:\Users\Acer Nitro 5\.gradle\caches\8.11.1\transforms\f3f1579517ac8b70cf272eb88445529f\transformed\foundation-layout-release\AndroidManifest.xml
Merging manifest with lower [androidx.compose.foundation:foundation-layout-android:1.8.2] AndroidManifest.xml:2:1-7:12
uses-sdk defined in both files...
Merging uses-sdk with lower [androidx.compose.foundation:foundation-layout-android:1.8.2] AndroidManifest.xml:5:5-44
Merging library manifest C:\Users\Acer Nitro 5\.gradle\caches\8.11.1\transforms\d62692f5c9bccfcb8be7f1f1a968f267\transformed\animation-core-release\AndroidManifest.xml
Merging manifest with lower [androidx.compose.animation:animation-core-android:1.8.2] AndroidManifest.xml:2:1-7:12
uses-sdk defined in both files...
Merging uses-sdk with lower [androidx.compose.animation:animation-core-android:1.8.2] AndroidManifest.xml:5:5-44
Merging library manifest C:\Users\Acer Nitro 5\.gradle\caches\8.11.1\transforms\1cc1ecf2b54316e1233d5d6bbb864b9f\transformed\animation-release\AndroidManifest.xml
Merging manifest with lower [androidx.compose.animation:animation-android:1.8.2] AndroidManifest.xml:2:1-7:12
uses-sdk defined in both files...
Merging uses-sdk with lower [androidx.compose.animation:animation-android:1.8.2] AndroidManifest.xml:5:5-44
Merging library manifest C:\Users\Acer Nitro 5\.gradle\caches\8.11.1\transforms\136b26b87348c09dfc1e769f984e7733\transformed\ui-geometry-release\AndroidManifest.xml
Merging manifest with lower [androidx.compose.ui:ui-geometry-android:1.8.2] AndroidManifest.xml:2:1-7:12
uses-sdk defined in both files...
Merging uses-sdk with lower [androidx.compose.ui:ui-geometry-android:1.8.2] AndroidManifest.xml:5:5-44
Merging library manifest C:\Users\Acer Nitro 5\.gradle\caches\8.11.1\transforms\6bcd439ba10175b9d580bc358b489922\transformed\ui-tooling-release\AndroidManifest.xml
Merging manifest with lower [androidx.compose.ui:ui-tooling-android:1.8.2] AndroidManifest.xml:17:1-28:12
uses-sdk defined in both files...
Merging uses-sdk with lower [androidx.compose.ui:ui-tooling-android:1.8.2] AndroidManifest.xml:20:5-44
application defined in both files...
Merging application with lower [androidx.compose.ui:ui-tooling-android:1.8.2] AndroidManifest.xml:22:5-26:19
Adopted [activity: null]
Merging library manifest C:\Users\Acer Nitro 5\.gradle\caches\8.11.1\transforms\a543f0aa32eb5c3e44f60e6aa1c6304e\transformed\material-release\AndroidManifest.xml
Merging manifest with lower [androidx.compose.material:material-android:1.7.2] AndroidManifest.xml:2:1-7:12
uses-sdk defined in both files...
Merging uses-sdk with lower [androidx.compose.material:material-android:1.7.2] AndroidManifest.xml:5:5-44
Merging library manifest C:\Users\Acer Nitro 5\.gradle\caches\8.11.1\transforms\a8eb8afbb246032ef2b78bc4bc1d2693\transformed\material-ripple-release\AndroidManifest.xml
Merging manifest with lower [androidx.compose.material:material-ripple-android:1.8.1] AndroidManifest.xml:2:1-7:12
uses-sdk defined in both files...
Merging uses-sdk with lower [androidx.compose.material:material-ripple-android:1.8.1] AndroidManifest.xml:5:5-44
Merging library manifest C:\Users\Acer Nitro 5\.gradle\caches\8.11.1\transforms\b708e22fb142de3e0f3efc8294478db8\transformed\ui-util-release\AndroidManifest.xml
Merging manifest with lower [androidx.compose.ui:ui-util-android:1.8.2] AndroidManifest.xml:2:1-7:12
uses-sdk defined in both files...
Merging uses-sdk with lower [androidx.compose.ui:ui-util-android:1.8.2] AndroidManifest.xml:5:5-44
Merging library manifest C:\Users\Acer Nitro 5\.gradle\caches\8.11.1\transforms\90c496a607b0fea0a83717018129f2db\transformed\ui-unit-release\AndroidManifest.xml
Merging manifest with lower [androidx.compose.ui:ui-unit-android:1.8.2] AndroidManifest.xml:2:1-7:12
uses-sdk defined in both files...
Merging uses-sdk with lower [androidx.compose.ui:ui-unit-android:1.8.2] AndroidManifest.xml:5:5-44
Merging library manifest C:\Users\Acer Nitro 5\.gradle\caches\8.11.1\transforms\f8eaaf63c1a6be4e7fd86b6d1c463036\transformed\ui-text-release\AndroidManifest.xml
Merging manifest with lower [androidx.compose.ui:ui-text-android:1.8.2] AndroidManifest.xml:2:1-7:12
uses-sdk defined in both files...
Merging uses-sdk with lower [androidx.compose.ui:ui-text-android:1.8.2] AndroidManifest.xml:5:5-44
Merging library manifest C:\Users\Acer Nitro 5\.gradle\caches\8.11.1\transforms\86c5c7f57518b06aa8a57a6c3af76499\transformed\ui-graphics-release\AndroidManifest.xml
Merging manifest with lower [androidx.compose.ui:ui-graphics-android:1.8.2] AndroidManifest.xml:2:1-7:12
uses-sdk defined in both files...
Merging uses-sdk with lower [androidx.compose.ui:ui-graphics-android:1.8.2] AndroidManifest.xml:5:5-44
Merging library manifest C:\Users\Acer Nitro 5\.gradle\caches\8.11.1\transforms\db5b5b694da5e77a2023177d4a99d8f3\transformed\ui-test-manifest-1.8.2\AndroidManifest.xml
Merging manifest with lower [androidx.compose.ui:ui-test-manifest:1.8.2] AndroidManifest.xml:17:1-29:12
uses-sdk defined in both files...
Merging uses-sdk with lower [androidx.compose.ui:ui-test-manifest:1.8.2] AndroidManifest.xml:20:5-44
application defined in both files...
Merging application with lower [androidx.compose.ui:ui-test-manifest:1.8.2] AndroidManifest.xml:22:5-27:19
Adopted [activity: null]
Merging library manifest C:\Users\Acer Nitro 5\.gradle\caches\8.11.1\transforms\463ceebb09c85fbe4463d8a2aa1299dc\transformed\firebase-auth-23.1.0\AndroidManifest.xml
Merging manifest with lower [com.google.firebase:firebase-auth:23.1.0] AndroidManifest.xml:17:1-75:12
uses-sdk defined in both files...
Merging uses-sdk with lower [com.google.firebase:firebase-auth:23.1.0] AndroidManifest.xml:21:5-23:151
uses-permission#android.permission.INTERNET defined in both files...
Merging uses-permission#android.permission.INTERNET with lower [com.google.firebase:firebase-auth:23.1.0] AndroidManifest.xml:25:5-67
uses-permission#android.permission.ACCESS_NETWORK_STATE defined in both files...
Merging uses-permission#android.permission.ACCESS_NETWORK_STATE with lower [com.google.firebase:firebase-auth:23.1.0] AndroidManifest.xml:26:5-79
application defined in both files...
Merging application with lower [com.google.firebase:firebase-auth:23.1.0] AndroidManifest.xml:28:5-73:19
Adopted [activity: null]
Adopted [activity: null]
Adopted [service: null]
Merging library manifest C:\Users\Acer Nitro 5\.gradle\caches\8.11.1\transforms\2e77fa64755a3bd4513c11b403f471d5\transformed\play-services-maps-19.0.0\AndroidManifest.xml
Merging manifest with lower [com.google.android.gms:play-services-maps:19.0.0] AndroidManifest.xml:17:1-44:12
uses-sdk defined in both files...
Merging uses-sdk with lower [com.google.android.gms:play-services-maps:19.0.0] AndroidManifest.xml:20:5-44
uses-permission#android.permission.ACCESS_NETWORK_STATE defined in both files...
Merging uses-permission#android.permission.ACCESS_NETWORK_STATE with lower [com.google.android.gms:play-services-maps:19.0.0] AndroidManifest.xml:23:5-79
uses-permission#android.permission.INTERNET defined in both files...
Merging uses-permission#android.permission.INTERNET with lower [com.google.android.gms:play-services-maps:19.0.0] AndroidManifest.xml:24:5-67
Adopted [uses-feature: null]
queries defined in both files...
Merging queries with lower [com.google.android.gms:play-services-maps:19.0.0] AndroidManifest.xml:30:5-34:15
Adopted [package: null]
application defined in both files...
Merging application with lower [com.google.android.gms:play-services-maps:19.0.0] AndroidManifest.xml:36:5-42:19
Adopted [uses-library: null]
Merging library manifest C:\Users\Acer Nitro 5\.gradle\caches\8.11.1\transforms\40e64b434365722a4fc66c6a375b184c\transformed\firebase-firestore-25.1.1\AndroidManifest.xml
Merging manifest with lower [com.google.firebase:firebase-firestore:25.1.1] AndroidManifest.xml:2:1-26:12
uses-sdk defined in both files...
Merging uses-sdk with lower [com.google.firebase:firebase-firestore:25.1.1] AndroidManifest.xml:6:5-44
uses-permission#android.permission.ACCESS_NETWORK_STATE defined in both files...
Merging uses-permission#android.permission.ACCESS_NETWORK_STATE with lower [com.google.firebase:firebase-firestore:25.1.1] AndroidManifest.xml:10:5-79
uses-permission#android.permission.INTERNET defined in both files...
Merging uses-permission#android.permission.INTERNET with lower [com.google.firebase:firebase-firestore:25.1.1] AndroidManifest.xml:11:5-67
application defined in both files...
Merging application with lower [com.google.firebase:firebase-firestore:25.1.1] AndroidManifest.xml:13:5-24:19
service#com.google.firebase.components.ComponentDiscoveryService defined in both files...
Merging service#com.google.firebase.components.ComponentDiscoveryService with lower [com.google.firebase:firebase-firestore:25.1.1] AndroidManifest.xml:14:9-23:19
Adopted [meta-data: null]
Adopted [meta-data: null]
Merging library manifest C:\Users\Acer Nitro 5\.gradle\caches\8.11.1\transforms\1d1be984d991166499e45a171ade7479\transformed\play-services-location-21.0.0\AndroidManifest.xml
Merging manifest with lower [com.google.android.gms:play-services-location:21.0.0] AndroidManifest.xml:2:1-9:12
uses-sdk defined in both files...
Merging uses-sdk with lower [com.google.android.gms:play-services-location:21.0.0] AndroidManifest.xml:5:5-44
application defined in both files...
Merging application with lower [com.google.android.gms:play-services-location:21.0.0] AndroidManifest.xml:7:5-20
Merging library manifest C:\Users\Acer Nitro 5\.gradle\caches\8.11.1\transforms\1b13e2227264b2674b8cf6334aac180b\transformed\googleid-1.1.1\AndroidManifest.xml
Merging manifest with lower [com.google.android.libraries.identity.googleid:googleid:1.1.1] AndroidManifest.xml:2:1-7:12
uses-sdk defined in both files...
Merging uses-sdk with lower [com.google.android.libraries.identity.googleid:googleid:1.1.1] AndroidManifest.xml:5:5-44
Merging library manifest C:\Users\Acer Nitro 5\.gradle\caches\8.11.1\transforms\960e35b36800e2a9d81ee98aa3547131\transformed\credentials-1.3.0\AndroidManifest.xml
Merging manifest with lower [androidx.credentials:credentials:1.3.0] AndroidManifest.xml:2:1-7:12
uses-sdk defined in both files...
Merging uses-sdk with lower [androidx.credentials:credentials:1.3.0] AndroidManifest.xml:5:5-44
Merging library manifest C:\Users\Acer Nitro 5\.gradle\caches\8.11.1\transforms\f814fd8d997b64a2311225735a56f096\transformed\credentials-play-services-auth-1.3.0\AndroidManifest.xml
Merging manifest with lower [androidx.credentials:credentials-play-services-auth:1.3.0] AndroidManifest.xml:17:1-44:12
uses-sdk defined in both files...
Merging uses-sdk with lower [androidx.credentials:credentials-play-services-auth:1.3.0] AndroidManifest.xml:21:5-44
application defined in both files...
Merging application with lower [androidx.credentials:credentials-play-services-auth:1.3.0] AndroidManifest.xml:23:5-42:19
Adopted [service: null]
Adopted [activity: null]
Merging library manifest C:\Users\Acer Nitro 5\.gradle\caches\8.11.1\transforms\b35838692daa47e13cc21a285c6fd0eb\transformed\play-services-auth-21.1.1\AndroidManifest.xml
Merging manifest with lower [com.google.android.gms:play-services-auth:21.1.1] AndroidManifest.xml:17:1-40:12
uses-sdk defined in both files...
Merging uses-sdk with lower [com.google.android.gms:play-services-auth:21.1.1] AndroidManifest.xml:20:5-44
application defined in both files...
Merging application with lower [com.google.android.gms:play-services-auth:21.1.1] AndroidManifest.xml:22:5-38:19
Adopted [activity: null]
Adopted [service: null]
Merging library manifest C:\Users\Acer Nitro 5\.gradle\caches\8.11.1\transforms\bfc8c26046ba8a2e97c6010edcde5f7f\transformed\play-services-auth-api-phone-18.0.2\AndroidManifest.xml
Merging manifest with lower [com.google.android.gms:play-services-auth-api-phone:18.0.2] AndroidManifest.xml:2:1-7:12
uses-sdk defined in both files...
Merging uses-sdk with lower [com.google.android.gms:play-services-auth-api-phone:18.0.2] AndroidManifest.xml:5:5-44
Merging library manifest C:\Users\Acer Nitro 5\.gradle\caches\8.11.1\transforms\f571ae0f6b3ab1f22941a205482bfff4\transformed\recaptcha-18.5.1\AndroidManifest.xml
Merging manifest with lower [com.google.android.recaptcha:recaptcha:18.5.1] AndroidManifest.xml:2:1-11:12
uses-sdk defined in both files...
Merging uses-sdk with lower [com.google.android.recaptcha:recaptcha:18.5.1] AndroidManifest.xml:5:5-44
uses-permission#android.permission.INTERNET defined in both files...
Merging uses-permission#android.permission.INTERNET with lower [com.google.android.recaptcha:recaptcha:18.5.1] AndroidManifest.xml:7:5-67
uses-permission#android.permission.ACCESS_NETWORK_STATE defined in both files...
Merging uses-permission#android.permission.ACCESS_NETWORK_STATE with lower [com.google.android.recaptcha:recaptcha:18.5.1] AndroidManifest.xml:8:5-79
Adopted [uses-permission: null]
Merging library manifest C:\Users\Acer Nitro 5\.gradle\caches\8.11.1\transforms\6d8a4ca86c7346d924a01b1c17508409\transformed\integrity-1.3.0\AndroidManifest.xml
Merging manifest with lower [com.google.android.play:integrity:1.3.0] AndroidManifest.xml:2:1-7:12
uses-sdk defined in both files...
Merging uses-sdk with lower [com.google.android.play:integrity:1.3.0] AndroidManifest.xml:4:5-44
application defined in both files...
Merging application with lower [com.google.android.play:integrity:1.3.0] AndroidManifest.xml:5:5-6:19
Merging library manifest C:\Users\Acer Nitro 5\.gradle\caches\8.11.1\transforms\ab726d256340231a1f043de78dc70eee\transformed\firebase-storage-ktx-21.0.1\AndroidManifest.xml
Merging manifest with lower [com.google.firebase:firebase-storage-ktx:21.0.1] AndroidManifest.xml:2:1-18:12
uses-sdk defined in both files...
Merging uses-sdk with lower [com.google.firebase:firebase-storage-ktx:21.0.1] AndroidManifest.xml:5:5-44
application defined in both files...
Merging application with lower [com.google.firebase:firebase-storage-ktx:21.0.1] AndroidManifest.xml:8:5-16:19
service#com.google.firebase.components.ComponentDiscoveryService defined in both files...
Merging service#com.google.firebase.components.ComponentDiscoveryService with lower [com.google.firebase:firebase-storage-ktx:21.0.1] AndroidManifest.xml:9:9-15:19
Adopted [meta-data: null]
Merging library manifest C:\Users\Acer Nitro 5\.gradle\caches\8.11.1\transforms\e020baa80d399224966e4385dc4cc7e3\transformed\firebase-storage-21.0.1\AndroidManifest.xml
Merging manifest with lower [com.google.firebase:firebase-storage:21.0.1] AndroidManifest.xml:15:1-39:12
uses-sdk defined in both files...
Merging uses-sdk with lower [com.google.firebase:firebase-storage:21.0.1] AndroidManifest.xml:19:5-44
uses-permission#android.permission.ACCESS_NETWORK_STATE defined in both files...
Merging uses-permission#android.permission.ACCESS_NETWORK_STATE with lower [com.google.firebase:firebase-storage:21.0.1] AndroidManifest.xml:23:5-79
uses-permission#android.permission.INTERNET defined in both files...
Merging uses-permission#android.permission.INTERNET with lower [com.google.firebase:firebase-storage:21.0.1] AndroidManifest.xml:24:5-67
application defined in both files...
Merging application with lower [com.google.firebase:firebase-storage:21.0.1] AndroidManifest.xml:26:5-37:19
service#com.google.firebase.components.ComponentDiscoveryService defined in both files...
Merging service#com.google.firebase.components.ComponentDiscoveryService with lower [com.google.firebase:firebase-storage:21.0.1] AndroidManifest.xml:27:9-36:19
Adopted [meta-data: null]
Adopted [meta-data: null]
Merging library manifest C:\Users\Acer Nitro 5\.gradle\caches\8.11.1\transforms\112a0bb3893e45a3a4ee8371bff47c1a\transformed\firebase-auth-interop-20.0.0\AndroidManifest.xml
Merging manifest with lower [com.google.firebase:firebase-auth-interop:20.0.0] AndroidManifest.xml:2:1-10:12
uses-sdk defined in both files...
Merging uses-sdk with lower [com.google.firebase:firebase-auth-interop:20.0.0] AndroidManifest.xml:5:5-44
application defined in both files...
Merging application with lower [com.google.firebase:firebase-auth-interop:20.0.0] AndroidManifest.xml:7:5-8:19
Merging library manifest C:\Users\Acer Nitro 5\.gradle\caches\8.11.1\transforms\8f73694642f77e1138753fb9fefa5d62\transformed\firebase-messaging-ktx-24.1.0\AndroidManifest.xml
Merging manifest with lower [com.google.firebase:firebase-messaging-ktx:24.1.0] AndroidManifest.xml:17:1-32:12
uses-sdk defined in both files...
Merging uses-sdk with lower [com.google.firebase:firebase-messaging-ktx:24.1.0] AndroidManifest.xml:20:5-44
application defined in both files...
Merging application with lower [com.google.firebase:firebase-messaging-ktx:24.1.0] AndroidManifest.xml:22:5-30:19
service#com.google.firebase.components.ComponentDiscoveryService defined in both files...
Merging service#com.google.firebase.components.ComponentDiscoveryService with lower [com.google.firebase:firebase-messaging-ktx:24.1.0] AndroidManifest.xml:23:9-29:19
Adopted [meta-data: null]
Merging library manifest C:\Users\Acer Nitro 5\.gradle\caches\8.11.1\transforms\8093d9425102c25452327fce4c4be3fb\transformed\firebase-messaging-24.1.0\AndroidManifest.xml
Merging manifest with lower [com.google.firebase:firebase-messaging:24.1.0] AndroidManifest.xml:17:1-66:12
uses-sdk defined in both files...
Merging uses-sdk with lower [com.google.firebase:firebase-messaging:24.1.0] AndroidManifest.xml:20:5-44
uses-permission#android.permission.ACCESS_NETWORK_STATE defined in both files...
Merging uses-permission#android.permission.ACCESS_NETWORK_STATE with lower [com.google.firebase:firebase-messaging:24.1.0] AndroidManifest.xml:22:5-79
uses-permission#android.permission.POST_NOTIFICATIONS defined in both files...
Merging uses-permission#android.permission.POST_NOTIFICATIONS with lower [com.google.firebase:firebase-messaging:24.1.0] AndroidManifest.xml:23:5-77
Adopted [uses-permission: null]
Adopted [uses-permission: null]
application defined in both files...
Merging application with lower [com.google.firebase:firebase-messaging:24.1.0] AndroidManifest.xml:28:5-64:19
Adopted [receiver: null]
Adopted [service: null]
service#com.google.firebase.components.ComponentDiscoveryService defined in both files...
Merging service#com.google.firebase.components.ComponentDiscoveryService with lower [com.google.firebase:firebase-messaging:24.1.0] AndroidManifest.xml:54:9-63:19
Adopted [meta-data: null]
Adopted [meta-data: null]
Merging library manifest C:\Users\Acer Nitro 5\.gradle\caches\8.11.1\transforms\5d53badb2f7864672d397fa60f79dd73\transformed\firebase-appcheck-18.0.0\AndroidManifest.xml
Merging manifest with lower [com.google.firebase:firebase-appcheck:18.0.0] AndroidManifest.xml:15:1-34:12
uses-sdk defined in both files...
Merging uses-sdk with lower [com.google.firebase:firebase-appcheck:18.0.0] AndroidManifest.xml:18:5-44
application defined in both files...
Merging application with lower [com.google.firebase:firebase-appcheck:18.0.0] AndroidManifest.xml:21:5-32:19
service#com.google.firebase.components.ComponentDiscoveryService defined in both files...
Merging service#com.google.firebase.components.ComponentDiscoveryService with lower [com.google.firebase:firebase-appcheck:18.0.0] AndroidManifest.xml:22:9-31:19
Adopted [meta-data: null]
Adopted [meta-data: null]
Merging library manifest C:\Users\Acer Nitro 5\.gradle\caches\8.11.1\transforms\0d8ac9dcaa03a372409f9d2fecc94b23\transformed\firebase-installations-18.0.0\AndroidManifest.xml
Merging manifest with lower [com.google.firebase:firebase-installations:18.0.0] AndroidManifest.xml:2:1-24:12
uses-sdk defined in both files...
Merging uses-sdk with lower [com.google.firebase:firebase-installations:18.0.0] AndroidManifest.xml:5:5-44
uses-permission#android.permission.ACCESS_NETWORK_STATE defined in both files...
Merging uses-permission#android.permission.ACCESS_NETWORK_STATE with lower [com.google.firebase:firebase-installations:18.0.0] AndroidManifest.xml:7:5-79
uses-permission#android.permission.INTERNET defined in both files...
Merging uses-permission#android.permission.INTERNET with lower [com.google.firebase:firebase-installations:18.0.0] AndroidManifest.xml:8:5-67
application defined in both files...
Merging application with lower [com.google.firebase:firebase-installations:18.0.0] AndroidManifest.xml:11:5-22:19
service#com.google.firebase.components.ComponentDiscoveryService defined in both files...
Merging service#com.google.firebase.components.ComponentDiscoveryService with lower [com.google.firebase:firebase-installations:18.0.0] AndroidManifest.xml:12:9-21:19
Adopted [meta-data: null]
Adopted [meta-data: null]
Merging library manifest C:\Users\Acer Nitro 5\.gradle\caches\8.11.1\transforms\79ffa144d1b0b2680033e999f7699d1d\transformed\firebase-common-ktx-21.0.0\AndroidManifest.xml
Merging manifest with lower [com.google.firebase:firebase-common-ktx:21.0.0] AndroidManifest.xml:2:1-18:12
uses-sdk defined in both files...
Merging uses-sdk with lower [com.google.firebase:firebase-common-ktx:21.0.0] AndroidManifest.xml:5:5-44
application defined in both files...
Merging application with lower [com.google.firebase:firebase-common-ktx:21.0.0] AndroidManifest.xml:8:5-16:19
service#com.google.firebase.components.ComponentDiscoveryService defined in both files...
Merging service#com.google.firebase.components.ComponentDiscoveryService with lower [com.google.firebase:firebase-common-ktx:21.0.0] AndroidManifest.xml:9:9-15:19
Adopted [meta-data: null]
Merging library manifest C:\Users\Acer Nitro 5\.gradle\caches\8.11.1\transforms\b5c6f1a08c8a0aef23de016808637746\transformed\firebase-common-21.0.0\AndroidManifest.xml
Merging manifest with lower [com.google.firebase:firebase-common:21.0.0] AndroidManifest.xml:15:1-41:12
uses-sdk defined in both files...
Merging uses-sdk with lower [com.google.firebase:firebase-common:21.0.0] AndroidManifest.xml:19:5-44
application defined in both files...
Merging application with lower [com.google.firebase:firebase-common:21.0.0] AndroidManifest.xml:22:5-39:19
Adopted [provider: null]
service#com.google.firebase.components.ComponentDiscoveryService defined in both files...
Merging service#com.google.firebase.components.ComponentDiscoveryService with lower [com.google.firebase:firebase-common:21.0.0] AndroidManifest.xml:30:9-38:19
Adopted [meta-data: null]
Merging library manifest C:\Users\Acer Nitro 5\.gradle\caches\8.11.1\transforms\f3529313b0b31b721e58264a40b50322\transformed\firebase-database-collection-18.0.1\AndroidManifest.xml
Merging manifest with lower [com.google.firebase:firebase-database-collection:18.0.1] AndroidManifest.xml:2:1-9:12
uses-sdk defined in both files...
Merging uses-sdk with lower [com.google.firebase:firebase-database-collection:18.0.1] AndroidManifest.xml:5:5-7:41
Merging library manifest C:\Users\Acer Nitro 5\.gradle\caches\8.11.1\transforms\62c5426b4149dc6915f1ff0658881b20\transformed\play-services-fido-21.0.0\AndroidManifest.xml
Merging manifest with lower [com.google.android.gms:play-services-fido:21.0.0] AndroidManifest.xml:2:1-10:12
uses-sdk defined in both files...
Merging uses-sdk with lower [com.google.android.gms:play-services-fido:21.0.0] AndroidManifest.xml:5:5-44
application defined in both files...
Merging application with lower [com.google.android.gms:play-services-fido:21.0.0] AndroidManifest.xml:7:5-8:19
Merging library manifest C:\Users\Acer Nitro 5\.gradle\caches\8.11.1\transforms\44cb22b7f346a897f64fcbc2b6dcb71a\transformed\play-services-auth-base-18.0.10\AndroidManifest.xml
Merging manifest with lower [com.google.android.gms:play-services-auth-base:18.0.10] AndroidManifest.xml:2:1-7:12
uses-sdk defined in both files...
Merging uses-sdk with lower [com.google.android.gms:play-services-auth-base:18.0.10] AndroidManifest.xml:5:5-44
Merging library manifest C:\Users\Acer Nitro 5\.gradle\caches\8.11.1\transforms\2ab4c7663e06f6db47e499cdb6a5bd7a\transformed\firebase-appcheck-interop-17.1.0\AndroidManifest.xml
Merging manifest with lower [com.google.firebase:firebase-appcheck-interop:17.1.0] AndroidManifest.xml:15:1-23:12
uses-sdk defined in both files...
Merging uses-sdk with lower [com.google.firebase:firebase-appcheck-interop:17.1.0] AndroidManifest.xml:18:5-44
application defined in both files...
Merging application with lower [com.google.firebase:firebase-appcheck-interop:17.1.0] AndroidManifest.xml:21:5-20
Merging library manifest C:\Users\Acer Nitro 5\.gradle\caches\8.11.1\transforms\9c1be5eac42f2831148a70bf9e80a03c\transformed\play-services-base-18.5.0\AndroidManifest.xml
Merging manifest with lower [com.google.android.gms:play-services-base:18.5.0] AndroidManifest.xml:2:1-7:12
uses-sdk defined in both files...
Merging uses-sdk with lower [com.google.android.gms:play-services-base:18.5.0] AndroidManifest.xml:3:5-44
application defined in both files...
Merging application with lower [com.google.android.gms:play-services-base:18.5.0] AndroidManifest.xml:4:5-6:19
Adopted [activity: null]
Merging library manifest C:\Users\Acer Nitro 5\.gradle\caches\8.11.1\transforms\ee17001f2c4b37972af2957ce7f25015\transformed\firebase-iid-interop-17.1.0\AndroidManifest.xml
Merging manifest with lower [com.google.firebase:firebase-iid-interop:17.1.0] AndroidManifest.xml:2:1-10:12
uses-sdk defined in both files...
Merging uses-sdk with lower [com.google.firebase:firebase-iid-interop:17.1.0] AndroidManifest.xml:5:5-44
application defined in both files...
Merging application with lower [com.google.firebase:firebase-iid-interop:17.1.0] AndroidManifest.xml:7:5-8:19
Merging library manifest C:\Users\Acer Nitro 5\.gradle\caches\8.11.1\transforms\a8b59f8ebdbb100759163a6e5f54bc98\transformed\play-services-cloud-messaging-17.2.0\AndroidManifest.xml
Merging manifest with lower [com.google.android.gms:play-services-cloud-messaging:17.2.0] AndroidManifest.xml:2:1-13:12
uses-sdk defined in both files...
Merging uses-sdk with lower [com.google.android.gms:play-services-cloud-messaging:17.2.0] AndroidManifest.xml:5:5-44
uses-permission#android.permission.ACCESS_NETWORK_STATE defined in both files...
Merging uses-permission#android.permission.ACCESS_NETWORK_STATE with lower [com.google.android.gms:play-services-cloud-messaging:17.2.0] AndroidManifest.xml:7:5-79
uses-permission#android.permission.INTERNET defined in both files...
Merging uses-permission#android.permission.INTERNET with lower [com.google.android.gms:play-services-cloud-messaging:17.2.0] AndroidManifest.xml:8:5-67
uses-permission#android.permission.WAKE_LOCK defined in both files...
Merging uses-permission#android.permission.WAKE_LOCK with lower [com.google.android.gms:play-services-cloud-messaging:17.2.0] AndroidManifest.xml:9:5-68
uses-permission#com.google.android.c2dm.permission.RECEIVE defined in both files...
Merging uses-permission#com.google.android.c2dm.permission.RECEIVE with lower [com.google.android.gms:play-services-cloud-messaging:17.2.0] AndroidManifest.xml:11:5-82
Merging library manifest C:\Users\Acer Nitro 5\.gradle\caches\8.11.1\transforms\2dd13ef112b86a111e9bf64acef86146\transformed\firebase-installations-interop-17.1.1\AndroidManifest.xml
Merging manifest with lower [com.google.firebase:firebase-installations-interop:17.1.1] AndroidManifest.xml:15:1-19:12
uses-sdk defined in both files...
Merging uses-sdk with lower [com.google.firebase:firebase-installations-interop:17.1.1] AndroidManifest.xml:17:5-44
Merging library manifest C:\Users\Acer Nitro 5\.gradle\caches\8.11.1\transforms\a43d44bc29419815d335798392407e65\transformed\common-0.8.0\AndroidManifest.xml
Merging manifest with lower [com.google.ai.client.generativeai:common:0.8.0] AndroidManifest.xml:17:1-24:12
uses-sdk defined in both files...
Merging uses-sdk with lower [com.google.ai.client.generativeai:common:0.8.0] AndroidManifest.xml:20:5-44
uses-permission#android.permission.INTERNET defined in both files...
Merging uses-permission#android.permission.INTERNET with lower [com.google.ai.client.generativeai:common:0.8.0] AndroidManifest.xml:22:5-67
Merging library manifest C:\Users\Acer Nitro 5\.gradle\caches\8.11.1\transforms\5bc2d09a88813063fa93554c35aa853c\transformed\runtime-annotation\AndroidManifest.xml
Merging manifest with lower [androidx.compose.runtime:runtime-annotation-android:1.9.0] AndroidManifest.xml:2:1-7:12
uses-sdk defined in both files...
Merging uses-sdk with lower [androidx.compose.runtime:runtime-annotation-android:1.9.0] AndroidManifest.xml:5:5-44
Merging library manifest C:\Users\Acer Nitro 5\.gradle\caches\8.11.1\transforms\b4b628177fa72c4fd89ae6bc0ca3eb93\transformed\runtime-saveable\AndroidManifest.xml
Merging manifest with lower [androidx.compose.runtime:runtime-saveable-android:1.9.0] AndroidManifest.xml:2:1-7:12
uses-sdk defined in both files...
Merging uses-sdk with lower [androidx.compose.runtime:runtime-saveable-android:1.9.0] AndroidManifest.xml:5:5-44
Merging library manifest C:\Users\Acer Nitro 5\.gradle\caches\8.11.1\transforms\4c919cf587e45e4864e3ad808ade0e8a\transformed\savedstate-ktx-1.3.0\AndroidManifest.xml
Merging manifest with lower [androidx.savedstate:savedstate-ktx:1.3.0] AndroidManifest.xml:2:1-7:12
uses-sdk defined in both files...
Merging uses-sdk with lower [androidx.savedstate:savedstate-ktx:1.3.0] AndroidManifest.xml:5:5-44
Merging library manifest C:\Users\Acer Nitro 5\.gradle\caches\8.11.1\transforms\82dc2d3d4eeef3d4ecff1eacaddb25b7\transformed\savedstate-compose-release\AndroidManifest.xml
Merging manifest with lower [androidx.savedstate:savedstate-compose-android:1.3.0] AndroidManifest.xml:2:1-7:12
uses-sdk defined in both files...
Merging uses-sdk with lower [androidx.savedstate:savedstate-compose-android:1.3.0] AndroidManifest.xml:5:5-44
Merging library manifest C:\Users\Acer Nitro 5\.gradle\caches\8.11.1\transforms\bb78213c975e0ce827608745e417cd65\transformed\dynamicanimation-1.0.0\AndroidManifest.xml
Merging manifest with lower [androidx.dynamicanimation:dynamicanimation:1.0.0] AndroidManifest.xml:17:1-22:12
uses-sdk defined in both files...
Merging uses-sdk with lower [androidx.dynamicanimation:dynamicanimation:1.0.0] AndroidManifest.xml:20:5-44
Merging library manifest C:\Users\Acer Nitro 5\.gradle\caches\8.11.1\transforms\cd185b34cd8e61d803fe36472b8b08a9\transformed\play-services-stats-17.0.2\AndroidManifest.xml
Merging manifest with lower [com.google.android.gms:play-services-stats:17.0.2] AndroidManifest.xml:2:1-9:12
uses-sdk defined in both files...
Merging uses-sdk with lower [com.google.android.gms:play-services-stats:17.0.2] AndroidManifest.xml:5:5-44
application defined in both files...
Merging application with lower [com.google.android.gms:play-services-stats:17.0.2] AndroidManifest.xml:7:5-20
Merging library manifest C:\Users\Acer Nitro 5\.gradle\caches\8.11.1\transforms\227b7b023c4035eaa70e25ee798466ed\transformed\legacy-support-core-utils-1.0.0\AndroidManifest.xml
Merging manifest with lower [androidx.legacy:legacy-support-core-utils:1.0.0] AndroidManifest.xml:17:1-22:12
uses-sdk defined in both files...
Merging uses-sdk with lower [androidx.legacy:legacy-support-core-utils:1.0.0] AndroidManifest.xml:20:5-44
Merging library manifest C:\Users\Acer Nitro 5\.gradle\caches\8.11.1\transforms\277366b3cd5522924a3cc5911213c45d\transformed\loader-1.1.0\AndroidManifest.xml
Merging manifest with lower [androidx.loader:loader:1.1.0] AndroidManifest.xml:17:1-24:12
uses-sdk defined in both files...
Merging uses-sdk with lower [androidx.loader:loader:1.1.0] AndroidManifest.xml:20:5-22:41
Merging library manifest C:\Users\Acer Nitro 5\.gradle\caches\8.11.1\transforms\caadc21c5d073fb8e9b182b472ebd3dd\transformed\emoji2-views-helper-1.4.0\AndroidManifest.xml
Merging manifest with lower [androidx.emoji2:emoji2-views-helper:1.4.0] AndroidManifest.xml:2:1-7:12
uses-sdk defined in both files...
Merging uses-sdk with lower [androidx.emoji2:emoji2-views-helper:1.4.0] AndroidManifest.xml:5:5-44
Merging library manifest C:\Users\Acer Nitro 5\.gradle\caches\8.11.1\transforms\7f527cef68b88148dd6206b919407775\transformed\emoji2-1.4.0\AndroidManifest.xml
Merging manifest with lower [androidx.emoji2:emoji2:1.4.0] AndroidManifest.xml:17:1-35:12
uses-sdk defined in both files...
Merging uses-sdk with lower [androidx.emoji2:emoji2:1.4.0] AndroidManifest.xml:21:5-44
application defined in both files...
Merging application with lower [androidx.emoji2:emoji2:1.4.0] AndroidManifest.xml:23:5-33:19
Adopted [provider: null]
Merging library manifest C:\Users\Acer Nitro 5\.gradle\caches\8.11.1\transforms\9d23e33d5860f59d590d803fdb70faad\transformed\lifecycle-viewmodel-savedstate-release\AndroidManifest.xml
Merging manifest with lower [androidx.lifecycle:lifecycle-viewmodel-savedstate-android:2.9.0] AndroidManifest.xml:17:1-22:12
uses-sdk defined in both files...
Merging uses-sdk with lower [androidx.lifecycle:lifecycle-viewmodel-savedstate-android:2.9.0] AndroidManifest.xml:20:5-44
Merging library manifest C:\Users\Acer Nitro 5\.gradle\caches\8.11.1\transforms\0c803bd3564b502ac5fd5a3cbd6c3d0c\transformed\lifecycle-viewmodel-2.9.0\AndroidManifest.xml
Merging manifest with lower [androidx.lifecycle:lifecycle-viewmodel:2.9.0] AndroidManifest.xml:2:1-5:12
uses-sdk defined in both files...
Merging uses-sdk with lower [androidx.lifecycle:lifecycle-viewmodel:2.9.0] AndroidManifest.xml:4:5-43
Merging library manifest C:\Users\Acer Nitro 5\.gradle\caches\8.11.1\transforms\c48f20d13fc95d38ead0eca98e51b0b7\transformed\lifecycle-viewmodel-release\AndroidManifest.xml
Merging manifest with lower [androidx.lifecycle:lifecycle-viewmodel-android:2.9.0] AndroidManifest.xml:17:1-22:12
uses-sdk defined in both files...
Merging uses-sdk with lower [androidx.lifecycle:lifecycle-viewmodel-android:2.9.0] AndroidManifest.xml:20:5-44
Merging library manifest C:\Users\Acer Nitro 5\.gradle\caches\8.11.1\transforms\0f1f586499314e969518630bcfc3d3dc\transformed\lifecycle-runtime-ktx\AndroidManifest.xml
Merging manifest with lower [androidx.lifecycle:lifecycle-runtime-ktx-android:2.9.0] AndroidManifest.xml:2:1-7:12
uses-sdk defined in both files...
Merging uses-sdk with lower [androidx.lifecycle:lifecycle-runtime-ktx-android:2.9.0] AndroidManifest.xml:5:5-44
Merging library manifest C:\Users\Acer Nitro 5\.gradle\caches\8.11.1\transforms\d1877065c6f61e904546cfd5f78dfbb8\transformed\lifecycle-runtime-release\AndroidManifest.xml
Merging manifest with lower [androidx.lifecycle:lifecycle-runtime-android:2.9.0] AndroidManifest.xml:17:1-22:12
uses-sdk defined in both files...
Merging uses-sdk with lower [androidx.lifecycle:lifecycle-runtime-android:2.9.0] AndroidManifest.xml:20:5-44
Merging library manifest C:\Users\Acer Nitro 5\.gradle\caches\8.11.1\transforms\ebf19302c8c344c57819b5e1733b2165\transformed\lifecycle-viewmodel-ktx-2.9.0\AndroidManifest.xml
Merging manifest with lower [androidx.lifecycle:lifecycle-viewmodel-ktx:2.9.0] AndroidManifest.xml:2:1-7:12
uses-sdk defined in both files...
Merging uses-sdk with lower [androidx.lifecycle:lifecycle-viewmodel-ktx:2.9.0] AndroidManifest.xml:5:5-44
Merging library manifest C:\Users\Acer Nitro 5\.gradle\caches\8.11.1\transforms\a8104228285a30d6c49a79900cbbe10a\transformed\lifecycle-process-2.9.0\AndroidManifest.xml
Merging manifest with lower [androidx.lifecycle:lifecycle-process:2.9.0] AndroidManifest.xml:17:1-35:12
uses-sdk defined in both files...
Merging uses-sdk with lower [androidx.lifecycle:lifecycle-process:2.9.0] AndroidManifest.xml:21:5-44
application defined in both files...
Merging application with lower [androidx.lifecycle:lifecycle-process:2.9.0] AndroidManifest.xml:23:5-33:19
provider#androidx.startup.InitializationProvider defined in both files...
Merging provider#androidx.startup.InitializationProvider with lower [androidx.lifecycle:lifecycle-process:2.9.0] AndroidManifest.xml:24:9-32:20
Adopted [meta-data: null]
Merging library manifest C:\Users\Acer Nitro 5\.gradle\caches\8.11.1\transforms\54d6273d0e01ea9a99c048b516bdb3f7\transformed\lifecycle-livedata-core-2.9.0\AndroidManifest.xml
Merging manifest with lower [androidx.lifecycle:lifecycle-livedata-core:2.9.0] AndroidManifest.xml:17:1-22:12
uses-sdk defined in both files...
Merging uses-sdk with lower [androidx.lifecycle:lifecycle-livedata-core:2.9.0] AndroidManifest.xml:20:5-44
Merging library manifest C:\Users\Acer Nitro 5\.gradle\caches\8.11.1\transforms\8c71e05118d3ffb64aa8f73749edc451\transformed\lifecycle-runtime-compose-release\AndroidManifest.xml
Merging manifest with lower [androidx.lifecycle:lifecycle-runtime-compose-android:2.9.0] AndroidManifest.xml:2:1-7:12
uses-sdk defined in both files...
Merging uses-sdk with lower [androidx.lifecycle:lifecycle-runtime-compose-android:2.9.0] AndroidManifest.xml:5:5-44
Merging library manifest C:\Users\Acer Nitro 5\.gradle\caches\8.11.1\transforms\b5eff590ab3417d4508f78422d784c9a\transformed\runtime\AndroidManifest.xml
Merging manifest with lower [androidx.compose.runtime:runtime-android:1.9.0] AndroidManifest.xml:2:1-7:12
uses-sdk defined in both files...
Merging uses-sdk with lower [androidx.compose.runtime:runtime-android:1.9.0] AndroidManifest.xml:5:5-44
Merging library manifest C:\Users\Acer Nitro 5\.gradle\caches\8.11.1\transforms\1e4ecd71ee4376580bcaf31726d48c1b\transformed\browser-1.4.0\AndroidManifest.xml
Merging manifest with lower [androidx.browser:browser:1.4.0] AndroidManifest.xml:17:1-24:12
uses-sdk defined in both files...
Merging uses-sdk with lower [androidx.browser:browser:1.4.0] AndroidManifest.xml:20:5-22:41
Merging library manifest C:\Users\Acer Nitro 5\.gradle\caches\8.11.1\transforms\3f317197be5add164010b7514a2b15b2\transformed\profileinstaller-1.4.0\AndroidManifest.xml
Merging manifest with lower [androidx.profileinstaller:profileinstaller:1.4.0] AndroidManifest.xml:17:1-55:12
uses-sdk defined in both files...
Merging uses-sdk with lower [androidx.profileinstaller:profileinstaller:1.4.0] AndroidManifest.xml:21:5-44
application defined in both files...
Merging application with lower [androidx.profileinstaller:profileinstaller:1.4.0] AndroidManifest.xml:23:5-53:19
provider#androidx.startup.InitializationProvider defined in both files...
Merging provider#androidx.startup.InitializationProvider with lower [androidx.profileinstaller:profileinstaller:1.4.0] AndroidManifest.xml:24:9-32:20
Adopted [meta-data: null]
Adopted [receiver: null]
Merging library manifest C:\Users\Acer Nitro 5\.gradle\caches\8.11.1\transforms\1f861f3c666c29c3d994ffdbe8aeb2af\transformed\play-services-tasks-18.2.0\AndroidManifest.xml
Merging manifest with lower [com.google.android.gms:play-services-tasks:18.2.0] AndroidManifest.xml:2:1-5:12
uses-sdk defined in both files...
Merging uses-sdk with lower [com.google.android.gms:play-services-tasks:18.2.0] AndroidManifest.xml:3:5-44
application defined in both files...
Merging application with lower [com.google.android.gms:play-services-tasks:18.2.0] AndroidManifest.xml:4:5-20
Merging library manifest C:\Users\Acer Nitro 5\.gradle\caches\8.11.1\transforms\5a036191ff47ba3cb3b87574abed9d21\transformed\firebase-measurement-connector-19.0.0\AndroidManifest.xml
Merging manifest with lower [com.google.firebase:firebase-measurement-connector:19.0.0] AndroidManifest.xml:17:1-25:12
uses-sdk defined in both files...
Merging uses-sdk with lower [com.google.firebase:firebase-measurement-connector:19.0.0] AndroidManifest.xml:20:5-44
application defined in both files...
Merging application with lower [com.google.firebase:firebase-measurement-connector:19.0.0] AndroidManifest.xml:22:5-23:19
Merging library manifest C:\Users\Acer Nitro 5\.gradle\caches\8.11.1\transforms\2983aaebbda33a8ce3da7a45b7cf0f48\transformed\play-services-basement-18.4.0\AndroidManifest.xml
Merging manifest with lower [com.google.android.gms:play-services-basement:18.4.0] AndroidManifest.xml:2:1-9:12
uses-sdk defined in both files...
Merging uses-sdk with lower [com.google.android.gms:play-services-basement:18.4.0] AndroidManifest.xml:3:5-44
application defined in both files...
Merging application with lower [com.google.android.gms:play-services-basement:18.4.0] AndroidManifest.xml:5:5-7:19
Adopted [meta-data: null]
Merging library manifest C:\Users\Acer Nitro 5\.gradle\caches\8.11.1\transforms\b895bb75234ab8ed251472b6cebf311b\transformed\recyclerview-1.3.1\AndroidManifest.xml
Merging manifest with lower [androidx.recyclerview:recyclerview:1.3.1] AndroidManifest.xml:17:1-22:12
uses-sdk defined in both files...
Merging uses-sdk with lower [androidx.recyclerview:recyclerview:1.3.1] AndroidManifest.xml:20:5-44
Merging library manifest C:\Users\Acer Nitro 5\.gradle\caches\8.11.1\transforms\03a26674ca63f3df3cf001677fb7d388\transformed\viewpager2-1.1.0\AndroidManifest.xml
Merging manifest with lower [androidx.viewpager2:viewpager2:1.1.0] AndroidManifest.xml:2:1-7:12
uses-sdk defined in both files...
Merging uses-sdk with lower [androidx.viewpager2:viewpager2:1.1.0] AndroidManifest.xml:5:5-44
Merging library manifest C:\Users\Acer Nitro 5\.gradle\caches\8.11.1\transforms\4b358c07a7244741dbfa85e0e4e5d9a2\transformed\fragment-1.5.7\AndroidManifest.xml
Merging manifest with lower [androidx.fragment:fragment:1.5.7] AndroidManifest.xml:17:1-24:12
uses-sdk defined in both files...
Merging uses-sdk with lower [androidx.fragment:fragment:1.5.7] AndroidManifest.xml:20:5-22:41
Merging library manifest C:\Users\Acer Nitro 5\.gradle\caches\8.11.1\transforms\cfac4992e761088a6e9b91fb5637b3c4\transformed\savedstate-release\AndroidManifest.xml
Merging manifest with lower [androidx.savedstate:savedstate-android:1.3.0] AndroidManifest.xml:17:1-22:12
uses-sdk defined in both files...
Merging uses-sdk with lower [androidx.savedstate:savedstate-android:1.3.0] AndroidManifest.xml:20:5-44
Merging library manifest C:\Users\Acer Nitro 5\.gradle\caches\8.11.1\transforms\2b8e33f5ea2dd4441af83b479e29a98f\transformed\lifecycle-viewmodel-compose-release\AndroidManifest.xml
Merging manifest with lower [androidx.lifecycle:lifecycle-viewmodel-compose-android:2.9.0] AndroidManifest.xml:2:1-7:12
uses-sdk defined in both files...
Merging uses-sdk with lower [androidx.lifecycle:lifecycle-viewmodel-compose-android:2.9.0] AndroidManifest.xml:5:5-44
Merging library manifest C:\Users\Acer Nitro 5\.gradle\caches\8.11.1\transforms\949c976b60e435f8b6bdafc2fd20c1ab\transformed\ui-release\AndroidManifest.xml
Merging manifest with lower [androidx.compose.ui:ui-android:1.8.2] AndroidManifest.xml:2:1-7:12
uses-sdk defined in both files...
Merging uses-sdk with lower [androidx.compose.ui:ui-android:1.8.2] AndroidManifest.xml:5:5-44
Merging library manifest C:\Users\Acer Nitro 5\.gradle\caches\8.11.1\transforms\21083531686d127fec2d7d3776790536\transformed\activity-ktx-1.9.3\AndroidManifest.xml
Merging manifest with lower [androidx.activity:activity-ktx:1.9.3] AndroidManifest.xml:2:1-7:12
uses-sdk defined in both files...
Merging uses-sdk with lower [androidx.activity:activity-ktx:1.9.3] AndroidManifest.xml:5:5-44
Merging library manifest C:\Users\Acer Nitro 5\.gradle\caches\8.11.1\transforms\d17e63869270f8a807dbcd132ca43101\transformed\activity-compose-1.9.3\AndroidManifest.xml
Merging manifest with lower [androidx.activity:activity-compose:1.9.3] AndroidManifest.xml:2:1-7:12
uses-sdk defined in both files...
Merging uses-sdk with lower [androidx.activity:activity-compose:1.9.3] AndroidManifest.xml:5:5-44
Merging library manifest C:\Users\Acer Nitro 5\.gradle\caches\8.11.1\transforms\b68f9d08535bd5cae97b631c2ca1cf5e\transformed\activity-1.9.3\AndroidManifest.xml
Merging manifest with lower [androidx.activity:activity:1.9.3] AndroidManifest.xml:17:1-22:12
uses-sdk defined in both files...
Merging uses-sdk with lower [androidx.activity:activity:1.9.3] AndroidManifest.xml:20:5-44
Merging library manifest C:\Users\Acer Nitro 5\.gradle\caches\8.11.1\transforms\cfeb5dee4760239d40134813e87744a6\transformed\vectordrawable-animated-1.1.0\AndroidManifest.xml
Merging manifest with lower [androidx.vectordrawable:vectordrawable-animated:1.1.0] AndroidManifest.xml:17:1-24:12
uses-sdk defined in both files...
Merging uses-sdk with lower [androidx.vectordrawable:vectordrawable-animated:1.1.0] AndroidManifest.xml:20:5-22:41
Merging library manifest C:\Users\Acer Nitro 5\.gradle\caches\8.11.1\transforms\9e79ccaadeda7580f3a4c758ba55abbb\transformed\vectordrawable-1.1.0\AndroidManifest.xml
Merging manifest with lower [androidx.vectordrawable:vectordrawable:1.1.0] AndroidManifest.xml:17:1-24:12
uses-sdk defined in both files...
Merging uses-sdk with lower [androidx.vectordrawable:vectordrawable:1.1.0] AndroidManifest.xml:20:5-22:41
Merging library manifest C:\Users\Acer Nitro 5\.gradle\caches\8.11.1\transforms\2ac38eb11d4c64b7ab6bece450d6782c\transformed\viewpager-1.0.0\AndroidManifest.xml
Merging manifest with lower [androidx.viewpager:viewpager:1.0.0] AndroidManifest.xml:17:1-22:12
uses-sdk defined in both files...
Merging uses-sdk with lower [androidx.viewpager:viewpager:1.0.0] AndroidManifest.xml:20:5-44
Merging library manifest C:\Users\Acer Nitro 5\.gradle\caches\8.11.1\transforms\87d2d2a20b4d86ec25d3df79f1892dfc\transformed\customview-1.0.0\AndroidManifest.xml
Merging manifest with lower [androidx.customview:customview:1.0.0] AndroidManifest.xml:17:1-22:12
uses-sdk defined in both files...
Merging uses-sdk with lower [androidx.customview:customview:1.0.0] AndroidManifest.xml:20:5-44
Merging library manifest C:\Users\Acer Nitro 5\.gradle\caches\8.11.1\transforms\262ec8d049d76bf36befcb2c2f4a5a90\transformed\autofill-1.0.0\AndroidManifest.xml
Merging manifest with lower [androidx.autofill:autofill:1.0.0] AndroidManifest.xml:17:1-24:12
uses-sdk defined in both files...
Merging uses-sdk with lower [androidx.autofill:autofill:1.0.0] AndroidManifest.xml:20:5-22:41
Merging library manifest C:\Users\Acer Nitro 5\.gradle\caches\8.11.1\transforms\3a0893ffd9e97739a1b10550e0389f43\transformed\graphics-path-1.0.1\AndroidManifest.xml
Merging manifest with lower [androidx.graphics:graphics-path:1.0.1] AndroidManifest.xml:2:1-7:12
uses-sdk defined in both files...
Merging uses-sdk with lower [androidx.graphics:graphics-path:1.0.1] AndroidManifest.xml:5:5-44
Merging library manifest C:\Users\Acer Nitro 5\.gradle\caches\8.11.1\transforms\4db4e9688354cf46df14807269069e32\transformed\core-1.13.1\AndroidManifest.xml
Merging manifest with lower [androidx.core:core:1.13.1] AndroidManifest.xml:17:1-30:12
uses-sdk defined in both files...
Merging uses-sdk with lower [androidx.core:core:1.13.1] AndroidManifest.xml:20:5-44
Adopted [permission: null]
Adopted [uses-permission: null]
application defined in both files...
Merging application with lower [androidx.core:core:1.13.1] AndroidManifest.xml:28:5-89
Merging library manifest C:\Users\Acer Nitro 5\.gradle\caches\8.11.1\transforms\e6396fff035cd1235d70e4d8df3caf10\transformed\customview-poolingcontainer-1.0.0\AndroidManifest.xml
Merging manifest with lower [androidx.customview:customview-poolingcontainer:1.0.0] AndroidManifest.xml:17:1-23:12
uses-sdk defined in both files...
Merging uses-sdk with lower [androidx.customview:customview-poolingcontainer:1.0.0] AndroidManifest.xml:20:5-21:38
Merging library manifest C:\Users\Acer Nitro 5\.gradle\caches\8.11.1\transforms\495a6db04b5726a05c18e8b1ca6eef75\transformed\core-ktx-1.13.1\AndroidManifest.xml
Merging manifest with lower [androidx.core:core-ktx:1.13.1] AndroidManifest.xml:2:1-7:12
uses-sdk defined in both files...
Merging uses-sdk with lower [androidx.core:core-ktx:1.13.1] AndroidManifest.xml:5:5-44
Merging library manifest C:\Users\Acer Nitro 5\.gradle\caches\8.11.1\transforms\abbfd7cbc6bf43d716988be0c5e914a4\transformed\annotation-experimental-1.4.1\AndroidManifest.xml
Merging manifest with lower [androidx.annotation:annotation-experimental:1.4.1] AndroidManifest.xml:2:1-7:12
uses-sdk defined in both files...
Merging uses-sdk with lower [androidx.annotation:annotation-experimental:1.4.1] AndroidManifest.xml:5:5-44
Merging library manifest C:\Users\Acer Nitro 5\.gradle\caches\8.11.1\transforms\80ff4f2dabebdf22636d12ea0661e9c2\transformed\versionedparcelable-1.1.1\AndroidManifest.xml
Merging manifest with lower [androidx.versionedparcelable:versionedparcelable:1.1.1] AndroidManifest.xml:17:1-27:12
uses-sdk defined in both files...
Merging uses-sdk with lower [androidx.versionedparcelable:versionedparcelable:1.1.1] AndroidManifest.xml:20:5-22:41
application defined in both files...
Merging application with lower [androidx.versionedparcelable:versionedparcelable:1.1.1] AndroidManifest.xml:24:5-25:19
Merging library manifest C:\Users\Acer Nitro 5\.gradle\caches\8.11.1\transforms\44bfe78ccfe1168dc486bfc9cf88267f\transformed\cursoradapter-1.0.0\AndroidManifest.xml
Merging manifest with lower [androidx.cursoradapter:cursoradapter:1.0.0] AndroidManifest.xml:17:1-22:12
uses-sdk defined in both files...
Merging uses-sdk with lower [androidx.cursoradapter:cursoradapter:1.0.0] AndroidManifest.xml:20:5-44
Merging library manifest C:\Users\Acer Nitro 5\.gradle\caches\8.11.1\transforms\806a5cbb40cdb759979e1d8c8062c797\transformed\localbroadcastmanager-1.0.0\AndroidManifest.xml
Merging manifest with lower [androidx.localbroadcastmanager:localbroadcastmanager:1.0.0] AndroidManifest.xml:17:1-22:12
uses-sdk defined in both files...
Merging uses-sdk with lower [androidx.localbroadcastmanager:localbroadcastmanager:1.0.0] AndroidManifest.xml:20:5-44
Merging library manifest C:\Users\Acer Nitro 5\.gradle\caches\8.11.1\transforms\6d73149cf33d63add032935fc60c26e4\transformed\firebase-components-18.0.0\AndroidManifest.xml
Merging manifest with lower [com.google.firebase:firebase-components:18.0.0] AndroidManifest.xml:15:1-20:12
uses-sdk defined in both files...
Merging uses-sdk with lower [com.google.firebase:firebase-components:18.0.0] AndroidManifest.xml:18:5-44
Merging library manifest C:\Users\Acer Nitro 5\.gradle\caches\8.11.1\transforms\c8938db0022df80937fbf55c089c0598\transformed\interpolator-1.0.0\AndroidManifest.xml
Merging manifest with lower [androidx.interpolator:interpolator:1.0.0] AndroidManifest.xml:17:1-22:12
uses-sdk defined in both files...
Merging uses-sdk with lower [androidx.interpolator:interpolator:1.0.0] AndroidManifest.xml:20:5-44
Merging library manifest C:\Users\Acer Nitro 5\.gradle\caches\8.11.1\transforms\ce4c5be8707b1f546cf169291f560c14\transformed\startup-runtime-1.1.1\AndroidManifest.xml
Merging manifest with lower [androidx.startup:startup-runtime:1.1.1] AndroidManifest.xml:17:1-33:12
uses-sdk defined in both files...
Merging uses-sdk with lower [androidx.startup:startup-runtime:1.1.1] AndroidManifest.xml:21:5-23:41
application defined in both files...
Merging application with lower [androidx.startup:startup-runtime:1.1.1] AndroidManifest.xml:25:5-31:19
provider#androidx.startup.InitializationProvider defined in both files...
Merging provider#androidx.startup.InitializationProvider with lower [androidx.startup:startup-runtime:1.1.1] AndroidManifest.xml:26:9-30:34
Merging library manifest C:\Users\Acer Nitro 5\.gradle\caches\8.11.1\transforms\39f6fa36b4d7b5924a9c53fe5ed56faf\transformed\tracing-1.0.0\AndroidManifest.xml
Merging manifest with lower [androidx.tracing:tracing:1.0.0] AndroidManifest.xml:17:1-24:12
uses-sdk defined in both files...
Merging uses-sdk with lower [androidx.tracing:tracing:1.0.0] AndroidManifest.xml:20:5-22:41
Merging library manifest C:\Users\Acer Nitro 5\.gradle\caches\8.11.1\transforms\d70763a87df4afeeb9856616ea67daa9\transformed\firebase-datatransport-18.2.0\AndroidManifest.xml
Merging manifest with lower [com.google.firebase:firebase-datatransport:18.2.0] AndroidManifest.xml:15:1-31:12
uses-sdk defined in both files...
Merging uses-sdk with lower [com.google.firebase:firebase-datatransport:18.2.0] AndroidManifest.xml:18:5-44
application defined in both files...
Merging application with lower [com.google.firebase:firebase-datatransport:18.2.0] AndroidManifest.xml:21:5-29:19
service#com.google.firebase.components.ComponentDiscoveryService defined in both files...
Merging service#com.google.firebase.components.ComponentDiscoveryService with lower [com.google.firebase:firebase-datatransport:18.2.0] AndroidManifest.xml:22:9-28:19
Adopted [meta-data: null]
Merging library manifest C:\Users\Acer Nitro 5\.gradle\caches\8.11.1\transforms\77e1d8d43e3f105b6229ee2a4188bc49\transformed\transport-backend-cct-3.1.9\AndroidManifest.xml
Merging manifest with lower [com.google.android.datatransport:transport-backend-cct:3.1.9] AndroidManifest.xml:15:1-37:12
uses-sdk defined in both files...
Merging uses-sdk with lower [com.google.android.datatransport:transport-backend-cct:3.1.9] AndroidManifest.xml:18:5-20:41
uses-permission#android.permission.ACCESS_NETWORK_STATE defined in both files...
Merging uses-permission#android.permission.ACCESS_NETWORK_STATE with lower [com.google.android.datatransport:transport-backend-cct:3.1.9] AndroidManifest.xml:24:5-79
uses-permission#android.permission.INTERNET defined in both files...
Merging uses-permission#android.permission.INTERNET with lower [com.google.android.datatransport:transport-backend-cct:3.1.9] AndroidManifest.xml:25:5-67
application defined in both files...
Merging application with lower [com.google.android.datatransport:transport-backend-cct:3.1.9] AndroidManifest.xml:27:5-35:19
Adopted [service: null]
Merging library manifest C:\Users\Acer Nitro 5\.gradle\caches\8.11.1\transforms\baef5a863896da029a1ae1b3e5ff05e5\transformed\firebase-encoders-json-18.0.0\AndroidManifest.xml
Merging manifest with lower [com.google.firebase:firebase-encoders-json:18.0.0] AndroidManifest.xml:15:1-23:12
uses-sdk defined in both files...
Merging uses-sdk with lower [com.google.firebase:firebase-encoders-json:18.0.0] AndroidManifest.xml:19:5-21:41
Merging library manifest C:\Users\Acer Nitro 5\.gradle\caches\8.11.1\transforms\805643dd18b3c6feac6ff8c0b1ff13e4\transformed\transport-runtime-3.1.9\AndroidManifest.xml
Merging manifest with lower [com.google.android.datatransport:transport-runtime:3.1.9] AndroidManifest.xml:15:1-41:12
uses-sdk defined in both files...
Merging uses-sdk with lower [com.google.android.datatransport:transport-runtime:3.1.9] AndroidManifest.xml:18:5-20:41
uses-permission#android.permission.ACCESS_NETWORK_STATE defined in both files...
Merging uses-permission#android.permission.ACCESS_NETWORK_STATE with lower [com.google.android.datatransport:transport-runtime:3.1.9] AndroidManifest.xml:22:5-79
application defined in both files...
Merging application with lower [com.google.android.datatransport:transport-runtime:3.1.9] AndroidManifest.xml:25:5-39:19
Adopted [service: null]
Adopted [receiver: null]
service#com.google.android.datatransport.runtime.backends.TransportBackendDiscovery defined in both files...
Merging service#com.google.android.datatransport.runtime.backends.TransportBackendDiscovery with lower [com.google.android.datatransport:transport-runtime:3.1.9] AndroidManifest.xml:36:9-38:40
Merging library manifest C:\Users\Acer Nitro 5\.gradle\caches\8.11.1\transforms\9315b1944c83416650efad89c4d630e4\transformed\transport-api-3.1.0\AndroidManifest.xml
Merging manifest with lower [com.google.android.datatransport:transport-api:3.1.0] AndroidManifest.xml:15:1-20:12
uses-sdk defined in both files...
Merging uses-sdk with lower [com.google.android.datatransport:transport-api:3.1.0] AndroidManifest.xml:18:5-44
Merging library manifest C:\Users\Acer Nitro 5\.gradle\caches\8.11.1\transforms\03104b3a7936788500aae3641ce413eb\transformed\exifinterface-1.3.7\AndroidManifest.xml
Merging manifest with lower [androidx.exifinterface:exifinterface:1.3.7] AndroidManifest.xml:17:1-24:12
uses-sdk defined in both files...
Merging uses-sdk with lower [androidx.exifinterface:exifinterface:1.3.7] AndroidManifest.xml:20:5-22:41
Merging library manifest C:\Users\Acer Nitro 5\.gradle\caches\8.11.1\transforms\2cedf1e008c2587137ac5b2185772f18\transformed\documentfile-1.0.0\AndroidManifest.xml
Merging manifest with lower [androidx.documentfile:documentfile:1.0.0] AndroidManifest.xml:17:1-22:12
uses-sdk defined in both files...
Merging uses-sdk with lower [androidx.documentfile:documentfile:1.0.0] AndroidManifest.xml:20:5-44
Merging library manifest C:\Users\Acer Nitro 5\.gradle\caches\8.11.1\transforms\ab637050bbfdb993cc1296a9b25ac16a\transformed\print-1.0.0\AndroidManifest.xml
Merging manifest with lower [androidx.print:print:1.0.0] AndroidManifest.xml:17:1-22:12
uses-sdk defined in both files...
Merging uses-sdk with lower [androidx.print:print:1.0.0] AndroidManifest.xml:20:5-44
Merging library manifest C:\Users\Acer Nitro 5\.gradle\caches\8.11.1\transforms\0262c4f1a65117ce26c4df8f8a37cd6f\transformed\core-runtime-2.2.0\AndroidManifest.xml
Merging manifest with lower [androidx.arch.core:core-runtime:2.2.0] AndroidManifest.xml:17:1-22:12
uses-sdk defined in both files...
Merging uses-sdk with lower [androidx.arch.core:core-runtime:2.2.0] AndroidManifest.xml:20:5-44
Merging library manifest C:\Users\Acer Nitro 5\.gradle\caches\8.11.1\transforms\28396b6a7de537008940f5be0392c75a\transformed\core-viewtree-1.0.0\AndroidManifest.xml
Merging manifest with lower [androidx.core:core-viewtree:1.0.0] AndroidManifest.xml:2:1-7:12
uses-sdk defined in both files...
Merging uses-sdk with lower [androidx.core:core-viewtree:1.0.0] AndroidManifest.xml:5:5-44
Merging library manifest C:\Users\Acer Nitro 5\.gradle\caches\8.11.1\transforms\4d7468edfeafcca30fbff09d87ee8154\transformed\protolite-well-known-types-18.0.0\AndroidManifest.xml
Merging manifest with lower [com.google.firebase:protolite-well-known-types:18.0.0] AndroidManifest.xml:2:1-11:12
uses-sdk defined in both files...
Merging uses-sdk with lower [com.google.firebase:protolite-well-known-types:18.0.0] AndroidManifest.xml:7:5-9:41
Merging library manifest C:\Users\Acer Nitro 5\.gradle\caches\8.11.1\transforms\04b953c0ee80fd760dc64c38ad5bc8ad\transformed\grpc-android-1.62.2\AndroidManifest.xml
Merging manifest with lower [io.grpc:grpc-android:1.62.2] AndroidManifest.xml:2:1-9:12
uses-sdk defined in both files...
Merging uses-sdk with lower [io.grpc:grpc-android:1.62.2] AndroidManifest.xml:5:5-44
uses-permission#android.permission.ACCESS_NETWORK_STATE defined in both files...
Merging uses-permission#android.permission.ACCESS_NETWORK_STATE with lower [io.grpc:grpc-android:1.62.2] AndroidManifest.xml:7:5-79
Merging library manifest C:\Users\Acer Nitro 5\.gradle\caches\8.11.1\transforms\727c2541502561b62744b99ccdeae2db\transformed\core-common-2.0.3\AndroidManifest.xml
Merging manifest with lower [com.google.android.play:core-common:2.0.3] AndroidManifest.xml:2:1-21:12
uses-sdk defined in both files...
Merging uses-sdk with lower [com.google.android.play:core-common:2.0.3] AndroidManifest.xml:7:5-9:41
application defined in both files...
Merging application with lower [com.google.android.play:core-common:2.0.3] AndroidManifest.xml:11:5-19:19
Adopted [activity: null]
Merging result: SUCCESS
1<?xml version="1.0" encoding="utf-8"?>
2<manifest xmlns:android="http://schemas.android.com/apk/res/android"
3    package="com.example.easyshop"
4    android:versionCode="1"
5    android:versionName="1.0" >
6
7    <uses-sdk
8        android:minSdkVersion="24"
9        android:targetSdkVersion="35" />
10
11    <queries>
11-->D:\Androi\EasyShop\app\src\main\AndroidManifest.xml:37:5-43:15
12        <package android:name="com.google.android.gms" />
12-->D:\Androi\EasyShop\app\src\main\AndroidManifest.xml:38:9-58
12-->D:\Androi\EasyShop\app\src\main\AndroidManifest.xml:38:18-55
13
14        <intent>
14-->D:\Androi\EasyShop\app\src\main\AndroidManifest.xml:39:9-42:18
15            <action android:name="android.intent.action.VIEW" />
15-->D:\Androi\EasyShop\app\src\main\AndroidManifest.xml:40:13-65
15-->D:\Androi\EasyShop\app\src\main\AndroidManifest.xml:40:21-62
16
17            <data android:scheme="momo" />
17-->D:\Androi\EasyShop\app\src\main\AndroidManifest.xml:41:13-43
17-->D:\Androi\EasyShop\app\src\main\AndroidManifest.xml:41:19-40
18        </intent>
19        <!-- Needs to be explicitly declared on Android R+ -->
20        <package android:name="com.google.android.apps.maps" />
20-->[com.google.android.gms:play-services-maps:19.0.0] C:\Users\Acer Nitro 5\.gradle\caches\8.11.1\transforms\2e77fa64755a3bd4513c11b403f471d5\transformed\play-services-maps-19.0.0\AndroidManifest.xml:33:9-64
20-->[com.google.android.gms:play-services-maps:19.0.0] C:\Users\Acer Nitro 5\.gradle\caches\8.11.1\transforms\2e77fa64755a3bd4513c11b403f471d5\transformed\play-services-maps-19.0.0\AndroidManifest.xml:33:18-61
21    </queries>
22
23    <uses-permission android:name="android.permission.INTERNET" />
23-->D:\Androi\EasyShop\app\src\main\AndroidManifest.xml:45:5-66
23-->D:\Androi\EasyShop\app\src\main\AndroidManifest.xml:45:22-64
24    <uses-permission android:name="android.permission.ACCESS_NETWORK_STATE" />
24-->D:\Androi\EasyShop\app\src\main\AndroidManifest.xml:46:5-78
24-->D:\Androi\EasyShop\app\src\main\AndroidManifest.xml:46:22-76
25    <uses-permission android:name="android.permission.READ_MEDIA_IMAGES" />
25-->D:\Androi\EasyShop\app\src\main\AndroidManifest.xml:47:5-75
25-->D:\Androi\EasyShop\app\src\main\AndroidManifest.xml:47:22-73
26    <uses-permission
26-->D:\Androi\EasyShop\app\src\main\AndroidManifest.xml:48:5-49:38
27        android:name="android.permission.READ_EXTERNAL_STORAGE"
27-->D:\Androi\EasyShop\app\src\main\AndroidManifest.xml:48:22-77
28        android:maxSdkVersion="32" />
28-->D:\Androi\EasyShop\app\src\main\AndroidManifest.xml:49:9-35
29
30    <!-- Xin quy?n Push Notifications (b?t bu?c cho Android 13+) -->
31    <uses-permission android:name="android.permission.POST_NOTIFICATIONS" />
31-->D:\Androi\EasyShop\app\src\main\AndroidManifest.xml:52:5-77
31-->D:\Androi\EasyShop\app\src\main\AndroidManifest.xml:52:22-74
32
33    <uses-feature
33-->[com.google.android.gms:play-services-maps:19.0.0] C:\Users\Acer Nitro 5\.gradle\caches\8.11.1\transforms\2e77fa64755a3bd4513c11b403f471d5\transformed\play-services-maps-19.0.0\AndroidManifest.xml:26:5-28:35
34        android:glEsVersion="0x00020000"
34-->[com.google.android.gms:play-services-maps:19.0.0] C:\Users\Acer Nitro 5\.gradle\caches\8.11.1\transforms\2e77fa64755a3bd4513c11b403f471d5\transformed\play-services-maps-19.0.0\AndroidManifest.xml:27:9-41
35        android:required="true" />
35-->[com.google.android.gms:play-services-maps:19.0.0] C:\Users\Acer Nitro 5\.gradle\caches\8.11.1\transforms\2e77fa64755a3bd4513c11b403f471d5\transformed\play-services-maps-19.0.0\AndroidManifest.xml:28:9-32
36
37    <uses-permission android:name="com.google.android.providers.gsf.permission.READ_GSERVICES" />
37-->[com.google.android.recaptcha:recaptcha:18.5.1] C:\Users\Acer Nitro 5\.gradle\caches\8.11.1\transforms\f571ae0f6b3ab1f22941a205482bfff4\transformed\recaptcha-18.5.1\AndroidManifest.xml:9:5-98
37-->[com.google.android.recaptcha:recaptcha:18.5.1] C:\Users\Acer Nitro 5\.gradle\caches\8.11.1\transforms\f571ae0f6b3ab1f22941a205482bfff4\transformed\recaptcha-18.5.1\AndroidManifest.xml:9:22-95
38    <uses-permission android:name="android.permission.WAKE_LOCK" /> <!-- Required by older versions of Google Play services to create IID tokens -->
38-->[com.google.firebase:firebase-messaging:24.1.0] C:\Users\Acer Nitro 5\.gradle\caches\8.11.1\transforms\8093d9425102c25452327fce4c4be3fb\transformed\firebase-messaging-24.1.0\AndroidManifest.xml:24:5-68
38-->[com.google.firebase:firebase-messaging:24.1.0] C:\Users\Acer Nitro 5\.gradle\caches\8.11.1\transforms\8093d9425102c25452327fce4c4be3fb\transformed\firebase-messaging-24.1.0\AndroidManifest.xml:24:22-65
39    <uses-permission android:name="com.google.android.c2dm.permission.RECEIVE" />
39-->[com.google.firebase:firebase-messaging:24.1.0] C:\Users\Acer Nitro 5\.gradle\caches\8.11.1\transforms\8093d9425102c25452327fce4c4be3fb\transformed\firebase-messaging-24.1.0\AndroidManifest.xml:26:5-82
39-->[com.google.firebase:firebase-messaging:24.1.0] C:\Users\Acer Nitro 5\.gradle\caches\8.11.1\transforms\8093d9425102c25452327fce4c4be3fb\transformed\firebase-messaging-24.1.0\AndroidManifest.xml:26:22-79
40
41    <permission
41-->[androidx.core:core:1.13.1] C:\Users\Acer Nitro 5\.gradle\caches\8.11.1\transforms\4db4e9688354cf46df14807269069e32\transformed\core-1.13.1\AndroidManifest.xml:22:5-24:47
42        android:name="com.example.easyshop.DYNAMIC_RECEIVER_NOT_EXPORTED_PERMISSION"
42-->[androidx.core:core:1.13.1] C:\Users\Acer Nitro 5\.gradle\caches\8.11.1\transforms\4db4e9688354cf46df14807269069e32\transformed\core-1.13.1\AndroidManifest.xml:23:9-81
43        android:protectionLevel="signature" />
43-->[androidx.core:core:1.13.1] C:\Users\Acer Nitro 5\.gradle\caches\8.11.1\transforms\4db4e9688354cf46df14807269069e32\transformed\core-1.13.1\AndroidManifest.xml:24:9-44
44
45    <uses-permission android:name="com.example.easyshop.DYNAMIC_RECEIVER_NOT_EXPORTED_PERMISSION" />
45-->[androidx.core:core:1.13.1] C:\Users\Acer Nitro 5\.gradle\caches\8.11.1\transforms\4db4e9688354cf46df14807269069e32\transformed\core-1.13.1\AndroidManifest.xml:26:5-97
45-->[androidx.core:core:1.13.1] C:\Users\Acer Nitro 5\.gradle\caches\8.11.1\transforms\4db4e9688354cf46df14807269069e32\transformed\core-1.13.1\AndroidManifest.xml:26:22-94
46
47    <application
47-->D:\Androi\EasyShop\app\src\main\AndroidManifest.xml:5:5-36:19
48        android:name="com.example.easyshop.EasyShopApplication"
48-->D:\Androi\EasyShop\app\src\main\AndroidManifest.xml:6:9-44
49        android:allowBackup="true"
49-->D:\Androi\EasyShop\app\src\main\AndroidManifest.xml:7:9-35
50        android:appComponentFactory="androidx.core.app.CoreComponentFactory"
50-->[androidx.core:core:1.13.1] C:\Users\Acer Nitro 5\.gradle\caches\8.11.1\transforms\4db4e9688354cf46df14807269069e32\transformed\core-1.13.1\AndroidManifest.xml:28:18-86
51        android:dataExtractionRules="@xml/data_extraction_rules"
51-->D:\Androi\EasyShop\app\src\main\AndroidManifest.xml:8:9-65
52        android:debuggable="true"
53        android:extractNativeLibs="false"
54        android:fullBackupContent="@xml/backup_rules"
54-->D:\Androi\EasyShop\app\src\main\AndroidManifest.xml:9:9-54
55        android:icon="@mipmap/ic_launcher"
55-->D:\Androi\EasyShop\app\src\main\AndroidManifest.xml:10:9-43
56        android:label="@string/app_name"
56-->D:\Androi\EasyShop\app\src\main\AndroidManifest.xml:11:9-41
57        android:roundIcon="@mipmap/ic_launcher_round"
57-->D:\Androi\EasyShop\app\src\main\AndroidManifest.xml:12:9-54
58        android:supportsRtl="true"
58-->D:\Androi\EasyShop\app\src\main\AndroidManifest.xml:13:9-35
59        android:theme="@style/Theme.EasyShop" >
59-->D:\Androi\EasyShop\app\src\main\AndroidManifest.xml:14:9-46
60        <activity
60-->D:\Androi\EasyShop\app\src\main\AndroidManifest.xml:16:9-26:20
61            android:name="com.example.easyshop.MainActivity"
61-->D:\Androi\EasyShop\app\src\main\AndroidManifest.xml:17:13-41
62            android:exported="true"
62-->D:\Androi\EasyShop\app\src\main\AndroidManifest.xml:18:13-36
63            android:label="@string/app_name"
63-->D:\Androi\EasyShop\app\src\main\AndroidManifest.xml:19:13-45
64            android:theme="@style/Theme.EasyShop" >
64-->D:\Androi\EasyShop\app\src\main\AndroidManifest.xml:20:13-50
65            <intent-filter>
65-->D:\Androi\EasyShop\app\src\main\AndroidManifest.xml:21:13-25:29
66                <action android:name="android.intent.action.MAIN" />
66-->D:\Androi\EasyShop\app\src\main\AndroidManifest.xml:22:17-69
66-->D:\Androi\EasyShop\app\src\main\AndroidManifest.xml:22:25-66
67
68                <category android:name="android.intent.category.LAUNCHER" />
68-->D:\Androi\EasyShop\app\src\main\AndroidManifest.xml:24:17-77
68-->D:\Androi\EasyShop\app\src\main\AndroidManifest.xml:24:27-74
69            </intent-filter>
70        </activity>
71
72        <!-- ??ng k² service nh?n th⌠ng bßo -->
73        <service
73-->D:\Androi\EasyShop\app\src\main\AndroidManifest.xml:29:9-35:19
74            android:name="com.example.easyshop.services.FcmService"
74-->D:\Androi\EasyShop\app\src\main\AndroidManifest.xml:30:13-48
75            android:exported="true" >
75-->D:\Androi\EasyShop\app\src\main\AndroidManifest.xml:31:13-36
76            <intent-filter>
76-->D:\Androi\EasyShop\app\src\main\AndroidManifest.xml:32:13-34:29
77                <action android:name="com.google.firebase.MESSAGING_EVENT" />
77-->D:\Androi\EasyShop\app\src\main\AndroidManifest.xml:33:17-78
77-->D:\Androi\EasyShop\app\src\main\AndroidManifest.xml:33:25-75
78            </intent-filter>
79        </service>
80
81        <activity
81-->[androidx.compose.ui:ui-tooling-android:1.8.2] C:\Users\Acer Nitro 5\.gradle\caches\8.11.1\transforms\6bcd439ba10175b9d580bc358b489922\transformed\ui-tooling-release\AndroidManifest.xml:23:9-25:39
82            android:name="androidx.compose.ui.tooling.PreviewActivity"
82-->[androidx.compose.ui:ui-tooling-android:1.8.2] C:\Users\Acer Nitro 5\.gradle\caches\8.11.1\transforms\6bcd439ba10175b9d580bc358b489922\transformed\ui-tooling-release\AndroidManifest.xml:24:13-71
83            android:exported="true" />
83-->[androidx.compose.ui:ui-tooling-android:1.8.2] C:\Users\Acer Nitro 5\.gradle\caches\8.11.1\transforms\6bcd439ba10175b9d580bc358b489922\transformed\ui-tooling-release\AndroidManifest.xml:25:13-36
84        <activity
84-->[androidx.compose.ui:ui-test-manifest:1.8.2] C:\Users\Acer Nitro 5\.gradle\caches\8.11.1\transforms\db5b5b694da5e77a2023177d4a99d8f3\transformed\ui-test-manifest-1.8.2\AndroidManifest.xml:23:9-26:79
85            android:name="androidx.activity.ComponentActivity"
85-->[androidx.compose.ui:ui-test-manifest:1.8.2] C:\Users\Acer Nitro 5\.gradle\caches\8.11.1\transforms\db5b5b694da5e77a2023177d4a99d8f3\transformed\ui-test-manifest-1.8.2\AndroidManifest.xml:24:13-63
86            android:exported="true"
86-->[androidx.compose.ui:ui-test-manifest:1.8.2] C:\Users\Acer Nitro 5\.gradle\caches\8.11.1\transforms\db5b5b694da5e77a2023177d4a99d8f3\transformed\ui-test-manifest-1.8.2\AndroidManifest.xml:25:13-36
87            android:theme="@android:style/Theme.Material.Light.NoActionBar" />
87-->[androidx.compose.ui:ui-test-manifest:1.8.2] C:\Users\Acer Nitro 5\.gradle\caches\8.11.1\transforms\db5b5b694da5e77a2023177d4a99d8f3\transformed\ui-test-manifest-1.8.2\AndroidManifest.xml:26:13-76
88        <activity
88-->[com.google.firebase:firebase-auth:23.1.0] C:\Users\Acer Nitro 5\.gradle\caches\8.11.1\transforms\463ceebb09c85fbe4463d8a2aa1299dc\transformed\firebase-auth-23.1.0\AndroidManifest.xml:29:9-46:20
89            android:name="com.google.firebase.auth.internal.GenericIdpActivity"
89-->[com.google.firebase:firebase-auth:23.1.0] C:\Users\Acer Nitro 5\.gradle\caches\8.11.1\transforms\463ceebb09c85fbe4463d8a2aa1299dc\transformed\firebase-auth-23.1.0\AndroidManifest.xml:30:13-80
90            android:excludeFromRecents="true"
90-->[com.google.firebase:firebase-auth:23.1.0] C:\Users\Acer Nitro 5\.gradle\caches\8.11.1\transforms\463ceebb09c85fbe4463d8a2aa1299dc\transformed\firebase-auth-23.1.0\AndroidManifest.xml:31:13-46
91            android:exported="true"
91-->[com.google.firebase:firebase-auth:23.1.0] C:\Users\Acer Nitro 5\.gradle\caches\8.11.1\transforms\463ceebb09c85fbe4463d8a2aa1299dc\transformed\firebase-auth-23.1.0\AndroidManifest.xml:32:13-36
92            android:launchMode="singleTask"
92-->[com.google.firebase:firebase-auth:23.1.0] C:\Users\Acer Nitro 5\.gradle\caches\8.11.1\transforms\463ceebb09c85fbe4463d8a2aa1299dc\transformed\firebase-auth-23.1.0\AndroidManifest.xml:33:13-44
93            android:theme="@android:style/Theme.Translucent.NoTitleBar" >
93-->[com.google.firebase:firebase-auth:23.1.0] C:\Users\Acer Nitro 5\.gradle\caches\8.11.1\transforms\463ceebb09c85fbe4463d8a2aa1299dc\transformed\firebase-auth-23.1.0\AndroidManifest.xml:34:13-72
94            <intent-filter>
94-->[com.google.firebase:firebase-auth:23.1.0] C:\Users\Acer Nitro 5\.gradle\caches\8.11.1\transforms\463ceebb09c85fbe4463d8a2aa1299dc\transformed\firebase-auth-23.1.0\AndroidManifest.xml:35:13-45:29
95                <action android:name="android.intent.action.VIEW" />
95-->D:\Androi\EasyShop\app\src\main\AndroidManifest.xml:40:13-65
95-->D:\Androi\EasyShop\app\src\main\AndroidManifest.xml:40:21-62
96
97                <category android:name="android.intent.category.DEFAULT" />
97-->[com.google.firebase:firebase-auth:23.1.0] C:\Users\Acer Nitro 5\.gradle\caches\8.11.1\transforms\463ceebb09c85fbe4463d8a2aa1299dc\transformed\firebase-auth-23.1.0\AndroidManifest.xml:38:17-76
97-->[com.google.firebase:firebase-auth:23.1.0] C:\Users\Acer Nitro 5\.gradle\caches\8.11.1\transforms\463ceebb09c85fbe4463d8a2aa1299dc\transformed\firebase-auth-23.1.0\AndroidManifest.xml:38:27-73
98                <category android:name="android.intent.category.BROWSABLE" />
98-->[com.google.firebase:firebase-auth:23.1.0] C:\Users\Acer Nitro 5\.gradle\caches\8.11.1\transforms\463ceebb09c85fbe4463d8a2aa1299dc\transformed\firebase-auth-23.1.0\AndroidManifest.xml:39:17-78
98-->[com.google.firebase:firebase-auth:23.1.0] C:\Users\Acer Nitro 5\.gradle\caches\8.11.1\transforms\463ceebb09c85fbe4463d8a2aa1299dc\transformed\firebase-auth-23.1.0\AndroidManifest.xml:39:27-75
99
100                <data
100-->D:\Androi\EasyShop\app\src\main\AndroidManifest.xml:41:13-43
101                    android:host="firebase.auth"
102                    android:path="/"
103                    android:scheme="genericidp" />
103-->D:\Androi\EasyShop\app\src\main\AndroidManifest.xml:41:19-40
104            </intent-filter>
105        </activity>
106        <activity
106-->[com.google.firebase:firebase-auth:23.1.0] C:\Users\Acer Nitro 5\.gradle\caches\8.11.1\transforms\463ceebb09c85fbe4463d8a2aa1299dc\transformed\firebase-auth-23.1.0\AndroidManifest.xml:47:9-64:20
107            android:name="com.google.firebase.auth.internal.RecaptchaActivity"
107-->[com.google.firebase:firebase-auth:23.1.0] C:\Users\Acer Nitro 5\.gradle\caches\8.11.1\transforms\463ceebb09c85fbe4463d8a2aa1299dc\transformed\firebase-auth-23.1.0\AndroidManifest.xml:48:13-79
108            android:excludeFromRecents="true"
108-->[com.google.firebase:firebase-auth:23.1.0] C:\Users\Acer Nitro 5\.gradle\caches\8.11.1\transforms\463ceebb09c85fbe4463d8a2aa1299dc\transformed\firebase-auth-23.1.0\AndroidManifest.xml:49:13-46
109            android:exported="true"
109-->[com.google.firebase:firebase-auth:23.1.0] C:\Users\Acer Nitro 5\.gradle\caches\8.11.1\transforms\463ceebb09c85fbe4463d8a2aa1299dc\transformed\firebase-auth-23.1.0\AndroidManifest.xml:50:13-36
110            android:launchMode="singleTask"
110-->[com.google.firebase:firebase-auth:23.1.0] C:\Users\Acer Nitro 5\.gradle\caches\8.11.1\transforms\463ceebb09c85fbe4463d8a2aa1299dc\transformed\firebase-auth-23.1.0\AndroidManifest.xml:51:13-44
111            android:theme="@android:style/Theme.Translucent.NoTitleBar" >
111-->[com.google.firebase:firebase-auth:23.1.0] C:\Users\Acer Nitro 5\.gradle\caches\8.11.1\transforms\463ceebb09c85fbe4463d8a2aa1299dc\transformed\firebase-auth-23.1.0\AndroidManifest.xml:52:13-72
112            <intent-filter>
112-->[com.google.firebase:firebase-auth:23.1.0] C:\Users\Acer Nitro 5\.gradle\caches\8.11.1\transforms\463ceebb09c85fbe4463d8a2aa1299dc\transformed\firebase-auth-23.1.0\AndroidManifest.xml:53:13-63:29
113                <action android:name="android.intent.action.VIEW" />
113-->D:\Androi\EasyShop\app\src\main\AndroidManifest.xml:40:13-65
113-->D:\Androi\EasyShop\app\src\main\AndroidManifest.xml:40:21-62
114
115                <category android:name="android.intent.category.DEFAULT" />
115-->[com.google.firebase:firebase-auth:23.1.0] C:\Users\Acer Nitro 5\.gradle\caches\8.11.1\transforms\463ceebb09c85fbe4463d8a2aa1299dc\transformed\firebase-auth-23.1.0\AndroidManifest.xml:38:17-76
115-->[com.google.firebase:firebase-auth:23.1.0] C:\Users\Acer Nitro 5\.gradle\caches\8.11.1\transforms\463ceebb09c85fbe4463d8a2aa1299dc\transformed\firebase-auth-23.1.0\AndroidManifest.xml:38:27-73
116                <category android:name="android.intent.category.BROWSABLE" />
116-->[com.google.firebase:firebase-auth:23.1.0] C:\Users\Acer Nitro 5\.gradle\caches\8.11.1\transforms\463ceebb09c85fbe4463d8a2aa1299dc\transformed\firebase-auth-23.1.0\AndroidManifest.xml:39:17-78
116-->[com.google.firebase:firebase-auth:23.1.0] C:\Users\Acer Nitro 5\.gradle\caches\8.11.1\transforms\463ceebb09c85fbe4463d8a2aa1299dc\transformed\firebase-auth-23.1.0\AndroidManifest.xml:39:27-75
117
118                <data
118-->D:\Androi\EasyShop\app\src\main\AndroidManifest.xml:41:13-43
119                    android:host="firebase.auth"
120                    android:path="/"
121                    android:scheme="recaptcha" />
121-->D:\Androi\EasyShop\app\src\main\AndroidManifest.xml:41:19-40
122            </intent-filter>
123        </activity>
124
125        <service
125-->[com.google.firebase:firebase-auth:23.1.0] C:\Users\Acer Nitro 5\.gradle\caches\8.11.1\transforms\463ceebb09c85fbe4463d8a2aa1299dc\transformed\firebase-auth-23.1.0\AndroidManifest.xml:66:9-72:19
126            android:name="com.google.firebase.components.ComponentDiscoveryService"
126-->[com.google.firebase:firebase-auth:23.1.0] C:\Users\Acer Nitro 5\.gradle\caches\8.11.1\transforms\463ceebb09c85fbe4463d8a2aa1299dc\transformed\firebase-auth-23.1.0\AndroidManifest.xml:67:13-84
127            android:directBootAware="true"
127-->[com.google.firebase:firebase-common:21.0.0] C:\Users\Acer Nitro 5\.gradle\caches\8.11.1\transforms\b5c6f1a08c8a0aef23de016808637746\transformed\firebase-common-21.0.0\AndroidManifest.xml:32:13-43
128            android:exported="false" >
128-->[com.google.firebase:firebase-auth:23.1.0] C:\Users\Acer Nitro 5\.gradle\caches\8.11.1\transforms\463ceebb09c85fbe4463d8a2aa1299dc\transformed\firebase-auth-23.1.0\AndroidManifest.xml:68:13-37
129            <meta-data
129-->[com.google.firebase:firebase-auth:23.1.0] C:\Users\Acer Nitro 5\.gradle\caches\8.11.1\transforms\463ceebb09c85fbe4463d8a2aa1299dc\transformed\firebase-auth-23.1.0\AndroidManifest.xml:69:13-71:85
130                android:name="com.google.firebase.components:com.google.firebase.auth.FirebaseAuthRegistrar"
130-->[com.google.firebase:firebase-auth:23.1.0] C:\Users\Acer Nitro 5\.gradle\caches\8.11.1\transforms\463ceebb09c85fbe4463d8a2aa1299dc\transformed\firebase-auth-23.1.0\AndroidManifest.xml:70:17-109
131                android:value="com.google.firebase.components.ComponentRegistrar" />
131-->[com.google.firebase:firebase-auth:23.1.0] C:\Users\Acer Nitro 5\.gradle\caches\8.11.1\transforms\463ceebb09c85fbe4463d8a2aa1299dc\transformed\firebase-auth-23.1.0\AndroidManifest.xml:71:17-82
132            <meta-data
132-->[com.google.firebase:firebase-firestore:25.1.1] C:\Users\Acer Nitro 5\.gradle\caches\8.11.1\transforms\40e64b434365722a4fc66c6a375b184c\transformed\firebase-firestore-25.1.1\AndroidManifest.xml:17:13-19:85
133                android:name="com.google.firebase.components:com.google.firebase.firestore.FirebaseFirestoreKtxRegistrar"
133-->[com.google.firebase:firebase-firestore:25.1.1] C:\Users\Acer Nitro 5\.gradle\caches\8.11.1\transforms\40e64b434365722a4fc66c6a375b184c\transformed\firebase-firestore-25.1.1\AndroidManifest.xml:18:17-122
134                android:value="com.google.firebase.components.ComponentRegistrar" />
134-->[com.google.firebase:firebase-firestore:25.1.1] C:\Users\Acer Nitro 5\.gradle\caches\8.11.1\transforms\40e64b434365722a4fc66c6a375b184c\transformed\firebase-firestore-25.1.1\AndroidManifest.xml:19:17-82
135            <meta-data
135-->[com.google.firebase:firebase-firestore:25.1.1] C:\Users\Acer Nitro 5\.gradle\caches\8.11.1\transforms\40e64b434365722a4fc66c6a375b184c\transformed\firebase-firestore-25.1.1\AndroidManifest.xml:20:13-22:85
136                android:name="com.google.firebase.components:com.google.firebase.firestore.FirestoreRegistrar"
136-->[com.google.firebase:firebase-firestore:25.1.1] C:\Users\Acer Nitro 5\.gradle\caches\8.11.1\transforms\40e64b434365722a4fc66c6a375b184c\transformed\firebase-firestore-25.1.1\AndroidManifest.xml:21:17-111
137                android:value="com.google.firebase.components.ComponentRegistrar" />
137-->[com.google.firebase:firebase-firestore:25.1.1] C:\Users\Acer Nitro 5\.gradle\caches\8.11.1\transforms\40e64b434365722a4fc66c6a375b184c\transformed\firebase-firestore-25.1.1\AndroidManifest.xml:22:17-82
138            <meta-data
138-->[com.google.firebase:firebase-storage-ktx:21.0.1] C:\Users\Acer Nitro 5\.gradle\caches\8.11.1\transforms\ab726d256340231a1f043de78dc70eee\transformed\firebase-storage-ktx-21.0.1\AndroidManifest.xml:12:13-14:85
139                android:name="com.google.firebase.components:com.google.firebase.storage.ktx.FirebaseStorageLegacyRegistrar"
139-->[com.google.firebase:firebase-storage-ktx:21.0.1] C:\Users\Acer Nitro 5\.gradle\caches\8.11.1\transforms\ab726d256340231a1f043de78dc70eee\transformed\firebase-storage-ktx-21.0.1\AndroidManifest.xml:13:17-125
140                android:value="com.google.firebase.components.ComponentRegistrar" />
140-->[com.google.firebase:firebase-storage-ktx:21.0.1] C:\Users\Acer Nitro 5\.gradle\caches\8.11.1\transforms\ab726d256340231a1f043de78dc70eee\transformed\firebase-storage-ktx-21.0.1\AndroidManifest.xml:14:17-82
141            <meta-data
141-->[com.google.firebase:firebase-storage:21.0.1] C:\Users\Acer Nitro 5\.gradle\caches\8.11.1\transforms\e020baa80d399224966e4385dc4cc7e3\transformed\firebase-storage-21.0.1\AndroidManifest.xml:30:13-32:85
142                android:name="com.google.firebase.components:com.google.firebase.storage.FirebaseStorageKtxRegistrar"
142-->[com.google.firebase:firebase-storage:21.0.1] C:\Users\Acer Nitro 5\.gradle\caches\8.11.1\transforms\e020baa80d399224966e4385dc4cc7e3\transformed\firebase-storage-21.0.1\AndroidManifest.xml:31:17-118
143                android:value="com.google.firebase.components.ComponentRegistrar" />
143-->[com.google.firebase:firebase-storage:21.0.1] C:\Users\Acer Nitro 5\.gradle\caches\8.11.1\transforms\e020baa80d399224966e4385dc4cc7e3\transformed\firebase-storage-21.0.1\AndroidManifest.xml:32:17-82
144            <meta-data
144-->[com.google.firebase:firebase-storage:21.0.1] C:\Users\Acer Nitro 5\.gradle\caches\8.11.1\transforms\e020baa80d399224966e4385dc4cc7e3\transformed\firebase-storage-21.0.1\AndroidManifest.xml:33:13-35:85
145                android:name="com.google.firebase.components:com.google.firebase.storage.StorageRegistrar"
145-->[com.google.firebase:firebase-storage:21.0.1] C:\Users\Acer Nitro 5\.gradle\caches\8.11.1\transforms\e020baa80d399224966e4385dc4cc7e3\transformed\firebase-storage-21.0.1\AndroidManifest.xml:34:17-107
146                android:value="com.google.firebase.components.ComponentRegistrar" />
146-->[com.google.firebase:firebase-storage:21.0.1] C:\Users\Acer Nitro 5\.gradle\caches\8.11.1\transforms\e020baa80d399224966e4385dc4cc7e3\transformed\firebase-storage-21.0.1\AndroidManifest.xml:35:17-82
147            <meta-data
147-->[com.google.firebase:firebase-messaging-ktx:24.1.0] C:\Users\Acer Nitro 5\.gradle\caches\8.11.1\transforms\8f73694642f77e1138753fb9fefa5d62\transformed\firebase-messaging-ktx-24.1.0\AndroidManifest.xml:26:13-28:85
148                android:name="com.google.firebase.components:com.google.firebase.messaging.ktx.FirebaseMessagingLegacyRegistrar"
148-->[com.google.firebase:firebase-messaging-ktx:24.1.0] C:\Users\Acer Nitro 5\.gradle\caches\8.11.1\transforms\8f73694642f77e1138753fb9fefa5d62\transformed\firebase-messaging-ktx-24.1.0\AndroidManifest.xml:27:17-129
149                android:value="com.google.firebase.components.ComponentRegistrar" />
149-->[com.google.firebase:firebase-messaging-ktx:24.1.0] C:\Users\Acer Nitro 5\.gradle\caches\8.11.1\transforms\8f73694642f77e1138753fb9fefa5d62\transformed\firebase-messaging-ktx-24.1.0\AndroidManifest.xml:28:17-82
150            <meta-data
150-->[com.google.firebase:firebase-messaging:24.1.0] C:\Users\Acer Nitro 5\.gradle\caches\8.11.1\transforms\8093d9425102c25452327fce4c4be3fb\transformed\firebase-messaging-24.1.0\AndroidManifest.xml:57:13-59:85
151                android:name="com.google.firebase.components:com.google.firebase.messaging.FirebaseMessagingKtxRegistrar"
151-->[com.google.firebase:firebase-messaging:24.1.0] C:\Users\Acer Nitro 5\.gradle\caches\8.11.1\transforms\8093d9425102c25452327fce4c4be3fb\transformed\firebase-messaging-24.1.0\AndroidManifest.xml:58:17-122
152                android:value="com.google.firebase.components.ComponentRegistrar" />
152-->[com.google.firebase:firebase-messaging:24.1.0] C:\Users\Acer Nitro 5\.gradle\caches\8.11.1\transforms\8093d9425102c25452327fce4c4be3fb\transformed\firebase-messaging-24.1.0\AndroidManifest.xml:59:17-82
153            <meta-data
153-->[com.google.firebase:firebase-messaging:24.1.0] C:\Users\Acer Nitro 5\.gradle\caches\8.11.1\transforms\8093d9425102c25452327fce4c4be3fb\transformed\firebase-messaging-24.1.0\AndroidManifest.xml:60:13-62:85
154                android:name="com.google.firebase.components:com.google.firebase.messaging.FirebaseMessagingRegistrar"
154-->[com.google.firebase:firebase-messaging:24.1.0] C:\Users\Acer Nitro 5\.gradle\caches\8.11.1\transforms\8093d9425102c25452327fce4c4be3fb\transformed\firebase-messaging-24.1.0\AndroidManifest.xml:61:17-119
155                android:value="com.google.firebase.components.ComponentRegistrar" />
155-->[com.google.firebase:firebase-messaging:24.1.0] C:\Users\Acer Nitro 5\.gradle\caches\8.11.1\transforms\8093d9425102c25452327fce4c4be3fb\transformed\firebase-messaging-24.1.0\AndroidManifest.xml:62:17-82
156            <meta-data
156-->[com.google.firebase:firebase-appcheck:18.0.0] C:\Users\Acer Nitro 5\.gradle\caches\8.11.1\transforms\5d53badb2f7864672d397fa60f79dd73\transformed\firebase-appcheck-18.0.0\AndroidManifest.xml:25:13-27:85
157                android:name="com.google.firebase.components:com.google.firebase.appcheck.FirebaseAppCheckKtxRegistrar"
157-->[com.google.firebase:firebase-appcheck:18.0.0] C:\Users\Acer Nitro 5\.gradle\caches\8.11.1\transforms\5d53badb2f7864672d397fa60f79dd73\transformed\firebase-appcheck-18.0.0\AndroidManifest.xml:26:17-120
158                android:value="com.google.firebase.components.ComponentRegistrar" />
158-->[com.google.firebase:firebase-appcheck:18.0.0] C:\Users\Acer Nitro 5\.gradle\caches\8.11.1\transforms\5d53badb2f7864672d397fa60f79dd73\transformed\firebase-appcheck-18.0.0\AndroidManifest.xml:27:17-82
159            <meta-data
159-->[com.google.firebase:firebase-appcheck:18.0.0] C:\Users\Acer Nitro 5\.gradle\caches\8.11.1\transforms\5d53badb2f7864672d397fa60f79dd73\transformed\firebase-appcheck-18.0.0\AndroidManifest.xml:28:13-30:85
160                android:name="com.google.firebase.components:com.google.firebase.appcheck.FirebaseAppCheckRegistrar"
160-->[com.google.firebase:firebase-appcheck:18.0.0] C:\Users\Acer Nitro 5\.gradle\caches\8.11.1\transforms\5d53badb2f7864672d397fa60f79dd73\transformed\firebase-appcheck-18.0.0\AndroidManifest.xml:29:17-117
161                android:value="com.google.firebase.components.ComponentRegistrar" />
161-->[com.google.firebase:firebase-appcheck:18.0.0] C:\Users\Acer Nitro 5\.gradle\caches\8.11.1\transforms\5d53badb2f7864672d397fa60f79dd73\transformed\firebase-appcheck-18.0.0\AndroidManifest.xml:30:17-82
162            <meta-data
162-->[com.google.firebase:firebase-installations:18.0.0] C:\Users\Acer Nitro 5\.gradle\caches\8.11.1\transforms\0d8ac9dcaa03a372409f9d2fecc94b23\transformed\firebase-installations-18.0.0\AndroidManifest.xml:15:13-17:85
163                android:name="com.google.firebase.components:com.google.firebase.installations.FirebaseInstallationsKtxRegistrar"
163-->[com.google.firebase:firebase-installations:18.0.0] C:\Users\Acer Nitro 5\.gradle\caches\8.11.1\transforms\0d8ac9dcaa03a372409f9d2fecc94b23\transformed\firebase-installations-18.0.0\AndroidManifest.xml:16:17-130
164                android:value="com.google.firebase.components.ComponentRegistrar" />
164-->[com.google.firebase:firebase-installations:18.0.0] C:\Users\Acer Nitro 5\.gradle\caches\8.11.1\transforms\0d8ac9dcaa03a372409f9d2fecc94b23\transformed\firebase-installations-18.0.0\AndroidManifest.xml:17:17-82
165            <meta-data
165-->[com.google.firebase:firebase-installations:18.0.0] C:\Users\Acer Nitro 5\.gradle\caches\8.11.1\transforms\0d8ac9dcaa03a372409f9d2fecc94b23\transformed\firebase-installations-18.0.0\AndroidManifest.xml:18:13-20:85
166                android:name="com.google.firebase.components:com.google.firebase.installations.FirebaseInstallationsRegistrar"
166-->[com.google.firebase:firebase-installations:18.0.0] C:\Users\Acer Nitro 5\.gradle\caches\8.11.1\transforms\0d8ac9dcaa03a372409f9d2fecc94b23\transformed\firebase-installations-18.0.0\AndroidManifest.xml:19:17-127
167                android:value="com.google.firebase.components.ComponentRegistrar" />
167-->[com.google.firebase:firebase-installations:18.0.0] C:\Users\Acer Nitro 5\.gradle\caches\8.11.1\transforms\0d8ac9dcaa03a372409f9d2fecc94b23\transformed\firebase-installations-18.0.0\AndroidManifest.xml:20:17-82
168            <meta-data
168-->[com.google.firebase:firebase-common-ktx:21.0.0] C:\Users\Acer Nitro 5\.gradle\caches\8.11.1\transforms\79ffa144d1b0b2680033e999f7699d1d\transformed\firebase-common-ktx-21.0.0\AndroidManifest.xml:12:13-14:85
169                android:name="com.google.firebase.components:com.google.firebase.ktx.FirebaseCommonLegacyRegistrar"
169-->[com.google.firebase:firebase-common-ktx:21.0.0] C:\Users\Acer Nitro 5\.gradle\caches\8.11.1\transforms\79ffa144d1b0b2680033e999f7699d1d\transformed\firebase-common-ktx-21.0.0\AndroidManifest.xml:13:17-116
170                android:value="com.google.firebase.components.ComponentRegistrar" />
170-->[com.google.firebase:firebase-common-ktx:21.0.0] C:\Users\Acer Nitro 5\.gradle\caches\8.11.1\transforms\79ffa144d1b0b2680033e999f7699d1d\transformed\firebase-common-ktx-21.0.0\AndroidManifest.xml:14:17-82
171            <meta-data
171-->[com.google.firebase:firebase-common:21.0.0] C:\Users\Acer Nitro 5\.gradle\caches\8.11.1\transforms\b5c6f1a08c8a0aef23de016808637746\transformed\firebase-common-21.0.0\AndroidManifest.xml:35:13-37:85
172                android:name="com.google.firebase.components:com.google.firebase.FirebaseCommonKtxRegistrar"
172-->[com.google.firebase:firebase-common:21.0.0] C:\Users\Acer Nitro 5\.gradle\caches\8.11.1\transforms\b5c6f1a08c8a0aef23de016808637746\transformed\firebase-common-21.0.0\AndroidManifest.xml:36:17-109
173                android:value="com.google.firebase.components.ComponentRegistrar" />
173-->[com.google.firebase:firebase-common:21.0.0] C:\Users\Acer Nitro 5\.gradle\caches\8.11.1\transforms\b5c6f1a08c8a0aef23de016808637746\transformed\firebase-common-21.0.0\AndroidManifest.xml:37:17-82
174            <meta-data
174-->[com.google.firebase:firebase-datatransport:18.2.0] C:\Users\Acer Nitro 5\.gradle\caches\8.11.1\transforms\d70763a87df4afeeb9856616ea67daa9\transformed\firebase-datatransport-18.2.0\AndroidManifest.xml:25:13-27:85
175                android:name="com.google.firebase.components:com.google.firebase.datatransport.TransportRegistrar"
175-->[com.google.firebase:firebase-datatransport:18.2.0] C:\Users\Acer Nitro 5\.gradle\caches\8.11.1\transforms\d70763a87df4afeeb9856616ea67daa9\transformed\firebase-datatransport-18.2.0\AndroidManifest.xml:26:17-115
176                android:value="com.google.firebase.components.ComponentRegistrar" />
176-->[com.google.firebase:firebase-datatransport:18.2.0] C:\Users\Acer Nitro 5\.gradle\caches\8.11.1\transforms\d70763a87df4afeeb9856616ea67daa9\transformed\firebase-datatransport-18.2.0\AndroidManifest.xml:27:17-82
177        </service> <!-- Needs to be explicitly declared on P+ -->
178        <uses-library
178-->[com.google.android.gms:play-services-maps:19.0.0] C:\Users\Acer Nitro 5\.gradle\caches\8.11.1\transforms\2e77fa64755a3bd4513c11b403f471d5\transformed\play-services-maps-19.0.0\AndroidManifest.xml:39:9-41:40
179            android:name="org.apache.http.legacy"
179-->[com.google.android.gms:play-services-maps:19.0.0] C:\Users\Acer Nitro 5\.gradle\caches\8.11.1\transforms\2e77fa64755a3bd4513c11b403f471d5\transformed\play-services-maps-19.0.0\AndroidManifest.xml:40:13-50
180            android:required="false" />
180-->[com.google.android.gms:play-services-maps:19.0.0] C:\Users\Acer Nitro 5\.gradle\caches\8.11.1\transforms\2e77fa64755a3bd4513c11b403f471d5\transformed\play-services-maps-19.0.0\AndroidManifest.xml:41:13-37
181
182        <service
182-->[androidx.credentials:credentials-play-services-auth:1.3.0] C:\Users\Acer Nitro 5\.gradle\caches\8.11.1\transforms\f814fd8d997b64a2311225735a56f096\transformed\credentials-play-services-auth-1.3.0\AndroidManifest.xml:24:9-32:19
183            android:name="androidx.credentials.playservices.CredentialProviderMetadataHolder"
183-->[androidx.credentials:credentials-play-services-auth:1.3.0] C:\Users\Acer Nitro 5\.gradle\caches\8.11.1\transforms\f814fd8d997b64a2311225735a56f096\transformed\credentials-play-services-auth-1.3.0\AndroidManifest.xml:25:13-94
184            android:enabled="true"
184-->[androidx.credentials:credentials-play-services-auth:1.3.0] C:\Users\Acer Nitro 5\.gradle\caches\8.11.1\transforms\f814fd8d997b64a2311225735a56f096\transformed\credentials-play-services-auth-1.3.0\AndroidManifest.xml:26:13-35
185            android:exported="false" >
185-->[androidx.credentials:credentials-play-services-auth:1.3.0] C:\Users\Acer Nitro 5\.gradle\caches\8.11.1\transforms\f814fd8d997b64a2311225735a56f096\transformed\credentials-play-services-auth-1.3.0\AndroidManifest.xml:27:13-37
186            <meta-data
186-->[androidx.credentials:credentials-play-services-auth:1.3.0] C:\Users\Acer Nitro 5\.gradle\caches\8.11.1\transforms\f814fd8d997b64a2311225735a56f096\transformed\credentials-play-services-auth-1.3.0\AndroidManifest.xml:29:13-31:104
187                android:name="androidx.credentials.CREDENTIAL_PROVIDER_KEY"
187-->[androidx.credentials:credentials-play-services-auth:1.3.0] C:\Users\Acer Nitro 5\.gradle\caches\8.11.1\transforms\f814fd8d997b64a2311225735a56f096\transformed\credentials-play-services-auth-1.3.0\AndroidManifest.xml:30:17-76
188                android:value="androidx.credentials.playservices.CredentialProviderPlayServicesImpl" />
188-->[androidx.credentials:credentials-play-services-auth:1.3.0] C:\Users\Acer Nitro 5\.gradle\caches\8.11.1\transforms\f814fd8d997b64a2311225735a56f096\transformed\credentials-play-services-auth-1.3.0\AndroidManifest.xml:31:17-101
189        </service>
190
191        <activity
191-->[androidx.credentials:credentials-play-services-auth:1.3.0] C:\Users\Acer Nitro 5\.gradle\caches\8.11.1\transforms\f814fd8d997b64a2311225735a56f096\transformed\credentials-play-services-auth-1.3.0\AndroidManifest.xml:34:9-41:20
192            android:name="androidx.credentials.playservices.HiddenActivity"
192-->[androidx.credentials:credentials-play-services-auth:1.3.0] C:\Users\Acer Nitro 5\.gradle\caches\8.11.1\transforms\f814fd8d997b64a2311225735a56f096\transformed\credentials-play-services-auth-1.3.0\AndroidManifest.xml:35:13-76
193            android:configChanges="orientation|screenSize|screenLayout|keyboardHidden"
193-->[androidx.credentials:credentials-play-services-auth:1.3.0] C:\Users\Acer Nitro 5\.gradle\caches\8.11.1\transforms\f814fd8d997b64a2311225735a56f096\transformed\credentials-play-services-auth-1.3.0\AndroidManifest.xml:36:13-87
194            android:enabled="true"
194-->[androidx.credentials:credentials-play-services-auth:1.3.0] C:\Users\Acer Nitro 5\.gradle\caches\8.11.1\transforms\f814fd8d997b64a2311225735a56f096\transformed\credentials-play-services-auth-1.3.0\AndroidManifest.xml:37:13-35
195            android:exported="false"
195-->[androidx.credentials:credentials-play-services-auth:1.3.0] C:\Users\Acer Nitro 5\.gradle\caches\8.11.1\transforms\f814fd8d997b64a2311225735a56f096\transformed\credentials-play-services-auth-1.3.0\AndroidManifest.xml:38:13-37
196            android:fitsSystemWindows="true"
196-->[androidx.credentials:credentials-play-services-auth:1.3.0] C:\Users\Acer Nitro 5\.gradle\caches\8.11.1\transforms\f814fd8d997b64a2311225735a56f096\transformed\credentials-play-services-auth-1.3.0\AndroidManifest.xml:39:13-45
197            android:theme="@style/Theme.Hidden" >
197-->[androidx.credentials:credentials-play-services-auth:1.3.0] C:\Users\Acer Nitro 5\.gradle\caches\8.11.1\transforms\f814fd8d997b64a2311225735a56f096\transformed\credentials-play-services-auth-1.3.0\AndroidManifest.xml:40:13-48
198        </activity>
199        <activity
199-->[com.google.android.gms:play-services-auth:21.1.1] C:\Users\Acer Nitro 5\.gradle\caches\8.11.1\transforms\b35838692daa47e13cc21a285c6fd0eb\transformed\play-services-auth-21.1.1\AndroidManifest.xml:23:9-27:75
200            android:name="com.google.android.gms.auth.api.signin.internal.SignInHubActivity"
200-->[com.google.android.gms:play-services-auth:21.1.1] C:\Users\Acer Nitro 5\.gradle\caches\8.11.1\transforms\b35838692daa47e13cc21a285c6fd0eb\transformed\play-services-auth-21.1.1\AndroidManifest.xml:24:13-93
201            android:excludeFromRecents="true"
201-->[com.google.android.gms:play-services-auth:21.1.1] C:\Users\Acer Nitro 5\.gradle\caches\8.11.1\transforms\b35838692daa47e13cc21a285c6fd0eb\transformed\play-services-auth-21.1.1\AndroidManifest.xml:25:13-46
202            android:exported="false"
202-->[com.google.android.gms:play-services-auth:21.1.1] C:\Users\Acer Nitro 5\.gradle\caches\8.11.1\transforms\b35838692daa47e13cc21a285c6fd0eb\transformed\play-services-auth-21.1.1\AndroidManifest.xml:26:13-37
203            android:theme="@android:style/Theme.Translucent.NoTitleBar" />
203-->[com.google.android.gms:play-services-auth:21.1.1] C:\Users\Acer Nitro 5\.gradle\caches\8.11.1\transforms\b35838692daa47e13cc21a285c6fd0eb\transformed\play-services-auth-21.1.1\AndroidManifest.xml:27:13-72
204        <!--
205            Service handling Google Sign-In user revocation. For apps that do not integrate with
206            Google Sign-In, this service will never be started.
207        -->
208        <service
208-->[com.google.android.gms:play-services-auth:21.1.1] C:\Users\Acer Nitro 5\.gradle\caches\8.11.1\transforms\b35838692daa47e13cc21a285c6fd0eb\transformed\play-services-auth-21.1.1\AndroidManifest.xml:33:9-37:51
209            android:name="com.google.android.gms.auth.api.signin.RevocationBoundService"
209-->[com.google.android.gms:play-services-auth:21.1.1] C:\Users\Acer Nitro 5\.gradle\caches\8.11.1\transforms\b35838692daa47e13cc21a285c6fd0eb\transformed\play-services-auth-21.1.1\AndroidManifest.xml:34:13-89
210            android:exported="true"
210-->[com.google.android.gms:play-services-auth:21.1.1] C:\Users\Acer Nitro 5\.gradle\caches\8.11.1\transforms\b35838692daa47e13cc21a285c6fd0eb\transformed\play-services-auth-21.1.1\AndroidManifest.xml:35:13-36
211            android:permission="com.google.android.gms.auth.api.signin.permission.REVOCATION_NOTIFICATION"
211-->[com.google.android.gms:play-services-auth:21.1.1] C:\Users\Acer Nitro 5\.gradle\caches\8.11.1\transforms\b35838692daa47e13cc21a285c6fd0eb\transformed\play-services-auth-21.1.1\AndroidManifest.xml:36:13-107
212            android:visibleToInstantApps="true" />
212-->[com.google.android.gms:play-services-auth:21.1.1] C:\Users\Acer Nitro 5\.gradle\caches\8.11.1\transforms\b35838692daa47e13cc21a285c6fd0eb\transformed\play-services-auth-21.1.1\AndroidManifest.xml:37:13-48
213
214        <receiver
214-->[com.google.firebase:firebase-messaging:24.1.0] C:\Users\Acer Nitro 5\.gradle\caches\8.11.1\transforms\8093d9425102c25452327fce4c4be3fb\transformed\firebase-messaging-24.1.0\AndroidManifest.xml:29:9-40:20
215            android:name="com.google.firebase.iid.FirebaseInstanceIdReceiver"
215-->[com.google.firebase:firebase-messaging:24.1.0] C:\Users\Acer Nitro 5\.gradle\caches\8.11.1\transforms\8093d9425102c25452327fce4c4be3fb\transformed\firebase-messaging-24.1.0\AndroidManifest.xml:30:13-78
216            android:exported="true"
216-->[com.google.firebase:firebase-messaging:24.1.0] C:\Users\Acer Nitro 5\.gradle\caches\8.11.1\transforms\8093d9425102c25452327fce4c4be3fb\transformed\firebase-messaging-24.1.0\AndroidManifest.xml:31:13-36
217            android:permission="com.google.android.c2dm.permission.SEND" >
217-->[com.google.firebase:firebase-messaging:24.1.0] C:\Users\Acer Nitro 5\.gradle\caches\8.11.1\transforms\8093d9425102c25452327fce4c4be3fb\transformed\firebase-messaging-24.1.0\AndroidManifest.xml:32:13-73
218            <intent-filter>
218-->[com.google.firebase:firebase-messaging:24.1.0] C:\Users\Acer Nitro 5\.gradle\caches\8.11.1\transforms\8093d9425102c25452327fce4c4be3fb\transformed\firebase-messaging-24.1.0\AndroidManifest.xml:33:13-35:29
219                <action android:name="com.google.android.c2dm.intent.RECEIVE" />
219-->[com.google.firebase:firebase-messaging:24.1.0] C:\Users\Acer Nitro 5\.gradle\caches\8.11.1\transforms\8093d9425102c25452327fce4c4be3fb\transformed\firebase-messaging-24.1.0\AndroidManifest.xml:34:17-81
219-->[com.google.firebase:firebase-messaging:24.1.0] C:\Users\Acer Nitro 5\.gradle\caches\8.11.1\transforms\8093d9425102c25452327fce4c4be3fb\transformed\firebase-messaging-24.1.0\AndroidManifest.xml:34:25-78
220            </intent-filter>
221
222            <meta-data
222-->[com.google.firebase:firebase-messaging:24.1.0] C:\Users\Acer Nitro 5\.gradle\caches\8.11.1\transforms\8093d9425102c25452327fce4c4be3fb\transformed\firebase-messaging-24.1.0\AndroidManifest.xml:37:13-39:40
223                android:name="com.google.android.gms.cloudmessaging.FINISHED_AFTER_HANDLED"
223-->[com.google.firebase:firebase-messaging:24.1.0] C:\Users\Acer Nitro 5\.gradle\caches\8.11.1\transforms\8093d9425102c25452327fce4c4be3fb\transformed\firebase-messaging-24.1.0\AndroidManifest.xml:38:17-92
224                android:value="true" />
224-->[com.google.firebase:firebase-messaging:24.1.0] C:\Users\Acer Nitro 5\.gradle\caches\8.11.1\transforms\8093d9425102c25452327fce4c4be3fb\transformed\firebase-messaging-24.1.0\AndroidManifest.xml:39:17-37
225        </receiver>
226        <!--
227             FirebaseMessagingService performs security checks at runtime,
228             but set to not exported to explicitly avoid allowing another app to call it.
229        -->
230        <service
230-->[com.google.firebase:firebase-messaging:24.1.0] C:\Users\Acer Nitro 5\.gradle\caches\8.11.1\transforms\8093d9425102c25452327fce4c4be3fb\transformed\firebase-messaging-24.1.0\AndroidManifest.xml:46:9-53:19
231            android:name="com.google.firebase.messaging.FirebaseMessagingService"
231-->[com.google.firebase:firebase-messaging:24.1.0] C:\Users\Acer Nitro 5\.gradle\caches\8.11.1\transforms\8093d9425102c25452327fce4c4be3fb\transformed\firebase-messaging-24.1.0\AndroidManifest.xml:47:13-82
232            android:directBootAware="true"
232-->[com.google.firebase:firebase-messaging:24.1.0] C:\Users\Acer Nitro 5\.gradle\caches\8.11.1\transforms\8093d9425102c25452327fce4c4be3fb\transformed\firebase-messaging-24.1.0\AndroidManifest.xml:48:13-43
233            android:exported="false" >
233-->[com.google.firebase:firebase-messaging:24.1.0] C:\Users\Acer Nitro 5\.gradle\caches\8.11.1\transforms\8093d9425102c25452327fce4c4be3fb\transformed\firebase-messaging-24.1.0\AndroidManifest.xml:49:13-37
234            <intent-filter android:priority="-500" >
234-->D:\Androi\EasyShop\app\src\main\AndroidManifest.xml:32:13-34:29
235                <action android:name="com.google.firebase.MESSAGING_EVENT" />
235-->D:\Androi\EasyShop\app\src\main\AndroidManifest.xml:33:17-78
235-->D:\Androi\EasyShop\app\src\main\AndroidManifest.xml:33:25-75
236            </intent-filter>
237        </service>
238
239        <provider
239-->[com.google.firebase:firebase-common:21.0.0] C:\Users\Acer Nitro 5\.gradle\caches\8.11.1\transforms\b5c6f1a08c8a0aef23de016808637746\transformed\firebase-common-21.0.0\AndroidManifest.xml:23:9-28:39
240            android:name="com.google.firebase.provider.FirebaseInitProvider"
240-->[com.google.firebase:firebase-common:21.0.0] C:\Users\Acer Nitro 5\.gradle\caches\8.11.1\transforms\b5c6f1a08c8a0aef23de016808637746\transformed\firebase-common-21.0.0\AndroidManifest.xml:24:13-77
241            android:authorities="com.example.easyshop.firebaseinitprovider"
241-->[com.google.firebase:firebase-common:21.0.0] C:\Users\Acer Nitro 5\.gradle\caches\8.11.1\transforms\b5c6f1a08c8a0aef23de016808637746\transformed\firebase-common-21.0.0\AndroidManifest.xml:25:13-72
242            android:directBootAware="true"
242-->[com.google.firebase:firebase-common:21.0.0] C:\Users\Acer Nitro 5\.gradle\caches\8.11.1\transforms\b5c6f1a08c8a0aef23de016808637746\transformed\firebase-common-21.0.0\AndroidManifest.xml:26:13-43
243            android:exported="false"
243-->[com.google.firebase:firebase-common:21.0.0] C:\Users\Acer Nitro 5\.gradle\caches\8.11.1\transforms\b5c6f1a08c8a0aef23de016808637746\transformed\firebase-common-21.0.0\AndroidManifest.xml:27:13-37
244            android:initOrder="100" />
244-->[com.google.firebase:firebase-common:21.0.0] C:\Users\Acer Nitro 5\.gradle\caches\8.11.1\transforms\b5c6f1a08c8a0aef23de016808637746\transformed\firebase-common-21.0.0\AndroidManifest.xml:28:13-36
245
246        <activity
246-->[com.google.android.gms:play-services-base:18.5.0] C:\Users\Acer Nitro 5\.gradle\caches\8.11.1\transforms\9c1be5eac42f2831148a70bf9e80a03c\transformed\play-services-base-18.5.0\AndroidManifest.xml:5:9-173
247            android:name="com.google.android.gms.common.api.GoogleApiActivity"
247-->[com.google.android.gms:play-services-base:18.5.0] C:\Users\Acer Nitro 5\.gradle\caches\8.11.1\transforms\9c1be5eac42f2831148a70bf9e80a03c\transformed\play-services-base-18.5.0\AndroidManifest.xml:5:19-85
248            android:exported="false"
248-->[com.google.android.gms:play-services-base:18.5.0] C:\Users\Acer Nitro 5\.gradle\caches\8.11.1\transforms\9c1be5eac42f2831148a70bf9e80a03c\transformed\play-services-base-18.5.0\AndroidManifest.xml:5:146-170
249            android:theme="@android:style/Theme.Translucent.NoTitleBar" />
249-->[com.google.android.gms:play-services-base:18.5.0] C:\Users\Acer Nitro 5\.gradle\caches\8.11.1\transforms\9c1be5eac42f2831148a70bf9e80a03c\transformed\play-services-base-18.5.0\AndroidManifest.xml:5:86-145
250
251        <provider
251-->[androidx.emoji2:emoji2:1.4.0] C:\Users\Acer Nitro 5\.gradle\caches\8.11.1\transforms\7f527cef68b88148dd6206b919407775\transformed\emoji2-1.4.0\AndroidManifest.xml:24:9-32:20
252            android:name="androidx.startup.InitializationProvider"
252-->[androidx.emoji2:emoji2:1.4.0] C:\Users\Acer Nitro 5\.gradle\caches\8.11.1\transforms\7f527cef68b88148dd6206b919407775\transformed\emoji2-1.4.0\AndroidManifest.xml:25:13-67
253            android:authorities="com.example.easyshop.androidx-startup"
253-->[androidx.emoji2:emoji2:1.4.0] C:\Users\Acer Nitro 5\.gradle\caches\8.11.1\transforms\7f527cef68b88148dd6206b919407775\transformed\emoji2-1.4.0\AndroidManifest.xml:26:13-68
254            android:exported="false" >
254-->[androidx.emoji2:emoji2:1.4.0] C:\Users\Acer Nitro 5\.gradle\caches\8.11.1\transforms\7f527cef68b88148dd6206b919407775\transformed\emoji2-1.4.0\AndroidManifest.xml:27:13-37
255            <meta-data
255-->[androidx.emoji2:emoji2:1.4.0] C:\Users\Acer Nitro 5\.gradle\caches\8.11.1\transforms\7f527cef68b88148dd6206b919407775\transformed\emoji2-1.4.0\AndroidManifest.xml:29:13-31:52
256                android:name="androidx.emoji2.text.EmojiCompatInitializer"
256-->[androidx.emoji2:emoji2:1.4.0] C:\Users\Acer Nitro 5\.gradle\caches\8.11.1\transforms\7f527cef68b88148dd6206b919407775\transformed\emoji2-1.4.0\AndroidManifest.xml:30:17-75
257                android:value="androidx.startup" />
257-->[androidx.emoji2:emoji2:1.4.0] C:\Users\Acer Nitro 5\.gradle\caches\8.11.1\transforms\7f527cef68b88148dd6206b919407775\transformed\emoji2-1.4.0\AndroidManifest.xml:31:17-49
258            <meta-data
258-->[androidx.lifecycle:lifecycle-process:2.9.0] C:\Users\Acer Nitro 5\.gradle\caches\8.11.1\transforms\a8104228285a30d6c49a79900cbbe10a\transformed\lifecycle-process-2.9.0\AndroidManifest.xml:29:13-31:52
259                android:name="androidx.lifecycle.ProcessLifecycleInitializer"
259-->[androidx.lifecycle:lifecycle-process:2.9.0] C:\Users\Acer Nitro 5\.gradle\caches\8.11.1\transforms\a8104228285a30d6c49a79900cbbe10a\transformed\lifecycle-process-2.9.0\AndroidManifest.xml:30:17-78
260                android:value="androidx.startup" />
260-->[androidx.lifecycle:lifecycle-process:2.9.0] C:\Users\Acer Nitro 5\.gradle\caches\8.11.1\transforms\a8104228285a30d6c49a79900cbbe10a\transformed\lifecycle-process-2.9.0\AndroidManifest.xml:31:17-49
261            <meta-data
261-->[androidx.profileinstaller:profileinstaller:1.4.0] C:\Users\Acer Nitro 5\.gradle\caches\8.11.1\transforms\3f317197be5add164010b7514a2b15b2\transformed\profileinstaller-1.4.0\AndroidManifest.xml:29:13-31:52
262                android:name="androidx.profileinstaller.ProfileInstallerInitializer"
262-->[androidx.profileinstaller:profileinstaller:1.4.0] C:\Users\Acer Nitro 5\.gradle\caches\8.11.1\transforms\3f317197be5add164010b7514a2b15b2\transformed\profileinstaller-1.4.0\AndroidManifest.xml:30:17-85
263                android:value="androidx.startup" />
263-->[androidx.profileinstaller:profileinstaller:1.4.0] C:\Users\Acer Nitro 5\.gradle\caches\8.11.1\transforms\3f317197be5add164010b7514a2b15b2\transformed\profileinstaller-1.4.0\AndroidManifest.xml:31:17-49
264        </provider>
265
266        <receiver
266-->[androidx.profileinstaller:profileinstaller:1.4.0] C:\Users\Acer Nitro 5\.gradle\caches\8.11.1\transforms\3f317197be5add164010b7514a2b15b2\transformed\profileinstaller-1.4.0\AndroidManifest.xml:34:9-52:20
267            android:name="androidx.profileinstaller.ProfileInstallReceiver"
267-->[androidx.profileinstaller:profileinstaller:1.4.0] C:\Users\Acer Nitro 5\.gradle\caches\8.11.1\transforms\3f317197be5add164010b7514a2b15b2\transformed\profileinstaller-1.4.0\AndroidManifest.xml:35:13-76
268            android:directBootAware="false"
268-->[androidx.profileinstaller:profileinstaller:1.4.0] C:\Users\Acer Nitro 5\.gradle\caches\8.11.1\transforms\3f317197be5add164010b7514a2b15b2\transformed\profileinstaller-1.4.0\AndroidManifest.xml:36:13-44
269            android:enabled="true"
269-->[androidx.profileinstaller:profileinstaller:1.4.0] C:\Users\Acer Nitro 5\.gradle\caches\8.11.1\transforms\3f317197be5add164010b7514a2b15b2\transformed\profileinstaller-1.4.0\AndroidManifest.xml:37:13-35
270            android:exported="true"
270-->[androidx.profileinstaller:profileinstaller:1.4.0] C:\Users\Acer Nitro 5\.gradle\caches\8.11.1\transforms\3f317197be5add164010b7514a2b15b2\transformed\profileinstaller-1.4.0\AndroidManifest.xml:38:13-36
271            android:permission="android.permission.DUMP" >
271-->[androidx.profileinstaller:profileinstaller:1.4.0] C:\Users\Acer Nitro 5\.gradle\caches\8.11.1\transforms\3f317197be5add164010b7514a2b15b2\transformed\profileinstaller-1.4.0\AndroidManifest.xml:39:13-57
272            <intent-filter>
272-->[androidx.profileinstaller:profileinstaller:1.4.0] C:\Users\Acer Nitro 5\.gradle\caches\8.11.1\transforms\3f317197be5add164010b7514a2b15b2\transformed\profileinstaller-1.4.0\AndroidManifest.xml:40:13-42:29
273                <action android:name="androidx.profileinstaller.action.INSTALL_PROFILE" />
273-->[androidx.profileinstaller:profileinstaller:1.4.0] C:\Users\Acer Nitro 5\.gradle\caches\8.11.1\transforms\3f317197be5add164010b7514a2b15b2\transformed\profileinstaller-1.4.0\AndroidManifest.xml:41:17-91
273-->[androidx.profileinstaller:profileinstaller:1.4.0] C:\Users\Acer Nitro 5\.gradle\caches\8.11.1\transforms\3f317197be5add164010b7514a2b15b2\transformed\profileinstaller-1.4.0\AndroidManifest.xml:41:25-88
274            </intent-filter>
275            <intent-filter>
275-->[androidx.profileinstaller:profileinstaller:1.4.0] C:\Users\Acer Nitro 5\.gradle\caches\8.11.1\transforms\3f317197be5add164010b7514a2b15b2\transformed\profileinstaller-1.4.0\AndroidManifest.xml:43:13-45:29
276                <action android:name="androidx.profileinstaller.action.SKIP_FILE" />
276-->[androidx.profileinstaller:profileinstaller:1.4.0] C:\Users\Acer Nitro 5\.gradle\caches\8.11.1\transforms\3f317197be5add164010b7514a2b15b2\transformed\profileinstaller-1.4.0\AndroidManifest.xml:44:17-85
276-->[androidx.profileinstaller:profileinstaller:1.4.0] C:\Users\Acer Nitro 5\.gradle\caches\8.11.1\transforms\3f317197be5add164010b7514a2b15b2\transformed\profileinstaller-1.4.0\AndroidManifest.xml:44:25-82
277            </intent-filter>
278            <intent-filter>
278-->[androidx.profileinstaller:profileinstaller:1.4.0] C:\Users\Acer Nitro 5\.gradle\caches\8.11.1\transforms\3f317197be5add164010b7514a2b15b2\transformed\profileinstaller-1.4.0\AndroidManifest.xml:46:13-48:29
279                <action android:name="androidx.profileinstaller.action.SAVE_PROFILE" />
279-->[androidx.profileinstaller:profileinstaller:1.4.0] C:\Users\Acer Nitro 5\.gradle\caches\8.11.1\transforms\3f317197be5add164010b7514a2b15b2\transformed\profileinstaller-1.4.0\AndroidManifest.xml:47:17-88
279-->[androidx.profileinstaller:profileinstaller:1.4.0] C:\Users\Acer Nitro 5\.gradle\caches\8.11.1\transforms\3f317197be5add164010b7514a2b15b2\transformed\profileinstaller-1.4.0\AndroidManifest.xml:47:25-85
280            </intent-filter>
281            <intent-filter>
281-->[androidx.profileinstaller:profileinstaller:1.4.0] C:\Users\Acer Nitro 5\.gradle\caches\8.11.1\transforms\3f317197be5add164010b7514a2b15b2\transformed\profileinstaller-1.4.0\AndroidManifest.xml:49:13-51:29
282                <action android:name="androidx.profileinstaller.action.BENCHMARK_OPERATION" />
282-->[androidx.profileinstaller:profileinstaller:1.4.0] C:\Users\Acer Nitro 5\.gradle\caches\8.11.1\transforms\3f317197be5add164010b7514a2b15b2\transformed\profileinstaller-1.4.0\AndroidManifest.xml:50:17-95
282-->[androidx.profileinstaller:profileinstaller:1.4.0] C:\Users\Acer Nitro 5\.gradle\caches\8.11.1\transforms\3f317197be5add164010b7514a2b15b2\transformed\profileinstaller-1.4.0\AndroidManifest.xml:50:25-92
283            </intent-filter>
284        </receiver>
285
286        <meta-data
286-->[com.google.android.gms:play-services-basement:18.4.0] C:\Users\Acer Nitro 5\.gradle\caches\8.11.1\transforms\2983aaebbda33a8ce3da7a45b7cf0f48\transformed\play-services-basement-18.4.0\AndroidManifest.xml:6:9-122
287            android:name="com.google.android.gms.version"
287-->[com.google.android.gms:play-services-basement:18.4.0] C:\Users\Acer Nitro 5\.gradle\caches\8.11.1\transforms\2983aaebbda33a8ce3da7a45b7cf0f48\transformed\play-services-basement-18.4.0\AndroidManifest.xml:6:20-65
288            android:value="@integer/google_play_services_version" />
288-->[com.google.android.gms:play-services-basement:18.4.0] C:\Users\Acer Nitro 5\.gradle\caches\8.11.1\transforms\2983aaebbda33a8ce3da7a45b7cf0f48\transformed\play-services-basement-18.4.0\AndroidManifest.xml:6:66-119
289
290        <service
290-->[com.google.android.datatransport:transport-backend-cct:3.1.9] C:\Users\Acer Nitro 5\.gradle\caches\8.11.1\transforms\77e1d8d43e3f105b6229ee2a4188bc49\transformed\transport-backend-cct-3.1.9\AndroidManifest.xml:28:9-34:19
291            android:name="com.google.android.datatransport.runtime.backends.TransportBackendDiscovery"
291-->[com.google.android.datatransport:transport-backend-cct:3.1.9] C:\Users\Acer Nitro 5\.gradle\caches\8.11.1\transforms\77e1d8d43e3f105b6229ee2a4188bc49\transformed\transport-backend-cct-3.1.9\AndroidManifest.xml:29:13-103
292            android:exported="false" >
292-->[com.google.android.datatransport:transport-backend-cct:3.1.9] C:\Users\Acer Nitro 5\.gradle\caches\8.11.1\transforms\77e1d8d43e3f105b6229ee2a4188bc49\transformed\transport-backend-cct-3.1.9\AndroidManifest.xml:30:13-37
293            <meta-data
293-->[com.google.android.datatransport:transport-backend-cct:3.1.9] C:\Users\Acer Nitro 5\.gradle\caches\8.11.1\transforms\77e1d8d43e3f105b6229ee2a4188bc49\transformed\transport-backend-cct-3.1.9\AndroidManifest.xml:31:13-33:39
294                android:name="backend:com.google.android.datatransport.cct.CctBackendFactory"
294-->[com.google.android.datatransport:transport-backend-cct:3.1.9] C:\Users\Acer Nitro 5\.gradle\caches\8.11.1\transforms\77e1d8d43e3f105b6229ee2a4188bc49\transformed\transport-backend-cct-3.1.9\AndroidManifest.xml:32:17-94
295                android:value="cct" />
295-->[com.google.android.datatransport:transport-backend-cct:3.1.9] C:\Users\Acer Nitro 5\.gradle\caches\8.11.1\transforms\77e1d8d43e3f105b6229ee2a4188bc49\transformed\transport-backend-cct-3.1.9\AndroidManifest.xml:33:17-36
296        </service>
297        <service
297-->[com.google.android.datatransport:transport-runtime:3.1.9] C:\Users\Acer Nitro 5\.gradle\caches\8.11.1\transforms\805643dd18b3c6feac6ff8c0b1ff13e4\transformed\transport-runtime-3.1.9\AndroidManifest.xml:26:9-30:19
298            android:name="com.google.android.datatransport.runtime.scheduling.jobscheduling.JobInfoSchedulerService"
298-->[com.google.android.datatransport:transport-runtime:3.1.9] C:\Users\Acer Nitro 5\.gradle\caches\8.11.1\transforms\805643dd18b3c6feac6ff8c0b1ff13e4\transformed\transport-runtime-3.1.9\AndroidManifest.xml:27:13-117
299            android:exported="false"
299-->[com.google.android.datatransport:transport-runtime:3.1.9] C:\Users\Acer Nitro 5\.gradle\caches\8.11.1\transforms\805643dd18b3c6feac6ff8c0b1ff13e4\transformed\transport-runtime-3.1.9\AndroidManifest.xml:28:13-37
300            android:permission="android.permission.BIND_JOB_SERVICE" >
300-->[com.google.android.datatransport:transport-runtime:3.1.9] C:\Users\Acer Nitro 5\.gradle\caches\8.11.1\transforms\805643dd18b3c6feac6ff8c0b1ff13e4\transformed\transport-runtime-3.1.9\AndroidManifest.xml:29:13-69
301        </service>
302
303        <receiver
303-->[com.google.android.datatransport:transport-runtime:3.1.9] C:\Users\Acer Nitro 5\.gradle\caches\8.11.1\transforms\805643dd18b3c6feac6ff8c0b1ff13e4\transformed\transport-runtime-3.1.9\AndroidManifest.xml:32:9-34:40
304            android:name="com.google.android.datatransport.runtime.scheduling.jobscheduling.AlarmManagerSchedulerBroadcastReceiver"
304-->[com.google.android.datatransport:transport-runtime:3.1.9] C:\Users\Acer Nitro 5\.gradle\caches\8.11.1\transforms\805643dd18b3c6feac6ff8c0b1ff13e4\transformed\transport-runtime-3.1.9\AndroidManifest.xml:33:13-132
305            android:exported="false" /> <!-- The activities will be merged into the manifest of the hosting app. -->
305-->[com.google.android.datatransport:transport-runtime:3.1.9] C:\Users\Acer Nitro 5\.gradle\caches\8.11.1\transforms\805643dd18b3c6feac6ff8c0b1ff13e4\transformed\transport-runtime-3.1.9\AndroidManifest.xml:34:13-37
306        <activity
306-->[com.google.android.play:core-common:2.0.3] C:\Users\Acer Nitro 5\.gradle\caches\8.11.1\transforms\727c2541502561b62744b99ccdeae2db\transformed\core-common-2.0.3\AndroidManifest.xml:14:9-18:65
307            android:name="com.google.android.play.core.common.PlayCoreDialogWrapperActivity"
307-->[com.google.android.play:core-common:2.0.3] C:\Users\Acer Nitro 5\.gradle\caches\8.11.1\transforms\727c2541502561b62744b99ccdeae2db\transformed\core-common-2.0.3\AndroidManifest.xml:15:13-93
308            android:exported="false"
308-->[com.google.android.play:core-common:2.0.3] C:\Users\Acer Nitro 5\.gradle\caches\8.11.1\transforms\727c2541502561b62744b99ccdeae2db\transformed\core-common-2.0.3\AndroidManifest.xml:16:13-37
309            android:stateNotNeeded="true"
309-->[com.google.android.play:core-common:2.0.3] C:\Users\Acer Nitro 5\.gradle\caches\8.11.1\transforms\727c2541502561b62744b99ccdeae2db\transformed\core-common-2.0.3\AndroidManifest.xml:17:13-42
310            android:theme="@style/Theme.PlayCore.Transparent" />
310-->[com.google.android.play:core-common:2.0.3] C:\Users\Acer Nitro 5\.gradle\caches\8.11.1\transforms\727c2541502561b62744b99ccdeae2db\transformed\core-common-2.0.3\AndroidManifest.xml:18:13-62
311    </application>
312
313</manifest>

Merged manifest saved to D:\Androi\EasyShop\app\build\intermediates\merged_manifest\debug\processDebugMainManifest\AndroidManifest.xml
Resolve mutations for :app:processDebugManifest (Thread[Execution worker Thread 11,5,main]) started.
:app:processDebugManifest (Thread[Execution worker Thread 11,5,main]) started.

> Task :app:processDebugManifest
Caching disabled for task ':app:processDebugManifest' because:
  Build cache is disabled
Task ':app:processDebugManifest' is not up-to-date because:
  Input property 'mainMergedManifest' file D:\Androi\EasyShop\app\build\intermediates\merged_manifest\debug\processDebugMainManifest\AndroidManifest.xml has changed.
Resolve mutations for :app:processDebugManifestForPackage (Thread[Execution worker Thread 11,5,main]) started.
:app:processDebugManifestForPackage (Thread[Execution worker Thread 2,5,main]) started.
Resolve mutations for :app:javaPreCompileDebug (Thread[Execution worker Thread 11,5,main]) started.
:app:javaPreCompileDebug (Thread[Execution worker Thread 4,5,main]) started.

> Task :app:javaPreCompileDebug UP-TO-DATE
Caching disabled for task ':app:javaPreCompileDebug' because:
  Build cache is disabled
Skipping task ':app:javaPreCompileDebug' as it is up-to-date.
Resolve mutations for :app:mergeDebugShaders (Thread[Execution worker Thread 4,5,main]) started.
:app:mergeDebugShaders (Thread[Execution worker Thread 4,5,main]) started.

> Task :app:mergeDebugShaders UP-TO-DATE
Caching disabled for task ':app:mergeDebugShaders' because:
  Build cache is disabled
  Simple merging task
Skipping task ':app:mergeDebugShaders' as it is up-to-date.

> Task :app:processDebugManifestForPackage
Custom actions are attached to task ':app:processDebugManifestForPackage'.
Caching disabled for task ':app:processDebugManifestForPackage' because:
  Build cache is disabled
Task ':app:processDebugManifestForPackage' is not up-to-date because:
  Input property 'mergedManifests' file D:\Androi\EasyShop\app\build\intermediates\merged_manifests\debug\processDebugManifest\AndroidManifest.xml has changed.
Resolve mutations for :app:processDebugResources (Thread[Execution worker Thread 2,5,main]) started.
:app:processDebugResources (Thread[Execution worker Thread 2,5,main]) started.
Resolve mutations for :app:compileDebugShaders (Thread[Execution worker Thread 9,5,main]) started.
:app:compileDebugShaders (Thread[Execution worker Thread 9,5,main]) started.

> Task :app:compileDebugShaders NO-SOURCE
Skipping task ':app:compileDebugShaders' as it has no source files and no previous output files.
Resolve mutations for :app:generateDebugAssets (Thread[Execution worker Thread 5,5,main]) started.
:app:generateDebugAssets (Thread[Execution worker Thread 5,5,main]) started.

> Task :app:generateDebugAssets UP-TO-DATE
Skipping task ':app:generateDebugAssets' as it has no actions.
Resolve mutations for :app:mergeDebugAssets (Thread[Execution worker Thread 5,5,main]) started.
:app:mergeDebugAssets (Thread[Execution worker Thread 5,5,main]) started.

> Task :app:mergeDebugAssets UP-TO-DATE
Transforming dotsindicator-5.1.0.aar (com.tbuonomo:dotsindicator:5.1.0) with ExtractAarTransform
Transforming dotsindicator-5.1.0.aar (com.tbuonomo:dotsindicator:5.1.0) with AarTransform
Transforming coil-compose-2.7.0.aar (io.coil-kt:coil-compose:2.7.0) with ExtractAarTransform
Transforming coil-compose-2.7.0.aar (io.coil-kt:coil-compose:2.7.0) with AarTransform
Transforming coil-compose-base-2.7.0.aar (io.coil-kt:coil-compose-base:2.7.0) with ExtractAarTransform
Transforming coil-compose-base-2.7.0.aar (io.coil-kt:coil-compose-base:2.7.0) with AarTransform
Transforming coil-2.7.0.aar (io.coil-kt:coil:2.7.0) with ExtractAarTransform
Transforming coil-2.7.0.aar (io.coil-kt:coil:2.7.0) with AarTransform
Transforming coil-base-2.7.0.aar (io.coil-kt:coil-base:2.7.0) with ExtractAarTransform
Transforming coil-base-2.7.0.aar (io.coil-kt:coil-base:2.7.0) with AarTransform
Transforming appcompat-resources-1.7.0.aar (androidx.appcompat:appcompat-resources:1.7.0) with ExtractAarTransform
Transforming appcompat-resources-1.7.0.aar (androidx.appcompat:appcompat-resources:1.7.0) with AarTransform
Transforming appcompat-1.7.0.aar (androidx.appcompat:appcompat:1.7.0) with ExtractAarTransform
Transforming appcompat-1.7.0.aar (androidx.appcompat:appcompat:1.7.0) with AarTransform
Transforming generativeai-0.9.0.aar (com.google.ai.client.generativeai:generativeai:0.9.0) with ExtractAarTransform
Transforming generativeai-0.9.0.aar (com.google.ai.client.generativeai:generativeai:0.9.0) with AarTransform
Transforming drawerlayout-1.0.0.aar (androidx.drawerlayout:drawerlayout:1.0.0) with ExtractAarTransform
Transforming drawerlayout-1.0.0.aar (androidx.drawerlayout:drawerlayout:1.0.0) with AarTransform
Transforming navigation-common-2.8.5.aar (androidx.navigation:navigation-common:2.8.5) with ExtractAarTransform
Transforming navigation-common-2.8.5.aar (androidx.navigation:navigation-common:2.8.5) with AarTransform
Transforming navigation-runtime-2.8.5.aar (androidx.navigation:navigation-runtime:2.8.5) with ExtractAarTransform
Transforming navigation-runtime-2.8.5.aar (androidx.navigation:navigation-runtime:2.8.5) with AarTransform
Transforming navigation-common-ktx-2.8.5.aar (androidx.navigation:navigation-common-ktx:2.8.5) with ExtractAarTransform
Transforming navigation-common-ktx-2.8.5.aar (androidx.navigation:navigation-common-ktx:2.8.5) with AarTransform
Transforming navigation-runtime-ktx-2.8.5.aar (androidx.navigation:navigation-runtime-ktx:2.8.5) with ExtractAarTransform
Transforming navigation-runtime-ktx-2.8.5.aar (androidx.navigation:navigation-runtime-ktx:2.8.5) with AarTransform
Transforming navigation-compose-2.8.5.aar (androidx.navigation:navigation-compose:2.8.5) with ExtractAarTransform
Transforming navigation-compose-2.8.5.aar (androidx.navigation:navigation-compose:2.8.5) with AarTransform
Transforming material3.aar (androidx.compose.material3:material3-android:1.4.0) with ExtractAarTransform
Transforming material3.aar (androidx.compose.material3:material3-android:1.4.0) with AarTransform
Transforming accompanist-drawablepainter-0.32.0.aar (com.google.accompanist:accompanist-drawablepainter:0.32.0) with ExtractAarTransform
Transforming accompanist-drawablepainter-0.32.0.aar (com.google.accompanist:accompanist-drawablepainter:0.32.0) with AarTransform
Transforming material-icons-extended-release.aar (androidx.compose.material:material-icons-extended-android:1.7.2) with ExtractAarTransform
Transforming material-icons-extended-release.aar (androidx.compose.material:material-icons-extended-android:1.7.2) with AarTransform
Transforming material-icons-core-release.aar (androidx.compose.material:material-icons-core-android:1.7.2) with ExtractAarTransform
Transforming material-icons-core-release.aar (androidx.compose.material:material-icons-core-android:1.7.2) with AarTransform
Transforming ui-tooling-data-release.aar (androidx.compose.ui:ui-tooling-data-android:1.8.2) with ExtractAarTransform
Transforming ui-tooling-data-release.aar (androidx.compose.ui:ui-tooling-data-android:1.8.2) with AarTransform
Transforming ui-tooling-preview-release.aar (androidx.compose.ui:ui-tooling-preview-android:1.8.2) with ExtractAarTransform
Transforming ui-tooling-preview-release.aar (androidx.compose.ui:ui-tooling-preview-android:1.8.2) with AarTransform
Transforming foundation-release.aar (androidx.compose.foundation:foundation-android:1.8.2) with ExtractAarTransform
Transforming foundation-release.aar (androidx.compose.foundation:foundation-android:1.8.2) with AarTransform
Transforming foundation-layout-release.aar (androidx.compose.foundation:foundation-layout-android:1.8.2) with ExtractAarTransform
Transforming foundation-layout-release.aar (androidx.compose.foundation:foundation-layout-android:1.8.2) with AarTransform
Transforming animation-core-release.aar (androidx.compose.animation:animation-core-android:1.8.2) with ExtractAarTransform
Transforming animation-core-release.aar (androidx.compose.animation:animation-core-android:1.8.2) with AarTransform
Transforming animation-release.aar (androidx.compose.animation:animation-android:1.8.2) with ExtractAarTransform
Transforming animation-release.aar (androidx.compose.animation:animation-android:1.8.2) with AarTransform
Transforming ui-geometry-release.aar (androidx.compose.ui:ui-geometry-android:1.8.2) with ExtractAarTransform
Transforming ui-geometry-release.aar (androidx.compose.ui:ui-geometry-android:1.8.2) with AarTransform
Transforming ui-tooling-release.aar (androidx.compose.ui:ui-tooling-android:1.8.2) with ExtractAarTransform
Transforming ui-tooling-release.aar (androidx.compose.ui:ui-tooling-android:1.8.2) with AarTransform
Transforming material-release.aar (androidx.compose.material:material-android:1.7.2) with ExtractAarTransform
Transforming material-release.aar (androidx.compose.material:material-android:1.7.2) with AarTransform
Transforming material-ripple-release.aar (androidx.compose.material:material-ripple-android:1.8.1) with ExtractAarTransform
Transforming material-ripple-release.aar (androidx.compose.material:material-ripple-android:1.8.1) with AarTransform
Transforming ui-util-release.aar (androidx.compose.ui:ui-util-android:1.8.2) with ExtractAarTransform
Transforming ui-util-release.aar (androidx.compose.ui:ui-util-android:1.8.2) with AarTransform
Transforming ui-unit-release.aar (androidx.compose.ui:ui-unit-android:1.8.2) with ExtractAarTransform
Transforming ui-unit-release.aar (androidx.compose.ui:ui-unit-android:1.8.2) with AarTransform
Transforming ui-text-release.aar (androidx.compose.ui:ui-text-android:1.8.2) with ExtractAarTransform
Transforming ui-text-release.aar (androidx.compose.ui:ui-text-android:1.8.2) with AarTransform
Transforming ui-graphics-release.aar (androidx.compose.ui:ui-graphics-android:1.8.2) with ExtractAarTransform
Transforming ui-graphics-release.aar (androidx.compose.ui:ui-graphics-android:1.8.2) with AarTransform
Transforming ui-test-manifest-1.8.2.aar (androidx.compose.ui:ui-test-manifest:1.8.2) with ExtractAarTransform
Transforming ui-test-manifest-1.8.2.aar (androidx.compose.ui:ui-test-manifest:1.8.2) with AarTransform
Transforming firebase-auth-23.1.0.aar (com.google.firebase:firebase-auth:23.1.0) with ExtractAarTransform
Transforming firebase-auth-23.1.0.aar (com.google.firebase:firebase-auth:23.1.0) with AarTransform
Transforming play-services-maps-19.0.0.aar (com.google.android.gms:play-services-maps:19.0.0) with ExtractAarTransform
Transforming play-services-maps-19.0.0.aar (com.google.android.gms:play-services-maps:19.0.0) with AarTransform
Transforming firebase-firestore-25.1.1.aar (com.google.firebase:firebase-firestore:25.1.1) with ExtractAarTransform
Transforming firebase-firestore-25.1.1.aar (com.google.firebase:firebase-firestore:25.1.1) with AarTransform
Transforming play-services-location-21.0.0.aar (com.google.android.gms:play-services-location:21.0.0) with ExtractAarTransform
Transforming play-services-location-21.0.0.aar (com.google.android.gms:play-services-location:21.0.0) with AarTransform
Transforming googleid-1.1.1.aar (com.google.android.libraries.identity.googleid:googleid:1.1.1) with ExtractAarTransform
Transforming googleid-1.1.1.aar (com.google.android.libraries.identity.googleid:googleid:1.1.1) with AarTransform
Transforming credentials-1.3.0.aar (androidx.credentials:credentials:1.3.0) with ExtractAarTransform
Transforming credentials-1.3.0.aar (androidx.credentials:credentials:1.3.0) with AarTransform
Transforming credentials-1.3.0.aar (androidx.credentials:credentials:1.3.0) with ExtractAarTransform
Transforming credentials-1.3.0.aar (androidx.credentials:credentials:1.3.0) with AarTransform
Transforming credentials-1.3.0.aar (androidx.credentials:credentials:1.3.0) with ExtractAarTransform
Transforming credentials-1.3.0.aar (androidx.credentials:credentials:1.3.0) with AarTransform
Transforming credentials-play-services-auth-1.3.0.aar (androidx.credentials:credentials-play-services-auth:1.3.0) with ExtractAarTransform
Transforming credentials-play-services-auth-1.3.0.aar (androidx.credentials:credentials-play-services-auth:1.3.0) with AarTransform
Transforming credentials-play-services-auth-1.3.0.aar (androidx.credentials:credentials-play-services-auth:1.3.0) with ExtractAarTransform
Transforming credentials-play-services-auth-1.3.0.aar (androidx.credentials:credentials-play-services-auth:1.3.0) with AarTransform
Transforming play-services-auth-21.1.1.aar (com.google.android.gms:play-services-auth:21.1.1) with ExtractAarTransform
Transforming play-services-auth-21.1.1.aar (com.google.android.gms:play-services-auth:21.1.1) with AarTransform
Transforming play-services-auth-api-phone-18.0.2.aar (com.google.android.gms:play-services-auth-api-phone:18.0.2) with ExtractAarTransform
Transforming play-services-auth-api-phone-18.0.2.aar (com.google.android.gms:play-services-auth-api-phone:18.0.2) with AarTransform
Transforming play-services-auth-api-phone-18.0.2.aar (com.google.android.gms:play-services-auth-api-phone:18.0.2) with ExtractAarTransform
Transforming play-services-auth-api-phone-18.0.2.aar (com.google.android.gms:play-services-auth-api-phone:18.0.2) with AarTransform
Transforming recaptcha-18.5.1.aar (com.google.android.recaptcha:recaptcha:18.5.1) with ExtractAarTransform
Transforming recaptcha-18.5.1.aar (com.google.android.recaptcha:recaptcha:18.5.1) with AarTransform
Transforming integrity-1.3.0.aar (com.google.android.play:integrity:1.3.0) with ExtractAarTransform
Transforming integrity-1.3.0.aar (com.google.android.play:integrity:1.3.0) with AarTransform
Transforming integrity-1.3.0.aar (com.google.android.play:integrity:1.3.0) with ExtractAarTransform
Transforming integrity-1.3.0.aar (com.google.android.play:integrity:1.3.0) with AarTransform
Transforming firebase-storage-ktx-21.0.1.aar (com.google.firebase:firebase-storage-ktx:21.0.1) with ExtractAarTransform
Transforming firebase-storage-ktx-21.0.1.aar (com.google.firebase:firebase-storage-ktx:21.0.1) with AarTransform
Transforming firebase-storage-21.0.1.aar (com.google.firebase:firebase-storage:21.0.1) with ExtractAarTransform
Transforming firebase-storage-21.0.1.aar (com.google.firebase:firebase-storage:21.0.1) with AarTransform
Transforming firebase-auth-interop-20.0.0.aar (com.google.firebase:firebase-auth-interop:20.0.0) with ExtractAarTransform
Transforming firebase-auth-interop-20.0.0.aar (com.google.firebase:firebase-auth-interop:20.0.0) with AarTransform
Transforming firebase-auth-interop-20.0.0.aar (com.google.firebase:firebase-auth-interop:20.0.0) with ExtractAarTransform
Transforming firebase-auth-interop-20.0.0.aar (com.google.firebase:firebase-auth-interop:20.0.0) with AarTransform
Transforming firebase-auth-interop-20.0.0.aar (com.google.firebase:firebase-auth-interop:20.0.0) with ExtractAarTransform
Transforming firebase-auth-interop-20.0.0.aar (com.google.firebase:firebase-auth-interop:20.0.0) with AarTransform
Transforming firebase-messaging-ktx-24.1.0.aar (com.google.firebase:firebase-messaging-ktx:24.1.0) with ExtractAarTransform
Transforming firebase-messaging-ktx-24.1.0.aar (com.google.firebase:firebase-messaging-ktx:24.1.0) with AarTransform
Transforming firebase-messaging-24.1.0.aar (com.google.firebase:firebase-messaging:24.1.0) with ExtractAarTransform
Transforming firebase-messaging-24.1.0.aar (com.google.firebase:firebase-messaging:24.1.0) with AarTransform
Transforming firebase-appcheck-18.0.0.aar (com.google.firebase:firebase-appcheck:18.0.0) with ExtractAarTransform
Transforming firebase-appcheck-18.0.0.aar (com.google.firebase:firebase-appcheck:18.0.0) with AarTransform
Transforming firebase-installations-18.0.0.aar (com.google.firebase:firebase-installations:18.0.0) with ExtractAarTransform
Transforming firebase-installations-18.0.0.aar (com.google.firebase:firebase-installations:18.0.0) with AarTransform
Transforming firebase-common-ktx-21.0.0.aar (com.google.firebase:firebase-common-ktx:21.0.0) with ExtractAarTransform
Transforming firebase-common-ktx-21.0.0.aar (com.google.firebase:firebase-common-ktx:21.0.0) with AarTransform
Transforming firebase-common-ktx-21.0.0.aar (com.google.firebase:firebase-common-ktx:21.0.0) with ExtractAarTransform
Transforming firebase-common-ktx-21.0.0.aar (com.google.firebase:firebase-common-ktx:21.0.0) with AarTransform
Transforming firebase-common-ktx-21.0.0.aar (com.google.firebase:firebase-common-ktx:21.0.0) with ExtractAarTransform
Transforming firebase-common-ktx-21.0.0.aar (com.google.firebase:firebase-common-ktx:21.0.0) with AarTransform
Transforming firebase-common-ktx-21.0.0.aar (com.google.firebase:firebase-common-ktx:21.0.0) with ExtractAarTransform
Transforming firebase-common-ktx-21.0.0.aar (com.google.firebase:firebase-common-ktx:21.0.0) with AarTransform
Transforming firebase-common-ktx-21.0.0.aar (com.google.firebase:firebase-common-ktx:21.0.0) with ExtractAarTransform
Transforming firebase-common-ktx-21.0.0.aar (com.google.firebase:firebase-common-ktx:21.0.0) with AarTransform
Transforming firebase-common-ktx-21.0.0.aar (com.google.firebase:firebase-common-ktx:21.0.0) with ExtractAarTransform
Transforming firebase-common-ktx-21.0.0.aar (com.google.firebase:firebase-common-ktx:21.0.0) with AarTransform
Transforming firebase-common-ktx-21.0.0.aar (com.google.firebase:firebase-common-ktx:21.0.0) with ExtractAarTransform
Transforming firebase-common-ktx-21.0.0.aar (com.google.firebase:firebase-common-ktx:21.0.0) with AarTransform
Transforming firebase-common-ktx-21.0.0.aar (com.google.firebase:firebase-common-ktx:21.0.0) with ExtractAarTransform
Transforming firebase-common-ktx-21.0.0.aar (com.google.firebase:firebase-common-ktx:21.0.0) with AarTransform
Transforming firebase-common-21.0.0.aar (com.google.firebase:firebase-common:21.0.0) with ExtractAarTransform
Transforming firebase-common-21.0.0.aar (com.google.firebase:firebase-common:21.0.0) with AarTransform
Transforming firebase-common-21.0.0.aar (com.google.firebase:firebase-common:21.0.0) with ExtractAarTransform
Transforming firebase-common-21.0.0.aar (com.google.firebase:firebase-common:21.0.0) with AarTransform
Transforming firebase-common-21.0.0.aar (com.google.firebase:firebase-common:21.0.0) with ExtractAarTransform
Transforming firebase-common-21.0.0.aar (com.google.firebase:firebase-common:21.0.0) with AarTransform
Transforming firebase-common-21.0.0.aar (com.google.firebase:firebase-common:21.0.0) with ExtractAarTransform
Transforming firebase-common-21.0.0.aar (com.google.firebase:firebase-common:21.0.0) with AarTransform
Transforming firebase-common-21.0.0.aar (com.google.firebase:firebase-common:21.0.0) with ExtractAarTransform
Transforming firebase-common-21.0.0.aar (com.google.firebase:firebase-common:21.0.0) with AarTransform
Transforming firebase-common-21.0.0.aar (com.google.firebase:firebase-common:21.0.0) with ExtractAarTransform
Transforming firebase-common-21.0.0.aar (com.google.firebase:firebase-common:21.0.0) with AarTransform
Transforming firebase-common-21.0.0.aar (com.google.firebase:firebase-common:21.0.0) with ExtractAarTransform
Transforming firebase-common-21.0.0.aar (com.google.firebase:firebase-common:21.0.0) with AarTransform
Transforming firebase-common-21.0.0.aar (com.google.firebase:firebase-common:21.0.0) with ExtractAarTransform
Transforming firebase-common-21.0.0.aar (com.google.firebase:firebase-common:21.0.0) with AarTransform
Transforming firebase-common-21.0.0.aar (com.google.firebase:firebase-common:21.0.0) with ExtractAarTransform
Transforming firebase-common-21.0.0.aar (com.google.firebase:firebase-common:21.0.0) with AarTransform
Transforming firebase-database-collection-18.0.1.aar (com.google.firebase:firebase-database-collection:18.0.1) with ExtractAarTransform
Transforming firebase-database-collection-18.0.1.aar (com.google.firebase:firebase-database-collection:18.0.1) with AarTransform
Transforming play-services-fido-21.0.0.aar (com.google.android.gms:play-services-fido:21.0.0) with ExtractAarTransform
Transforming play-services-fido-21.0.0.aar (com.google.android.gms:play-services-fido:21.0.0) with AarTransform
Transforming play-services-fido-21.0.0.aar (com.google.android.gms:play-services-fido:21.0.0) with ExtractAarTransform
Transforming play-services-fido-21.0.0.aar (com.google.android.gms:play-services-fido:21.0.0) with AarTransform
Transforming play-services-auth-base-18.0.10.aar (com.google.android.gms:play-services-auth-base:18.0.10) with ExtractAarTransform
Transforming play-services-auth-base-18.0.10.aar (com.google.android.gms:play-services-auth-base:18.0.10) with AarTransform
Transforming firebase-appcheck-interop-17.1.0.aar (com.google.firebase:firebase-appcheck-interop:17.1.0) with ExtractAarTransform
Transforming firebase-appcheck-interop-17.1.0.aar (com.google.firebase:firebase-appcheck-interop:17.1.0) with AarTransform
Transforming firebase-appcheck-interop-17.1.0.aar (com.google.firebase:firebase-appcheck-interop:17.1.0) with ExtractAarTransform
Transforming firebase-appcheck-interop-17.1.0.aar (com.google.firebase:firebase-appcheck-interop:17.1.0) with AarTransform
Transforming firebase-appcheck-interop-17.1.0.aar (com.google.firebase:firebase-appcheck-interop:17.1.0) with ExtractAarTransform
Transforming firebase-appcheck-interop-17.1.0.aar (com.google.firebase:firebase-appcheck-interop:17.1.0) with AarTransform
Transforming firebase-appcheck-interop-17.1.0.aar (com.google.firebase:firebase-appcheck-interop:17.1.0) with ExtractAarTransform
Transforming firebase-appcheck-interop-17.1.0.aar (com.google.firebase:firebase-appcheck-interop:17.1.0) with AarTransform
Transforming play-services-base-18.5.0.aar (com.google.android.gms:play-services-base:18.5.0) with ExtractAarTransform
Transforming play-services-base-18.5.0.aar (com.google.android.gms:play-services-base:18.5.0) with AarTransform
Transforming play-services-base-18.5.0.aar (com.google.android.gms:play-services-base:18.5.0) with ExtractAarTransform
Transforming play-services-base-18.5.0.aar (com.google.android.gms:play-services-base:18.5.0) with AarTransform
Transforming play-services-base-18.5.0.aar (com.google.android.gms:play-services-base:18.5.0) with ExtractAarTransform
Transforming play-services-base-18.5.0.aar (com.google.android.gms:play-services-base:18.5.0) with AarTransform
Transforming play-services-base-18.5.0.aar (com.google.android.gms:play-services-base:18.5.0) with ExtractAarTransform
Transforming play-services-base-18.5.0.aar (com.google.android.gms:play-services-base:18.5.0) with AarTransform
Transforming play-services-base-18.5.0.aar (com.google.android.gms:play-services-base:18.5.0) with ExtractAarTransform
Transforming play-services-base-18.5.0.aar (com.google.android.gms:play-services-base:18.5.0) with AarTransform
Transforming play-services-base-18.5.0.aar (com.google.android.gms:play-services-base:18.5.0) with ExtractAarTransform
Transforming play-services-base-18.5.0.aar (com.google.android.gms:play-services-base:18.5.0) with AarTransform
Transforming play-services-base-18.5.0.aar (com.google.android.gms:play-services-base:18.5.0) with ExtractAarTransform
Transforming play-services-base-18.5.0.aar (com.google.android.gms:play-services-base:18.5.0) with AarTransform
Transforming play-services-base-18.5.0.aar (com.google.android.gms:play-services-base:18.5.0) with ExtractAarTransform
Transforming play-services-base-18.5.0.aar (com.google.android.gms:play-services-base:18.5.0) with AarTransform
Transforming play-services-base-18.5.0.aar (com.google.android.gms:play-services-base:18.5.0) with ExtractAarTransform
Transforming play-services-base-18.5.0.aar (com.google.android.gms:play-services-base:18.5.0) with AarTransform
Transforming play-services-base-18.5.0.aar (com.google.android.gms:play-services-base:18.5.0) with ExtractAarTransform
Transforming play-services-base-18.5.0.aar (com.google.android.gms:play-services-base:18.5.0) with AarTransform
Transforming play-services-base-18.5.0.aar (com.google.android.gms:play-services-base:18.5.0) with ExtractAarTransform
Transforming play-services-base-18.5.0.aar (com.google.android.gms:play-services-base:18.5.0) with AarTransform
Transforming play-services-base-18.5.0.aar (com.google.android.gms:play-services-base:18.5.0) with ExtractAarTransform
Transforming play-services-base-18.5.0.aar (com.google.android.gms:play-services-base:18.5.0) with AarTransform
Transforming firebase-iid-interop-17.1.0.aar (com.google.firebase:firebase-iid-interop:17.1.0) with ExtractAarTransform
Transforming firebase-iid-interop-17.1.0.aar (com.google.firebase:firebase-iid-interop:17.1.0) with AarTransform
Transforming play-services-cloud-messaging-17.2.0.aar (com.google.android.gms:play-services-cloud-messaging:17.2.0) with ExtractAarTransform
Transforming play-services-cloud-messaging-17.2.0.aar (com.google.android.gms:play-services-cloud-messaging:17.2.0) with AarTransform
Transforming firebase-installations-interop-17.1.1.aar (com.google.firebase:firebase-installations-interop:17.1.1) with ExtractAarTransform
Transforming firebase-installations-interop-17.1.1.aar (com.google.firebase:firebase-installations-interop:17.1.1) with AarTransform
Transforming firebase-installations-interop-17.1.1.aar (com.google.firebase:firebase-installations-interop:17.1.1) with ExtractAarTransform
Transforming firebase-installations-interop-17.1.1.aar (com.google.firebase:firebase-installations-interop:17.1.1) with AarTransform
Transforming common-0.8.0.aar (com.google.ai.client.generativeai:common:0.8.0) with ExtractAarTransform
Transforming common-0.8.0.aar (com.google.ai.client.generativeai:common:0.8.0) with AarTransform
Transforming runtime-annotation.aar (androidx.compose.runtime:runtime-annotation-android:1.9.0) with ExtractAarTransform
Transforming runtime-annotation.aar (androidx.compose.runtime:runtime-annotation-android:1.9.0) with AarTransform
Transforming runtime-saveable.aar (androidx.compose.runtime:runtime-saveable-android:1.9.0) with ExtractAarTransform
Transforming runtime-saveable.aar (androidx.compose.runtime:runtime-saveable-android:1.9.0) with AarTransform
Transforming savedstate-ktx-1.3.0.aar (androidx.savedstate:savedstate-ktx:1.3.0) with ExtractAarTransform
Transforming savedstate-ktx-1.3.0.aar (androidx.savedstate:savedstate-ktx:1.3.0) with AarTransform
Transforming savedstate-compose-release.aar (androidx.savedstate:savedstate-compose-android:1.3.0) with ExtractAarTransform
Transforming savedstate-compose-release.aar (androidx.savedstate:savedstate-compose-android:1.3.0) with AarTransform
Transforming dynamicanimation-1.0.0.aar (androidx.dynamicanimation:dynamicanimation:1.0.0) with ExtractAarTransform
Transforming dynamicanimation-1.0.0.aar (androidx.dynamicanimation:dynamicanimation:1.0.0) with AarTransform
Transforming play-services-stats-17.0.2.aar (com.google.android.gms:play-services-stats:17.0.2) with ExtractAarTransform
Transforming play-services-stats-17.0.2.aar (com.google.android.gms:play-services-stats:17.0.2) with AarTransform
Transforming legacy-support-core-utils-1.0.0.aar (androidx.legacy:legacy-support-core-utils:1.0.0) with ExtractAarTransform
Transforming legacy-support-core-utils-1.0.0.aar (androidx.legacy:legacy-support-core-utils:1.0.0) with AarTransform
Transforming legacy-support-core-utils-1.0.0.aar (androidx.legacy:legacy-support-core-utils:1.0.0) with ExtractAarTransform
Transforming legacy-support-core-utils-1.0.0.aar (androidx.legacy:legacy-support-core-utils:1.0.0) with AarTransform
Transforming loader-1.1.0.aar (androidx.loader:loader:1.1.0) with ExtractAarTransform
Transforming loader-1.1.0.aar (androidx.loader:loader:1.1.0) with AarTransform
Transforming loader-1.1.0.aar (androidx.loader:loader:1.1.0) with ExtractAarTransform
Transforming loader-1.1.0.aar (androidx.loader:loader:1.1.0) with AarTransform
Transforming loader-1.1.0.aar (androidx.loader:loader:1.1.0) with ExtractAarTransform
Transforming loader-1.1.0.aar (androidx.loader:loader:1.1.0) with AarTransform
Transforming emoji2-views-helper-1.4.0.aar (androidx.emoji2:emoji2-views-helper:1.4.0) with ExtractAarTransform
Transforming emoji2-views-helper-1.4.0.aar (androidx.emoji2:emoji2-views-helper:1.4.0) with AarTransform
Transforming emoji2-1.4.0.aar (androidx.emoji2:emoji2:1.4.0) with ExtractAarTransform
Transforming emoji2-1.4.0.aar (androidx.emoji2:emoji2:1.4.0) with AarTransform
Transforming lifecycle-viewmodel-savedstate-release.aar (androidx.lifecycle:lifecycle-viewmodel-savedstate-android:2.9.0) with ExtractAarTransform
Transforming lifecycle-viewmodel-savedstate-release.aar (androidx.lifecycle:lifecycle-viewmodel-savedstate-android:2.9.0) with AarTransform
Transforming lifecycle-viewmodel-2.9.0.aar (androidx.lifecycle:lifecycle-viewmodel:2.9.0) with ExtractAarTransform
Transforming lifecycle-viewmodel-2.9.0.aar (androidx.lifecycle:lifecycle-viewmodel:2.9.0) with AarTransform
Transforming lifecycle-viewmodel-release.aar (androidx.lifecycle:lifecycle-viewmodel-android:2.9.0) with ExtractAarTransform
Transforming lifecycle-viewmodel-release.aar (androidx.lifecycle:lifecycle-viewmodel-android:2.9.0) with AarTransform
Transforming lifecycle-runtime-ktx.aar (androidx.lifecycle:lifecycle-runtime-ktx-android:2.9.0) with ExtractAarTransform
Transforming lifecycle-runtime-ktx.aar (androidx.lifecycle:lifecycle-runtime-ktx-android:2.9.0) with AarTransform
Transforming lifecycle-runtime-release.aar (androidx.lifecycle:lifecycle-runtime-android:2.9.0) with ExtractAarTransform
Transforming lifecycle-runtime-release.aar (androidx.lifecycle:lifecycle-runtime-android:2.9.0) with AarTransform
Transforming lifecycle-viewmodel-ktx-2.9.0.aar (androidx.lifecycle:lifecycle-viewmodel-ktx:2.9.0) with ExtractAarTransform
Transforming lifecycle-viewmodel-ktx-2.9.0.aar (androidx.lifecycle:lifecycle-viewmodel-ktx:2.9.0) with AarTransform
Transforming lifecycle-process-2.9.0.aar (androidx.lifecycle:lifecycle-process:2.9.0) with ExtractAarTransform
Transforming lifecycle-process-2.9.0.aar (androidx.lifecycle:lifecycle-process:2.9.0) with AarTransform
Transforming lifecycle-livedata-core-2.9.0.aar (androidx.lifecycle:lifecycle-livedata-core:2.9.0) with ExtractAarTransform
Transforming lifecycle-livedata-core-2.9.0.aar (androidx.lifecycle:lifecycle-livedata-core:2.9.0) with AarTransform
Transforming lifecycle-livedata-core-2.9.0.aar (androidx.lifecycle:lifecycle-livedata-core:2.9.0) with ExtractAarTransform
Transforming lifecycle-livedata-core-2.9.0.aar (androidx.lifecycle:lifecycle-livedata-core:2.9.0) with AarTransform
Transforming lifecycle-runtime-compose-release.aar (androidx.lifecycle:lifecycle-runtime-compose-android:2.9.0) with ExtractAarTransform
Transforming lifecycle-runtime-compose-release.aar (androidx.lifecycle:lifecycle-runtime-compose-android:2.9.0) with AarTransform
Transforming runtime.aar (androidx.compose.runtime:runtime-android:1.9.0) with ExtractAarTransform
Transforming runtime.aar (androidx.compose.runtime:runtime-android:1.9.0) with AarTransform
Transforming browser-1.4.0.aar (androidx.browser:browser:1.4.0) with ExtractAarTransform
Transforming browser-1.4.0.aar (androidx.browser:browser:1.4.0) with AarTransform
Transforming profileinstaller-1.4.0.aar (androidx.profileinstaller:profileinstaller:1.4.0) with ExtractAarTransform
Transforming profileinstaller-1.4.0.aar (androidx.profileinstaller:profileinstaller:1.4.0) with AarTransform
Transforming play-services-tasks-18.2.0.aar (com.google.android.gms:play-services-tasks:18.2.0) with ExtractAarTransform
Transforming play-services-tasks-18.2.0.aar (com.google.android.gms:play-services-tasks:18.2.0) with AarTransform
Transforming play-services-tasks-18.2.0.aar (com.google.android.gms:play-services-tasks:18.2.0) with ExtractAarTransform
Transforming play-services-tasks-18.2.0.aar (com.google.android.gms:play-services-tasks:18.2.0) with AarTransform
Transforming play-services-tasks-18.2.0.aar (com.google.android.gms:play-services-tasks:18.2.0) with ExtractAarTransform
Transforming play-services-tasks-18.2.0.aar (com.google.android.gms:play-services-tasks:18.2.0) with AarTransform
Transforming play-services-tasks-18.2.0.aar (com.google.android.gms:play-services-tasks:18.2.0) with ExtractAarTransform
Transforming play-services-tasks-18.2.0.aar (com.google.android.gms:play-services-tasks:18.2.0) with AarTransform
Transforming play-services-tasks-18.2.0.aar (com.google.android.gms:play-services-tasks:18.2.0) with ExtractAarTransform
Transforming play-services-tasks-18.2.0.aar (com.google.android.gms:play-services-tasks:18.2.0) with AarTransform
Transforming play-services-tasks-18.2.0.aar (com.google.android.gms:play-services-tasks:18.2.0) with ExtractAarTransform
Transforming play-services-tasks-18.2.0.aar (com.google.android.gms:play-services-tasks:18.2.0) with AarTransform
Transforming play-services-tasks-18.2.0.aar (com.google.android.gms:play-services-tasks:18.2.0) with ExtractAarTransform
Transforming play-services-tasks-18.2.0.aar (com.google.android.gms:play-services-tasks:18.2.0) with AarTransform
Transforming play-services-tasks-18.2.0.aar (com.google.android.gms:play-services-tasks:18.2.0) with ExtractAarTransform
Transforming play-services-tasks-18.2.0.aar (com.google.android.gms:play-services-tasks:18.2.0) with AarTransform
Transforming play-services-tasks-18.2.0.aar (com.google.android.gms:play-services-tasks:18.2.0) with ExtractAarTransform
Transforming play-services-tasks-18.2.0.aar (com.google.android.gms:play-services-tasks:18.2.0) with AarTransform
Transforming play-services-tasks-18.2.0.aar (com.google.android.gms:play-services-tasks:18.2.0) with ExtractAarTransform
Transforming play-services-tasks-18.2.0.aar (com.google.android.gms:play-services-tasks:18.2.0) with AarTransform
Transforming play-services-tasks-18.2.0.aar (com.google.android.gms:play-services-tasks:18.2.0) with ExtractAarTransform
Transforming play-services-tasks-18.2.0.aar (com.google.android.gms:play-services-tasks:18.2.0) with AarTransform
Transforming play-services-tasks-18.2.0.aar (com.google.android.gms:play-services-tasks:18.2.0) with ExtractAarTransform
Transforming play-services-tasks-18.2.0.aar (com.google.android.gms:play-services-tasks:18.2.0) with AarTransform
Transforming play-services-tasks-18.2.0.aar (com.google.android.gms:play-services-tasks:18.2.0) with ExtractAarTransform
Transforming play-services-tasks-18.2.0.aar (com.google.android.gms:play-services-tasks:18.2.0) with AarTransform
Transforming play-services-tasks-18.2.0.aar (com.google.android.gms:play-services-tasks:18.2.0) with ExtractAarTransform
Transforming play-services-tasks-18.2.0.aar (com.google.android.gms:play-services-tasks:18.2.0) with AarTransform
Transforming play-services-tasks-18.2.0.aar (com.google.android.gms:play-services-tasks:18.2.0) with ExtractAarTransform
Transforming play-services-tasks-18.2.0.aar (com.google.android.gms:play-services-tasks:18.2.0) with AarTransform
Transforming play-services-tasks-18.2.0.aar (com.google.android.gms:play-services-tasks:18.2.0) with ExtractAarTransform
Transforming play-services-tasks-18.2.0.aar (com.google.android.gms:play-services-tasks:18.2.0) with AarTransform
Transforming play-services-tasks-18.2.0.aar (com.google.android.gms:play-services-tasks:18.2.0) with ExtractAarTransform
Transforming play-services-tasks-18.2.0.aar (com.google.android.gms:play-services-tasks:18.2.0) with AarTransform
Transforming play-services-tasks-18.2.0.aar (com.google.android.gms:play-services-tasks:18.2.0) with ExtractAarTransform
Transforming play-services-tasks-18.2.0.aar (com.google.android.gms:play-services-tasks:18.2.0) with AarTransform
Transforming play-services-tasks-18.2.0.aar (com.google.android.gms:play-services-tasks:18.2.0) with ExtractAarTransform
Transforming play-services-tasks-18.2.0.aar (com.google.android.gms:play-services-tasks:18.2.0) with AarTransform
Transforming play-services-tasks-18.2.0.aar (com.google.android.gms:play-services-tasks:18.2.0) with ExtractAarTransform
Transforming play-services-tasks-18.2.0.aar (com.google.android.gms:play-services-tasks:18.2.0) with AarTransform
Transforming play-services-tasks-18.2.0.aar (com.google.android.gms:play-services-tasks:18.2.0) with ExtractAarTransform
Transforming play-services-tasks-18.2.0.aar (com.google.android.gms:play-services-tasks:18.2.0) with AarTransform
Transforming play-services-tasks-18.2.0.aar (com.google.android.gms:play-services-tasks:18.2.0) with ExtractAarTransform
Transforming play-services-tasks-18.2.0.aar (com.google.android.gms:play-services-tasks:18.2.0) with AarTransform
Transforming firebase-measurement-connector-19.0.0.aar (com.google.firebase:firebase-measurement-connector:19.0.0) with ExtractAarTransform
Transforming firebase-measurement-connector-19.0.0.aar (com.google.firebase:firebase-measurement-connector:19.0.0) with AarTransform
Transforming play-services-basement-18.4.0.aar (com.google.android.gms:play-services-basement:18.4.0) with ExtractAarTransform
Transforming play-services-basement-18.4.0.aar (com.google.android.gms:play-services-basement:18.4.0) with AarTransform
Transforming play-services-basement-18.4.0.aar (com.google.android.gms:play-services-basement:18.4.0) with ExtractAarTransform
Transforming play-services-basement-18.4.0.aar (com.google.android.gms:play-services-basement:18.4.0) with AarTransform
Transforming play-services-basement-18.4.0.aar (com.google.android.gms:play-services-basement:18.4.0) with ExtractAarTransform
Transforming play-services-basement-18.4.0.aar (com.google.android.gms:play-services-basement:18.4.0) with AarTransform
Transforming play-services-basement-18.4.0.aar (com.google.android.gms:play-services-basement:18.4.0) with ExtractAarTransform
Transforming play-services-basement-18.4.0.aar (com.google.android.gms:play-services-basement:18.4.0) with AarTransform
Transforming play-services-basement-18.4.0.aar (com.google.android.gms:play-services-basement:18.4.0) with ExtractAarTransform
Transforming play-services-basement-18.4.0.aar (com.google.android.gms:play-services-basement:18.4.0) with AarTransform
Transforming play-services-basement-18.4.0.aar (com.google.android.gms:play-services-basement:18.4.0) with ExtractAarTransform
Transforming play-services-basement-18.4.0.aar (com.google.android.gms:play-services-basement:18.4.0) with AarTransform
Transforming play-services-basement-18.4.0.aar (com.google.android.gms:play-services-basement:18.4.0) with ExtractAarTransform
Transforming play-services-basement-18.4.0.aar (com.google.android.gms:play-services-basement:18.4.0) with AarTransform
Transforming play-services-basement-18.4.0.aar (com.google.android.gms:play-services-basement:18.4.0) with ExtractAarTransform
Transforming play-services-basement-18.4.0.aar (com.google.android.gms:play-services-basement:18.4.0) with AarTransform
Transforming play-services-basement-18.4.0.aar (com.google.android.gms:play-services-basement:18.4.0) with ExtractAarTransform
Transforming play-services-basement-18.4.0.aar (com.google.android.gms:play-services-basement:18.4.0) with AarTransform
Transforming play-services-basement-18.4.0.aar (com.google.android.gms:play-services-basement:18.4.0) with ExtractAarTransform
Transforming play-services-basement-18.4.0.aar (com.google.android.gms:play-services-basement:18.4.0) with AarTransform
Transforming play-services-basement-18.4.0.aar (com.google.android.gms:play-services-basement:18.4.0) with ExtractAarTransform
Transforming play-services-basement-18.4.0.aar (com.google.android.gms:play-services-basement:18.4.0) with AarTransform
Transforming play-services-basement-18.4.0.aar (com.google.android.gms:play-services-basement:18.4.0) with ExtractAarTransform
Transforming play-services-basement-18.4.0.aar (com.google.android.gms:play-services-basement:18.4.0) with AarTransform
Transforming play-services-basement-18.4.0.aar (com.google.android.gms:play-services-basement:18.4.0) with ExtractAarTransform
Transforming play-services-basement-18.4.0.aar (com.google.android.gms:play-services-basement:18.4.0) with AarTransform
Transforming play-services-basement-18.4.0.aar (com.google.android.gms:play-services-basement:18.4.0) with ExtractAarTransform
Transforming play-services-basement-18.4.0.aar (com.google.android.gms:play-services-basement:18.4.0) with AarTransform
Transforming play-services-basement-18.4.0.aar (com.google.android.gms:play-services-basement:18.4.0) with ExtractAarTransform
Transforming play-services-basement-18.4.0.aar (com.google.android.gms:play-services-basement:18.4.0) with AarTransform
Transforming play-services-basement-18.4.0.aar (com.google.android.gms:play-services-basement:18.4.0) with ExtractAarTransform
Transforming play-services-basement-18.4.0.aar (com.google.android.gms:play-services-basement:18.4.0) with AarTransform
Transforming play-services-basement-18.4.0.aar (com.google.android.gms:play-services-basement:18.4.0) with ExtractAarTransform
Transforming play-services-basement-18.4.0.aar (com.google.android.gms:play-services-basement:18.4.0) with AarTransform
Transforming play-services-basement-18.4.0.aar (com.google.android.gms:play-services-basement:18.4.0) with ExtractAarTransform
Transforming play-services-basement-18.4.0.aar (com.google.android.gms:play-services-basement:18.4.0) with AarTransform
Transforming play-services-basement-18.4.0.aar (com.google.android.gms:play-services-basement:18.4.0) with ExtractAarTransform
Transforming play-services-basement-18.4.0.aar (com.google.android.gms:play-services-basement:18.4.0) with AarTransform
Transforming recyclerview-1.3.1.aar (androidx.recyclerview:recyclerview:1.3.1) with ExtractAarTransform
Transforming recyclerview-1.3.1.aar (androidx.recyclerview:recyclerview:1.3.1) with AarTransform
Transforming viewpager2-1.1.0.aar (androidx.viewpager2:viewpager2:1.1.0) with ExtractAarTransform
Transforming viewpager2-1.1.0.aar (androidx.viewpager2:viewpager2:1.1.0) with AarTransform
Transforming fragment-1.5.7.aar (androidx.fragment:fragment:1.5.7) with ExtractAarTransform
Transforming fragment-1.5.7.aar (androidx.fragment:fragment:1.5.7) with AarTransform
Transforming fragment-1.5.7.aar (androidx.fragment:fragment:1.5.7) with ExtractAarTransform
Transforming fragment-1.5.7.aar (androidx.fragment:fragment:1.5.7) with AarTransform
Transforming fragment-1.5.7.aar (androidx.fragment:fragment:1.5.7) with ExtractAarTransform
Transforming fragment-1.5.7.aar (androidx.fragment:fragment:1.5.7) with AarTransform
Transforming fragment-1.5.7.aar (androidx.fragment:fragment:1.5.7) with ExtractAarTransform
Transforming fragment-1.5.7.aar (androidx.fragment:fragment:1.5.7) with AarTransform
Transforming fragment-1.5.7.aar (androidx.fragment:fragment:1.5.7) with ExtractAarTransform
Transforming fragment-1.5.7.aar (androidx.fragment:fragment:1.5.7) with AarTransform
Transforming fragment-1.5.7.aar (androidx.fragment:fragment:1.5.7) with ExtractAarTransform
Transforming fragment-1.5.7.aar (androidx.fragment:fragment:1.5.7) with AarTransform
Transforming savedstate-release.aar (androidx.savedstate:savedstate-android:1.3.0) with ExtractAarTransform
Transforming savedstate-release.aar (androidx.savedstate:savedstate-android:1.3.0) with AarTransform
Transforming lifecycle-viewmodel-compose-release.aar (androidx.lifecycle:lifecycle-viewmodel-compose-android:2.9.0) with ExtractAarTransform
Transforming lifecycle-viewmodel-compose-release.aar (androidx.lifecycle:lifecycle-viewmodel-compose-android:2.9.0) with AarTransform
Transforming ui-release.aar (androidx.compose.ui:ui-android:1.8.2) with ExtractAarTransform
Transforming ui-release.aar (androidx.compose.ui:ui-android:1.8.2) with AarTransform
Transforming activity-ktx-1.9.3.aar (androidx.activity:activity-ktx:1.9.3) with ExtractAarTransform
Transforming activity-ktx-1.9.3.aar (androidx.activity:activity-ktx:1.9.3) with AarTransform
Transforming activity-compose-1.9.3.aar (androidx.activity:activity-compose:1.9.3) with ExtractAarTransform
Transforming activity-compose-1.9.3.aar (androidx.activity:activity-compose:1.9.3) with AarTransform
Transforming activity-1.9.3.aar (androidx.activity:activity:1.9.3) with ExtractAarTransform
Transforming activity-1.9.3.aar (androidx.activity:activity:1.9.3) with AarTransform
Transforming vectordrawable-animated-1.1.0.aar (androidx.vectordrawable:vectordrawable-animated:1.1.0) with ExtractAarTransform
Transforming vectordrawable-animated-1.1.0.aar (androidx.vectordrawable:vectordrawable-animated:1.1.0) with AarTransform
Transforming vectordrawable-1.1.0.aar (androidx.vectordrawable:vectordrawable:1.1.0) with ExtractAarTransform
Transforming vectordrawable-1.1.0.aar (androidx.vectordrawable:vectordrawable:1.1.0) with AarTransform
Transforming vectordrawable-1.1.0.aar (androidx.vectordrawable:vectordrawable:1.1.0) with ExtractAarTransform
Transforming vectordrawable-1.1.0.aar (androidx.vectordrawable:vectordrawable:1.1.0) with AarTransform
Transforming viewpager-1.0.0.aar (androidx.viewpager:viewpager:1.0.0) with ExtractAarTransform
Transforming viewpager-1.0.0.aar (androidx.viewpager:viewpager:1.0.0) with AarTransform
Transforming customview-1.0.0.aar (androidx.customview:customview:1.0.0) with ExtractAarTransform
Transforming customview-1.0.0.aar (androidx.customview:customview:1.0.0) with AarTransform
Transforming customview-1.0.0.aar (androidx.customview:customview:1.0.0) with ExtractAarTransform
Transforming customview-1.0.0.aar (androidx.customview:customview:1.0.0) with AarTransform
Transforming customview-1.0.0.aar (androidx.customview:customview:1.0.0) with ExtractAarTransform
Transforming customview-1.0.0.aar (androidx.customview:customview:1.0.0) with AarTransform
Transforming autofill-1.0.0.aar (androidx.autofill:autofill:1.0.0) with ExtractAarTransform
Transforming autofill-1.0.0.aar (androidx.autofill:autofill:1.0.0) with AarTransform
Transforming graphics-path-1.0.1.aar (androidx.graphics:graphics-path:1.0.1) with ExtractAarTransform
Transforming graphics-path-1.0.1.aar (androidx.graphics:graphics-path:1.0.1) with AarTransform
Transforming core-1.13.1.aar (androidx.core:core:1.13.1) with ExtractAarTransform
Transforming core-1.13.1.aar (androidx.core:core:1.13.1) with AarTransform
Transforming core-1.13.1.aar (androidx.core:core:1.13.1) with ExtractAarTransform
Transforming core-1.13.1.aar (androidx.core:core:1.13.1) with AarTransform
Transforming core-1.13.1.aar (androidx.core:core:1.13.1) with ExtractAarTransform
Transforming core-1.13.1.aar (androidx.core:core:1.13.1) with AarTransform
Transforming core-1.13.1.aar (androidx.core:core:1.13.1) with ExtractAarTransform
Transforming core-1.13.1.aar (androidx.core:core:1.13.1) with AarTransform
Transforming core-1.13.1.aar (androidx.core:core:1.13.1) with ExtractAarTransform
Transforming core-1.13.1.aar (androidx.core:core:1.13.1) with AarTransform
Transforming core-1.13.1.aar (androidx.core:core:1.13.1) with ExtractAarTransform
Transforming core-1.13.1.aar (androidx.core:core:1.13.1) with AarTransform
Transforming core-1.13.1.aar (androidx.core:core:1.13.1) with ExtractAarTransform
Transforming core-1.13.1.aar (androidx.core:core:1.13.1) with AarTransform
Transforming core-1.13.1.aar (androidx.core:core:1.13.1) with ExtractAarTransform
Transforming core-1.13.1.aar (androidx.core:core:1.13.1) with AarTransform
Transforming core-1.13.1.aar (androidx.core:core:1.13.1) with ExtractAarTransform
Transforming core-1.13.1.aar (androidx.core:core:1.13.1) with AarTransform
Transforming core-1.13.1.aar (androidx.core:core:1.13.1) with ExtractAarTransform
Transforming core-1.13.1.aar (androidx.core:core:1.13.1) with AarTransform
Transforming core-1.13.1.aar (androidx.core:core:1.13.1) with ExtractAarTransform
Transforming core-1.13.1.aar (androidx.core:core:1.13.1) with AarTransform
Transforming customview-poolingcontainer-1.0.0.aar (androidx.customview:customview-poolingcontainer:1.0.0) with ExtractAarTransform
Transforming customview-poolingcontainer-1.0.0.aar (androidx.customview:customview-poolingcontainer:1.0.0) with AarTransform
Transforming core-ktx-1.13.1.aar (androidx.core:core-ktx:1.13.1) with ExtractAarTransform
Transforming core-ktx-1.13.1.aar (androidx.core:core-ktx:1.13.1) with AarTransform
Transforming annotation-experimental-1.4.1.aar (androidx.annotation:annotation-experimental:1.4.1) with ExtractAarTransform
Transforming annotation-experimental-1.4.1.aar (androidx.annotation:annotation-experimental:1.4.1) with AarTransform
Transforming versionedparcelable-1.1.1.aar (androidx.versionedparcelable:versionedparcelable:1.1.1) with ExtractAarTransform
Transforming versionedparcelable-1.1.1.aar (androidx.versionedparcelable:versionedparcelable:1.1.1) with AarTransform
Transforming cursoradapter-1.0.0.aar (androidx.cursoradapter:cursoradapter:1.0.0) with ExtractAarTransform
Transforming cursoradapter-1.0.0.aar (androidx.cursoradapter:cursoradapter:1.0.0) with AarTransform
Transforming localbroadcastmanager-1.0.0.aar (androidx.localbroadcastmanager:localbroadcastmanager:1.0.0) with ExtractAarTransform
Transforming localbroadcastmanager-1.0.0.aar (androidx.localbroadcastmanager:localbroadcastmanager:1.0.0) with AarTransform
Transforming localbroadcastmanager-1.0.0.aar (androidx.localbroadcastmanager:localbroadcastmanager:1.0.0) with ExtractAarTransform
Transforming localbroadcastmanager-1.0.0.aar (androidx.localbroadcastmanager:localbroadcastmanager:1.0.0) with AarTransform
Transforming firebase-components-18.0.0.aar (com.google.firebase:firebase-components:18.0.0) with ExtractAarTransform
Transforming firebase-components-18.0.0.aar (com.google.firebase:firebase-components:18.0.0) with AarTransform
Transforming firebase-components-18.0.0.aar (com.google.firebase:firebase-components:18.0.0) with ExtractAarTransform
Transforming firebase-components-18.0.0.aar (com.google.firebase:firebase-components:18.0.0) with AarTransform
Transforming firebase-components-18.0.0.aar (com.google.firebase:firebase-components:18.0.0) with ExtractAarTransform
Transforming firebase-components-18.0.0.aar (com.google.firebase:firebase-components:18.0.0) with AarTransform
Transforming firebase-components-18.0.0.aar (com.google.firebase:firebase-components:18.0.0) with ExtractAarTransform
Transforming firebase-components-18.0.0.aar (com.google.firebase:firebase-components:18.0.0) with AarTransform
Transforming firebase-components-18.0.0.aar (com.google.firebase:firebase-components:18.0.0) with ExtractAarTransform
Transforming firebase-components-18.0.0.aar (com.google.firebase:firebase-components:18.0.0) with AarTransform
Transforming firebase-components-18.0.0.aar (com.google.firebase:firebase-components:18.0.0) with ExtractAarTransform
Transforming firebase-components-18.0.0.aar (com.google.firebase:firebase-components:18.0.0) with AarTransform
Transforming firebase-components-18.0.0.aar (com.google.firebase:firebase-components:18.0.0) with ExtractAarTransform
Transforming firebase-components-18.0.0.aar (com.google.firebase:firebase-components:18.0.0) with AarTransform
Transforming firebase-components-18.0.0.aar (com.google.firebase:firebase-components:18.0.0) with ExtractAarTransform
Transforming firebase-components-18.0.0.aar (com.google.firebase:firebase-components:18.0.0) with AarTransform
Transforming firebase-components-18.0.0.aar (com.google.firebase:firebase-components:18.0.0) with ExtractAarTransform
Transforming firebase-components-18.0.0.aar (com.google.firebase:firebase-components:18.0.0) with AarTransform
Transforming interpolator-1.0.0.aar (androidx.interpolator:interpolator:1.0.0) with ExtractAarTransform
Transforming interpolator-1.0.0.aar (androidx.interpolator:interpolator:1.0.0) with AarTransform
Transforming interpolator-1.0.0.aar (androidx.interpolator:interpolator:1.0.0) with ExtractAarTransform
Transforming interpolator-1.0.0.aar (androidx.interpolator:interpolator:1.0.0) with AarTransform
Transforming startup-runtime-1.1.1.aar (androidx.startup:startup-runtime:1.1.1) with ExtractAarTransform
Transforming startup-runtime-1.1.1.aar (androidx.startup:startup-runtime:1.1.1) with AarTransform
Transforming tracing-1.0.0.aar (androidx.tracing:tracing:1.0.0) with ExtractAarTransform
Transforming tracing-1.0.0.aar (androidx.tracing:tracing:1.0.0) with AarTransform
Transforming firebase-datatransport-18.2.0.aar (com.google.firebase:firebase-datatransport:18.2.0) with ExtractAarTransform
Transforming firebase-datatransport-18.2.0.aar (com.google.firebase:firebase-datatransport:18.2.0) with AarTransform
Transforming transport-backend-cct-3.1.9.aar (com.google.android.datatransport:transport-backend-cct:3.1.9) with ExtractAarTransform
Transforming transport-backend-cct-3.1.9.aar (com.google.android.datatransport:transport-backend-cct:3.1.9) with AarTransform
Transforming transport-backend-cct-3.1.9.aar (com.google.android.datatransport:transport-backend-cct:3.1.9) with ExtractAarTransform
Transforming transport-backend-cct-3.1.9.aar (com.google.android.datatransport:transport-backend-cct:3.1.9) with AarTransform
Transforming firebase-encoders-json-18.0.0.aar (com.google.firebase:firebase-encoders-json:18.0.0) with ExtractAarTransform
Transforming firebase-encoders-json-18.0.0.aar (com.google.firebase:firebase-encoders-json:18.0.0) with AarTransform
Transforming firebase-encoders-json-18.0.0.aar (com.google.firebase:firebase-encoders-json:18.0.0) with ExtractAarTransform
Transforming firebase-encoders-json-18.0.0.aar (com.google.firebase:firebase-encoders-json:18.0.0) with AarTransform
Transforming transport-runtime-3.1.9.aar (com.google.android.datatransport:transport-runtime:3.1.9) with ExtractAarTransform
Transforming transport-runtime-3.1.9.aar (com.google.android.datatransport:transport-runtime:3.1.9) with AarTransform
Transforming transport-runtime-3.1.9.aar (com.google.android.datatransport:transport-runtime:3.1.9) with ExtractAarTransform
Transforming transport-runtime-3.1.9.aar (com.google.android.datatransport:transport-runtime:3.1.9) with AarTransform
Transforming transport-runtime-3.1.9.aar (com.google.android.datatransport:transport-runtime:3.1.9) with ExtractAarTransform
Transforming transport-runtime-3.1.9.aar (com.google.android.datatransport:transport-runtime:3.1.9) with AarTransform
Transforming transport-api-3.1.0.aar (com.google.android.datatransport:transport-api:3.1.0) with ExtractAarTransform
Transforming transport-api-3.1.0.aar (com.google.android.datatransport:transport-api:3.1.0) with AarTransform
Transforming transport-api-3.1.0.aar (com.google.android.datatransport:transport-api:3.1.0) with ExtractAarTransform
Transforming transport-api-3.1.0.aar (com.google.android.datatransport:transport-api:3.1.0) with AarTransform
Transforming transport-api-3.1.0.aar (com.google.android.datatransport:transport-api:3.1.0) with ExtractAarTransform
Transforming transport-api-3.1.0.aar (com.google.android.datatransport:transport-api:3.1.0) with AarTransform
Transforming transport-api-3.1.0.aar (com.google.android.datatransport:transport-api:3.1.0) with ExtractAarTransform
Transforming transport-api-3.1.0.aar (com.google.android.datatransport:transport-api:3.1.0) with AarTransform
Transforming exifinterface-1.3.7.aar (androidx.exifinterface:exifinterface:1.3.7) with ExtractAarTransform
Transforming exifinterface-1.3.7.aar (androidx.exifinterface:exifinterface:1.3.7) with AarTransform
Transforming documentfile-1.0.0.aar (androidx.documentfile:documentfile:1.0.0) with ExtractAarTransform
Transforming documentfile-1.0.0.aar (androidx.documentfile:documentfile:1.0.0) with AarTransform
Transforming print-1.0.0.aar (androidx.print:print:1.0.0) with ExtractAarTransform
Transforming print-1.0.0.aar (androidx.print:print:1.0.0) with AarTransform
Transforming core-runtime-2.2.0.aar (androidx.arch.core:core-runtime:2.2.0) with ExtractAarTransform
Transforming core-runtime-2.2.0.aar (androidx.arch.core:core-runtime:2.2.0) with AarTransform
Transforming core-viewtree-1.0.0.aar (androidx.core:core-viewtree:1.0.0) with ExtractAarTransform
Transforming core-viewtree-1.0.0.aar (androidx.core:core-viewtree:1.0.0) with AarTransform
Transforming protolite-well-known-types-18.0.0.aar (com.google.firebase:protolite-well-known-types:18.0.0) with ExtractAarTransform
Transforming protolite-well-known-types-18.0.0.aar (com.google.firebase:protolite-well-known-types:18.0.0) with AarTransform
Transforming grpc-android-1.62.2.aar (io.grpc:grpc-android:1.62.2) with ExtractAarTransform
Transforming grpc-android-1.62.2.aar (io.grpc:grpc-android:1.62.2) with AarTransform
Transforming core-common-2.0.3.aar (com.google.android.play:core-common:2.0.3) with ExtractAarTransform
Transforming core-common-2.0.3.aar (com.google.android.play:core-common:2.0.3) with AarTransform
Caching disabled for task ':app:mergeDebugAssets' because:
  Build cache is disabled
  Simple merging task
Skipping task ':app:mergeDebugAssets' as it is up-to-date.
Resolve mutations for :app:compressDebugAssets (Thread[Execution worker Thread 5,5,main]) started.
:app:compressDebugAssets (Thread[Execution worker Thread 3,5,main]) started.

> Task :app:compressDebugAssets UP-TO-DATE
Caching disabled for task ':app:compressDebugAssets' because:
  Build cache is disabled
Skipping task ':app:compressDebugAssets' as it is up-to-date.
Resolve mutations for :app:checkDebugDuplicateClasses (Thread[Execution worker Thread 3,5,main]) started.
:app:checkDebugDuplicateClasses (Thread[Execution worker Thread 3,5,main]) started.

> Task :app:checkDebugDuplicateClasses UP-TO-DATE
Transforming dotsindicator-5.1.0.aar (com.tbuonomo:dotsindicator:5.1.0) with AarToClassTransform
Transforming coil-compose-2.7.0.aar (io.coil-kt:coil-compose:2.7.0) with AarToClassTransform
Transforming coil-compose-base-2.7.0.aar (io.coil-kt:coil-compose-base:2.7.0) with AarToClassTransform
Transforming coil-2.7.0.aar (io.coil-kt:coil:2.7.0) with AarToClassTransform
Transforming coil-base-2.7.0.aar (io.coil-kt:coil-base:2.7.0) with AarToClassTransform
Transforming appcompat-resources-1.7.0.aar (androidx.appcompat:appcompat-resources:1.7.0) with AarToClassTransform
Transforming appcompat-1.7.0.aar (androidx.appcompat:appcompat:1.7.0) with AarToClassTransform
Transforming generativeai-0.9.0.aar (com.google.ai.client.generativeai:generativeai:0.9.0) with AarToClassTransform
Transforming drawerlayout-1.0.0.aar (androidx.drawerlayout:drawerlayout:1.0.0) with AarToClassTransform
Transforming navigation-common-2.8.5.aar (androidx.navigation:navigation-common:2.8.5) with AarToClassTransform
Transforming navigation-runtime-2.8.5.aar (androidx.navigation:navigation-runtime:2.8.5) with AarToClassTransform
Transforming navigation-common-ktx-2.8.5.aar (androidx.navigation:navigation-common-ktx:2.8.5) with AarToClassTransform
Transforming navigation-runtime-ktx-2.8.5.aar (androidx.navigation:navigation-runtime-ktx:2.8.5) with AarToClassTransform
Transforming navigation-compose-2.8.5.aar (androidx.navigation:navigation-compose:2.8.5) with AarToClassTransform
Transforming material3.aar (androidx.compose.material3:material3-android:1.4.0) with AarToClassTransform
Transforming accompanist-drawablepainter-0.32.0.aar (com.google.accompanist:accompanist-drawablepainter:0.32.0) with AarToClassTransform
Transforming material-icons-extended-release.aar (androidx.compose.material:material-icons-extended-android:1.7.2) with AarToClassTransform
Transforming material-icons-core-release.aar (androidx.compose.material:material-icons-core-android:1.7.2) with AarToClassTransform
Transforming ui-tooling-data-release.aar (androidx.compose.ui:ui-tooling-data-android:1.8.2) with AarToClassTransform
Transforming ui-tooling-preview-release.aar (androidx.compose.ui:ui-tooling-preview-android:1.8.2) with AarToClassTransform
Transforming foundation-release.aar (androidx.compose.foundation:foundation-android:1.8.2) with AarToClassTransform
Transforming foundation-layout-release.aar (androidx.compose.foundation:foundation-layout-android:1.8.2) with AarToClassTransform
Transforming animation-core-release.aar (androidx.compose.animation:animation-core-android:1.8.2) with AarToClassTransform
Transforming animation-release.aar (androidx.compose.animation:animation-android:1.8.2) with AarToClassTransform
Transforming ui-geometry-release.aar (androidx.compose.ui:ui-geometry-android:1.8.2) with AarToClassTransform
Transforming ui-tooling-release.aar (androidx.compose.ui:ui-tooling-android:1.8.2) with AarToClassTransform
Transforming material-release.aar (androidx.compose.material:material-android:1.7.2) with AarToClassTransform
Transforming material-ripple-release.aar (androidx.compose.material:material-ripple-android:1.8.1) with AarToClassTransform
Transforming ui-util-release.aar (androidx.compose.ui:ui-util-android:1.8.2) with AarToClassTransform
Transforming ui-unit-release.aar (androidx.compose.ui:ui-unit-android:1.8.2) with AarToClassTransform
Transforming ui-text-release.aar (androidx.compose.ui:ui-text-android:1.8.2) with AarToClassTransform
Transforming ui-graphics-release.aar (androidx.compose.ui:ui-graphics-android:1.8.2) with AarToClassTransform
Transforming ui-test-manifest-1.8.2.aar (androidx.compose.ui:ui-test-manifest:1.8.2) with AarToClassTransform
Transforming firebase-auth-23.1.0.aar (com.google.firebase:firebase-auth:23.1.0) with AarToClassTransform
Transforming play-services-maps-19.0.0.aar (com.google.android.gms:play-services-maps:19.0.0) with AarToClassTransform
Transforming firebase-firestore-25.1.1.aar (com.google.firebase:firebase-firestore:25.1.1) with AarToClassTransform
Transforming play-services-location-21.0.0.aar (com.google.android.gms:play-services-location:21.0.0) with AarToClassTransform
Transforming googleid-1.1.1.aar (com.google.android.libraries.identity.googleid:googleid:1.1.1) with AarToClassTransform
Transforming credentials-1.3.0.aar (androidx.credentials:credentials:1.3.0) with AarToClassTransform
Transforming credentials-1.3.0.aar (androidx.credentials:credentials:1.3.0) with AarToClassTransform
Transforming credentials-1.3.0.aar (androidx.credentials:credentials:1.3.0) with AarToClassTransform
Transforming credentials-play-services-auth-1.3.0.aar (androidx.credentials:credentials-play-services-auth:1.3.0) with AarToClassTransform
Transforming credentials-play-services-auth-1.3.0.aar (androidx.credentials:credentials-play-services-auth:1.3.0) with AarToClassTransform
Transforming play-services-auth-21.1.1.aar (com.google.android.gms:play-services-auth:21.1.1) with AarToClassTransform
Transforming play-services-auth-api-phone-18.0.2.aar (com.google.android.gms:play-services-auth-api-phone:18.0.2) with AarToClassTransform
Transforming play-services-auth-api-phone-18.0.2.aar (com.google.android.gms:play-services-auth-api-phone:18.0.2) with AarToClassTransform
Transforming recaptcha-18.5.1.aar (com.google.android.recaptcha:recaptcha:18.5.1) with AarToClassTransform
Transforming integrity-1.3.0.aar (com.google.android.play:integrity:1.3.0) with AarToClassTransform
Transforming integrity-1.3.0.aar (com.google.android.play:integrity:1.3.0) with AarToClassTransform
Transforming firebase-storage-ktx-21.0.1.aar (com.google.firebase:firebase-storage-ktx:21.0.1) with AarToClassTransform
Transforming firebase-storage-21.0.1.aar (com.google.firebase:firebase-storage:21.0.1) with AarToClassTransform
Transforming firebase-auth-interop-20.0.0.aar (com.google.firebase:firebase-auth-interop:20.0.0) with AarToClassTransform
Transforming firebase-auth-interop-20.0.0.aar (com.google.firebase:firebase-auth-interop:20.0.0) with AarToClassTransform
Transforming firebase-auth-interop-20.0.0.aar (com.google.firebase:firebase-auth-interop:20.0.0) with AarToClassTransform
Transforming firebase-messaging-ktx-24.1.0.aar (com.google.firebase:firebase-messaging-ktx:24.1.0) with AarToClassTransform
Transforming firebase-messaging-24.1.0.aar (com.google.firebase:firebase-messaging:24.1.0) with AarToClassTransform
Transforming firebase-appcheck-18.0.0.aar (com.google.firebase:firebase-appcheck:18.0.0) with AarToClassTransform
Transforming firebase-installations-18.0.0.aar (com.google.firebase:firebase-installations:18.0.0) with AarToClassTransform
Transforming firebase-common-ktx-21.0.0.aar (com.google.firebase:firebase-common-ktx:21.0.0) with AarToClassTransform
Transforming firebase-common-ktx-21.0.0.aar (com.google.firebase:firebase-common-ktx:21.0.0) with AarToClassTransform
Transforming firebase-common-ktx-21.0.0.aar (com.google.firebase:firebase-common-ktx:21.0.0) with AarToClassTransform
Transforming firebase-common-ktx-21.0.0.aar (com.google.firebase:firebase-common-ktx:21.0.0) with AarToClassTransform
Transforming firebase-common-ktx-21.0.0.aar (com.google.firebase:firebase-common-ktx:21.0.0) with AarToClassTransform
Transforming firebase-common-ktx-21.0.0.aar (com.google.firebase:firebase-common-ktx:21.0.0) with AarToClassTransform
Transforming firebase-common-ktx-21.0.0.aar (com.google.firebase:firebase-common-ktx:21.0.0) with AarToClassTransform
Transforming firebase-common-ktx-21.0.0.aar (com.google.firebase:firebase-common-ktx:21.0.0) with AarToClassTransform
Transforming firebase-common-21.0.0.aar (com.google.firebase:firebase-common:21.0.0) with AarToClassTransform
Transforming firebase-common-21.0.0.aar (com.google.firebase:firebase-common:21.0.0) with AarToClassTransform
Transforming firebase-common-21.0.0.aar (com.google.firebase:firebase-common:21.0.0) with AarToClassTransform
Transforming firebase-common-21.0.0.aar (com.google.firebase:firebase-common:21.0.0) with AarToClassTransform
Transforming firebase-common-21.0.0.aar (com.google.firebase:firebase-common:21.0.0) with AarToClassTransform
Transforming firebase-common-21.0.0.aar (com.google.firebase:firebase-common:21.0.0) with AarToClassTransform
Transforming firebase-common-21.0.0.aar (com.google.firebase:firebase-common:21.0.0) with AarToClassTransform
Transforming firebase-common-21.0.0.aar (com.google.firebase:firebase-common:21.0.0) with AarToClassTransform
Transforming firebase-common-21.0.0.aar (com.google.firebase:firebase-common:21.0.0) with AarToClassTransform
Transforming firebase-database-collection-18.0.1.aar (com.google.firebase:firebase-database-collection:18.0.1) with AarToClassTransform
Transforming play-services-fido-21.0.0.aar (com.google.android.gms:play-services-fido:21.0.0) with AarToClassTransform
Transforming play-services-fido-21.0.0.aar (com.google.android.gms:play-services-fido:21.0.0) with AarToClassTransform
Transforming play-services-auth-base-18.0.10.aar (com.google.android.gms:play-services-auth-base:18.0.10) with AarToClassTransform
Transforming firebase-appcheck-interop-17.1.0.aar (com.google.firebase:firebase-appcheck-interop:17.1.0) with AarToClassTransform
Transforming firebase-appcheck-interop-17.1.0.aar (com.google.firebase:firebase-appcheck-interop:17.1.0) with AarToClassTransform
Transforming firebase-appcheck-interop-17.1.0.aar (com.google.firebase:firebase-appcheck-interop:17.1.0) with AarToClassTransform
Transforming firebase-appcheck-interop-17.1.0.aar (com.google.firebase:firebase-appcheck-interop:17.1.0) with AarToClassTransform
Transforming play-services-base-18.5.0.aar (com.google.android.gms:play-services-base:18.5.0) with AarToClassTransform
Transforming play-services-base-18.5.0.aar (com.google.android.gms:play-services-base:18.5.0) with AarToClassTransform
Transforming play-services-base-18.5.0.aar (com.google.android.gms:play-services-base:18.5.0) with AarToClassTransform
Transforming play-services-base-18.5.0.aar (com.google.android.gms:play-services-base:18.5.0) with AarToClassTransform
Transforming play-services-base-18.5.0.aar (com.google.android.gms:play-services-base:18.5.0) with AarToClassTransform
Transforming play-services-base-18.5.0.aar (com.google.android.gms:play-services-base:18.5.0) with AarToClassTransform
Transforming play-services-base-18.5.0.aar (com.google.android.gms:play-services-base:18.5.0) with AarToClassTransform
Transforming play-services-base-18.5.0.aar (com.google.android.gms:play-services-base:18.5.0) with AarToClassTransform
Transforming play-services-base-18.5.0.aar (com.google.android.gms:play-services-base:18.5.0) with AarToClassTransform
Transforming play-services-base-18.5.0.aar (com.google.android.gms:play-services-base:18.5.0) with AarToClassTransform
Transforming play-services-base-18.5.0.aar (com.google.android.gms:play-services-base:18.5.0) with AarToClassTransform
Transforming play-services-base-18.5.0.aar (com.google.android.gms:play-services-base:18.5.0) with AarToClassTransform
Transforming firebase-iid-interop-17.1.0.aar (com.google.firebase:firebase-iid-interop:17.1.0) with AarToClassTransform
Transforming play-services-cloud-messaging-17.2.0.aar (com.google.android.gms:play-services-cloud-messaging:17.2.0) with AarToClassTransform
Transforming firebase-installations-interop-17.1.1.aar (com.google.firebase:firebase-installations-interop:17.1.1) with AarToClassTransform
Transforming firebase-installations-interop-17.1.1.aar (com.google.firebase:firebase-installations-interop:17.1.1) with AarToClassTransform
Transforming common-0.8.0.aar (com.google.ai.client.generativeai:common:0.8.0) with AarToClassTransform
Transforming runtime-annotation.aar (androidx.compose.runtime:runtime-annotation-android:1.9.0) with AarToClassTransform
Transforming runtime-saveable.aar (androidx.compose.runtime:runtime-saveable-android:1.9.0) with AarToClassTransform
Transforming savedstate-ktx-1.3.0.aar (androidx.savedstate:savedstate-ktx:1.3.0) with AarToClassTransform
Transforming savedstate-compose-release.aar (androidx.savedstate:savedstate-compose-android:1.3.0) with AarToClassTransform
Transforming dynamicanimation-1.0.0.aar (androidx.dynamicanimation:dynamicanimation:1.0.0) with AarToClassTransform
Transforming play-services-stats-17.0.2.aar (com.google.android.gms:play-services-stats:17.0.2) with AarToClassTransform
Transforming legacy-support-core-utils-1.0.0.aar (androidx.legacy:legacy-support-core-utils:1.0.0) with AarToClassTransform
Transforming legacy-support-core-utils-1.0.0.aar (androidx.legacy:legacy-support-core-utils:1.0.0) with AarToClassTransform
Transforming loader-1.1.0.aar (androidx.loader:loader:1.1.0) with AarToClassTransform
Transforming loader-1.1.0.aar (androidx.loader:loader:1.1.0) with AarToClassTransform
Transforming loader-1.1.0.aar (androidx.loader:loader:1.1.0) with AarToClassTransform
Transforming emoji2-views-helper-1.4.0.aar (androidx.emoji2:emoji2-views-helper:1.4.0) with AarToClassTransform
Transforming emoji2-1.4.0.aar (androidx.emoji2:emoji2:1.4.0) with AarToClassTransform
Transforming lifecycle-viewmodel-savedstate-release.aar (androidx.lifecycle:lifecycle-viewmodel-savedstate-android:2.9.0) with AarToClassTransform
Transforming lifecycle-viewmodel-2.9.0.aar (androidx.lifecycle:lifecycle-viewmodel:2.9.0) with AarToClassTransform
Transforming lifecycle-viewmodel-release.aar (androidx.lifecycle:lifecycle-viewmodel-android:2.9.0) with AarToClassTransform
Transforming lifecycle-runtime-ktx.aar (androidx.lifecycle:lifecycle-runtime-ktx-android:2.9.0) with AarToClassTransform
Transforming lifecycle-runtime-release.aar (androidx.lifecycle:lifecycle-runtime-android:2.9.0) with AarToClassTransform
Transforming lifecycle-viewmodel-ktx-2.9.0.aar (androidx.lifecycle:lifecycle-viewmodel-ktx:2.9.0) with AarToClassTransform
Transforming lifecycle-process-2.9.0.aar (androidx.lifecycle:lifecycle-process:2.9.0) with AarToClassTransform
Transforming lifecycle-livedata-core-2.9.0.aar (androidx.lifecycle:lifecycle-livedata-core:2.9.0) with AarToClassTransform
Transforming lifecycle-livedata-core-2.9.0.aar (androidx.lifecycle:lifecycle-livedata-core:2.9.0) with AarToClassTransform
Transforming lifecycle-runtime-compose-release.aar (androidx.lifecycle:lifecycle-runtime-compose-android:2.9.0) with AarToClassTransform
Transforming runtime.aar (androidx.compose.runtime:runtime-android:1.9.0) with AarToClassTransform
Transforming browser-1.4.0.aar (androidx.browser:browser:1.4.0) with AarToClassTransform
Transforming profileinstaller-1.4.0.aar (androidx.profileinstaller:profileinstaller:1.4.0) with AarToClassTransform
Transforming play-services-tasks-18.2.0.aar (com.google.android.gms:play-services-tasks:18.2.0) with AarToClassTransform
Transforming play-services-tasks-18.2.0.aar (com.google.android.gms:play-services-tasks:18.2.0) with AarToClassTransform
Transforming play-services-tasks-18.2.0.aar (com.google.android.gms:play-services-tasks:18.2.0) with AarToClassTransform
Transforming play-services-tasks-18.2.0.aar (com.google.android.gms:play-services-tasks:18.2.0) with AarToClassTransform
Transforming play-services-tasks-18.2.0.aar (com.google.android.gms:play-services-tasks:18.2.0) with AarToClassTransform
Transforming play-services-tasks-18.2.0.aar (com.google.android.gms:play-services-tasks:18.2.0) with AarToClassTransform
Transforming play-services-tasks-18.2.0.aar (com.google.android.gms:play-services-tasks:18.2.0) with AarToClassTransform
Transforming play-services-tasks-18.2.0.aar (com.google.android.gms:play-services-tasks:18.2.0) with AarToClassTransform
Transforming play-services-tasks-18.2.0.aar (com.google.android.gms:play-services-tasks:18.2.0) with AarToClassTransform
Transforming play-services-tasks-18.2.0.aar (com.google.android.gms:play-services-tasks:18.2.0) with AarToClassTransform
Transforming play-services-tasks-18.2.0.aar (com.google.android.gms:play-services-tasks:18.2.0) with AarToClassTransform
Transforming play-services-tasks-18.2.0.aar (com.google.android.gms:play-services-tasks:18.2.0) with AarToClassTransform
Transforming play-services-tasks-18.2.0.aar (com.google.android.gms:play-services-tasks:18.2.0) with AarToClassTransform
Transforming play-services-tasks-18.2.0.aar (com.google.android.gms:play-services-tasks:18.2.0) with AarToClassTransform
Transforming play-services-tasks-18.2.0.aar (com.google.android.gms:play-services-tasks:18.2.0) with AarToClassTransform
Transforming play-services-tasks-18.2.0.aar (com.google.android.gms:play-services-tasks:18.2.0) with AarToClassTransform
Transforming play-services-tasks-18.2.0.aar (com.google.android.gms:play-services-tasks:18.2.0) with AarToClassTransform
Transforming play-services-tasks-18.2.0.aar (com.google.android.gms:play-services-tasks:18.2.0) with AarToClassTransform
Transforming play-services-tasks-18.2.0.aar (com.google.android.gms:play-services-tasks:18.2.0) with AarToClassTransform
Transforming play-services-tasks-18.2.0.aar (com.google.android.gms:play-services-tasks:18.2.0) with AarToClassTransform
Transforming play-services-tasks-18.2.0.aar (com.google.android.gms:play-services-tasks:18.2.0) with AarToClassTransform
Transforming play-services-tasks-18.2.0.aar (com.google.android.gms:play-services-tasks:18.2.0) with AarToClassTransform
Transforming firebase-measurement-connector-19.0.0.aar (com.google.firebase:firebase-measurement-connector:19.0.0) with AarToClassTransform
Transforming play-services-basement-18.4.0.aar (com.google.android.gms:play-services-basement:18.4.0) with AarToClassTransform
Transforming play-services-basement-18.4.0.aar (com.google.android.gms:play-services-basement:18.4.0) with AarToClassTransform
Transforming play-services-basement-18.4.0.aar (com.google.android.gms:play-services-basement:18.4.0) with AarToClassTransform
Transforming play-services-basement-18.4.0.aar (com.google.android.gms:play-services-basement:18.4.0) with AarToClassTransform
Transforming play-services-basement-18.4.0.aar (com.google.android.gms:play-services-basement:18.4.0) with AarToClassTransform
Transforming play-services-basement-18.4.0.aar (com.google.android.gms:play-services-basement:18.4.0) with AarToClassTransform
Transforming play-services-basement-18.4.0.aar (com.google.android.gms:play-services-basement:18.4.0) with AarToClassTransform
Transforming play-services-basement-18.4.0.aar (com.google.android.gms:play-services-basement:18.4.0) with AarToClassTransform
Transforming play-services-basement-18.4.0.aar (com.google.android.gms:play-services-basement:18.4.0) with AarToClassTransform
Transforming play-services-basement-18.4.0.aar (com.google.android.gms:play-services-basement:18.4.0) with AarToClassTransform
Transforming play-services-basement-18.4.0.aar (com.google.android.gms:play-services-basement:18.4.0) with AarToClassTransform
Transforming play-services-basement-18.4.0.aar (com.google.android.gms:play-services-basement:18.4.0) with AarToClassTransform
Transforming play-services-basement-18.4.0.aar (com.google.android.gms:play-services-basement:18.4.0) with AarToClassTransform
Transforming coil-compose-base-2.7.0.aar (io.coil-kt:coil-compose-base:2.7.0) with EnumerateClassesTransform
Transforming coil-2.7.0.aar (io.coil-kt:coil:2.7.0) with EnumerateClassesTransform
Transforming play-services-basement-18.4.0.aar (com.google.android.gms:play-services-basement:18.4.0) with AarToClassTransform
Transforming play-services-basement-18.4.0.aar (com.google.android.gms:play-services-basement:18.4.0) with AarToClassTransform
Transforming play-services-basement-18.4.0.aar (com.google.android.gms:play-services-basement:18.4.0) with AarToClassTransform
Transforming play-services-basement-18.4.0.aar (com.google.android.gms:play-services-basement:18.4.0) with AarToClassTransform
Transforming play-services-basement-18.4.0.aar (com.google.android.gms:play-services-basement:18.4.0) with AarToClassTransform
Transforming play-services-basement-18.4.0.aar (com.google.android.gms:play-services-basement:18.4.0) with AarToClassTransform
Transforming recyclerview-1.3.1.aar (androidx.recyclerview:recyclerview:1.3.1) with AarToClassTransform
Transforming viewpager2-1.1.0.aar (androidx.viewpager2:viewpager2:1.1.0) with AarToClassTransform
Transforming fragment-1.5.7.aar (androidx.fragment:fragment:1.5.7) with AarToClassTransform
Transforming fragment-1.5.7.aar (androidx.fragment:fragment:1.5.7) with AarToClassTransform
Transforming fragment-1.5.7.aar (androidx.fragment:fragment:1.5.7) with AarToClassTransform
Transforming fragment-1.5.7.aar (androidx.fragment:fragment:1.5.7) with AarToClassTransform
Transforming fragment-1.5.7.aar (androidx.fragment:fragment:1.5.7) with AarToClassTransform
Transforming fragment-1.5.7.aar (androidx.fragment:fragment:1.5.7) with AarToClassTransform
Transforming savedstate-release.aar (androidx.savedstate:savedstate-android:1.3.0) with AarToClassTransform
Transforming lifecycle-viewmodel-compose-release.aar (androidx.lifecycle:lifecycle-viewmodel-compose-android:2.9.0) with AarToClassTransform
Transforming ui-release.aar (androidx.compose.ui:ui-android:1.8.2) with AarToClassTransform
Transforming activity-ktx-1.9.3.aar (androidx.activity:activity-ktx:1.9.3) with AarToClassTransform
Transforming activity-compose-1.9.3.aar (androidx.activity:activity-compose:1.9.3) with AarToClassTransform
Transforming activity-1.9.3.aar (androidx.activity:activity:1.9.3) with AarToClassTransform
Transforming vectordrawable-animated-1.1.0.aar (androidx.vectordrawable:vectordrawable-animated:1.1.0) with AarToClassTransform
Transforming vectordrawable-1.1.0.aar (androidx.vectordrawable:vectordrawable:1.1.0) with AarToClassTransform
Transforming vectordrawable-1.1.0.aar (androidx.vectordrawable:vectordrawable:1.1.0) with AarToClassTransform
Transforming viewpager-1.0.0.aar (androidx.viewpager:viewpager:1.0.0) with AarToClassTransform
Transforming customview-1.0.0.aar (androidx.customview:customview:1.0.0) with AarToClassTransform
Transforming customview-1.0.0.aar (androidx.customview:customview:1.0.0) with AarToClassTransform
Transforming customview-1.0.0.aar (androidx.customview:customview:1.0.0) with AarToClassTransform
Transforming autofill-1.0.0.aar (androidx.autofill:autofill:1.0.0) with AarToClassTransform
Transforming graphics-path-1.0.1.aar (androidx.graphics:graphics-path:1.0.1) with AarToClassTransform
Transforming core-1.13.1.aar (androidx.core:core:1.13.1) with AarToClassTransform
Transforming core-1.13.1.aar (androidx.core:core:1.13.1) with AarToClassTransform
Transforming core-1.13.1.aar (androidx.core:core:1.13.1) with AarToClassTransform
Transforming core-1.13.1.aar (androidx.core:core:1.13.1) with AarToClassTransform
Transforming core-1.13.1.aar (androidx.core:core:1.13.1) with AarToClassTransform
Transforming core-1.13.1.aar (androidx.core:core:1.13.1) with AarToClassTransform
Transforming core-1.13.1.aar (androidx.core:core:1.13.1) with AarToClassTransform
Transforming core-1.13.1.aar (androidx.core:core:1.13.1) with AarToClassTransform
Transforming core-1.13.1.aar (androidx.core:core:1.13.1) with AarToClassTransform
Transforming core-1.13.1.aar (androidx.core:core:1.13.1) with AarToClassTransform
Transforming core-1.13.1.aar (androidx.core:core:1.13.1) with AarToClassTransform
Transforming customview-poolingcontainer-1.0.0.aar (androidx.customview:customview-poolingcontainer:1.0.0) with AarToClassTransform
Transforming core-ktx-1.13.1.aar (androidx.core:core-ktx:1.13.1) with AarToClassTransform
Transforming annotation-experimental-1.4.1.aar (androidx.annotation:annotation-experimental:1.4.1) with AarToClassTransform
Transforming versionedparcelable-1.1.1.aar (androidx.versionedparcelable:versionedparcelable:1.1.1) with AarToClassTransform
Transforming cursoradapter-1.0.0.aar (androidx.cursoradapter:cursoradapter:1.0.0) with AarToClassTransform
Transforming localbroadcastmanager-1.0.0.aar (androidx.localbroadcastmanager:localbroadcastmanager:1.0.0) with AarToClassTransform
Transforming localbroadcastmanager-1.0.0.aar (androidx.localbroadcastmanager:localbroadcastmanager:1.0.0) with AarToClassTransform
Transforming firebase-components-18.0.0.aar (com.google.firebase:firebase-components:18.0.0) with AarToClassTransform
Transforming firebase-components-18.0.0.aar (com.google.firebase:firebase-components:18.0.0) with AarToClassTransform
Transforming firebase-components-18.0.0.aar (com.google.firebase:firebase-components:18.0.0) with AarToClassTransform
Transforming firebase-components-18.0.0.aar (com.google.firebase:firebase-components:18.0.0) with AarToClassTransform
Transforming firebase-components-18.0.0.aar (com.google.firebase:firebase-components:18.0.0) with AarToClassTransform
Transforming firebase-components-18.0.0.aar (com.google.firebase:firebase-components:18.0.0) with AarToClassTransform
Transforming firebase-components-18.0.0.aar (com.google.firebase:firebase-components:18.0.0) with AarToClassTransform
Transforming firebase-components-18.0.0.aar (com.google.firebase:firebase-components:18.0.0) with AarToClassTransform
Transforming firebase-components-18.0.0.aar (com.google.firebase:firebase-components:18.0.0) with AarToClassTransform
Transforming interpolator-1.0.0.aar (androidx.interpolator:interpolator:1.0.0) with AarToClassTransform
Transforming interpolator-1.0.0.aar (androidx.interpolator:interpolator:1.0.0) with AarToClassTransform
Transforming startup-runtime-1.1.1.aar (androidx.startup:startup-runtime:1.1.1) with AarToClassTransform
Transforming tracing-1.0.0.aar (androidx.tracing:tracing:1.0.0) with AarToClassTransform
Transforming firebase-datatransport-18.2.0.aar (com.google.firebase:firebase-datatransport:18.2.0) with AarToClassTransform
Transforming transport-backend-cct-3.1.9.aar (com.google.android.datatransport:transport-backend-cct:3.1.9) with AarToClassTransform
Transforming transport-backend-cct-3.1.9.aar (com.google.android.datatransport:transport-backend-cct:3.1.9) with AarToClassTransform
Transforming firebase-encoders-json-18.0.0.aar (com.google.firebase:firebase-encoders-json:18.0.0) with AarToClassTransform
Transforming firebase-encoders-json-18.0.0.aar (com.google.firebase:firebase-encoders-json:18.0.0) with AarToClassTransform
Transforming transport-runtime-3.1.9.aar (com.google.android.datatransport:transport-runtime:3.1.9) with AarToClassTransform
Transforming transport-runtime-3.1.9.aar (com.google.android.datatransport:transport-runtime:3.1.9) with AarToClassTransform
Transforming transport-runtime-3.1.9.aar (com.google.android.datatransport:transport-runtime:3.1.9) with AarToClassTransform
Transforming transport-api-3.1.0.aar (com.google.android.datatransport:transport-api:3.1.0) with AarToClassTransform
Transforming transport-api-3.1.0.aar (com.google.android.datatransport:transport-api:3.1.0) with AarToClassTransform
Transforming transport-api-3.1.0.aar (com.google.android.datatransport:transport-api:3.1.0) with AarToClassTransform
Transforming transport-api-3.1.0.aar (com.google.android.datatransport:transport-api:3.1.0) with AarToClassTransform
Transforming exifinterface-1.3.7.aar (androidx.exifinterface:exifinterface:1.3.7) with AarToClassTransform
Transforming documentfile-1.0.0.aar (androidx.documentfile:documentfile:1.0.0) with AarToClassTransform
Transforming print-1.0.0.aar (androidx.print:print:1.0.0) with AarToClassTransform
Transforming core-runtime-2.2.0.aar (androidx.arch.core:core-runtime:2.2.0) with AarToClassTransform
Transforming core-viewtree-1.0.0.aar (androidx.core:core-viewtree:1.0.0) with AarToClassTransform
Transforming protolite-well-known-types-18.0.0.aar (com.google.firebase:protolite-well-known-types:18.0.0) with AarToClassTransform
Transforming grpc-android-1.62.2.aar (io.grpc:grpc-android:1.62.2) with AarToClassTransform
Transforming gson-2.10.1.jar (com.google.code.gson:gson:2.10.1) with IdentityTransform
Transforming listenablefuture-9999.0-empty-to-avoid-conflict-with-guava.jar (com.google.guava:listenablefuture:9999.0-empty-to-avoid-conflict-with-guava) with IdentityTransform
Transforming core-common-2.0.3.aar (com.google.android.play:core-common:2.0.3) with AarToClassTransform
Transforming javax.inject-1.jar (javax.inject:javax.inject:1) with IdentityTransform
Transforming perfmark-api-0.26.0.jar (io.perfmark:perfmark-api:0.26.0) with IdentityTransform
Transforming jsr305-3.0.2.jar (com.google.code.findbugs:jsr305:3.0.2) with IdentityTransform
Transforming annotations-4.1.1.4.jar (com.google.android:annotations:4.1.1.4) with IdentityTransform
Transforming animal-sniffer-annotations-1.23.jar (org.codehaus.mojo:animal-sniffer-annotations:1.23) with IdentityTransform
Transforming failureaccess-1.0.1.jar (com.google.guava:failureaccess:1.0.1) with IdentityTransform
Transforming drawerlayout-1.0.0.aar (androidx.drawerlayout:drawerlayout:1.0.0) with EnumerateClassesTransform
Transforming generativeai-0.9.0.aar (com.google.ai.client.generativeai:generativeai:0.9.0) with EnumerateClassesTransform
Transforming appcompat-resources-1.7.0.aar (androidx.appcompat:appcompat-resources:1.7.0) with EnumerateClassesTransform
Transforming navigation-common-2.8.5.aar (androidx.navigation:navigation-common:2.8.5) with EnumerateClassesTransform
Transforming navigation-runtime-ktx-2.8.5.aar (androidx.navigation:navigation-runtime-ktx:2.8.5) with EnumerateClassesTransform
Transforming navigation-common-ktx-2.8.5.aar (androidx.navigation:navigation-common-ktx:2.8.5) with EnumerateClassesTransform
Transforming coil-base-2.7.0.aar (io.coil-kt:coil-base:2.7.0) with EnumerateClassesTransform
Transforming appcompat-1.7.0.aar (androidx.appcompat:appcompat:1.7.0) with EnumerateClassesTransform
Transforming coil-compose-2.7.0.aar (io.coil-kt:coil-compose:2.7.0) with EnumerateClassesTransform
Transforming navigation-compose-2.8.5.aar (androidx.navigation:navigation-compose:2.8.5) with EnumerateClassesTransform
Transforming dotsindicator-5.1.0.aar (com.tbuonomo:dotsindicator:5.1.0) with EnumerateClassesTransform
Transforming accompanist-drawablepainter-0.32.0.aar (com.google.accompanist:accompanist-drawablepainter:0.32.0) with EnumerateClassesTransform
Transforming ui-tooling-data-release.aar (androidx.compose.ui:ui-tooling-data-android:1.8.2) with EnumerateClassesTransform
Transforming ui-tooling-preview-release.aar (androidx.compose.ui:ui-tooling-preview-android:1.8.2) with EnumerateClassesTransform
Transforming animation-release.aar (androidx.compose.animation:animation-android:1.8.2) with EnumerateClassesTransform
Transforming ui-geometry-release.aar (androidx.compose.ui:ui-geometry-android:1.8.2) with EnumerateClassesTransform
Transforming ui-util-release.aar (androidx.compose.ui:ui-util-android:1.8.2) with EnumerateClassesTransform
Transforming material-ripple-release.aar (androidx.compose.material:material-ripple-android:1.8.1) with EnumerateClassesTransform
Transforming animation-core-release.aar (androidx.compose.animation:animation-core-android:1.8.2) with EnumerateClassesTransform
Transforming foundation-layout-release.aar (androidx.compose.foundation:foundation-layout-android:1.8.2) with EnumerateClassesTransform
Transforming material-icons-core-release.aar (androidx.compose.material:material-icons-core-android:1.7.2) with EnumerateClassesTransform
Transforming ui-tooling-release.aar (androidx.compose.ui:ui-tooling-android:1.8.2) with EnumerateClassesTransform
Transforming ui-text-release.aar (androidx.compose.ui:ui-text-android:1.8.2) with EnumerateClassesTransform
Transforming ui-test-manifest-1.8.2.aar (androidx.compose.ui:ui-test-manifest:1.8.2) with EnumerateClassesTransform
Transforming material-release.aar (androidx.compose.material:material-android:1.7.2) with EnumerateClassesTransform
Transforming play-services-maps-19.0.0.aar (com.google.android.gms:play-services-maps:19.0.0) with EnumerateClassesTransform
Transforming ui-graphics-release.aar (androidx.compose.ui:ui-graphics-android:1.8.2) with EnumerateClassesTransform
Transforming googleid-1.1.1.aar (com.google.android.libraries.identity.googleid:googleid:1.1.1) with EnumerateClassesTransform
Transforming material3.aar (androidx.compose.material3:material3-android:1.4.0) with EnumerateClassesTransform
Transforming play-services-location-21.0.0.aar (com.google.android.gms:play-services-location:21.0.0) with EnumerateClassesTransform
Transforming firebase-auth-23.1.0.aar (com.google.firebase:firebase-auth:23.1.0) with EnumerateClassesTransform
Transforming credentials-1.3.0.aar (androidx.credentials:credentials:1.3.0) with EnumerateClassesTransform
Transforming credentials-1.3.0.aar (androidx.credentials:credentials:1.3.0) with EnumerateClassesTransform
Transforming foundation-release.aar (androidx.compose.foundation:foundation-android:1.8.2) with EnumerateClassesTransform
Transforming firebase-firestore-25.1.1.aar (com.google.firebase:firebase-firestore:25.1.1) with EnumerateClassesTransform
Transforming credentials-play-services-auth-1.3.0.aar (androidx.credentials:credentials-play-services-auth:1.3.0) with EnumerateClassesTransform
Transforming credentials-play-services-auth-1.3.0.aar (androidx.credentials:credentials-play-services-auth:1.3.0) with EnumerateClassesTransform
Transforming play-services-auth-api-phone-18.0.2.aar (com.google.android.gms:play-services-auth-api-phone:18.0.2) with EnumerateClassesTransform
Transforming play-services-auth-21.1.1.aar (com.google.android.gms:play-services-auth:21.1.1) with EnumerateClassesTransform
Transforming firebase-storage-ktx-21.0.1.aar (com.google.firebase:firebase-storage-ktx:21.0.1) with EnumerateClassesTransform
Transforming firebase-storage-21.0.1.aar (com.google.firebase:firebase-storage:21.0.1) with EnumerateClassesTransform
Transforming integrity-1.3.0.aar (com.google.android.play:integrity:1.3.0) with EnumerateClassesTransform
Transforming firebase-messaging-ktx-24.1.0.aar (com.google.firebase:firebase-messaging-ktx:24.1.0) with EnumerateClassesTransform
Transforming firebase-messaging-24.1.0.aar (com.google.firebase:firebase-messaging:24.1.0) with EnumerateClassesTransform
Transforming recaptcha-18.5.1.aar (com.google.android.recaptcha:recaptcha:18.5.1) with EnumerateClassesTransform
Transforming firebase-common-ktx-21.0.0.aar (com.google.firebase:firebase-common-ktx:21.0.0) with EnumerateClassesTransform
Transforming firebase-appcheck-18.0.0.aar (com.google.firebase:firebase-appcheck:18.0.0) with EnumerateClassesTransform
Transforming firebase-installations-18.0.0.aar (com.google.firebase:firebase-installations:18.0.0) with EnumerateClassesTransform
Transforming firebase-common-21.0.0.aar (com.google.firebase:firebase-common:21.0.0) with EnumerateClassesTransform
Transforming firebase-appcheck-interop-17.1.0.aar (com.google.firebase:firebase-appcheck-interop:17.1.0) with EnumerateClassesTransform
Transforming firebase-database-collection-18.0.1.aar (com.google.firebase:firebase-database-collection:18.0.1) with EnumerateClassesTransform
Transforming play-services-auth-base-18.0.10.aar (com.google.android.gms:play-services-auth-base:18.0.10) with EnumerateClassesTransform
Transforming play-services-fido-21.0.0.aar (com.google.android.gms:play-services-fido:21.0.0) with EnumerateClassesTransform
Transforming play-services-fido-21.0.0.aar (com.google.android.gms:play-services-fido:21.0.0) with EnumerateClassesTransform
Transforming play-services-base-18.5.0.aar (com.google.android.gms:play-services-base:18.5.0) with EnumerateClassesTransform
Transforming firebase-iid-interop-17.1.0.aar (com.google.firebase:firebase-iid-interop:17.1.0) with EnumerateClassesTransform
Transforming runtime-annotation.aar (androidx.compose.runtime:runtime-annotation-android:1.9.0) with EnumerateClassesTransform
Transforming firebase-installations-interop-17.1.1.aar (com.google.firebase:firebase-installations-interop:17.1.1) with EnumerateClassesTransform
Transforming play-services-cloud-messaging-17.2.0.aar (com.google.android.gms:play-services-cloud-messaging:17.2.0) with EnumerateClassesTransform
Transforming common-0.8.0.aar (com.google.ai.client.generativeai:common:0.8.0) with EnumerateClassesTransform
Transforming savedstate-ktx-1.3.0.aar (androidx.savedstate:savedstate-ktx:1.3.0) with EnumerateClassesTransform
Transforming runtime-saveable.aar (androidx.compose.runtime:runtime-saveable-android:1.9.0) with EnumerateClassesTransform
Transforming savedstate-compose-release.aar (androidx.savedstate:savedstate-compose-android:1.3.0) with EnumerateClassesTransform
Transforming dynamicanimation-1.0.0.aar (androidx.dynamicanimation:dynamicanimation:1.0.0) with EnumerateClassesTransform
Transforming play-services-stats-17.0.2.aar (com.google.android.gms:play-services-stats:17.0.2) with EnumerateClassesTransform
Transforming legacy-support-core-utils-1.0.0.aar (androidx.legacy:legacy-support-core-utils:1.0.0) with EnumerateClassesTransform
Transforming loader-1.1.0.aar (androidx.loader:loader:1.1.0) with EnumerateClassesTransform
Transforming loader-1.1.0.aar (androidx.loader:loader:1.1.0) with EnumerateClassesTransform
Transforming emoji2-views-helper-1.4.0.aar (androidx.emoji2:emoji2-views-helper:1.4.0) with EnumerateClassesTransform
Transforming lifecycle-viewmodel-2.9.0.aar (androidx.lifecycle:lifecycle-viewmodel:2.9.0) with EnumerateClassesTransform
Transforming lifecycle-viewmodel-savedstate-release.aar (androidx.lifecycle:lifecycle-viewmodel-savedstate-android:2.9.0) with EnumerateClassesTransform
Transforming lifecycle-runtime-ktx.aar (androidx.lifecycle:lifecycle-runtime-ktx-android:2.9.0) with EnumerateClassesTransform
Transforming emoji2-1.4.0.aar (androidx.emoji2:emoji2:1.4.0) with EnumerateClassesTransform
Transforming lifecycle-viewmodel-release.aar (androidx.lifecycle:lifecycle-viewmodel-android:2.9.0) with EnumerateClassesTransform
Transforming lifecycle-runtime-release.aar (androidx.lifecycle:lifecycle-runtime-android:2.9.0) with EnumerateClassesTransform
Transforming lifecycle-viewmodel-ktx-2.9.0.aar (androidx.lifecycle:lifecycle-viewmodel-ktx:2.9.0) with EnumerateClassesTransform
Transforming lifecycle-process-2.9.0.aar (androidx.lifecycle:lifecycle-process:2.9.0) with EnumerateClassesTransform
Transforming lifecycle-common-java8-2.9.0.jar (androidx.lifecycle:lifecycle-common-java8:2.9.0) with IdentityTransform
Transforming lifecycle-livedata-core-2.9.0.aar (androidx.lifecycle:lifecycle-livedata-core:2.9.0) with EnumerateClassesTransform
Transforming lifecycle-livedata-core-2.9.0.aar (androidx.lifecycle:lifecycle-livedata-core:2.9.0) with EnumerateClassesTransform
Transforming lifecycle-common-java8-2.9.0.jar (androidx.lifecycle:lifecycle-common-java8:2.9.0) with EnumerateClassesTransform
Transforming kotlinx-coroutines-android-1.8.1.jar (org.jetbrains.kotlinx:kotlinx-coroutines-android:1.8.1) with IdentityTransform
Transforming ktor-client-okhttp-jvm-2.3.2.jar (io.ktor:ktor-client-okhttp-jvm:2.3.2) with IdentityTransform
Transforming ktor-client-content-negotiation-jvm-2.3.2.jar (io.ktor:ktor-client-content-negotiation-jvm:2.3.2) with IdentityTransform
Transforming lifecycle-runtime-compose-release.aar (androidx.lifecycle:lifecycle-runtime-compose-android:2.9.0) with EnumerateClassesTransform
Transforming ktor-client-okhttp-jvm-2.3.2.jar (io.ktor:ktor-client-okhttp-jvm:2.3.2) with EnumerateClassesTransform
Transforming ktor-client-logging-jvm-2.3.2.jar (io.ktor:ktor-client-logging-jvm:2.3.2) with IdentityTransform
Transforming kotlinx-coroutines-android-1.8.1.jar (org.jetbrains.kotlinx:kotlinx-coroutines-android:1.8.1) with EnumerateClassesTransform
Transforming ktor-client-content-negotiation-jvm-2.3.2.jar (io.ktor:ktor-client-content-negotiation-jvm:2.3.2) with EnumerateClassesTransform
Transforming ktor-client-logging-jvm-2.3.2.jar (io.ktor:ktor-client-logging-jvm:2.3.2) with EnumerateClassesTransform
Transforming ktor-client-core-jvm-2.3.2.jar (io.ktor:ktor-client-core-jvm:2.3.2) with IdentityTransform
Transforming ktor-serialization-kotlinx-json-jvm-2.3.2.jar (io.ktor:ktor-serialization-kotlinx-json-jvm:2.3.2) with IdentityTransform
Transforming ktor-events-jvm-2.3.2.jar (io.ktor:ktor-events-jvm:2.3.2) with IdentityTransform
Transforming ktor-client-core-jvm-2.3.2.jar (io.ktor:ktor-client-core-jvm:2.3.2) with EnumerateClassesTransform
Transforming ktor-websocket-serialization-jvm-2.3.2.jar (io.ktor:ktor-websocket-serialization-jvm:2.3.2) with IdentityTransform
Transforming ktor-serialization-kotlinx-json-jvm-2.3.2.jar (io.ktor:ktor-serialization-kotlinx-json-jvm:2.3.2) with EnumerateClassesTransform
Transforming ktor-events-jvm-2.3.2.jar (io.ktor:ktor-events-jvm:2.3.2) with EnumerateClassesTransform
Transforming ktor-websocket-serialization-jvm-2.3.2.jar (io.ktor:ktor-websocket-serialization-jvm:2.3.2) with EnumerateClassesTransform
Transforming ktor-serialization-kotlinx-jvm-2.3.2.jar (io.ktor:ktor-serialization-kotlinx-jvm:2.3.2) with IdentityTransform
Transforming ktor-serialization-jvm-2.3.2.jar (io.ktor:ktor-serialization-jvm:2.3.2) with IdentityTransform
Transforming ktor-websockets-jvm-2.3.2.jar (io.ktor:ktor-websockets-jvm:2.3.2) with IdentityTransform
Transforming ktor-http-jvm-2.3.2.jar (io.ktor:ktor-http-jvm:2.3.2) with IdentityTransform
Transforming ktor-serialization-jvm-2.3.2.jar (io.ktor:ktor-serialization-jvm:2.3.2) with EnumerateClassesTransform
Transforming ktor-serialization-kotlinx-jvm-2.3.2.jar (io.ktor:ktor-serialization-kotlinx-jvm:2.3.2) with EnumerateClassesTransform
Transforming ktor-http-jvm-2.3.2.jar (io.ktor:ktor-http-jvm:2.3.2) with EnumerateClassesTransform
Transforming runtime.aar (androidx.compose.runtime:runtime-android:1.9.0) with EnumerateClassesTransform
Transforming ktor-websockets-jvm-2.3.2.jar (io.ktor:ktor-websockets-jvm:2.3.2) with EnumerateClassesTransform
Transforming ktor-utils-jvm-2.3.2.jar (io.ktor:ktor-utils-jvm:2.3.2) with IdentityTransform
Transforming ktor-io-jvm-2.3.2.jar (io.ktor:ktor-io-jvm:2.3.2) with IdentityTransform
Transforming kotlinx-coroutines-jdk8-1.8.1.jar (org.jetbrains.kotlinx:kotlinx-coroutines-jdk8:1.8.1) with IdentityTransform
Transforming kotlinx-coroutines-reactive-1.8.1.jar (org.jetbrains.kotlinx:kotlinx-coroutines-reactive:1.8.1) with IdentityTransform
Transforming kotlinx-coroutines-slf4j-1.8.1.jar (org.jetbrains.kotlinx:kotlinx-coroutines-slf4j:1.8.1) with IdentityTransform
Transforming ktor-utils-jvm-2.3.2.jar (io.ktor:ktor-utils-jvm:2.3.2) with EnumerateClassesTransform
Transforming ktor-io-jvm-2.3.2.jar (io.ktor:ktor-io-jvm:2.3.2) with EnumerateClassesTransform
Transforming kotlinx-coroutines-jdk8-1.8.1.jar (org.jetbrains.kotlinx:kotlinx-coroutines-jdk8:1.8.1) with EnumerateClassesTransform
Transforming kotlinx-coroutines-reactive-1.8.1.jar (org.jetbrains.kotlinx:kotlinx-coroutines-reactive:1.8.1) with EnumerateClassesTransform
Transforming kotlinx-coroutines-slf4j-1.8.1.jar (org.jetbrains.kotlinx:kotlinx-coroutines-slf4j:1.8.1) with EnumerateClassesTransform
Transforming concurrent-futures-1.2.0-alpha03.jar (androidx.concurrent:concurrent-futures:1.2.0-alpha03) with IdentityTransform
Transforming kotlinx-coroutines-core-jvm-1.8.1.jar (org.jetbrains.kotlinx:kotlinx-coroutines-core-jvm:1.8.1) with IdentityTransform
Transforming profileinstaller-1.4.0.aar (androidx.profileinstaller:profileinstaller:1.4.0) with EnumerateClassesTransform
Transforming concurrent-futures-ktx-1.2.0-alpha03.jar (androidx.concurrent:concurrent-futures-ktx:1.2.0-alpha03) with IdentityTransform
Transforming browser-1.4.0.aar (androidx.browser:browser:1.4.0) with EnumerateClassesTransform
Transforming concurrent-futures-1.2.0-alpha03.jar (androidx.concurrent:concurrent-futures:1.2.0-alpha03) with EnumerateClassesTransform
Transforming concurrent-futures-ktx-1.2.0-alpha03.jar (androidx.concurrent:concurrent-futures-ktx:1.2.0-alpha03) with EnumerateClassesTransform
Transforming kotlinx-coroutines-play-services-1.8.1.jar (org.jetbrains.kotlinx:kotlinx-coroutines-play-services:1.8.1) with IdentityTransform
Transforming kotlinx-coroutines-play-services-1.8.1.jar (org.jetbrains.kotlinx:kotlinx-coroutines-play-services:1.8.1) with EnumerateClassesTransform
Transforming play-services-tasks-18.2.0.aar (com.google.android.gms:play-services-tasks:18.2.0) with EnumerateClassesTransform
Transforming play-services-tasks-18.2.0.aar (com.google.android.gms:play-services-tasks:18.2.0) with EnumerateClassesTransform
Transforming firebase-measurement-connector-19.0.0.aar (com.google.firebase:firebase-measurement-connector:19.0.0) with EnumerateClassesTransform
Transforming play-services-basement-18.4.0.aar (com.google.android.gms:play-services-basement:18.4.0) with EnumerateClassesTransform
Transforming viewpager2-1.1.0.aar (androidx.viewpager2:viewpager2:1.1.0) with EnumerateClassesTransform
Transforming fragment-1.5.7.aar (androidx.fragment:fragment:1.5.7) with EnumerateClassesTransform
Transforming fragment-1.5.7.aar (androidx.fragment:fragment:1.5.7) with EnumerateClassesTransform
Transforming recyclerview-1.3.1.aar (androidx.recyclerview:recyclerview:1.3.1) with EnumerateClassesTransform
Transforming lifecycle-common-jvm-2.9.0.jar (androidx.lifecycle:lifecycle-common-jvm:2.9.0) with IdentityTransform
Transforming lifecycle-common-jvm-2.9.0.jar (androidx.lifecycle:lifecycle-common-jvm:2.9.0) with EnumerateClassesTransform
Transforming lifecycle-viewmodel-compose-release.aar (androidx.lifecycle:lifecycle-viewmodel-compose-android:2.9.0) with EnumerateClassesTransform
Transforming savedstate-release.aar (androidx.savedstate:savedstate-android:1.3.0) with EnumerateClassesTransform
Transforming activity-ktx-1.9.3.aar (androidx.activity:activity-ktx:1.9.3) with EnumerateClassesTransform
Transforming activity-compose-1.9.3.aar (androidx.activity:activity-compose:1.9.3) with EnumerateClassesTransform
Transforming activity-1.9.3.aar (androidx.activity:activity:1.9.3) with EnumerateClassesTransform
Transforming vectordrawable-1.1.0.aar (androidx.vectordrawable:vectordrawable:1.1.0) with EnumerateClassesTransform
Transforming vectordrawable-1.1.0.aar (androidx.vectordrawable:vectordrawable:1.1.0) with EnumerateClassesTransform
Transforming viewpager-1.0.0.aar (androidx.viewpager:viewpager:1.0.0) with EnumerateClassesTransform
Transforming customview-1.0.0.aar (androidx.customview:customview:1.0.0) with EnumerateClassesTransform
Transforming customview-1.0.0.aar (androidx.customview:customview:1.0.0) with EnumerateClassesTransform
Transforming autofill-1.0.0.aar (androidx.autofill:autofill:1.0.0) with EnumerateClassesTransform
Transforming graphics-path-1.0.1.aar (androidx.graphics:graphics-path:1.0.1) with EnumerateClassesTransform
Transforming ui-release.aar (androidx.compose.ui:ui-android:1.8.2) with EnumerateClassesTransform
Transforming vectordrawable-animated-1.1.0.aar (androidx.vectordrawable:vectordrawable-animated:1.1.0) with EnumerateClassesTransform
Transforming core-1.13.1.aar (androidx.core:core:1.13.1) with EnumerateClassesTransform
Transforming core-1.13.1.aar (androidx.core:core:1.13.1) with EnumerateClassesTransform
Transforming logging-interceptor-4.12.0.jar (com.squareup.okhttp3:logging-interceptor:4.12.0) with IdentityTransform
Transforming logging-interceptor-4.12.0.jar (com.squareup.okhttp3:logging-interceptor:4.12.0) with EnumerateClassesTransform
Transforming customview-poolingcontainer-1.0.0.aar (androidx.customview:customview-poolingcontainer:1.0.0) with EnumerateClassesTransform
Transforming annotation-experimental-1.4.1.aar (androidx.annotation:annotation-experimental:1.4.1) with EnumerateClassesTransform
Transforming core-ktx-1.13.1.aar (androidx.core:core-ktx:1.13.1) with EnumerateClassesTransform
Transforming converter-gson-2.9.0.jar (com.squareup.retrofit2:converter-gson:2.9.0) with IdentityTransform
Transforming retrofit-2.9.0.jar (com.squareup.retrofit2:retrofit:2.9.0) with IdentityTransform
Transforming converter-gson-2.9.0.jar (com.squareup.retrofit2:converter-gson:2.9.0) with EnumerateClassesTransform
Transforming okhttp-4.12.0.jar (com.squareup.okhttp3:okhttp:4.12.0) with IdentityTransform
Transforming retrofit-2.9.0.jar (com.squareup.retrofit2:retrofit:2.9.0) with EnumerateClassesTransform
Transforming okhttp-4.12.0.jar (com.squareup.okhttp3:okhttp:4.12.0) with EnumerateClassesTransform
Transforming kotlin-stdlib-jdk8-1.9.0.jar (org.jetbrains.kotlin:kotlin-stdlib-jdk8:1.9.0) with IdentityTransform
Transforming kotlin-stdlib-jdk7-1.9.0.jar (org.jetbrains.kotlin:kotlin-stdlib-jdk7:1.9.0) with IdentityTransform
Transforming grpc-okhttp-1.62.2.jar (io.grpc:grpc-okhttp:1.62.2) with IdentityTransform
Transforming kotlin-stdlib-jdk8-1.9.0.jar (org.jetbrains.kotlin:kotlin-stdlib-jdk8:1.9.0) with EnumerateClassesTransform
Transforming grpc-okhttp-1.62.2.jar (io.grpc:grpc-okhttp:1.62.2) with EnumerateClassesTransform
Transforming kotlin-stdlib-jdk7-1.9.0.jar (org.jetbrains.kotlin:kotlin-stdlib-jdk7:1.9.0) with EnumerateClassesTransform
Transforming okio-jvm-3.9.0.jar (com.squareup.okio:okio-jvm:3.9.0) with IdentityTransform
Transforming okio-jvm-3.9.0.jar (com.squareup.okio:okio-jvm:3.9.0) with EnumerateClassesTransform
Transforming collection-ktx-1.5.0.jar (androidx.collection:collection-ktx:1.5.0) with IdentityTransform
Transforming collection-ktx-1.5.0.jar (androidx.collection:collection-ktx:1.5.0) with EnumerateClassesTransform
Transforming collection-jvm-1.5.0.jar (androidx.collection:collection-jvm:1.5.0) with IdentityTransform
Transforming versionedparcelable-1.1.1.aar (androidx.versionedparcelable:versionedparcelable:1.1.1) with EnumerateClassesTransform
Transforming collection-jvm-1.5.0.jar (androidx.collection:collection-jvm:1.5.0) with EnumerateClassesTransform
Transforming resourceinspection-annotation-1.0.1.jar (androidx.resourceinspection:resourceinspection-annotation:1.0.1) with IdentityTransform
Transforming cursoradapter-1.0.0.aar (androidx.cursoradapter:cursoradapter:1.0.0) with EnumerateClassesTransform
Transforming resourceinspection-annotation-1.0.1.jar (androidx.resourceinspection:resourceinspection-annotation:1.0.1) with EnumerateClassesTransform
Transforming localbroadcastmanager-1.0.0.aar (androidx.localbroadcastmanager:localbroadcastmanager:1.0.0) with EnumerateClassesTransform
Transforming firebase-components-18.0.0.aar (com.google.firebase:firebase-components:18.0.0) with EnumerateClassesTransform
Transforming startup-runtime-1.1.1.aar (androidx.startup:startup-runtime:1.1.1) with EnumerateClassesTransform
Transforming interpolator-1.0.0.aar (androidx.interpolator:interpolator:1.0.0) with EnumerateClassesTransform
Transforming interpolator-1.0.0.aar (androidx.interpolator:interpolator:1.0.0) with EnumerateClassesTransform
Transforming tracing-1.0.0.aar (androidx.tracing:tracing:1.0.0) with EnumerateClassesTransform
Transforming firebase-datatransport-18.2.0.aar (com.google.firebase:firebase-datatransport:18.2.0) with EnumerateClassesTransform
Transforming transport-backend-cct-3.1.9.aar (com.google.android.datatransport:transport-backend-cct:3.1.9) with EnumerateClassesTransform
Transforming firebase-encoders-json-18.0.0.aar (com.google.firebase:firebase-encoders-json:18.0.0) with EnumerateClassesTransform
Transforming transport-runtime-3.1.9.aar (com.google.android.datatransport:transport-runtime:3.1.9) with EnumerateClassesTransform
Transforming firebase-encoders-proto-16.0.0.jar (com.google.firebase:firebase-encoders-proto:16.0.0) with IdentityTransform
Transforming transport-api-3.1.0.aar (com.google.android.datatransport:transport-api:3.1.0) with EnumerateClassesTransform
Transforming firebase-encoders-proto-16.0.0.jar (com.google.firebase:firebase-encoders-proto:16.0.0) with EnumerateClassesTransform
Transforming firebase-encoders-17.0.0.jar (com.google.firebase:firebase-encoders:17.0.0) with IdentityTransform
Transforming exifinterface-1.3.7.aar (androidx.exifinterface:exifinterface:1.3.7) with EnumerateClassesTransform
Transforming firebase-encoders-17.0.0.jar (com.google.firebase:firebase-encoders:17.0.0) with EnumerateClassesTransform
Transforming documentfile-1.0.0.aar (androidx.documentfile:documentfile:1.0.0) with EnumerateClassesTransform
Transforming print-1.0.0.aar (androidx.print:print:1.0.0) with EnumerateClassesTransform
Transforming core-runtime-2.2.0.aar (androidx.arch.core:core-runtime:2.2.0) with EnumerateClassesTransform
Transforming core-common-2.2.0.jar (androidx.arch.core:core-common:2.2.0) with IdentityTransform
Transforming annotation-jvm-1.9.1.jar (androidx.annotation:annotation-jvm:1.9.1) with IdentityTransform
Transforming core-common-2.2.0.jar (androidx.arch.core:core-common:2.2.0) with EnumerateClassesTransform
Transforming annotation-jvm-1.9.1.jar (androidx.annotation:annotation-jvm:1.9.1) with EnumerateClassesTransform
Transforming core-viewtree-1.0.0.aar (androidx.core:core-viewtree:1.0.0) with EnumerateClassesTransform
Transforming kotlinx-serialization-json-jvm-1.7.3.jar (org.jetbrains.kotlinx:kotlinx-serialization-json-jvm:1.7.3) with IdentityTransform
Transforming material-icons-extended-release.aar (androidx.compose.material:material-icons-extended-android:1.7.2) with EnumerateClassesTransform
Transforming kotlinx-serialization-json-jvm-1.7.3.jar (org.jetbrains.kotlinx:kotlinx-serialization-json-jvm:1.7.3) with EnumerateClassesTransform
Transforming kotlinx-serialization-core-jvm-1.7.3.jar (org.jetbrains.kotlinx:kotlinx-serialization-core-jvm:1.7.3) with IdentityTransform
Transforming kotlin-stdlib-2.0.21.jar (org.jetbrains.kotlin:kotlin-stdlib:2.0.21) with IdentityTransform
Transforming ui-unit-release.aar (androidx.compose.ui:ui-unit-android:1.8.2) with EnumerateClassesTransform
Transforming kotlinx-serialization-core-jvm-1.7.3.jar (org.jetbrains.kotlinx:kotlinx-serialization-core-jvm:1.7.3) with EnumerateClassesTransform
Transforming annotations-23.0.0.jar (org.jetbrains:annotations:23.0.0) with IdentityTransform
Transforming kotlin-stdlib-2.0.21.jar (org.jetbrains.kotlin:kotlin-stdlib:2.0.21) with EnumerateClassesTransform
Transforming firebase-auth-interop-20.0.0.aar (com.google.firebase:firebase-auth-interop:20.0.0) with EnumerateClassesTransform
Transforming firebase-annotations-16.2.0.jar (com.google.firebase:firebase-annotations:16.2.0) with IdentityTransform
Transforming annotations-23.0.0.jar (org.jetbrains:annotations:23.0.0) with EnumerateClassesTransform
Transforming grpc-protobuf-lite-1.62.2.jar (io.grpc:grpc-protobuf-lite:1.62.2) with IdentityTransform
Transforming grpc-stub-1.62.2.jar (io.grpc:grpc-stub:1.62.2) with IdentityTransform
Transforming grpc-util-1.62.2.jar (io.grpc:grpc-util:1.62.2) with IdentityTransform
Transforming grpc-core-1.62.2.jar (io.grpc:grpc-core:1.62.2) with IdentityTransform
Transforming firebase-annotations-16.2.0.jar (com.google.firebase:firebase-annotations:16.2.0) with EnumerateClassesTransform
Transforming grpc-stub-1.62.2.jar (io.grpc:grpc-stub:1.62.2) with EnumerateClassesTransform
Transforming kotlinx-coroutines-core-jvm-1.8.1.jar (org.jetbrains.kotlinx:kotlinx-coroutines-core-jvm:1.8.1) with EnumerateClassesTransform
Transforming grpc-android-1.62.2.aar (io.grpc:grpc-android:1.62.2) with EnumerateClassesTransform
Transforming grpc-protobuf-lite-1.62.2.jar (io.grpc:grpc-protobuf-lite:1.62.2) with EnumerateClassesTransform
Transforming slf4j-nop-2.0.9.jar (org.slf4j:slf4j-nop:2.0.9) with IdentityTransform
Transforming grpc-core-1.62.2.jar (io.grpc:grpc-core:1.62.2) with EnumerateClassesTransform
Transforming reactive-streams-1.0.3.jar (org.reactivestreams:reactive-streams:1.0.3) with IdentityTransform
Transforming gson-2.10.1.jar (com.google.code.gson:gson:2.10.1) with EnumerateClassesTransform
Transforming grpc-context-1.62.2.jar (io.grpc:grpc-context:1.62.2) with IdentityTransform
Transforming grpc-api-1.62.2.jar (io.grpc:grpc-api:1.62.2) with IdentityTransform
Transforming guava-32.1.3-android.jar (com.google.guava:guava:32.1.3-android) with IdentityTransform
Transforming reactive-streams-1.0.3.jar (org.reactivestreams:reactive-streams:1.0.3) with EnumerateClassesTransform
Transforming grpc-context-1.62.2.jar (io.grpc:grpc-context:1.62.2) with EnumerateClassesTransform
Transforming slf4j-nop-2.0.9.jar (org.slf4j:slf4j-nop:2.0.9) with EnumerateClassesTransform
Transforming listenablefuture-9999.0-empty-to-avoid-conflict-with-guava.jar (com.google.guava:listenablefuture:9999.0-empty-to-avoid-conflict-with-guava) with EnumerateClassesTransform
Transforming guava-32.1.3-android.jar (com.google.guava:guava:32.1.3-android) with EnumerateClassesTransform
Transforming grpc-api-1.62.2.jar (io.grpc:grpc-api:1.62.2) with EnumerateClassesTransform
Transforming javax.inject-1.jar (javax.inject:javax.inject:1) with EnumerateClassesTransform
Transforming core-common-2.0.3.aar (com.google.android.play:core-common:2.0.3) with EnumerateClassesTransform
Transforming error_prone_annotations-2.26.0.jar (com.google.errorprone:error_prone_annotations:2.26.0) with IdentityTransform
Transforming perfmark-api-0.26.0.jar (io.perfmark:perfmark-api:0.26.0) with EnumerateClassesTransform
Transforming jsr305-3.0.2.jar (com.google.code.findbugs:jsr305:3.0.2) with EnumerateClassesTransform
Transforming protobuf-javalite-3.25.1.jar (com.google.protobuf:protobuf-javalite:3.25.1) with IdentityTransform
Transforming slf4j-api-2.0.9.jar (org.slf4j:slf4j-api:2.0.9) with IdentityTransform
Transforming error_prone_annotations-2.26.0.jar (com.google.errorprone:error_prone_annotations:2.26.0) with EnumerateClassesTransform
Transforming annotations-4.1.1.4.jar (com.google.android:annotations:4.1.1.4) with EnumerateClassesTransform
Transforming protolite-well-known-types-18.0.0.aar (com.google.firebase:protolite-well-known-types:18.0.0) with EnumerateClassesTransform
Transforming slf4j-api-2.0.9.jar (org.slf4j:slf4j-api:2.0.9) with EnumerateClassesTransform
Transforming protobuf-javalite-3.25.1.jar (com.google.protobuf:protobuf-javalite:3.25.1) with EnumerateClassesTransform
Transforming checker-qual-3.37.0.jar (org.checkerframework:checker-qual:3.37.0) with IdentityTransform
Transforming animal-sniffer-annotations-1.23.jar (org.codehaus.mojo:animal-sniffer-annotations:1.23) with EnumerateClassesTransform
Transforming grpc-util-1.62.2.jar (io.grpc:grpc-util:1.62.2) with EnumerateClassesTransform
Transforming jspecify-1.0.0.jar (org.jspecify:jspecify:1.0.0) with IdentityTransform
Transforming failureaccess-1.0.1.jar (com.google.guava:failureaccess:1.0.1) with EnumerateClassesTransform
Transforming checker-qual-3.37.0.jar (org.checkerframework:checker-qual:3.37.0) with EnumerateClassesTransform
Transforming jspecify-1.0.0.jar (org.jspecify:jspecify:1.0.0) with EnumerateClassesTransform
Transforming navigation-runtime-2.8.5.aar (androidx.navigation:navigation-runtime:2.8.5) with EnumerateClassesTransform
Caching disabled for task ':app:checkDebugDuplicateClasses' because:
  Build cache is disabled
  Caching has been disabled for the task
Skipping task ':app:checkDebugDuplicateClasses' as it is up-to-date.
Resolve mutations for :app:desugarDebugFileDependencies (Thread[Execution worker Thread 11,5,main]) started.
:app:desugarDebugFileDependencies (Thread[Execution worker Thread 3,5,main]) started.

> Task :app:desugarDebugFileDependencies UP-TO-DATE
Caching disabled for task ':app:desugarDebugFileDependencies' because:
  Build cache is disabled
Skipping task ':app:desugarDebugFileDependencies' as it is up-to-date.
Resolve mutations for :app:mergeExtDexDebug (Thread[Execution worker Thread 3,5,main]) started.
:app:mergeExtDexDebug (Thread[Execution worker Thread 3,5,main]) started.

> Task :app:mergeExtDexDebug UP-TO-DATE
Transforming dotsindicator-5.1.0.aar (com.tbuonomo:dotsindicator:5.1.0) with AarToClassTransform
Transforming dotsindicator-5.1.0.aar (com.tbuonomo:dotsindicator:5.1.0) with IdentityTransform
Transforming coil-compose-2.7.0.aar (io.coil-kt:coil-compose:2.7.0) with AarToClassTransform
Transforming coil-compose-2.7.0.aar (io.coil-kt:coil-compose:2.7.0) with IdentityTransform
Transforming coil-compose-base-2.7.0.aar (io.coil-kt:coil-compose-base:2.7.0) with AarToClassTransform
Transforming coil-compose-base-2.7.0.aar (io.coil-kt:coil-compose-base:2.7.0) with IdentityTransform
Transforming coil-2.7.0.aar (io.coil-kt:coil:2.7.0) with AarToClassTransform
Transforming coil-2.7.0.aar (io.coil-kt:coil:2.7.0) with IdentityTransform
Transforming coil-base-2.7.0.aar (io.coil-kt:coil-base:2.7.0) with AarToClassTransform
Transforming coil-base-2.7.0.aar (io.coil-kt:coil-base:2.7.0) with IdentityTransform
Transforming appcompat-resources-1.7.0.aar (androidx.appcompat:appcompat-resources:1.7.0) with AarToClassTransform
Transforming appcompat-resources-1.7.0.aar (androidx.appcompat:appcompat-resources:1.7.0) with IdentityTransform
Transforming appcompat-1.7.0.aar (androidx.appcompat:appcompat:1.7.0) with AarToClassTransform
Transforming appcompat-1.7.0.aar (androidx.appcompat:appcompat:1.7.0) with IdentityTransform
Transforming generativeai-0.9.0.aar (com.google.ai.client.generativeai:generativeai:0.9.0) with AarToClassTransform
Transforming generativeai-0.9.0.aar (com.google.ai.client.generativeai:generativeai:0.9.0) with IdentityTransform
Transforming drawerlayout-1.0.0.aar (androidx.drawerlayout:drawerlayout:1.0.0) with AarToClassTransform
Transforming drawerlayout-1.0.0.aar (androidx.drawerlayout:drawerlayout:1.0.0) with IdentityTransform
Transforming navigation-common-2.8.5.aar (androidx.navigation:navigation-common:2.8.5) with AarToClassTransform
Transforming navigation-common-2.8.5.aar (androidx.navigation:navigation-common:2.8.5) with IdentityTransform
Transforming navigation-runtime-2.8.5.aar (androidx.navigation:navigation-runtime:2.8.5) with AarToClassTransform
Transforming navigation-runtime-2.8.5.aar (androidx.navigation:navigation-runtime:2.8.5) with IdentityTransform
Transforming navigation-common-ktx-2.8.5.aar (androidx.navigation:navigation-common-ktx:2.8.5) with AarToClassTransform
Transforming navigation-common-ktx-2.8.5.aar (androidx.navigation:navigation-common-ktx:2.8.5) with IdentityTransform
Transforming navigation-runtime-ktx-2.8.5.aar (androidx.navigation:navigation-runtime-ktx:2.8.5) with AarToClassTransform
Transforming navigation-runtime-ktx-2.8.5.aar (androidx.navigation:navigation-runtime-ktx:2.8.5) with IdentityTransform
Transforming navigation-compose-2.8.5.aar (androidx.navigation:navigation-compose:2.8.5) with AarToClassTransform
Transforming navigation-compose-2.8.5.aar (androidx.navigation:navigation-compose:2.8.5) with IdentityTransform
Transforming material3.aar (androidx.compose.material3:material3-android:1.4.0) with AarToClassTransform
Transforming material3.aar (androidx.compose.material3:material3-android:1.4.0) with IdentityTransform
Transforming accompanist-drawablepainter-0.32.0.aar (com.google.accompanist:accompanist-drawablepainter:0.32.0) with AarToClassTransform
Transforming accompanist-drawablepainter-0.32.0.aar (com.google.accompanist:accompanist-drawablepainter:0.32.0) with IdentityTransform
Transforming material-icons-extended-release.aar (androidx.compose.material:material-icons-extended-android:1.7.2) with AarToClassTransform
Transforming material-icons-extended-release.aar (androidx.compose.material:material-icons-extended-android:1.7.2) with IdentityTransform
Transforming material-icons-core-release.aar (androidx.compose.material:material-icons-core-android:1.7.2) with AarToClassTransform
Transforming material-icons-core-release.aar (androidx.compose.material:material-icons-core-android:1.7.2) with IdentityTransform
Transforming ui-tooling-data-release.aar (androidx.compose.ui:ui-tooling-data-android:1.8.2) with AarToClassTransform
Transforming ui-tooling-data-release.aar (androidx.compose.ui:ui-tooling-data-android:1.8.2) with IdentityTransform
Transforming ui-tooling-preview-release.aar (androidx.compose.ui:ui-tooling-preview-android:1.8.2) with AarToClassTransform
Transforming ui-tooling-preview-release.aar (androidx.compose.ui:ui-tooling-preview-android:1.8.2) with IdentityTransform
Transforming foundation-release.aar (androidx.compose.foundation:foundation-android:1.8.2) with AarToClassTransform
Transforming foundation-release.aar (androidx.compose.foundation:foundation-android:1.8.2) with IdentityTransform
Transforming foundation-layout-release.aar (androidx.compose.foundation:foundation-layout-android:1.8.2) with AarToClassTransform
Transforming foundation-layout-release.aar (androidx.compose.foundation:foundation-layout-android:1.8.2) with IdentityTransform
Transforming animation-core-release.aar (androidx.compose.animation:animation-core-android:1.8.2) with AarToClassTransform
Transforming animation-core-release.aar (androidx.compose.animation:animation-core-android:1.8.2) with IdentityTransform
Transforming animation-release.aar (androidx.compose.animation:animation-android:1.8.2) with AarToClassTransform
Transforming animation-release.aar (androidx.compose.animation:animation-android:1.8.2) with IdentityTransform
Transforming ui-geometry-release.aar (androidx.compose.ui:ui-geometry-android:1.8.2) with AarToClassTransform
Transforming ui-geometry-release.aar (androidx.compose.ui:ui-geometry-android:1.8.2) with IdentityTransform
Transforming ui-tooling-release.aar (androidx.compose.ui:ui-tooling-android:1.8.2) with AarToClassTransform
Transforming ui-tooling-release.aar (androidx.compose.ui:ui-tooling-android:1.8.2) with IdentityTransform
Transforming material-release.aar (androidx.compose.material:material-android:1.7.2) with AarToClassTransform
Transforming material-release.aar (androidx.compose.material:material-android:1.7.2) with IdentityTransform
Transforming material-ripple-release.aar (androidx.compose.material:material-ripple-android:1.8.1) with AarToClassTransform
Transforming material-ripple-release.aar (androidx.compose.material:material-ripple-android:1.8.1) with IdentityTransform
Transforming ui-util-release.aar (androidx.compose.ui:ui-util-android:1.8.2) with AarToClassTransform
Transforming ui-util-release.aar (androidx.compose.ui:ui-util-android:1.8.2) with IdentityTransform
Transforming ui-unit-release.aar (androidx.compose.ui:ui-unit-android:1.8.2) with AarToClassTransform
Transforming ui-unit-release.aar (androidx.compose.ui:ui-unit-android:1.8.2) with IdentityTransform
Transforming ui-text-release.aar (androidx.compose.ui:ui-text-android:1.8.2) with AarToClassTransform
Transforming dotsindicator-5.1.0.aar (com.tbuonomo:dotsindicator:5.1.0) with DexingNoClasspathTransform
Transforming appcompat-resources-1.7.0.aar (androidx.appcompat:appcompat-resources:1.7.0) with DexingNoClasspathTransform
Transforming coil-compose-base-2.7.0.aar (io.coil-kt:coil-compose-base:2.7.0) with DexingNoClasspathTransform
Transforming navigation-common-2.8.5.aar (androidx.navigation:navigation-common:2.8.5) with DexingNoClasspathTransform
Transforming ui-text-release.aar (androidx.compose.ui:ui-text-android:1.8.2) with IdentityTransform
Transforming ui-graphics-release.aar (androidx.compose.ui:ui-graphics-android:1.8.2) with AarToClassTransform
Transforming appcompat-1.7.0.aar (androidx.appcompat:appcompat:1.7.0) with DexingNoClasspathTransform
Transforming ui-graphics-release.aar (androidx.compose.ui:ui-graphics-android:1.8.2) with IdentityTransform
Transforming drawerlayout-1.0.0.aar (androidx.drawerlayout:drawerlayout:1.0.0) with DexingNoClasspathTransform
Transforming ui-test-manifest-1.8.2.aar (androidx.compose.ui:ui-test-manifest:1.8.2) with AarToClassTransform
Transforming ui-test-manifest-1.8.2.aar (androidx.compose.ui:ui-test-manifest:1.8.2) with IdentityTransform
Transforming firebase-auth-23.1.0.aar (com.google.firebase:firebase-auth:23.1.0) with AarToClassTransform
Transforming coil-compose-2.7.0.aar (io.coil-kt:coil-compose:2.7.0) with DexingNoClasspathTransform
Transforming firebase-auth-23.1.0.aar (com.google.firebase:firebase-auth:23.1.0) with IdentityTransform
Transforming play-services-maps-19.0.0.aar (com.google.android.gms:play-services-maps:19.0.0) with AarToClassTransform
Transforming play-services-maps-19.0.0.aar (com.google.android.gms:play-services-maps:19.0.0) with IdentityTransform
Transforming firebase-firestore-25.1.1.aar (com.google.firebase:firebase-firestore:25.1.1) with AarToClassTransform
Transforming firebase-firestore-25.1.1.aar (com.google.firebase:firebase-firestore:25.1.1) with IdentityTransform
Transforming play-services-location-21.0.0.aar (com.google.android.gms:play-services-location:21.0.0) with AarToClassTransform
Transforming play-services-location-21.0.0.aar (com.google.android.gms:play-services-location:21.0.0) with IdentityTransform
Transforming googleid-1.1.1.aar (com.google.android.libraries.identity.googleid:googleid:1.1.1) with AarToClassTransform
Transforming googleid-1.1.1.aar (com.google.android.libraries.identity.googleid:googleid:1.1.1) with IdentityTransform
Transforming generativeai-0.9.0.aar (com.google.ai.client.generativeai:generativeai:0.9.0) with DexingNoClasspathTransform
Transforming credentials-1.3.0.aar (androidx.credentials:credentials:1.3.0) with AarToClassTransform
Transforming coil-2.7.0.aar (io.coil-kt:coil:2.7.0) with DexingNoClasspathTransform
Transforming credentials-1.3.0.aar (androidx.credentials:credentials:1.3.0) with IdentityTransform
Transforming credentials-1.3.0.aar (androidx.credentials:credentials:1.3.0) with AarToClassTransform
Transforming credentials-1.3.0.aar (androidx.credentials:credentials:1.3.0) with IdentityTransform
Transforming credentials-1.3.0.aar (androidx.credentials:credentials:1.3.0) with AarToClassTransform
Transforming credentials-1.3.0.aar (androidx.credentials:credentials:1.3.0) with IdentityTransform
Transforming credentials-play-services-auth-1.3.0.aar (androidx.credentials:credentials-play-services-auth:1.3.0) with AarToClassTransform
Transforming credentials-play-services-auth-1.3.0.aar (androidx.credentials:credentials-play-services-auth:1.3.0) with IdentityTransform
Transforming credentials-play-services-auth-1.3.0.aar (androidx.credentials:credentials-play-services-auth:1.3.0) with AarToClassTransform
Transforming credentials-play-services-auth-1.3.0.aar (androidx.credentials:credentials-play-services-auth:1.3.0) with IdentityTransform
Transforming play-services-auth-21.1.1.aar (com.google.android.gms:play-services-auth:21.1.1) with AarToClassTransform
Transforming play-services-auth-21.1.1.aar (com.google.android.gms:play-services-auth:21.1.1) with IdentityTransform
Transforming play-services-auth-api-phone-18.0.2.aar (com.google.android.gms:play-services-auth-api-phone:18.0.2) with AarToClassTransform
Transforming play-services-auth-api-phone-18.0.2.aar (com.google.android.gms:play-services-auth-api-phone:18.0.2) with IdentityTransform
Transforming play-services-auth-api-phone-18.0.2.aar (com.google.android.gms:play-services-auth-api-phone:18.0.2) with AarToClassTransform
Transforming play-services-auth-api-phone-18.0.2.aar (com.google.android.gms:play-services-auth-api-phone:18.0.2) with IdentityTransform
Transforming recaptcha-18.5.1.aar (com.google.android.recaptcha:recaptcha:18.5.1) with AarToClassTransform
Transforming recaptcha-18.5.1.aar (com.google.android.recaptcha:recaptcha:18.5.1) with IdentityTransform
Transforming integrity-1.3.0.aar (com.google.android.play:integrity:1.3.0) with AarToClassTransform
Transforming integrity-1.3.0.aar (com.google.android.play:integrity:1.3.0) with IdentityTransform
Transforming integrity-1.3.0.aar (com.google.android.play:integrity:1.3.0) with AarToClassTransform
Transforming integrity-1.3.0.aar (com.google.android.play:integrity:1.3.0) with IdentityTransform
Transforming firebase-storage-ktx-21.0.1.aar (com.google.firebase:firebase-storage-ktx:21.0.1) with AarToClassTransform
Transforming firebase-storage-ktx-21.0.1.aar (com.google.firebase:firebase-storage-ktx:21.0.1) with IdentityTransform
Transforming firebase-storage-21.0.1.aar (com.google.firebase:firebase-storage:21.0.1) with AarToClassTransform
Transforming firebase-storage-21.0.1.aar (com.google.firebase:firebase-storage:21.0.1) with IdentityTransform
Transforming firebase-auth-interop-20.0.0.aar (com.google.firebase:firebase-auth-interop:20.0.0) with AarToClassTransform
Transforming firebase-auth-interop-20.0.0.aar (com.google.firebase:firebase-auth-interop:20.0.0) with IdentityTransform
Transforming firebase-auth-interop-20.0.0.aar (com.google.firebase:firebase-auth-interop:20.0.0) with AarToClassTransform
Transforming firebase-auth-interop-20.0.0.aar (com.google.firebase:firebase-auth-interop:20.0.0) with IdentityTransform
Transforming firebase-auth-interop-20.0.0.aar (com.google.firebase:firebase-auth-interop:20.0.0) with AarToClassTransform
Transforming firebase-auth-interop-20.0.0.aar (com.google.firebase:firebase-auth-interop:20.0.0) with IdentityTransform
Transforming firebase-messaging-ktx-24.1.0.aar (com.google.firebase:firebase-messaging-ktx:24.1.0) with AarToClassTransform
Transforming firebase-messaging-ktx-24.1.0.aar (com.google.firebase:firebase-messaging-ktx:24.1.0) with IdentityTransform
Transforming firebase-messaging-24.1.0.aar (com.google.firebase:firebase-messaging:24.1.0) with AarToClassTransform
Transforming firebase-messaging-24.1.0.aar (com.google.firebase:firebase-messaging:24.1.0) with IdentityTransform
Transforming firebase-appcheck-18.0.0.aar (com.google.firebase:firebase-appcheck:18.0.0) with AarToClassTransform
Transforming firebase-appcheck-18.0.0.aar (com.google.firebase:firebase-appcheck:18.0.0) with IdentityTransform
Transforming firebase-installations-18.0.0.aar (com.google.firebase:firebase-installations:18.0.0) with AarToClassTransform
Transforming firebase-installations-18.0.0.aar (com.google.firebase:firebase-installations:18.0.0) with IdentityTransform
Transforming firebase-common-ktx-21.0.0.aar (com.google.firebase:firebase-common-ktx:21.0.0) with AarToClassTransform
Transforming firebase-common-ktx-21.0.0.aar (com.google.firebase:firebase-common-ktx:21.0.0) with IdentityTransform
Transforming firebase-common-ktx-21.0.0.aar (com.google.firebase:firebase-common-ktx:21.0.0) with AarToClassTransform
Transforming firebase-common-ktx-21.0.0.aar (com.google.firebase:firebase-common-ktx:21.0.0) with IdentityTransform
Transforming firebase-common-ktx-21.0.0.aar (com.google.firebase:firebase-common-ktx:21.0.0) with AarToClassTransform
Transforming coil-base-2.7.0.aar (io.coil-kt:coil-base:2.7.0) with DexingNoClasspathTransform
Transforming firebase-common-ktx-21.0.0.aar (com.google.firebase:firebase-common-ktx:21.0.0) with IdentityTransform
Transforming firebase-common-ktx-21.0.0.aar (com.google.firebase:firebase-common-ktx:21.0.0) with AarToClassTransform
Transforming firebase-common-ktx-21.0.0.aar (com.google.firebase:firebase-common-ktx:21.0.0) with IdentityTransform
Transforming firebase-common-ktx-21.0.0.aar (com.google.firebase:firebase-common-ktx:21.0.0) with AarToClassTransform
Transforming firebase-common-ktx-21.0.0.aar (com.google.firebase:firebase-common-ktx:21.0.0) with IdentityTransform
Transforming firebase-common-ktx-21.0.0.aar (com.google.firebase:firebase-common-ktx:21.0.0) with AarToClassTransform
Transforming firebase-common-ktx-21.0.0.aar (com.google.firebase:firebase-common-ktx:21.0.0) with IdentityTransform
Transforming firebase-common-ktx-21.0.0.aar (com.google.firebase:firebase-common-ktx:21.0.0) with AarToClassTransform
Transforming firebase-common-ktx-21.0.0.aar (com.google.firebase:firebase-common-ktx:21.0.0) with IdentityTransform
Transforming firebase-common-ktx-21.0.0.aar (com.google.firebase:firebase-common-ktx:21.0.0) with AarToClassTransform
Transforming firebase-common-ktx-21.0.0.aar (com.google.firebase:firebase-common-ktx:21.0.0) with IdentityTransform
Transforming firebase-common-21.0.0.aar (com.google.firebase:firebase-common:21.0.0) with AarToClassTransform
Transforming firebase-common-21.0.0.aar (com.google.firebase:firebase-common:21.0.0) with IdentityTransform
Transforming firebase-common-21.0.0.aar (com.google.firebase:firebase-common:21.0.0) with AarToClassTransform
Transforming firebase-common-21.0.0.aar (com.google.firebase:firebase-common:21.0.0) with IdentityTransform
Transforming firebase-common-21.0.0.aar (com.google.firebase:firebase-common:21.0.0) with AarToClassTransform
Transforming firebase-common-21.0.0.aar (com.google.firebase:firebase-common:21.0.0) with IdentityTransform
Transforming firebase-common-21.0.0.aar (com.google.firebase:firebase-common:21.0.0) with AarToClassTransform
Transforming firebase-common-21.0.0.aar (com.google.firebase:firebase-common:21.0.0) with IdentityTransform
Transforming firebase-common-21.0.0.aar (com.google.firebase:firebase-common:21.0.0) with AarToClassTransform
Transforming firebase-common-21.0.0.aar (com.google.firebase:firebase-common:21.0.0) with IdentityTransform
Transforming firebase-common-21.0.0.aar (com.google.firebase:firebase-common:21.0.0) with AarToClassTransform
Transforming firebase-common-21.0.0.aar (com.google.firebase:firebase-common:21.0.0) with IdentityTransform
Transforming firebase-common-21.0.0.aar (com.google.firebase:firebase-common:21.0.0) with AarToClassTransform
Transforming firebase-common-21.0.0.aar (com.google.firebase:firebase-common:21.0.0) with IdentityTransform
Transforming firebase-common-21.0.0.aar (com.google.firebase:firebase-common:21.0.0) with AarToClassTransform
Transforming firebase-common-21.0.0.aar (com.google.firebase:firebase-common:21.0.0) with IdentityTransform
Transforming firebase-common-21.0.0.aar (com.google.firebase:firebase-common:21.0.0) with AarToClassTransform
Transforming firebase-common-21.0.0.aar (com.google.firebase:firebase-common:21.0.0) with IdentityTransform
Transforming firebase-database-collection-18.0.1.aar (com.google.firebase:firebase-database-collection:18.0.1) with AarToClassTransform
Transforming firebase-database-collection-18.0.1.aar (com.google.firebase:firebase-database-collection:18.0.1) with IdentityTransform
Transforming play-services-fido-21.0.0.aar (com.google.android.gms:play-services-fido:21.0.0) with AarToClassTransform
Transforming play-services-fido-21.0.0.aar (com.google.android.gms:play-services-fido:21.0.0) with IdentityTransform
Transforming play-services-fido-21.0.0.aar (com.google.android.gms:play-services-fido:21.0.0) with AarToClassTransform
Transforming play-services-fido-21.0.0.aar (com.google.android.gms:play-services-fido:21.0.0) with IdentityTransform
Transforming play-services-auth-base-18.0.10.aar (com.google.android.gms:play-services-auth-base:18.0.10) with AarToClassTransform
Transforming play-services-auth-base-18.0.10.aar (com.google.android.gms:play-services-auth-base:18.0.10) with IdentityTransform
Transforming firebase-appcheck-interop-17.1.0.aar (com.google.firebase:firebase-appcheck-interop:17.1.0) with AarToClassTransform
Transforming firebase-appcheck-interop-17.1.0.aar (com.google.firebase:firebase-appcheck-interop:17.1.0) with IdentityTransform
Transforming firebase-appcheck-interop-17.1.0.aar (com.google.firebase:firebase-appcheck-interop:17.1.0) with AarToClassTransform
Transforming firebase-appcheck-interop-17.1.0.aar (com.google.firebase:firebase-appcheck-interop:17.1.0) with IdentityTransform
Transforming firebase-appcheck-interop-17.1.0.aar (com.google.firebase:firebase-appcheck-interop:17.1.0) with AarToClassTransform
Transforming firebase-appcheck-interop-17.1.0.aar (com.google.firebase:firebase-appcheck-interop:17.1.0) with IdentityTransform
Transforming firebase-appcheck-interop-17.1.0.aar (com.google.firebase:firebase-appcheck-interop:17.1.0) with AarToClassTransform
Transforming firebase-appcheck-interop-17.1.0.aar (com.google.firebase:firebase-appcheck-interop:17.1.0) with IdentityTransform
Transforming play-services-base-18.5.0.aar (com.google.android.gms:play-services-base:18.5.0) with AarToClassTransform
Transforming play-services-base-18.5.0.aar (com.google.android.gms:play-services-base:18.5.0) with IdentityTransform
Transforming play-services-base-18.5.0.aar (com.google.android.gms:play-services-base:18.5.0) with AarToClassTransform
Transforming play-services-base-18.5.0.aar (com.google.android.gms:play-services-base:18.5.0) with IdentityTransform
Transforming play-services-base-18.5.0.aar (com.google.android.gms:play-services-base:18.5.0) with AarToClassTransform
Transforming play-services-base-18.5.0.aar (com.google.android.gms:play-services-base:18.5.0) with IdentityTransform
Transforming play-services-base-18.5.0.aar (com.google.android.gms:play-services-base:18.5.0) with AarToClassTransform
Transforming play-services-base-18.5.0.aar (com.google.android.gms:play-services-base:18.5.0) with IdentityTransform
Transforming play-services-base-18.5.0.aar (com.google.android.gms:play-services-base:18.5.0) with AarToClassTransform
Transforming play-services-base-18.5.0.aar (com.google.android.gms:play-services-base:18.5.0) with IdentityTransform
Transforming play-services-base-18.5.0.aar (com.google.android.gms:play-services-base:18.5.0) with AarToClassTransform
Transforming play-services-base-18.5.0.aar (com.google.android.gms:play-services-base:18.5.0) with IdentityTransform
Transforming play-services-base-18.5.0.aar (com.google.android.gms:play-services-base:18.5.0) with AarToClassTransform
Transforming play-services-base-18.5.0.aar (com.google.android.gms:play-services-base:18.5.0) with IdentityTransform
Transforming play-services-base-18.5.0.aar (com.google.android.gms:play-services-base:18.5.0) with AarToClassTransform
Transforming play-services-base-18.5.0.aar (com.google.android.gms:play-services-base:18.5.0) with IdentityTransform
Transforming play-services-base-18.5.0.aar (com.google.android.gms:play-services-base:18.5.0) with AarToClassTransform
Transforming play-services-base-18.5.0.aar (com.google.android.gms:play-services-base:18.5.0) with IdentityTransform
Transforming play-services-base-18.5.0.aar (com.google.android.gms:play-services-base:18.5.0) with AarToClassTransform
Transforming play-services-base-18.5.0.aar (com.google.android.gms:play-services-base:18.5.0) with IdentityTransform
Transforming play-services-base-18.5.0.aar (com.google.android.gms:play-services-base:18.5.0) with AarToClassTransform
Transforming play-services-base-18.5.0.aar (com.google.android.gms:play-services-base:18.5.0) with IdentityTransform
Transforming play-services-base-18.5.0.aar (com.google.android.gms:play-services-base:18.5.0) with AarToClassTransform
Transforming play-services-base-18.5.0.aar (com.google.android.gms:play-services-base:18.5.0) with IdentityTransform
Transforming firebase-iid-interop-17.1.0.aar (com.google.firebase:firebase-iid-interop:17.1.0) with AarToClassTransform
Transforming firebase-iid-interop-17.1.0.aar (com.google.firebase:firebase-iid-interop:17.1.0) with IdentityTransform
Transforming play-services-cloud-messaging-17.2.0.aar (com.google.android.gms:play-services-cloud-messaging:17.2.0) with AarToClassTransform
Transforming play-services-cloud-messaging-17.2.0.aar (com.google.android.gms:play-services-cloud-messaging:17.2.0) with IdentityTransform
Transforming firebase-installations-interop-17.1.1.aar (com.google.firebase:firebase-installations-interop:17.1.1) with AarToClassTransform
Transforming firebase-installations-interop-17.1.1.aar (com.google.firebase:firebase-installations-interop:17.1.1) with IdentityTransform
Transforming firebase-installations-interop-17.1.1.aar (com.google.firebase:firebase-installations-interop:17.1.1) with AarToClassTransform
Transforming firebase-installations-interop-17.1.1.aar (com.google.firebase:firebase-installations-interop:17.1.1) with IdentityTransform
Transforming common-0.8.0.aar (com.google.ai.client.generativeai:common:0.8.0) with AarToClassTransform
Transforming common-0.8.0.aar (com.google.ai.client.generativeai:common:0.8.0) with IdentityTransform
Transforming runtime-annotation.aar (androidx.compose.runtime:runtime-annotation-android:1.9.0) with AarToClassTransform
Transforming runtime-annotation.aar (androidx.compose.runtime:runtime-annotation-android:1.9.0) with IdentityTransform
Transforming runtime-saveable.aar (androidx.compose.runtime:runtime-saveable-android:1.9.0) with AarToClassTransform
Transforming runtime-saveable.aar (androidx.compose.runtime:runtime-saveable-android:1.9.0) with IdentityTransform
Transforming savedstate-ktx-1.3.0.aar (androidx.savedstate:savedstate-ktx:1.3.0) with AarToClassTransform
Transforming savedstate-ktx-1.3.0.aar (androidx.savedstate:savedstate-ktx:1.3.0) with IdentityTransform
Transforming savedstate-compose-release.aar (androidx.savedstate:savedstate-compose-android:1.3.0) with AarToClassTransform
Transforming savedstate-compose-release.aar (androidx.savedstate:savedstate-compose-android:1.3.0) with IdentityTransform
Transforming dynamicanimation-1.0.0.aar (androidx.dynamicanimation:dynamicanimation:1.0.0) with AarToClassTransform
Transforming dynamicanimation-1.0.0.aar (androidx.dynamicanimation:dynamicanimation:1.0.0) with IdentityTransform
Transforming play-services-stats-17.0.2.aar (com.google.android.gms:play-services-stats:17.0.2) with AarToClassTransform
Transforming play-services-stats-17.0.2.aar (com.google.android.gms:play-services-stats:17.0.2) with IdentityTransform
Transforming legacy-support-core-utils-1.0.0.aar (androidx.legacy:legacy-support-core-utils:1.0.0) with AarToClassTransform
Transforming legacy-support-core-utils-1.0.0.aar (androidx.legacy:legacy-support-core-utils:1.0.0) with IdentityTransform
Transforming legacy-support-core-utils-1.0.0.aar (androidx.legacy:legacy-support-core-utils:1.0.0) with AarToClassTransform
Transforming legacy-support-core-utils-1.0.0.aar (androidx.legacy:legacy-support-core-utils:1.0.0) with IdentityTransform
Transforming loader-1.1.0.aar (androidx.loader:loader:1.1.0) with AarToClassTransform
Transforming loader-1.1.0.aar (androidx.loader:loader:1.1.0) with IdentityTransform
Transforming loader-1.1.0.aar (androidx.loader:loader:1.1.0) with AarToClassTransform
Transforming loader-1.1.0.aar (androidx.loader:loader:1.1.0) with IdentityTransform
Transforming loader-1.1.0.aar (androidx.loader:loader:1.1.0) with AarToClassTransform
Transforming loader-1.1.0.aar (androidx.loader:loader:1.1.0) with IdentityTransform
Transforming emoji2-views-helper-1.4.0.aar (androidx.emoji2:emoji2-views-helper:1.4.0) with AarToClassTransform
Transforming emoji2-views-helper-1.4.0.aar (androidx.emoji2:emoji2-views-helper:1.4.0) with IdentityTransform
Transforming emoji2-1.4.0.aar (androidx.emoji2:emoji2:1.4.0) with AarToClassTransform
Transforming emoji2-1.4.0.aar (androidx.emoji2:emoji2:1.4.0) with IdentityTransform
Transforming lifecycle-viewmodel-savedstate-release.aar (androidx.lifecycle:lifecycle-viewmodel-savedstate-android:2.9.0) with AarToClassTransform
Transforming lifecycle-viewmodel-savedstate-release.aar (androidx.lifecycle:lifecycle-viewmodel-savedstate-android:2.9.0) with IdentityTransform
Transforming lifecycle-viewmodel-2.9.0.aar (androidx.lifecycle:lifecycle-viewmodel:2.9.0) with AarToClassTransform
Transforming lifecycle-viewmodel-2.9.0.aar (androidx.lifecycle:lifecycle-viewmodel:2.9.0) with IdentityTransform
Transforming lifecycle-viewmodel-release.aar (androidx.lifecycle:lifecycle-viewmodel-android:2.9.0) with AarToClassTransform
Transforming lifecycle-viewmodel-release.aar (androidx.lifecycle:lifecycle-viewmodel-android:2.9.0) with IdentityTransform
Transforming lifecycle-runtime-ktx.aar (androidx.lifecycle:lifecycle-runtime-ktx-android:2.9.0) with AarToClassTransform
Transforming lifecycle-runtime-ktx.aar (androidx.lifecycle:lifecycle-runtime-ktx-android:2.9.0) with IdentityTransform
Transforming lifecycle-runtime-release.aar (androidx.lifecycle:lifecycle-runtime-android:2.9.0) with AarToClassTransform
Transforming lifecycle-runtime-release.aar (androidx.lifecycle:lifecycle-runtime-android:2.9.0) with IdentityTransform
Transforming lifecycle-viewmodel-ktx-2.9.0.aar (androidx.lifecycle:lifecycle-viewmodel-ktx:2.9.0) with AarToClassTransform
Transforming lifecycle-viewmodel-ktx-2.9.0.aar (androidx.lifecycle:lifecycle-viewmodel-ktx:2.9.0) with IdentityTransform
Transforming lifecycle-process-2.9.0.aar (androidx.lifecycle:lifecycle-process:2.9.0) with AarToClassTransform
Transforming lifecycle-process-2.9.0.aar (androidx.lifecycle:lifecycle-process:2.9.0) with IdentityTransform
Transforming lifecycle-livedata-core-2.9.0.aar (androidx.lifecycle:lifecycle-livedata-core:2.9.0) with AarToClassTransform
Transforming lifecycle-livedata-core-2.9.0.aar (androidx.lifecycle:lifecycle-livedata-core:2.9.0) with IdentityTransform
Transforming navigation-common-ktx-2.8.5.aar (androidx.navigation:navigation-common-ktx:2.8.5) with DexingNoClasspathTransform
Transforming lifecycle-livedata-core-2.9.0.aar (androidx.lifecycle:lifecycle-livedata-core:2.9.0) with AarToClassTransform
Transforming lifecycle-livedata-core-2.9.0.aar (androidx.lifecycle:lifecycle-livedata-core:2.9.0) with IdentityTransform
Transforming lifecycle-common-java8-2.9.0.jar (androidx.lifecycle:lifecycle-common-java8:2.9.0) with IdentityTransform
Transforming lifecycle-common-java8-2.9.0.jar (androidx.lifecycle:lifecycle-common-java8:2.9.0) with IdentityTransform
Transforming lifecycle-common-java8-2.9.0.jar (androidx.lifecycle:lifecycle-common-java8:2.9.0) with DexingNoClasspathTransform
Transforming lifecycle-runtime-compose-release.aar (androidx.lifecycle:lifecycle-runtime-compose-android:2.9.0) with AarToClassTransform
Transforming lifecycle-runtime-compose-release.aar (androidx.lifecycle:lifecycle-runtime-compose-android:2.9.0) with IdentityTransform
Transforming runtime.aar (androidx.compose.runtime:runtime-android:1.9.0) with AarToClassTransform
Transforming runtime.aar (androidx.compose.runtime:runtime-android:1.9.0) with IdentityTransform
Transforming kotlinx-coroutines-android-1.8.1.jar (org.jetbrains.kotlinx:kotlinx-coroutines-android:1.8.1) with IdentityTransform
Transforming kotlinx-coroutines-android-1.8.1.jar (org.jetbrains.kotlinx:kotlinx-coroutines-android:1.8.1) with IdentityTransform
Transforming kotlinx-coroutines-android-1.8.1.jar (org.jetbrains.kotlinx:kotlinx-coroutines-android:1.8.1) with DexingNoClasspathTransform
Transforming ktor-client-okhttp-jvm-2.3.2.jar (io.ktor:ktor-client-okhttp-jvm:2.3.2) with IdentityTransform
Transforming ktor-client-okhttp-jvm-2.3.2.jar (io.ktor:ktor-client-okhttp-jvm:2.3.2) with IdentityTransform
Transforming ktor-client-okhttp-jvm-2.3.2.jar (io.ktor:ktor-client-okhttp-jvm:2.3.2) with DexingNoClasspathTransform
Transforming ktor-client-content-negotiation-jvm-2.3.2.jar (io.ktor:ktor-client-content-negotiation-jvm:2.3.2) with IdentityTransform
Transforming ktor-client-content-negotiation-jvm-2.3.2.jar (io.ktor:ktor-client-content-negotiation-jvm:2.3.2) with IdentityTransform
Transforming ktor-client-content-negotiation-jvm-2.3.2.jar (io.ktor:ktor-client-content-negotiation-jvm:2.3.2) with DexingNoClasspathTransform
Transforming ktor-client-logging-jvm-2.3.2.jar (io.ktor:ktor-client-logging-jvm:2.3.2) with IdentityTransform
Transforming ktor-client-logging-jvm-2.3.2.jar (io.ktor:ktor-client-logging-jvm:2.3.2) with IdentityTransform
Transforming ktor-client-logging-jvm-2.3.2.jar (io.ktor:ktor-client-logging-jvm:2.3.2) with DexingNoClasspathTransform
Transforming ktor-client-core-jvm-2.3.2.jar (io.ktor:ktor-client-core-jvm:2.3.2) with IdentityTransform
Transforming ktor-client-core-jvm-2.3.2.jar (io.ktor:ktor-client-core-jvm:2.3.2) with IdentityTransform
Transforming ktor-client-core-jvm-2.3.2.jar (io.ktor:ktor-client-core-jvm:2.3.2) with DexingNoClasspathTransform
Transforming ktor-serialization-kotlinx-json-jvm-2.3.2.jar (io.ktor:ktor-serialization-kotlinx-json-jvm:2.3.2) with IdentityTransform
Transforming ktor-serialization-kotlinx-json-jvm-2.3.2.jar (io.ktor:ktor-serialization-kotlinx-json-jvm:2.3.2) with IdentityTransform
Transforming ktor-serialization-kotlinx-json-jvm-2.3.2.jar (io.ktor:ktor-serialization-kotlinx-json-jvm:2.3.2) with DexingNoClasspathTransform
Transforming ktor-events-jvm-2.3.2.jar (io.ktor:ktor-events-jvm:2.3.2) with IdentityTransform
Transforming ktor-events-jvm-2.3.2.jar (io.ktor:ktor-events-jvm:2.3.2) with IdentityTransform
Transforming ktor-events-jvm-2.3.2.jar (io.ktor:ktor-events-jvm:2.3.2) with DexingNoClasspathTransform
Transforming ktor-websocket-serialization-jvm-2.3.2.jar (io.ktor:ktor-websocket-serialization-jvm:2.3.2) with IdentityTransform
Transforming ktor-websocket-serialization-jvm-2.3.2.jar (io.ktor:ktor-websocket-serialization-jvm:2.3.2) with IdentityTransform
Transforming ktor-websocket-serialization-jvm-2.3.2.jar (io.ktor:ktor-websocket-serialization-jvm:2.3.2) with DexingNoClasspathTransform
Transforming ktor-serialization-kotlinx-jvm-2.3.2.jar (io.ktor:ktor-serialization-kotlinx-jvm:2.3.2) with IdentityTransform
Transforming ktor-serialization-kotlinx-jvm-2.3.2.jar (io.ktor:ktor-serialization-kotlinx-jvm:2.3.2) with IdentityTransform
Transforming ktor-serialization-kotlinx-jvm-2.3.2.jar (io.ktor:ktor-serialization-kotlinx-jvm:2.3.2) with DexingNoClasspathTransform
Transforming ktor-serialization-jvm-2.3.2.jar (io.ktor:ktor-serialization-jvm:2.3.2) with IdentityTransform
Transforming ktor-serialization-jvm-2.3.2.jar (io.ktor:ktor-serialization-jvm:2.3.2) with IdentityTransform
Transforming ktor-serialization-jvm-2.3.2.jar (io.ktor:ktor-serialization-jvm:2.3.2) with DexingNoClasspathTransform
Transforming ktor-websockets-jvm-2.3.2.jar (io.ktor:ktor-websockets-jvm:2.3.2) with IdentityTransform
Transforming ktor-websockets-jvm-2.3.2.jar (io.ktor:ktor-websockets-jvm:2.3.2) with IdentityTransform
Transforming ktor-websockets-jvm-2.3.2.jar (io.ktor:ktor-websockets-jvm:2.3.2) with DexingNoClasspathTransform
Transforming ktor-http-jvm-2.3.2.jar (io.ktor:ktor-http-jvm:2.3.2) with IdentityTransform
Transforming ktor-http-jvm-2.3.2.jar (io.ktor:ktor-http-jvm:2.3.2) with IdentityTransform
Transforming ktor-http-jvm-2.3.2.jar (io.ktor:ktor-http-jvm:2.3.2) with DexingNoClasspathTransform
Transforming ktor-utils-jvm-2.3.2.jar (io.ktor:ktor-utils-jvm:2.3.2) with IdentityTransform
Transforming ktor-utils-jvm-2.3.2.jar (io.ktor:ktor-utils-jvm:2.3.2) with IdentityTransform
Transforming ktor-utils-jvm-2.3.2.jar (io.ktor:ktor-utils-jvm:2.3.2) with DexingNoClasspathTransform
Transforming navigation-compose-2.8.5.aar (androidx.navigation:navigation-compose:2.8.5) with DexingNoClasspathTransform
Transforming ktor-io-jvm-2.3.2.jar (io.ktor:ktor-io-jvm:2.3.2) with IdentityTransform
Transforming ktor-io-jvm-2.3.2.jar (io.ktor:ktor-io-jvm:2.3.2) with IdentityTransform
Transforming ktor-io-jvm-2.3.2.jar (io.ktor:ktor-io-jvm:2.3.2) with DexingNoClasspathTransform
Transforming kotlinx-coroutines-jdk8-1.8.1.jar (org.jetbrains.kotlinx:kotlinx-coroutines-jdk8:1.8.1) with IdentityTransform
Transforming kotlinx-coroutines-jdk8-1.8.1.jar (org.jetbrains.kotlinx:kotlinx-coroutines-jdk8:1.8.1) with IdentityTransform
Transforming kotlinx-coroutines-jdk8-1.8.1.jar (org.jetbrains.kotlinx:kotlinx-coroutines-jdk8:1.8.1) with DexingNoClasspathTransform
Transforming kotlinx-coroutines-reactive-1.8.1.jar (org.jetbrains.kotlinx:kotlinx-coroutines-reactive:1.8.1) with IdentityTransform
Transforming kotlinx-coroutines-reactive-1.8.1.jar (org.jetbrains.kotlinx:kotlinx-coroutines-reactive:1.8.1) with IdentityTransform
Transforming navigation-runtime-ktx-2.8.5.aar (androidx.navigation:navigation-runtime-ktx:2.8.5) with DexingNoClasspathTransform
Transforming kotlinx-coroutines-reactive-1.8.1.jar (org.jetbrains.kotlinx:kotlinx-coroutines-reactive:1.8.1) with DexingNoClasspathTransform
Transforming accompanist-drawablepainter-0.32.0.aar (com.google.accompanist:accompanist-drawablepainter:0.32.0) with DexingNoClasspathTransform
Transforming kotlinx-coroutines-slf4j-1.8.1.jar (org.jetbrains.kotlinx:kotlinx-coroutines-slf4j:1.8.1) with IdentityTransform
Transforming kotlinx-coroutines-slf4j-1.8.1.jar (org.jetbrains.kotlinx:kotlinx-coroutines-slf4j:1.8.1) with IdentityTransform
Transforming kotlinx-coroutines-slf4j-1.8.1.jar (org.jetbrains.kotlinx:kotlinx-coroutines-slf4j:1.8.1) with DexingNoClasspathTransform
Transforming browser-1.4.0.aar (androidx.browser:browser:1.4.0) with AarToClassTransform
Transforming browser-1.4.0.aar (androidx.browser:browser:1.4.0) with IdentityTransform
Transforming profileinstaller-1.4.0.aar (androidx.profileinstaller:profileinstaller:1.4.0) with AarToClassTransform
Transforming profileinstaller-1.4.0.aar (androidx.profileinstaller:profileinstaller:1.4.0) with IdentityTransform
Transforming material-icons-extended-release.aar (androidx.compose.material:material-icons-extended-android:1.7.2) with DexingNoClasspathTransform
Transforming concurrent-futures-1.2.0-alpha03.jar (androidx.concurrent:concurrent-futures:1.2.0-alpha03) with IdentityTransform
Transforming concurrent-futures-1.2.0-alpha03.jar (androidx.concurrent:concurrent-futures:1.2.0-alpha03) with IdentityTransform
Transforming concurrent-futures-1.2.0-alpha03.jar (androidx.concurrent:concurrent-futures:1.2.0-alpha03) with DexingNoClasspathTransform
Transforming material3.aar (androidx.compose.material3:material3-android:1.4.0) with DexingNoClasspathTransform
Transforming concurrent-futures-ktx-1.2.0-alpha03.jar (androidx.concurrent:concurrent-futures-ktx:1.2.0-alpha03) with IdentityTransform
Transforming concurrent-futures-ktx-1.2.0-alpha03.jar (androidx.concurrent:concurrent-futures-ktx:1.2.0-alpha03) with IdentityTransform
Transforming material-icons-core-release.aar (androidx.compose.material:material-icons-core-android:1.7.2) with DexingNoClasspathTransform
Transforming concurrent-futures-ktx-1.2.0-alpha03.jar (androidx.concurrent:concurrent-futures-ktx:1.2.0-alpha03) with DexingNoClasspathTransform
Transforming kotlinx-coroutines-core-jvm-1.8.1.jar (org.jetbrains.kotlinx:kotlinx-coroutines-core-jvm:1.8.1) with IdentityTransform
Transforming kotlinx-coroutines-core-jvm-1.8.1.jar (org.jetbrains.kotlinx:kotlinx-coroutines-core-jvm:1.8.1) with IdentityTransform
Transforming kotlinx-coroutines-core-jvm-1.8.1.jar (org.jetbrains.kotlinx:kotlinx-coroutines-core-jvm:1.8.1) with DexingNoClasspathTransform
Transforming kotlinx-coroutines-play-services-1.8.1.jar (org.jetbrains.kotlinx:kotlinx-coroutines-play-services:1.8.1) with IdentityTransform
Transforming kotlinx-coroutines-play-services-1.8.1.jar (org.jetbrains.kotlinx:kotlinx-coroutines-play-services:1.8.1) with IdentityTransform
Transforming kotlinx-coroutines-play-services-1.8.1.jar (org.jetbrains.kotlinx:kotlinx-coroutines-play-services:1.8.1) with DexingNoClasspathTransform
Transforming play-services-tasks-18.2.0.aar (com.google.android.gms:play-services-tasks:18.2.0) with AarToClassTransform
Transforming play-services-tasks-18.2.0.aar (com.google.android.gms:play-services-tasks:18.2.0) with IdentityTransform
Transforming play-services-tasks-18.2.0.aar (com.google.android.gms:play-services-tasks:18.2.0) with AarToClassTransform
Transforming ui-tooling-data-release.aar (androidx.compose.ui:ui-tooling-data-android:1.8.2) with DexingNoClasspathTransform
Transforming ui-tooling-preview-release.aar (androidx.compose.ui:ui-tooling-preview-android:1.8.2) with DexingNoClasspathTransform
Transforming play-services-tasks-18.2.0.aar (com.google.android.gms:play-services-tasks:18.2.0) with IdentityTransform
Transforming play-services-tasks-18.2.0.aar (com.google.android.gms:play-services-tasks:18.2.0) with AarToClassTransform
Transforming play-services-tasks-18.2.0.aar (com.google.android.gms:play-services-tasks:18.2.0) with IdentityTransform
Transforming play-services-tasks-18.2.0.aar (com.google.android.gms:play-services-tasks:18.2.0) with AarToClassTransform
Transforming play-services-tasks-18.2.0.aar (com.google.android.gms:play-services-tasks:18.2.0) with IdentityTransform
Transforming play-services-tasks-18.2.0.aar (com.google.android.gms:play-services-tasks:18.2.0) with AarToClassTransform
Transforming play-services-tasks-18.2.0.aar (com.google.android.gms:play-services-tasks:18.2.0) with IdentityTransform
Transforming play-services-tasks-18.2.0.aar (com.google.android.gms:play-services-tasks:18.2.0) with AarToClassTransform
Transforming play-services-tasks-18.2.0.aar (com.google.android.gms:play-services-tasks:18.2.0) with IdentityTransform
Transforming play-services-tasks-18.2.0.aar (com.google.android.gms:play-services-tasks:18.2.0) with AarToClassTransform
Transforming play-services-tasks-18.2.0.aar (com.google.android.gms:play-services-tasks:18.2.0) with IdentityTransform
Transforming play-services-tasks-18.2.0.aar (com.google.android.gms:play-services-tasks:18.2.0) with AarToClassTransform
Transforming play-services-tasks-18.2.0.aar (com.google.android.gms:play-services-tasks:18.2.0) with IdentityTransform
Transforming play-services-tasks-18.2.0.aar (com.google.android.gms:play-services-tasks:18.2.0) with AarToClassTransform
Transforming foundation-release.aar (androidx.compose.foundation:foundation-android:1.8.2) with DexingNoClasspathTransform
Transforming play-services-tasks-18.2.0.aar (com.google.android.gms:play-services-tasks:18.2.0) with IdentityTransform
Transforming play-services-tasks-18.2.0.aar (com.google.android.gms:play-services-tasks:18.2.0) with AarToClassTransform
Transforming play-services-tasks-18.2.0.aar (com.google.android.gms:play-services-tasks:18.2.0) with IdentityTransform
Transforming play-services-tasks-18.2.0.aar (com.google.android.gms:play-services-tasks:18.2.0) with AarToClassTransform
Transforming play-services-tasks-18.2.0.aar (com.google.android.gms:play-services-tasks:18.2.0) with IdentityTransform
Transforming play-services-tasks-18.2.0.aar (com.google.android.gms:play-services-tasks:18.2.0) with AarToClassTransform
Transforming play-services-tasks-18.2.0.aar (com.google.android.gms:play-services-tasks:18.2.0) with IdentityTransform
Transforming play-services-tasks-18.2.0.aar (com.google.android.gms:play-services-tasks:18.2.0) with AarToClassTransform
Transforming play-services-tasks-18.2.0.aar (com.google.android.gms:play-services-tasks:18.2.0) with IdentityTransform
Transforming play-services-tasks-18.2.0.aar (com.google.android.gms:play-services-tasks:18.2.0) with AarToClassTransform
Transforming play-services-tasks-18.2.0.aar (com.google.android.gms:play-services-tasks:18.2.0) with IdentityTransform
Transforming play-services-tasks-18.2.0.aar (com.google.android.gms:play-services-tasks:18.2.0) with AarToClassTransform
Transforming play-services-tasks-18.2.0.aar (com.google.android.gms:play-services-tasks:18.2.0) with IdentityTransform
Transforming play-services-tasks-18.2.0.aar (com.google.android.gms:play-services-tasks:18.2.0) with AarToClassTransform
Transforming play-services-tasks-18.2.0.aar (com.google.android.gms:play-services-tasks:18.2.0) with IdentityTransform
Transforming play-services-tasks-18.2.0.aar (com.google.android.gms:play-services-tasks:18.2.0) with AarToClassTransform
Transforming play-services-tasks-18.2.0.aar (com.google.android.gms:play-services-tasks:18.2.0) with IdentityTransform
Transforming play-services-tasks-18.2.0.aar (com.google.android.gms:play-services-tasks:18.2.0) with AarToClassTransform
Transforming play-services-tasks-18.2.0.aar (com.google.android.gms:play-services-tasks:18.2.0) with IdentityTransform
Transforming play-services-tasks-18.2.0.aar (com.google.android.gms:play-services-tasks:18.2.0) with AarToClassTransform
Transforming play-services-tasks-18.2.0.aar (com.google.android.gms:play-services-tasks:18.2.0) with IdentityTransform
Transforming play-services-tasks-18.2.0.aar (com.google.android.gms:play-services-tasks:18.2.0) with AarToClassTransform
Transforming play-services-tasks-18.2.0.aar (com.google.android.gms:play-services-tasks:18.2.0) with IdentityTransform
Transforming play-services-tasks-18.2.0.aar (com.google.android.gms:play-services-tasks:18.2.0) with AarToClassTransform
Transforming play-services-tasks-18.2.0.aar (com.google.android.gms:play-services-tasks:18.2.0) with IdentityTransform
Transforming play-services-tasks-18.2.0.aar (com.google.android.gms:play-services-tasks:18.2.0) with AarToClassTransform
Transforming play-services-tasks-18.2.0.aar (com.google.android.gms:play-services-tasks:18.2.0) with IdentityTransform
Transforming firebase-measurement-connector-19.0.0.aar (com.google.firebase:firebase-measurement-connector:19.0.0) with AarToClassTransform
Transforming firebase-measurement-connector-19.0.0.aar (com.google.firebase:firebase-measurement-connector:19.0.0) with IdentityTransform
Transforming play-services-basement-18.4.0.aar (com.google.android.gms:play-services-basement:18.4.0) with AarToClassTransform
Transforming play-services-basement-18.4.0.aar (com.google.android.gms:play-services-basement:18.4.0) with IdentityTransform
Transforming play-services-basement-18.4.0.aar (com.google.android.gms:play-services-basement:18.4.0) with AarToClassTransform
Transforming play-services-basement-18.4.0.aar (com.google.android.gms:play-services-basement:18.4.0) with IdentityTransform
Transforming play-services-basement-18.4.0.aar (com.google.android.gms:play-services-basement:18.4.0) with AarToClassTransform
Transforming play-services-basement-18.4.0.aar (com.google.android.gms:play-services-basement:18.4.0) with IdentityTransform
Transforming play-services-basement-18.4.0.aar (com.google.android.gms:play-services-basement:18.4.0) with AarToClassTransform
Transforming play-services-basement-18.4.0.aar (com.google.android.gms:play-services-basement:18.4.0) with IdentityTransform
Transforming play-services-basement-18.4.0.aar (com.google.android.gms:play-services-basement:18.4.0) with AarToClassTransform
Transforming play-services-basement-18.4.0.aar (com.google.android.gms:play-services-basement:18.4.0) with IdentityTransform
Transforming play-services-basement-18.4.0.aar (com.google.android.gms:play-services-basement:18.4.0) with AarToClassTransform
Transforming play-services-basement-18.4.0.aar (com.google.android.gms:play-services-basement:18.4.0) with IdentityTransform
Transforming play-services-basement-18.4.0.aar (com.google.android.gms:play-services-basement:18.4.0) with AarToClassTransform
Transforming play-services-basement-18.4.0.aar (com.google.android.gms:play-services-basement:18.4.0) with IdentityTransform
Transforming play-services-basement-18.4.0.aar (com.google.android.gms:play-services-basement:18.4.0) with AarToClassTransform
Transforming play-services-basement-18.4.0.aar (com.google.android.gms:play-services-basement:18.4.0) with IdentityTransform
Transforming play-services-basement-18.4.0.aar (com.google.android.gms:play-services-basement:18.4.0) with AarToClassTransform
Transforming play-services-basement-18.4.0.aar (com.google.android.gms:play-services-basement:18.4.0) with IdentityTransform
Transforming play-services-basement-18.4.0.aar (com.google.android.gms:play-services-basement:18.4.0) with AarToClassTransform
Transforming play-services-basement-18.4.0.aar (com.google.android.gms:play-services-basement:18.4.0) with IdentityTransform
Transforming play-services-basement-18.4.0.aar (com.google.android.gms:play-services-basement:18.4.0) with AarToClassTransform
Transforming play-services-basement-18.4.0.aar (com.google.android.gms:play-services-basement:18.4.0) with IdentityTransform
Transforming play-services-basement-18.4.0.aar (com.google.android.gms:play-services-basement:18.4.0) with AarToClassTransform
Transforming play-services-basement-18.4.0.aar (com.google.android.gms:play-services-basement:18.4.0) with IdentityTransform
Transforming play-services-basement-18.4.0.aar (com.google.android.gms:play-services-basement:18.4.0) with AarToClassTransform
Transforming play-services-basement-18.4.0.aar (com.google.android.gms:play-services-basement:18.4.0) with IdentityTransform
Transforming play-services-basement-18.4.0.aar (com.google.android.gms:play-services-basement:18.4.0) with AarToClassTransform
Transforming play-services-basement-18.4.0.aar (com.google.android.gms:play-services-basement:18.4.0) with IdentityTransform
Transforming foundation-layout-release.aar (androidx.compose.foundation:foundation-layout-android:1.8.2) with DexingNoClasspathTransform
Transforming play-services-basement-18.4.0.aar (com.google.android.gms:play-services-basement:18.4.0) with AarToClassTransform
Transforming play-services-basement-18.4.0.aar (com.google.android.gms:play-services-basement:18.4.0) with IdentityTransform
Transforming play-services-basement-18.4.0.aar (com.google.android.gms:play-services-basement:18.4.0) with AarToClassTransform
Transforming play-services-basement-18.4.0.aar (com.google.android.gms:play-services-basement:18.4.0) with IdentityTransform
Transforming play-services-basement-18.4.0.aar (com.google.android.gms:play-services-basement:18.4.0) with AarToClassTransform
Transforming play-services-basement-18.4.0.aar (com.google.android.gms:play-services-basement:18.4.0) with IdentityTransform
Transforming play-services-basement-18.4.0.aar (com.google.android.gms:play-services-basement:18.4.0) with AarToClassTransform
Transforming play-services-basement-18.4.0.aar (com.google.android.gms:play-services-basement:18.4.0) with IdentityTransform
Transforming play-services-basement-18.4.0.aar (com.google.android.gms:play-services-basement:18.4.0) with AarToClassTransform
Transforming play-services-basement-18.4.0.aar (com.google.android.gms:play-services-basement:18.4.0) with IdentityTransform
Transforming recyclerview-1.3.1.aar (androidx.recyclerview:recyclerview:1.3.1) with AarToClassTransform
Transforming recyclerview-1.3.1.aar (androidx.recyclerview:recyclerview:1.3.1) with IdentityTransform
Transforming viewpager2-1.1.0.aar (androidx.viewpager2:viewpager2:1.1.0) with AarToClassTransform
Transforming viewpager2-1.1.0.aar (androidx.viewpager2:viewpager2:1.1.0) with IdentityTransform
Transforming animation-core-release.aar (androidx.compose.animation:animation-core-android:1.8.2) with DexingNoClasspathTransform
Transforming fragment-1.5.7.aar (androidx.fragment:fragment:1.5.7) with AarToClassTransform
Transforming fragment-1.5.7.aar (androidx.fragment:fragment:1.5.7) with IdentityTransform
Transforming fragment-1.5.7.aar (androidx.fragment:fragment:1.5.7) with AarToClassTransform
Transforming fragment-1.5.7.aar (androidx.fragment:fragment:1.5.7) with IdentityTransform
Transforming fragment-1.5.7.aar (androidx.fragment:fragment:1.5.7) with AarToClassTransform
Transforming fragment-1.5.7.aar (androidx.fragment:fragment:1.5.7) with IdentityTransform
Transforming fragment-1.5.7.aar (androidx.fragment:fragment:1.5.7) with AarToClassTransform
Transforming fragment-1.5.7.aar (androidx.fragment:fragment:1.5.7) with IdentityTransform
Transforming fragment-1.5.7.aar (androidx.fragment:fragment:1.5.7) with AarToClassTransform
Transforming fragment-1.5.7.aar (androidx.fragment:fragment:1.5.7) with IdentityTransform
Transforming fragment-1.5.7.aar (androidx.fragment:fragment:1.5.7) with AarToClassTransform
Transforming fragment-1.5.7.aar (androidx.fragment:fragment:1.5.7) with IdentityTransform
Transforming savedstate-release.aar (androidx.savedstate:savedstate-android:1.3.0) with AarToClassTransform
Transforming savedstate-release.aar (androidx.savedstate:savedstate-android:1.3.0) with IdentityTransform
Transforming lifecycle-common-jvm-2.9.0.jar (androidx.lifecycle:lifecycle-common-jvm:2.9.0) with IdentityTransform
Transforming lifecycle-common-jvm-2.9.0.jar (androidx.lifecycle:lifecycle-common-jvm:2.9.0) with IdentityTransform
Transforming lifecycle-common-jvm-2.9.0.jar (androidx.lifecycle:lifecycle-common-jvm:2.9.0) with DexingNoClasspathTransform
Transforming lifecycle-viewmodel-compose-release.aar (androidx.lifecycle:lifecycle-viewmodel-compose-android:2.9.0) with AarToClassTransform
Transforming lifecycle-viewmodel-compose-release.aar (androidx.lifecycle:lifecycle-viewmodel-compose-android:2.9.0) with IdentityTransform
Transforming animation-release.aar (androidx.compose.animation:animation-android:1.8.2) with DexingNoClasspathTransform
Transforming ui-release.aar (androidx.compose.ui:ui-android:1.8.2) with AarToClassTransform
Transforming ui-release.aar (androidx.compose.ui:ui-android:1.8.2) with IdentityTransform
Transforming ui-geometry-release.aar (androidx.compose.ui:ui-geometry-android:1.8.2) with DexingNoClasspathTransform
Transforming activity-ktx-1.9.3.aar (androidx.activity:activity-ktx:1.9.3) with AarToClassTransform
Transforming activity-ktx-1.9.3.aar (androidx.activity:activity-ktx:1.9.3) with IdentityTransform
Transforming activity-compose-1.9.3.aar (androidx.activity:activity-compose:1.9.3) with AarToClassTransform
Transforming activity-compose-1.9.3.aar (androidx.activity:activity-compose:1.9.3) with IdentityTransform
Transforming activity-1.9.3.aar (androidx.activity:activity:1.9.3) with AarToClassTransform
Transforming activity-1.9.3.aar (androidx.activity:activity:1.9.3) with IdentityTransform
Transforming vectordrawable-animated-1.1.0.aar (androidx.vectordrawable:vectordrawable-animated:1.1.0) with AarToClassTransform
Transforming vectordrawable-animated-1.1.0.aar (androidx.vectordrawable:vectordrawable-animated:1.1.0) with IdentityTransform
Transforming vectordrawable-1.1.0.aar (androidx.vectordrawable:vectordrawable:1.1.0) with AarToClassTransform
Transforming vectordrawable-1.1.0.aar (androidx.vectordrawable:vectordrawable:1.1.0) with IdentityTransform
Transforming vectordrawable-1.1.0.aar (androidx.vectordrawable:vectordrawable:1.1.0) with AarToClassTransform
Transforming vectordrawable-1.1.0.aar (androidx.vectordrawable:vectordrawable:1.1.0) with IdentityTransform
Transforming viewpager-1.0.0.aar (androidx.viewpager:viewpager:1.0.0) with AarToClassTransform
Transforming viewpager-1.0.0.aar (androidx.viewpager:viewpager:1.0.0) with IdentityTransform
Transforming customview-1.0.0.aar (androidx.customview:customview:1.0.0) with AarToClassTransform
Transforming customview-1.0.0.aar (androidx.customview:customview:1.0.0) with IdentityTransform
Transforming customview-1.0.0.aar (androidx.customview:customview:1.0.0) with AarToClassTransform
Transforming customview-1.0.0.aar (androidx.customview:customview:1.0.0) with IdentityTransform
Transforming customview-1.0.0.aar (androidx.customview:customview:1.0.0) with AarToClassTransform
Transforming customview-1.0.0.aar (androidx.customview:customview:1.0.0) with IdentityTransform
Transforming autofill-1.0.0.aar (androidx.autofill:autofill:1.0.0) with AarToClassTransform
Transforming autofill-1.0.0.aar (androidx.autofill:autofill:1.0.0) with IdentityTransform
Transforming graphics-path-1.0.1.aar (androidx.graphics:graphics-path:1.0.1) with AarToClassTransform
Transforming graphics-path-1.0.1.aar (androidx.graphics:graphics-path:1.0.1) with IdentityTransform
Transforming core-1.13.1.aar (androidx.core:core:1.13.1) with AarToClassTransform
Transforming core-1.13.1.aar (androidx.core:core:1.13.1) with IdentityTransform
Transforming core-1.13.1.aar (androidx.core:core:1.13.1) with AarToClassTransform
Transforming core-1.13.1.aar (androidx.core:core:1.13.1) with IdentityTransform
Transforming core-1.13.1.aar (androidx.core:core:1.13.1) with AarToClassTransform
Transforming core-1.13.1.aar (androidx.core:core:1.13.1) with IdentityTransform
Transforming core-1.13.1.aar (androidx.core:core:1.13.1) with AarToClassTransform
Transforming core-1.13.1.aar (androidx.core:core:1.13.1) with IdentityTransform
Transforming core-1.13.1.aar (androidx.core:core:1.13.1) with AarToClassTransform
Transforming core-1.13.1.aar (androidx.core:core:1.13.1) with IdentityTransform
Transforming core-1.13.1.aar (androidx.core:core:1.13.1) with AarToClassTransform
Transforming core-1.13.1.aar (androidx.core:core:1.13.1) with IdentityTransform
Transforming core-1.13.1.aar (androidx.core:core:1.13.1) with AarToClassTransform
Transforming core-1.13.1.aar (androidx.core:core:1.13.1) with IdentityTransform
Transforming core-1.13.1.aar (androidx.core:core:1.13.1) with AarToClassTransform
Transforming core-1.13.1.aar (androidx.core:core:1.13.1) with IdentityTransform
Transforming core-1.13.1.aar (androidx.core:core:1.13.1) with AarToClassTransform
Transforming core-1.13.1.aar (androidx.core:core:1.13.1) with IdentityTransform
Transforming core-1.13.1.aar (androidx.core:core:1.13.1) with AarToClassTransform
Transforming core-1.13.1.aar (androidx.core:core:1.13.1) with IdentityTransform
Transforming core-1.13.1.aar (androidx.core:core:1.13.1) with AarToClassTransform
Transforming core-1.13.1.aar (androidx.core:core:1.13.1) with IdentityTransform
Transforming customview-poolingcontainer-1.0.0.aar (androidx.customview:customview-poolingcontainer:1.0.0) with AarToClassTransform
Transforming customview-poolingcontainer-1.0.0.aar (androidx.customview:customview-poolingcontainer:1.0.0) with IdentityTransform
Transforming core-ktx-1.13.1.aar (androidx.core:core-ktx:1.13.1) with AarToClassTransform
Transforming core-ktx-1.13.1.aar (androidx.core:core-ktx:1.13.1) with IdentityTransform
Transforming annotation-experimental-1.4.1.aar (androidx.annotation:annotation-experimental:1.4.1) with AarToClassTransform
Transforming annotation-experimental-1.4.1.aar (androidx.annotation:annotation-experimental:1.4.1) with IdentityTransform
Transforming logging-interceptor-4.12.0.jar (com.squareup.okhttp3:logging-interceptor:4.12.0) with IdentityTransform
Transforming logging-interceptor-4.12.0.jar (com.squareup.okhttp3:logging-interceptor:4.12.0) with IdentityTransform
Transforming logging-interceptor-4.12.0.jar (com.squareup.okhttp3:logging-interceptor:4.12.0) with DexingNoClasspathTransform
Transforming converter-gson-2.9.0.jar (com.squareup.retrofit2:converter-gson:2.9.0) with IdentityTransform
Transforming converter-gson-2.9.0.jar (com.squareup.retrofit2:converter-gson:2.9.0) with IdentityTransform
Transforming converter-gson-2.9.0.jar (com.squareup.retrofit2:converter-gson:2.9.0) with DexingNoClasspathTransform
Transforming retrofit-2.9.0.jar (com.squareup.retrofit2:retrofit:2.9.0) with IdentityTransform
Transforming retrofit-2.9.0.jar (com.squareup.retrofit2:retrofit:2.9.0) with IdentityTransform
Transforming retrofit-2.9.0.jar (com.squareup.retrofit2:retrofit:2.9.0) with DexingNoClasspathTransform
Transforming okhttp-4.12.0.jar (com.squareup.okhttp3:okhttp:4.12.0) with IdentityTransform
Transforming okhttp-4.12.0.jar (com.squareup.okhttp3:okhttp:4.12.0) with IdentityTransform
Transforming okhttp-4.12.0.jar (com.squareup.okhttp3:okhttp:4.12.0) with DexingNoClasspathTransform
Transforming kotlin-stdlib-jdk8-1.9.0.jar (org.jetbrains.kotlin:kotlin-stdlib-jdk8:1.9.0) with IdentityTransform
Transforming kotlin-stdlib-jdk8-1.9.0.jar (org.jetbrains.kotlin:kotlin-stdlib-jdk8:1.9.0) with IdentityTransform
Transforming kotlin-stdlib-jdk8-1.9.0.jar (org.jetbrains.kotlin:kotlin-stdlib-jdk8:1.9.0) with DexingNoClasspathTransform
Transforming kotlin-stdlib-jdk7-1.9.0.jar (org.jetbrains.kotlin:kotlin-stdlib-jdk7:1.9.0) with IdentityTransform
Transforming kotlin-stdlib-jdk7-1.9.0.jar (org.jetbrains.kotlin:kotlin-stdlib-jdk7:1.9.0) with IdentityTransform
Transforming kotlin-stdlib-jdk7-1.9.0.jar (org.jetbrains.kotlin:kotlin-stdlib-jdk7:1.9.0) with DexingNoClasspathTransform
Transforming grpc-okhttp-1.62.2.jar (io.grpc:grpc-okhttp:1.62.2) with IdentityTransform
Transforming grpc-okhttp-1.62.2.jar (io.grpc:grpc-okhttp:1.62.2) with IdentityTransform
Transforming grpc-okhttp-1.62.2.jar (io.grpc:grpc-okhttp:1.62.2) with DexingNoClasspathTransform
Transforming okio-jvm-3.9.0.jar (com.squareup.okio:okio-jvm:3.9.0) with IdentityTransform
Transforming okio-jvm-3.9.0.jar (com.squareup.okio:okio-jvm:3.9.0) with IdentityTransform
Transforming okio-jvm-3.9.0.jar (com.squareup.okio:okio-jvm:3.9.0) with DexingNoClasspathTransform
Transforming versionedparcelable-1.1.1.aar (androidx.versionedparcelable:versionedparcelable:1.1.1) with AarToClassTransform
Transforming versionedparcelable-1.1.1.aar (androidx.versionedparcelable:versionedparcelable:1.1.1) with IdentityTransform
Transforming collection-ktx-1.5.0.jar (androidx.collection:collection-ktx:1.5.0) with IdentityTransform
Transforming collection-ktx-1.5.0.jar (androidx.collection:collection-ktx:1.5.0) with IdentityTransform
Transforming collection-ktx-1.5.0.jar (androidx.collection:collection-ktx:1.5.0) with DexingNoClasspathTransform
Transforming collection-jvm-1.5.0.jar (androidx.collection:collection-jvm:1.5.0) with IdentityTransform
Transforming collection-jvm-1.5.0.jar (androidx.collection:collection-jvm:1.5.0) with IdentityTransform
Transforming collection-jvm-1.5.0.jar (androidx.collection:collection-jvm:1.5.0) with DexingNoClasspathTransform
Transforming cursoradapter-1.0.0.aar (androidx.cursoradapter:cursoradapter:1.0.0) with AarToClassTransform
Transforming cursoradapter-1.0.0.aar (androidx.cursoradapter:cursoradapter:1.0.0) with IdentityTransform
Transforming resourceinspection-annotation-1.0.1.jar (androidx.resourceinspection:resourceinspection-annotation:1.0.1) with IdentityTransform
Transforming resourceinspection-annotation-1.0.1.jar (androidx.resourceinspection:resourceinspection-annotation:1.0.1) with IdentityTransform
Transforming resourceinspection-annotation-1.0.1.jar (androidx.resourceinspection:resourceinspection-annotation:1.0.1) with DexingNoClasspathTransform
Transforming ui-tooling-release.aar (androidx.compose.ui:ui-tooling-android:1.8.2) with DexingNoClasspathTransform
Transforming localbroadcastmanager-1.0.0.aar (androidx.localbroadcastmanager:localbroadcastmanager:1.0.0) with AarToClassTransform
Transforming localbroadcastmanager-1.0.0.aar (androidx.localbroadcastmanager:localbroadcastmanager:1.0.0) with IdentityTransform
Transforming localbroadcastmanager-1.0.0.aar (androidx.localbroadcastmanager:localbroadcastmanager:1.0.0) with AarToClassTransform
Transforming localbroadcastmanager-1.0.0.aar (androidx.localbroadcastmanager:localbroadcastmanager:1.0.0) with IdentityTransform
Transforming firebase-components-18.0.0.aar (com.google.firebase:firebase-components:18.0.0) with AarToClassTransform
Transforming firebase-components-18.0.0.aar (com.google.firebase:firebase-components:18.0.0) with IdentityTransform
Transforming firebase-components-18.0.0.aar (com.google.firebase:firebase-components:18.0.0) with AarToClassTransform
Transforming firebase-components-18.0.0.aar (com.google.firebase:firebase-components:18.0.0) with IdentityTransform
Transforming firebase-components-18.0.0.aar (com.google.firebase:firebase-components:18.0.0) with AarToClassTransform
Transforming firebase-components-18.0.0.aar (com.google.firebase:firebase-components:18.0.0) with IdentityTransform
Transforming firebase-components-18.0.0.aar (com.google.firebase:firebase-components:18.0.0) with AarToClassTransform
Transforming firebase-components-18.0.0.aar (com.google.firebase:firebase-components:18.0.0) with IdentityTransform
Transforming firebase-components-18.0.0.aar (com.google.firebase:firebase-components:18.0.0) with AarToClassTransform
Transforming firebase-components-18.0.0.aar (com.google.firebase:firebase-components:18.0.0) with IdentityTransform
Transforming firebase-components-18.0.0.aar (com.google.firebase:firebase-components:18.0.0) with AarToClassTransform
Transforming firebase-components-18.0.0.aar (com.google.firebase:firebase-components:18.0.0) with IdentityTransform
Transforming firebase-components-18.0.0.aar (com.google.firebase:firebase-components:18.0.0) with AarToClassTransform
Transforming firebase-components-18.0.0.aar (com.google.firebase:firebase-components:18.0.0) with IdentityTransform
Transforming firebase-components-18.0.0.aar (com.google.firebase:firebase-components:18.0.0) with AarToClassTransform
Transforming firebase-components-18.0.0.aar (com.google.firebase:firebase-components:18.0.0) with IdentityTransform
Transforming firebase-components-18.0.0.aar (com.google.firebase:firebase-components:18.0.0) with AarToClassTransform
Transforming firebase-components-18.0.0.aar (com.google.firebase:firebase-components:18.0.0) with IdentityTransform
Transforming interpolator-1.0.0.aar (androidx.interpolator:interpolator:1.0.0) with AarToClassTransform
Transforming interpolator-1.0.0.aar (androidx.interpolator:interpolator:1.0.0) with IdentityTransform
Transforming interpolator-1.0.0.aar (androidx.interpolator:interpolator:1.0.0) with AarToClassTransform
Transforming interpolator-1.0.0.aar (androidx.interpolator:interpolator:1.0.0) with IdentityTransform
Transforming startup-runtime-1.1.1.aar (androidx.startup:startup-runtime:1.1.1) with AarToClassTransform
Transforming startup-runtime-1.1.1.aar (androidx.startup:startup-runtime:1.1.1) with IdentityTransform
Transforming tracing-1.0.0.aar (androidx.tracing:tracing:1.0.0) with AarToClassTransform
Transforming tracing-1.0.0.aar (androidx.tracing:tracing:1.0.0) with IdentityTransform
Transforming firebase-datatransport-18.2.0.aar (com.google.firebase:firebase-datatransport:18.2.0) with AarToClassTransform
Transforming firebase-datatransport-18.2.0.aar (com.google.firebase:firebase-datatransport:18.2.0) with IdentityTransform
Transforming transport-backend-cct-3.1.9.aar (com.google.android.datatransport:transport-backend-cct:3.1.9) with AarToClassTransform
Transforming transport-backend-cct-3.1.9.aar (com.google.android.datatransport:transport-backend-cct:3.1.9) with IdentityTransform
Transforming transport-backend-cct-3.1.9.aar (com.google.android.datatransport:transport-backend-cct:3.1.9) with AarToClassTransform
Transforming transport-backend-cct-3.1.9.aar (com.google.android.datatransport:transport-backend-cct:3.1.9) with IdentityTransform
Transforming firebase-encoders-json-18.0.0.aar (com.google.firebase:firebase-encoders-json:18.0.0) with AarToClassTransform
Transforming material-release.aar (androidx.compose.material:material-android:1.7.2) with DexingNoClasspathTransform
Transforming firebase-encoders-json-18.0.0.aar (com.google.firebase:firebase-encoders-json:18.0.0) with IdentityTransform
Transforming firebase-encoders-json-18.0.0.aar (com.google.firebase:firebase-encoders-json:18.0.0) with AarToClassTransform
Transforming firebase-encoders-json-18.0.0.aar (com.google.firebase:firebase-encoders-json:18.0.0) with IdentityTransform
Transforming transport-runtime-3.1.9.aar (com.google.android.datatransport:transport-runtime:3.1.9) with AarToClassTransform
Transforming transport-runtime-3.1.9.aar (com.google.android.datatransport:transport-runtime:3.1.9) with IdentityTransform
Transforming transport-runtime-3.1.9.aar (com.google.android.datatransport:transport-runtime:3.1.9) with AarToClassTransform
Transforming transport-runtime-3.1.9.aar (com.google.android.datatransport:transport-runtime:3.1.9) with IdentityTransform
Transforming transport-runtime-3.1.9.aar (com.google.android.datatransport:transport-runtime:3.1.9) with AarToClassTransform
Transforming transport-runtime-3.1.9.aar (com.google.android.datatransport:transport-runtime:3.1.9) with IdentityTransform
Transforming firebase-encoders-proto-16.0.0.jar (com.google.firebase:firebase-encoders-proto:16.0.0) with IdentityTransform
Transforming firebase-encoders-proto-16.0.0.jar (com.google.firebase:firebase-encoders-proto:16.0.0) with IdentityTransform
Transforming firebase-encoders-proto-16.0.0.jar (com.google.firebase:firebase-encoders-proto:16.0.0) with DexingNoClasspathTransform
Transforming transport-api-3.1.0.aar (com.google.android.datatransport:transport-api:3.1.0) with AarToClassTransform
Transforming transport-api-3.1.0.aar (com.google.android.datatransport:transport-api:3.1.0) with IdentityTransform
Transforming transport-api-3.1.0.aar (com.google.android.datatransport:transport-api:3.1.0) with AarToClassTransform
Transforming transport-api-3.1.0.aar (com.google.android.datatransport:transport-api:3.1.0) with IdentityTransform
Transforming transport-api-3.1.0.aar (com.google.android.datatransport:transport-api:3.1.0) with AarToClassTransform
Transforming transport-api-3.1.0.aar (com.google.android.datatransport:transport-api:3.1.0) with IdentityTransform
Transforming transport-api-3.1.0.aar (com.google.android.datatransport:transport-api:3.1.0) with AarToClassTransform
Transforming transport-api-3.1.0.aar (com.google.android.datatransport:transport-api:3.1.0) with IdentityTransform
Transforming firebase-encoders-17.0.0.jar (com.google.firebase:firebase-encoders:17.0.0) with IdentityTransform
Transforming firebase-encoders-17.0.0.jar (com.google.firebase:firebase-encoders:17.0.0) with IdentityTransform
Transforming firebase-encoders-17.0.0.jar (com.google.firebase:firebase-encoders:17.0.0) with DexingNoClasspathTransform
Transforming exifinterface-1.3.7.aar (androidx.exifinterface:exifinterface:1.3.7) with AarToClassTransform
Transforming exifinterface-1.3.7.aar (androidx.exifinterface:exifinterface:1.3.7) with IdentityTransform
Transforming documentfile-1.0.0.aar (androidx.documentfile:documentfile:1.0.0) with AarToClassTransform
Transforming documentfile-1.0.0.aar (androidx.documentfile:documentfile:1.0.0) with IdentityTransform
Transforming print-1.0.0.aar (androidx.print:print:1.0.0) with AarToClassTransform
Transforming print-1.0.0.aar (androidx.print:print:1.0.0) with IdentityTransform
Transforming core-runtime-2.2.0.aar (androidx.arch.core:core-runtime:2.2.0) with AarToClassTransform
Transforming core-runtime-2.2.0.aar (androidx.arch.core:core-runtime:2.2.0) with IdentityTransform
Transforming core-common-2.2.0.jar (androidx.arch.core:core-common:2.2.0) with IdentityTransform
Transforming core-common-2.2.0.jar (androidx.arch.core:core-common:2.2.0) with IdentityTransform
Transforming core-common-2.2.0.jar (androidx.arch.core:core-common:2.2.0) with DexingNoClasspathTransform
Transforming annotation-jvm-1.9.1.jar (androidx.annotation:annotation-jvm:1.9.1) with IdentityTransform
Transforming annotation-jvm-1.9.1.jar (androidx.annotation:annotation-jvm:1.9.1) with IdentityTransform
Transforming annotation-jvm-1.9.1.jar (androidx.annotation:annotation-jvm:1.9.1) with DexingNoClasspathTransform
Transforming core-viewtree-1.0.0.aar (androidx.core:core-viewtree:1.0.0) with AarToClassTransform
Transforming core-viewtree-1.0.0.aar (androidx.core:core-viewtree:1.0.0) with IdentityTransform
Transforming kotlinx-serialization-json-jvm-1.7.3.jar (org.jetbrains.kotlinx:kotlinx-serialization-json-jvm:1.7.3) with IdentityTransform
Transforming kotlinx-serialization-json-jvm-1.7.3.jar (org.jetbrains.kotlinx:kotlinx-serialization-json-jvm:1.7.3) with IdentityTransform
Transforming kotlinx-serialization-json-jvm-1.7.3.jar (org.jetbrains.kotlinx:kotlinx-serialization-json-jvm:1.7.3) with DexingNoClasspathTransform
Transforming kotlinx-serialization-core-jvm-1.7.3.jar (org.jetbrains.kotlinx:kotlinx-serialization-core-jvm:1.7.3) with IdentityTransform
Transforming material-ripple-release.aar (androidx.compose.material:material-ripple-android:1.8.1) with DexingNoClasspathTransform
Transforming kotlinx-serialization-core-jvm-1.7.3.jar (org.jetbrains.kotlinx:kotlinx-serialization-core-jvm:1.7.3) with IdentityTransform
Transforming kotlinx-serialization-core-jvm-1.7.3.jar (org.jetbrains.kotlinx:kotlinx-serialization-core-jvm:1.7.3) with DexingNoClasspathTransform
Transforming kotlin-stdlib-2.0.21.jar (org.jetbrains.kotlin:kotlin-stdlib:2.0.21) with IdentityTransform
Transforming kotlin-stdlib-2.0.21.jar (org.jetbrains.kotlin:kotlin-stdlib:2.0.21) with IdentityTransform
Transforming kotlin-stdlib-2.0.21.jar (org.jetbrains.kotlin:kotlin-stdlib:2.0.21) with DexingNoClasspathTransform
Transforming ui-util-release.aar (androidx.compose.ui:ui-util-android:1.8.2) with DexingNoClasspathTransform
Transforming annotations-23.0.0.jar (org.jetbrains:annotations:23.0.0) with IdentityTransform
Transforming annotations-23.0.0.jar (org.jetbrains:annotations:23.0.0) with IdentityTransform
Transforming annotations-23.0.0.jar (org.jetbrains:annotations:23.0.0) with DexingNoClasspathTransform
Transforming firebase-annotations-16.2.0.jar (com.google.firebase:firebase-annotations:16.2.0) with IdentityTransform
Transforming firebase-annotations-16.2.0.jar (com.google.firebase:firebase-annotations:16.2.0) with IdentityTransform
Transforming firebase-annotations-16.2.0.jar (com.google.firebase:firebase-annotations:16.2.0) with DexingNoClasspathTransform
Transforming protolite-well-known-types-18.0.0.aar (com.google.firebase:protolite-well-known-types:18.0.0) with AarToClassTransform
Transforming protolite-well-known-types-18.0.0.aar (com.google.firebase:protolite-well-known-types:18.0.0) with IdentityTransform
Transforming grpc-android-1.62.2.aar (io.grpc:grpc-android:1.62.2) with AarToClassTransform
Transforming grpc-android-1.62.2.aar (io.grpc:grpc-android:1.62.2) with IdentityTransform
Transforming grpc-protobuf-lite-1.62.2.jar (io.grpc:grpc-protobuf-lite:1.62.2) with IdentityTransform
Transforming ui-unit-release.aar (androidx.compose.ui:ui-unit-android:1.8.2) with DexingNoClasspathTransform
Transforming grpc-protobuf-lite-1.62.2.jar (io.grpc:grpc-protobuf-lite:1.62.2) with IdentityTransform
Transforming grpc-protobuf-lite-1.62.2.jar (io.grpc:grpc-protobuf-lite:1.62.2) with DexingNoClasspathTransform
Transforming grpc-stub-1.62.2.jar (io.grpc:grpc-stub:1.62.2) with IdentityTransform
Transforming grpc-stub-1.62.2.jar (io.grpc:grpc-stub:1.62.2) with IdentityTransform
Transforming grpc-stub-1.62.2.jar (io.grpc:grpc-stub:1.62.2) with DexingNoClasspathTransform
Transforming grpc-util-1.62.2.jar (io.grpc:grpc-util:1.62.2) with IdentityTransform
Transforming grpc-util-1.62.2.jar (io.grpc:grpc-util:1.62.2) with IdentityTransform
Transforming grpc-util-1.62.2.jar (io.grpc:grpc-util:1.62.2) with DexingNoClasspathTransform
Transforming grpc-core-1.62.2.jar (io.grpc:grpc-core:1.62.2) with IdentityTransform
Transforming grpc-core-1.62.2.jar (io.grpc:grpc-core:1.62.2) with IdentityTransform
Transforming grpc-core-1.62.2.jar (io.grpc:grpc-core:1.62.2) with DexingNoClasspathTransform
Transforming gson-2.10.1.jar (com.google.code.gson:gson:2.10.1) with IdentityTransform
Transforming gson-2.10.1.jar (com.google.code.gson:gson:2.10.1) with IdentityTransform
Transforming gson-2.10.1.jar (com.google.code.gson:gson:2.10.1) with DexingNoClasspathTransform
Transforming slf4j-nop-2.0.9.jar (org.slf4j:slf4j-nop:2.0.9) with IdentityTransform
Transforming slf4j-nop-2.0.9.jar (org.slf4j:slf4j-nop:2.0.9) with IdentityTransform
Transforming slf4j-nop-2.0.9.jar (org.slf4j:slf4j-nop:2.0.9) with DexingNoClasspathTransform
Transforming reactive-streams-1.0.3.jar (org.reactivestreams:reactive-streams:1.0.3) with IdentityTransform
Transforming reactive-streams-1.0.3.jar (org.reactivestreams:reactive-streams:1.0.3) with IdentityTransform
Transforming reactive-streams-1.0.3.jar (org.reactivestreams:reactive-streams:1.0.3) with DexingNoClasspathTransform
Transforming grpc-context-1.62.2.jar (io.grpc:grpc-context:1.62.2) with IdentityTransform
Transforming grpc-context-1.62.2.jar (io.grpc:grpc-context:1.62.2) with IdentityTransform
Transforming ui-text-release.aar (androidx.compose.ui:ui-text-android:1.8.2) with DexingNoClasspathTransform
Transforming grpc-context-1.62.2.jar (io.grpc:grpc-context:1.62.2) with DexingNoClasspathTransform
Transforming grpc-api-1.62.2.jar (io.grpc:grpc-api:1.62.2) with IdentityTransform
Transforming grpc-api-1.62.2.jar (io.grpc:grpc-api:1.62.2) with IdentityTransform
Transforming grpc-api-1.62.2.jar (io.grpc:grpc-api:1.62.2) with DexingNoClasspathTransform
Transforming guava-32.1.3-android.jar (com.google.guava:guava:32.1.3-android) with IdentityTransform
Transforming guava-32.1.3-android.jar (com.google.guava:guava:32.1.3-android) with IdentityTransform
Transforming guava-32.1.3-android.jar (com.google.guava:guava:32.1.3-android) with DexingNoClasspathTransform
Transforming listenablefuture-9999.0-empty-to-avoid-conflict-with-guava.jar (com.google.guava:listenablefuture:9999.0-empty-to-avoid-conflict-with-guava) with IdentityTransform
Transforming listenablefuture-9999.0-empty-to-avoid-conflict-with-guava.jar (com.google.guava:listenablefuture:9999.0-empty-to-avoid-conflict-with-guava) with IdentityTransform
Transforming listenablefuture-9999.0-empty-to-avoid-conflict-with-guava.jar (com.google.guava:listenablefuture:9999.0-empty-to-avoid-conflict-with-guava) with DexingNoClasspathTransform
Transforming core-common-2.0.3.aar (com.google.android.play:core-common:2.0.3) with AarToClassTransform
Transforming core-common-2.0.3.aar (com.google.android.play:core-common:2.0.3) with IdentityTransform
Transforming javax.inject-1.jar (javax.inject:javax.inject:1) with IdentityTransform
Transforming javax.inject-1.jar (javax.inject:javax.inject:1) with IdentityTransform
Transforming javax.inject-1.jar (javax.inject:javax.inject:1) with DexingNoClasspathTransform
Transforming error_prone_annotations-2.26.0.jar (com.google.errorprone:error_prone_annotations:2.26.0) with IdentityTransform
Transforming error_prone_annotations-2.26.0.jar (com.google.errorprone:error_prone_annotations:2.26.0) with IdentityTransform
Transforming error_prone_annotations-2.26.0.jar (com.google.errorprone:error_prone_annotations:2.26.0) with DexingNoClasspathTransform
Transforming protobuf-javalite-3.25.1.jar (com.google.protobuf:protobuf-javalite:3.25.1) with IdentityTransform
Transforming ui-graphics-release.aar (androidx.compose.ui:ui-graphics-android:1.8.2) with DexingNoClasspathTransform
Transforming protobuf-javalite-3.25.1.jar (com.google.protobuf:protobuf-javalite:3.25.1) with IdentityTransform
Transforming protobuf-javalite-3.25.1.jar (com.google.protobuf:protobuf-javalite:3.25.1) with DexingNoClasspathTransform
Transforming perfmark-api-0.26.0.jar (io.perfmark:perfmark-api:0.26.0) with IdentityTransform
Transforming perfmark-api-0.26.0.jar (io.perfmark:perfmark-api:0.26.0) with IdentityTransform
Transforming perfmark-api-0.26.0.jar (io.perfmark:perfmark-api:0.26.0) with DexingNoClasspathTransform
Transforming jsr305-3.0.2.jar (com.google.code.findbugs:jsr305:3.0.2) with IdentityTransform
Transforming jsr305-3.0.2.jar (com.google.code.findbugs:jsr305:3.0.2) with IdentityTransform
Transforming jsr305-3.0.2.jar (com.google.code.findbugs:jsr305:3.0.2) with DexingNoClasspathTransform
Transforming slf4j-api-2.0.9.jar (org.slf4j:slf4j-api:2.0.9) with IdentityTransform
Transforming slf4j-api-2.0.9.jar (org.slf4j:slf4j-api:2.0.9) with IdentityTransform
Transforming ui-test-manifest-1.8.2.aar (androidx.compose.ui:ui-test-manifest:1.8.2) with DexingNoClasspathTransform
Transforming slf4j-api-2.0.9.jar (org.slf4j:slf4j-api:2.0.9) with DexingNoClasspathTransform
Transforming annotations-4.1.1.4.jar (com.google.android:annotations:4.1.1.4) with IdentityTransform
Transforming annotations-4.1.1.4.jar (com.google.android:annotations:4.1.1.4) with IdentityTransform
Transforming annotations-4.1.1.4.jar (com.google.android:annotations:4.1.1.4) with DexingNoClasspathTransform
Transforming animal-sniffer-annotations-1.23.jar (org.codehaus.mojo:animal-sniffer-annotations:1.23) with IdentityTransform
Transforming animal-sniffer-annotations-1.23.jar (org.codehaus.mojo:animal-sniffer-annotations:1.23) with IdentityTransform
Transforming animal-sniffer-annotations-1.23.jar (org.codehaus.mojo:animal-sniffer-annotations:1.23) with DexingNoClasspathTransform
Transforming failureaccess-1.0.1.jar (com.google.guava:failureaccess:1.0.1) with IdentityTransform
Transforming failureaccess-1.0.1.jar (com.google.guava:failureaccess:1.0.1) with IdentityTransform
Transforming failureaccess-1.0.1.jar (com.google.guava:failureaccess:1.0.1) with DexingNoClasspathTransform
Transforming firebase-auth-23.1.0.aar (com.google.firebase:firebase-auth:23.1.0) with DexingNoClasspathTransform
Transforming checker-qual-3.37.0.jar (org.checkerframework:checker-qual:3.37.0) with IdentityTransform
Transforming checker-qual-3.37.0.jar (org.checkerframework:checker-qual:3.37.0) with IdentityTransform
Transforming play-services-maps-19.0.0.aar (com.google.android.gms:play-services-maps:19.0.0) with DexingNoClasspathTransform
Transforming checker-qual-3.37.0.jar (org.checkerframework:checker-qual:3.37.0) with DexingNoClasspathTransform
Transforming jspecify-1.0.0.jar (org.jspecify:jspecify:1.0.0) with IdentityTransform
Transforming jspecify-1.0.0.jar (org.jspecify:jspecify:1.0.0) with IdentityTransform
Transforming jspecify-1.0.0.jar (org.jspecify:jspecify:1.0.0) with DexingNoClasspathTransform
Transforming credentials-1.3.0.aar (androidx.credentials:credentials:1.3.0) with DexingNoClasspathTransform
Transforming credentials-1.3.0.aar (androidx.credentials:credentials:1.3.0) with DexingNoClasspathTransform
Transforming play-services-location-21.0.0.aar (com.google.android.gms:play-services-location:21.0.0) with DexingNoClasspathTransform
Transforming googleid-1.1.1.aar (com.google.android.libraries.identity.googleid:googleid:1.1.1) with DexingNoClasspathTransform
Transforming firebase-firestore-25.1.1.aar (com.google.firebase:firebase-firestore:25.1.1) with DexingNoClasspathTransform
Transforming credentials-play-services-auth-1.3.0.aar (androidx.credentials:credentials-play-services-auth:1.3.0) with DexingNoClasspathTransform
Transforming credentials-play-services-auth-1.3.0.aar (androidx.credentials:credentials-play-services-auth:1.3.0) with DexingNoClasspathTransform
Transforming play-services-auth-21.1.1.aar (com.google.android.gms:play-services-auth:21.1.1) with DexingNoClasspathTransform
Transforming play-services-auth-api-phone-18.0.2.aar (com.google.android.gms:play-services-auth-api-phone:18.0.2) with DexingNoClasspathTransform
Transforming recaptcha-18.5.1.aar (com.google.android.recaptcha:recaptcha:18.5.1) with DexingNoClasspathTransform
Transforming integrity-1.3.0.aar (com.google.android.play:integrity:1.3.0) with DexingNoClasspathTransform
Transforming firebase-storage-21.0.1.aar (com.google.firebase:firebase-storage:21.0.1) with DexingNoClasspathTransform
Transforming firebase-auth-interop-20.0.0.aar (com.google.firebase:firebase-auth-interop:20.0.0) with DexingNoClasspathTransform
Transforming firebase-storage-ktx-21.0.1.aar (com.google.firebase:firebase-storage-ktx:21.0.1) with DexingNoClasspathTransform
Transforming firebase-messaging-24.1.0.aar (com.google.firebase:firebase-messaging:24.1.0) with DexingNoClasspathTransform
Transforming firebase-messaging-ktx-24.1.0.aar (com.google.firebase:firebase-messaging-ktx:24.1.0) with DexingNoClasspathTransform
Transforming firebase-appcheck-18.0.0.aar (com.google.firebase:firebase-appcheck:18.0.0) with DexingNoClasspathTransform
Transforming firebase-installations-18.0.0.aar (com.google.firebase:firebase-installations:18.0.0) with DexingNoClasspathTransform
Transforming firebase-common-ktx-21.0.0.aar (com.google.firebase:firebase-common-ktx:21.0.0) with DexingNoClasspathTransform
Transforming firebase-common-21.0.0.aar (com.google.firebase:firebase-common:21.0.0) with DexingNoClasspathTransform
Transforming firebase-database-collection-18.0.1.aar (com.google.firebase:firebase-database-collection:18.0.1) with DexingNoClasspathTransform
Transforming play-services-base-18.5.0.aar (com.google.android.gms:play-services-base:18.5.0) with DexingNoClasspathTransform
Transforming play-services-fido-21.0.0.aar (com.google.android.gms:play-services-fido:21.0.0) with DexingNoClasspathTransform
Transforming play-services-fido-21.0.0.aar (com.google.android.gms:play-services-fido:21.0.0) with DexingNoClasspathTransform
Transforming play-services-auth-base-18.0.10.aar (com.google.android.gms:play-services-auth-base:18.0.10) with DexingNoClasspathTransform
Transforming firebase-appcheck-interop-17.1.0.aar (com.google.firebase:firebase-appcheck-interop:17.1.0) with DexingNoClasspathTransform
Transforming play-services-cloud-messaging-17.2.0.aar (com.google.android.gms:play-services-cloud-messaging:17.2.0) with DexingNoClasspathTransform
Transforming runtime-saveable.aar (androidx.compose.runtime:runtime-saveable-android:1.9.0) with DexingNoClasspathTransform
Transforming firebase-iid-interop-17.1.0.aar (com.google.firebase:firebase-iid-interop:17.1.0) with DexingNoClasspathTransform
Transforming dynamicanimation-1.0.0.aar (androidx.dynamicanimation:dynamicanimation:1.0.0) with DexingNoClasspathTransform
Transforming savedstate-ktx-1.3.0.aar (androidx.savedstate:savedstate-ktx:1.3.0) with DexingNoClasspathTransform
Transforming firebase-installations-interop-17.1.1.aar (com.google.firebase:firebase-installations-interop:17.1.1) with DexingNoClasspathTransform
Transforming savedstate-compose-release.aar (androidx.savedstate:savedstate-compose-android:1.3.0) with DexingNoClasspathTransform
Transforming runtime-annotation.aar (androidx.compose.runtime:runtime-annotation-android:1.9.0) with DexingNoClasspathTransform
Transforming play-services-stats-17.0.2.aar (com.google.android.gms:play-services-stats:17.0.2) with DexingNoClasspathTransform
Transforming legacy-support-core-utils-1.0.0.aar (androidx.legacy:legacy-support-core-utils:1.0.0) with DexingNoClasspathTransform
Transforming loader-1.1.0.aar (androidx.loader:loader:1.1.0) with DexingNoClasspathTransform
Transforming loader-1.1.0.aar (androidx.loader:loader:1.1.0) with DexingNoClasspathTransform
Transforming emoji2-views-helper-1.4.0.aar (androidx.emoji2:emoji2-views-helper:1.4.0) with DexingNoClasspathTransform
Transforming emoji2-1.4.0.aar (androidx.emoji2:emoji2:1.4.0) with DexingNoClasspathTransform
Transforming lifecycle-viewmodel-savedstate-release.aar (androidx.lifecycle:lifecycle-viewmodel-savedstate-android:2.9.0) with DexingNoClasspathTransform
Transforming lifecycle-runtime-release.aar (androidx.lifecycle:lifecycle-runtime-android:2.9.0) with DexingNoClasspathTransform
Transforming lifecycle-viewmodel-2.9.0.aar (androidx.lifecycle:lifecycle-viewmodel:2.9.0) with DexingNoClasspathTransform
Transforming lifecycle-viewmodel-ktx-2.9.0.aar (androidx.lifecycle:lifecycle-viewmodel-ktx:2.9.0) with DexingNoClasspathTransform
Transforming lifecycle-process-2.9.0.aar (androidx.lifecycle:lifecycle-process:2.9.0) with DexingNoClasspathTransform
Transforming lifecycle-runtime-ktx.aar (androidx.lifecycle:lifecycle-runtime-ktx-android:2.9.0) with DexingNoClasspathTransform
Transforming lifecycle-viewmodel-release.aar (androidx.lifecycle:lifecycle-viewmodel-android:2.9.0) with DexingNoClasspathTransform
Transforming lifecycle-livedata-core-2.9.0.aar (androidx.lifecycle:lifecycle-livedata-core:2.9.0) with DexingNoClasspathTransform
Transforming lifecycle-livedata-core-2.9.0.aar (androidx.lifecycle:lifecycle-livedata-core:2.9.0) with DexingNoClasspathTransform
Transforming lifecycle-runtime-compose-release.aar (androidx.lifecycle:lifecycle-runtime-compose-android:2.9.0) with DexingNoClasspathTransform
Transforming runtime.aar (androidx.compose.runtime:runtime-android:1.9.0) with DexingNoClasspathTransform
Transforming browser-1.4.0.aar (androidx.browser:browser:1.4.0) with DexingNoClasspathTransform
Transforming profileinstaller-1.4.0.aar (androidx.profileinstaller:profileinstaller:1.4.0) with DexingNoClasspathTransform
Transforming play-services-tasks-18.2.0.aar (com.google.android.gms:play-services-tasks:18.2.0) with DexingNoClasspathTransform
Transforming play-services-tasks-18.2.0.aar (com.google.android.gms:play-services-tasks:18.2.0) with DexingNoClasspathTransform
Transforming play-services-basement-18.4.0.aar (com.google.android.gms:play-services-basement:18.4.0) with DexingNoClasspathTransform
Transforming firebase-measurement-connector-19.0.0.aar (com.google.firebase:firebase-measurement-connector:19.0.0) with DexingNoClasspathTransform
Transforming viewpager2-1.1.0.aar (androidx.viewpager2:viewpager2:1.1.0) with DexingNoClasspathTransform
Transforming fragment-1.5.7.aar (androidx.fragment:fragment:1.5.7) with DexingNoClasspathTransform
Transforming fragment-1.5.7.aar (androidx.fragment:fragment:1.5.7) with DexingNoClasspathTransform
Transforming recyclerview-1.3.1.aar (androidx.recyclerview:recyclerview:1.3.1) with DexingNoClasspathTransform
Transforming savedstate-release.aar (androidx.savedstate:savedstate-android:1.3.0) with DexingNoClasspathTransform
Transforming activity-compose-1.9.3.aar (androidx.activity:activity-compose:1.9.3) with DexingNoClasspathTransform
Transforming vectordrawable-animated-1.1.0.aar (androidx.vectordrawable:vectordrawable-animated:1.1.0) with DexingNoClasspathTransform
Transforming lifecycle-viewmodel-compose-release.aar (androidx.lifecycle:lifecycle-viewmodel-compose-android:2.9.0) with DexingNoClasspathTransform
Transforming activity-ktx-1.9.3.aar (androidx.activity:activity-ktx:1.9.3) with DexingNoClasspathTransform
Transforming ui-release.aar (androidx.compose.ui:ui-android:1.8.2) with DexingNoClasspathTransform
Transforming activity-1.9.3.aar (androidx.activity:activity:1.9.3) with DexingNoClasspathTransform
Transforming vectordrawable-1.1.0.aar (androidx.vectordrawable:vectordrawable:1.1.0) with DexingNoClasspathTransform
Transforming vectordrawable-1.1.0.aar (androidx.vectordrawable:vectordrawable:1.1.0) with DexingNoClasspathTransform
Transforming viewpager-1.0.0.aar (androidx.viewpager:viewpager:1.0.0) with DexingNoClasspathTransform
Transforming customview-1.0.0.aar (androidx.customview:customview:1.0.0) with DexingNoClasspathTransform
Transforming customview-1.0.0.aar (androidx.customview:customview:1.0.0) with DexingNoClasspathTransform
Transforming autofill-1.0.0.aar (androidx.autofill:autofill:1.0.0) with DexingNoClasspathTransform
Transforming graphics-path-1.0.1.aar (androidx.graphics:graphics-path:1.0.1) with DexingNoClasspathTransform
Transforming core-1.13.1.aar (androidx.core:core:1.13.1) with DexingNoClasspathTransform
Transforming core-1.13.1.aar (androidx.core:core:1.13.1) with DexingNoClasspathTransform
Transforming annotation-experimental-1.4.1.aar (androidx.annotation:annotation-experimental:1.4.1) with DexingNoClasspathTransform
Transforming core-ktx-1.13.1.aar (androidx.core:core-ktx:1.13.1) with DexingNoClasspathTransform
Transforming common-0.8.0.aar (com.google.ai.client.generativeai:common:0.8.0) with DexingNoClasspathTransform
Transforming versionedparcelable-1.1.1.aar (androidx.versionedparcelable:versionedparcelable:1.1.1) with DexingNoClasspathTransform
Transforming cursoradapter-1.0.0.aar (androidx.cursoradapter:cursoradapter:1.0.0) with DexingNoClasspathTransform
Transforming customview-poolingcontainer-1.0.0.aar (androidx.customview:customview-poolingcontainer:1.0.0) with DexingNoClasspathTransform
Transforming localbroadcastmanager-1.0.0.aar (androidx.localbroadcastmanager:localbroadcastmanager:1.0.0) with DexingNoClasspathTransform
Transforming firebase-components-18.0.0.aar (com.google.firebase:firebase-components:18.0.0) with DexingNoClasspathTransform
Transforming interpolator-1.0.0.aar (androidx.interpolator:interpolator:1.0.0) with DexingNoClasspathTransform
Transforming interpolator-1.0.0.aar (androidx.interpolator:interpolator:1.0.0) with DexingNoClasspathTransform
Transforming firebase-datatransport-18.2.0.aar (com.google.firebase:firebase-datatransport:18.2.0) with DexingNoClasspathTransform
Transforming startup-runtime-1.1.1.aar (androidx.startup:startup-runtime:1.1.1) with DexingNoClasspathTransform
Transforming transport-runtime-3.1.9.aar (com.google.android.datatransport:transport-runtime:3.1.9) with DexingNoClasspathTransform
Transforming firebase-encoders-json-18.0.0.aar (com.google.firebase:firebase-encoders-json:18.0.0) with DexingNoClasspathTransform
Transforming transport-backend-cct-3.1.9.aar (com.google.android.datatransport:transport-backend-cct:3.1.9) with DexingNoClasspathTransform
Transforming tracing-1.0.0.aar (androidx.tracing:tracing:1.0.0) with DexingNoClasspathTransform
Transforming transport-api-3.1.0.aar (com.google.android.datatransport:transport-api:3.1.0) with DexingNoClasspathTransform
Transforming documentfile-1.0.0.aar (androidx.documentfile:documentfile:1.0.0) with DexingNoClasspathTransform
Transforming core-runtime-2.2.0.aar (androidx.arch.core:core-runtime:2.2.0) with DexingNoClasspathTransform
Transforming exifinterface-1.3.7.aar (androidx.exifinterface:exifinterface:1.3.7) with DexingNoClasspathTransform
Transforming core-viewtree-1.0.0.aar (androidx.core:core-viewtree:1.0.0) with DexingNoClasspathTransform
Transforming print-1.0.0.aar (androidx.print:print:1.0.0) with DexingNoClasspathTransform
Transforming protolite-well-known-types-18.0.0.aar (com.google.firebase:protolite-well-known-types:18.0.0) with DexingNoClasspathTransform
Transforming grpc-android-1.62.2.aar (io.grpc:grpc-android:1.62.2) with DexingNoClasspathTransform
Transforming core-common-2.0.3.aar (com.google.android.play:core-common:2.0.3) with DexingNoClasspathTransform
Transforming navigation-runtime-2.8.5.aar (androidx.navigation:navigation-runtime:2.8.5) with DexingNoClasspathTransform
Caching disabled for task ':app:mergeExtDexDebug' because:
  Build cache is disabled
Skipping task ':app:mergeExtDexDebug' as it is up-to-date.
Resolve mutations for :app:mergeLibDexDebug (Thread[Execution worker Thread 5,5,main]) started.
:app:mergeLibDexDebug (Thread[Execution worker Thread 3,5,main]) started.

> Task :app:mergeLibDexDebug UP-TO-DATE
Caching disabled for task ':app:mergeLibDexDebug' because:
  Build cache is disabled
Skipping task ':app:mergeLibDexDebug' as it is up-to-date.
Resolve mutations for :app:mergeDebugJniLibFolders (Thread[Execution worker Thread 3,5,main]) started.
:app:mergeDebugJniLibFolders (Thread[Execution worker Thread 3,5,main]) started.

> Task :app:mergeDebugJniLibFolders UP-TO-DATE
Caching disabled for task ':app:mergeDebugJniLibFolders' because:
  Build cache is disabled
  Simple merging task
Skipping task ':app:mergeDebugJniLibFolders' as it is up-to-date.
Resolve mutations for :app:mergeDebugNativeLibs (Thread[Execution worker Thread 5,5,main]) started.
:app:mergeDebugNativeLibs (Thread[Execution worker Thread 5,5,main]) started.

> Task :app:mergeDebugNativeLibs UP-TO-DATE
Transforming dotsindicator-5.1.0.aar (com.tbuonomo:dotsindicator:5.1.0) with ExtractAarTransform
Transforming dotsindicator-5.1.0.aar (com.tbuonomo:dotsindicator:5.1.0) with AarTransform
Transforming coil-compose-2.7.0.aar (io.coil-kt:coil-compose:2.7.0) with ExtractAarTransform
Transforming coil-compose-2.7.0.aar (io.coil-kt:coil-compose:2.7.0) with AarTransform
Transforming coil-compose-base-2.7.0.aar (io.coil-kt:coil-compose-base:2.7.0) with ExtractAarTransform
Transforming coil-compose-base-2.7.0.aar (io.coil-kt:coil-compose-base:2.7.0) with AarTransform
Transforming coil-2.7.0.aar (io.coil-kt:coil:2.7.0) with ExtractAarTransform
Transforming coil-2.7.0.aar (io.coil-kt:coil:2.7.0) with AarTransform
Transforming coil-base-2.7.0.aar (io.coil-kt:coil-base:2.7.0) with ExtractAarTransform
Transforming coil-base-2.7.0.aar (io.coil-kt:coil-base:2.7.0) with AarTransform
Transforming appcompat-resources-1.7.0.aar (androidx.appcompat:appcompat-resources:1.7.0) with ExtractAarTransform
Transforming appcompat-resources-1.7.0.aar (androidx.appcompat:appcompat-resources:1.7.0) with AarTransform
Transforming appcompat-1.7.0.aar (androidx.appcompat:appcompat:1.7.0) with ExtractAarTransform
Transforming appcompat-1.7.0.aar (androidx.appcompat:appcompat:1.7.0) with AarTransform
Transforming generativeai-0.9.0.aar (com.google.ai.client.generativeai:generativeai:0.9.0) with ExtractAarTransform
Transforming generativeai-0.9.0.aar (com.google.ai.client.generativeai:generativeai:0.9.0) with AarTransform
Transforming drawerlayout-1.0.0.aar (androidx.drawerlayout:drawerlayout:1.0.0) with ExtractAarTransform
Transforming drawerlayout-1.0.0.aar (androidx.drawerlayout:drawerlayout:1.0.0) with AarTransform
Transforming navigation-common-2.8.5.aar (androidx.navigation:navigation-common:2.8.5) with ExtractAarTransform
Transforming navigation-common-2.8.5.aar (androidx.navigation:navigation-common:2.8.5) with AarTransform
Transforming navigation-runtime-2.8.5.aar (androidx.navigation:navigation-runtime:2.8.5) with ExtractAarTransform
Transforming navigation-runtime-2.8.5.aar (androidx.navigation:navigation-runtime:2.8.5) with AarTransform
Transforming navigation-common-ktx-2.8.5.aar (androidx.navigation:navigation-common-ktx:2.8.5) with ExtractAarTransform
Transforming navigation-common-ktx-2.8.5.aar (androidx.navigation:navigation-common-ktx:2.8.5) with AarTransform
Transforming navigation-runtime-ktx-2.8.5.aar (androidx.navigation:navigation-runtime-ktx:2.8.5) with ExtractAarTransform
Transforming navigation-runtime-ktx-2.8.5.aar (androidx.navigation:navigation-runtime-ktx:2.8.5) with AarTransform
Transforming navigation-compose-2.8.5.aar (androidx.navigation:navigation-compose:2.8.5) with ExtractAarTransform
Transforming navigation-compose-2.8.5.aar (androidx.navigation:navigation-compose:2.8.5) with AarTransform
Transforming material3.aar (androidx.compose.material3:material3-android:1.4.0) with ExtractAarTransform
Transforming material3.aar (androidx.compose.material3:material3-android:1.4.0) with AarTransform
Transforming accompanist-drawablepainter-0.32.0.aar (com.google.accompanist:accompanist-drawablepainter:0.32.0) with ExtractAarTransform
Transforming accompanist-drawablepainter-0.32.0.aar (com.google.accompanist:accompanist-drawablepainter:0.32.0) with AarTransform
Transforming material-icons-extended-release.aar (androidx.compose.material:material-icons-extended-android:1.7.2) with ExtractAarTransform
Transforming material-icons-extended-release.aar (androidx.compose.material:material-icons-extended-android:1.7.2) with AarTransform
Transforming material-icons-core-release.aar (androidx.compose.material:material-icons-core-android:1.7.2) with ExtractAarTransform
Transforming material-icons-core-release.aar (androidx.compose.material:material-icons-core-android:1.7.2) with AarTransform
Transforming ui-tooling-data-release.aar (androidx.compose.ui:ui-tooling-data-android:1.8.2) with ExtractAarTransform
Transforming ui-tooling-data-release.aar (androidx.compose.ui:ui-tooling-data-android:1.8.2) with AarTransform
Transforming ui-tooling-preview-release.aar (androidx.compose.ui:ui-tooling-preview-android:1.8.2) with ExtractAarTransform
Transforming ui-tooling-preview-release.aar (androidx.compose.ui:ui-tooling-preview-android:1.8.2) with AarTransform
Transforming foundation-release.aar (androidx.compose.foundation:foundation-android:1.8.2) with ExtractAarTransform
Transforming foundation-release.aar (androidx.compose.foundation:foundation-android:1.8.2) with AarTransform
Transforming foundation-layout-release.aar (androidx.compose.foundation:foundation-layout-android:1.8.2) with ExtractAarTransform
Transforming foundation-layout-release.aar (androidx.compose.foundation:foundation-layout-android:1.8.2) with AarTransform
Transforming animation-core-release.aar (androidx.compose.animation:animation-core-android:1.8.2) with ExtractAarTransform
Transforming animation-core-release.aar (androidx.compose.animation:animation-core-android:1.8.2) with AarTransform
Transforming animation-release.aar (androidx.compose.animation:animation-android:1.8.2) with ExtractAarTransform
Transforming animation-release.aar (androidx.compose.animation:animation-android:1.8.2) with AarTransform
Transforming ui-geometry-release.aar (androidx.compose.ui:ui-geometry-android:1.8.2) with ExtractAarTransform
Transforming ui-geometry-release.aar (androidx.compose.ui:ui-geometry-android:1.8.2) with AarTransform
Transforming ui-tooling-release.aar (androidx.compose.ui:ui-tooling-android:1.8.2) with ExtractAarTransform
Transforming ui-tooling-release.aar (androidx.compose.ui:ui-tooling-android:1.8.2) with AarTransform
Transforming material-release.aar (androidx.compose.material:material-android:1.7.2) with ExtractAarTransform
Transforming material-release.aar (androidx.compose.material:material-android:1.7.2) with AarTransform
Transforming material-ripple-release.aar (androidx.compose.material:material-ripple-android:1.8.1) with ExtractAarTransform
Transforming material-ripple-release.aar (androidx.compose.material:material-ripple-android:1.8.1) with AarTransform
Transforming ui-util-release.aar (androidx.compose.ui:ui-util-android:1.8.2) with ExtractAarTransform
Transforming ui-util-release.aar (androidx.compose.ui:ui-util-android:1.8.2) with AarTransform
Transforming ui-unit-release.aar (androidx.compose.ui:ui-unit-android:1.8.2) with ExtractAarTransform
Transforming ui-unit-release.aar (androidx.compose.ui:ui-unit-android:1.8.2) with AarTransform
Transforming ui-text-release.aar (androidx.compose.ui:ui-text-android:1.8.2) with ExtractAarTransform
Transforming ui-text-release.aar (androidx.compose.ui:ui-text-android:1.8.2) with AarTransform
Transforming ui-graphics-release.aar (androidx.compose.ui:ui-graphics-android:1.8.2) with ExtractAarTransform
Transforming ui-graphics-release.aar (androidx.compose.ui:ui-graphics-android:1.8.2) with AarTransform
Transforming ui-test-manifest-1.8.2.aar (androidx.compose.ui:ui-test-manifest:1.8.2) with ExtractAarTransform
Transforming ui-test-manifest-1.8.2.aar (androidx.compose.ui:ui-test-manifest:1.8.2) with AarTransform
Transforming firebase-auth-23.1.0.aar (com.google.firebase:firebase-auth:23.1.0) with ExtractAarTransform
Transforming firebase-auth-23.1.0.aar (com.google.firebase:firebase-auth:23.1.0) with AarTransform
Transforming play-services-maps-19.0.0.aar (com.google.android.gms:play-services-maps:19.0.0) with ExtractAarTransform
Transforming play-services-maps-19.0.0.aar (com.google.android.gms:play-services-maps:19.0.0) with AarTransform
Transforming firebase-firestore-25.1.1.aar (com.google.firebase:firebase-firestore:25.1.1) with ExtractAarTransform
Transforming firebase-firestore-25.1.1.aar (com.google.firebase:firebase-firestore:25.1.1) with AarTransform
Transforming play-services-location-21.0.0.aar (com.google.android.gms:play-services-location:21.0.0) with ExtractAarTransform
Transforming play-services-location-21.0.0.aar (com.google.android.gms:play-services-location:21.0.0) with AarTransform
Transforming googleid-1.1.1.aar (com.google.android.libraries.identity.googleid:googleid:1.1.1) with ExtractAarTransform
Transforming googleid-1.1.1.aar (com.google.android.libraries.identity.googleid:googleid:1.1.1) with AarTransform
Transforming credentials-1.3.0.aar (androidx.credentials:credentials:1.3.0) with ExtractAarTransform
Transforming credentials-1.3.0.aar (androidx.credentials:credentials:1.3.0) with AarTransform
Transforming credentials-1.3.0.aar (androidx.credentials:credentials:1.3.0) with ExtractAarTransform
Transforming credentials-1.3.0.aar (androidx.credentials:credentials:1.3.0) with AarTransform
Transforming credentials-1.3.0.aar (androidx.credentials:credentials:1.3.0) with ExtractAarTransform
Transforming credentials-1.3.0.aar (androidx.credentials:credentials:1.3.0) with AarTransform
Transforming credentials-play-services-auth-1.3.0.aar (androidx.credentials:credentials-play-services-auth:1.3.0) with ExtractAarTransform
Transforming credentials-play-services-auth-1.3.0.aar (androidx.credentials:credentials-play-services-auth:1.3.0) with AarTransform
Transforming credentials-play-services-auth-1.3.0.aar (androidx.credentials:credentials-play-services-auth:1.3.0) with ExtractAarTransform
Transforming credentials-play-services-auth-1.3.0.aar (androidx.credentials:credentials-play-services-auth:1.3.0) with AarTransform
Transforming play-services-auth-21.1.1.aar (com.google.android.gms:play-services-auth:21.1.1) with ExtractAarTransform
Transforming play-services-auth-21.1.1.aar (com.google.android.gms:play-services-auth:21.1.1) with AarTransform
Transforming play-services-auth-api-phone-18.0.2.aar (com.google.android.gms:play-services-auth-api-phone:18.0.2) with ExtractAarTransform
Transforming play-services-auth-api-phone-18.0.2.aar (com.google.android.gms:play-services-auth-api-phone:18.0.2) with AarTransform
Transforming play-services-auth-api-phone-18.0.2.aar (com.google.android.gms:play-services-auth-api-phone:18.0.2) with ExtractAarTransform
Transforming play-services-auth-api-phone-18.0.2.aar (com.google.android.gms:play-services-auth-api-phone:18.0.2) with AarTransform
Transforming recaptcha-18.5.1.aar (com.google.android.recaptcha:recaptcha:18.5.1) with ExtractAarTransform
Transforming recaptcha-18.5.1.aar (com.google.android.recaptcha:recaptcha:18.5.1) with AarTransform
Transforming integrity-1.3.0.aar (com.google.android.play:integrity:1.3.0) with ExtractAarTransform
Transforming integrity-1.3.0.aar (com.google.android.play:integrity:1.3.0) with AarTransform
Transforming integrity-1.3.0.aar (com.google.android.play:integrity:1.3.0) with ExtractAarTransform
Transforming integrity-1.3.0.aar (com.google.android.play:integrity:1.3.0) with AarTransform
Transforming firebase-storage-ktx-21.0.1.aar (com.google.firebase:firebase-storage-ktx:21.0.1) with ExtractAarTransform
Transforming firebase-storage-ktx-21.0.1.aar (com.google.firebase:firebase-storage-ktx:21.0.1) with AarTransform
Transforming firebase-storage-21.0.1.aar (com.google.firebase:firebase-storage:21.0.1) with ExtractAarTransform
Transforming firebase-storage-21.0.1.aar (com.google.firebase:firebase-storage:21.0.1) with AarTransform
Transforming firebase-auth-interop-20.0.0.aar (com.google.firebase:firebase-auth-interop:20.0.0) with ExtractAarTransform
Transforming firebase-auth-interop-20.0.0.aar (com.google.firebase:firebase-auth-interop:20.0.0) with AarTransform
Transforming firebase-auth-interop-20.0.0.aar (com.google.firebase:firebase-auth-interop:20.0.0) with ExtractAarTransform
Transforming firebase-auth-interop-20.0.0.aar (com.google.firebase:firebase-auth-interop:20.0.0) with AarTransform
Transforming firebase-auth-interop-20.0.0.aar (com.google.firebase:firebase-auth-interop:20.0.0) with ExtractAarTransform
Transforming firebase-auth-interop-20.0.0.aar (com.google.firebase:firebase-auth-interop:20.0.0) with AarTransform
Transforming firebase-messaging-ktx-24.1.0.aar (com.google.firebase:firebase-messaging-ktx:24.1.0) with ExtractAarTransform
Transforming firebase-messaging-ktx-24.1.0.aar (com.google.firebase:firebase-messaging-ktx:24.1.0) with AarTransform
Transforming firebase-messaging-24.1.0.aar (com.google.firebase:firebase-messaging:24.1.0) with ExtractAarTransform
Transforming firebase-messaging-24.1.0.aar (com.google.firebase:firebase-messaging:24.1.0) with AarTransform
Transforming firebase-appcheck-18.0.0.aar (com.google.firebase:firebase-appcheck:18.0.0) with ExtractAarTransform
Transforming firebase-appcheck-18.0.0.aar (com.google.firebase:firebase-appcheck:18.0.0) with AarTransform
Transforming firebase-installations-18.0.0.aar (com.google.firebase:firebase-installations:18.0.0) with ExtractAarTransform
Transforming firebase-installations-18.0.0.aar (com.google.firebase:firebase-installations:18.0.0) with AarTransform
Transforming firebase-common-ktx-21.0.0.aar (com.google.firebase:firebase-common-ktx:21.0.0) with ExtractAarTransform
Transforming firebase-common-ktx-21.0.0.aar (com.google.firebase:firebase-common-ktx:21.0.0) with AarTransform
Transforming firebase-common-ktx-21.0.0.aar (com.google.firebase:firebase-common-ktx:21.0.0) with ExtractAarTransform
Transforming firebase-common-ktx-21.0.0.aar (com.google.firebase:firebase-common-ktx:21.0.0) with AarTransform
Transforming firebase-common-ktx-21.0.0.aar (com.google.firebase:firebase-common-ktx:21.0.0) with ExtractAarTransform
Transforming firebase-common-ktx-21.0.0.aar (com.google.firebase:firebase-common-ktx:21.0.0) with AarTransform
Transforming firebase-common-ktx-21.0.0.aar (com.google.firebase:firebase-common-ktx:21.0.0) with ExtractAarTransform
Transforming firebase-common-ktx-21.0.0.aar (com.google.firebase:firebase-common-ktx:21.0.0) with AarTransform
Transforming firebase-common-ktx-21.0.0.aar (com.google.firebase:firebase-common-ktx:21.0.0) with ExtractAarTransform
Transforming firebase-common-ktx-21.0.0.aar (com.google.firebase:firebase-common-ktx:21.0.0) with AarTransform
Transforming firebase-common-ktx-21.0.0.aar (com.google.firebase:firebase-common-ktx:21.0.0) with ExtractAarTransform
Transforming firebase-common-ktx-21.0.0.aar (com.google.firebase:firebase-common-ktx:21.0.0) with AarTransform
Transforming firebase-common-ktx-21.0.0.aar (com.google.firebase:firebase-common-ktx:21.0.0) with ExtractAarTransform
Transforming firebase-common-ktx-21.0.0.aar (com.google.firebase:firebase-common-ktx:21.0.0) with AarTransform
Transforming firebase-common-ktx-21.0.0.aar (com.google.firebase:firebase-common-ktx:21.0.0) with ExtractAarTransform
Transforming firebase-common-ktx-21.0.0.aar (com.google.firebase:firebase-common-ktx:21.0.0) with AarTransform
Transforming firebase-common-21.0.0.aar (com.google.firebase:firebase-common:21.0.0) with ExtractAarTransform
Transforming firebase-common-21.0.0.aar (com.google.firebase:firebase-common:21.0.0) with AarTransform
Transforming firebase-common-21.0.0.aar (com.google.firebase:firebase-common:21.0.0) with ExtractAarTransform
Transforming firebase-common-21.0.0.aar (com.google.firebase:firebase-common:21.0.0) with AarTransform
Transforming firebase-common-21.0.0.aar (com.google.firebase:firebase-common:21.0.0) with ExtractAarTransform
Transforming firebase-common-21.0.0.aar (com.google.firebase:firebase-common:21.0.0) with AarTransform
Transforming firebase-common-21.0.0.aar (com.google.firebase:firebase-common:21.0.0) with ExtractAarTransform
Transforming firebase-common-21.0.0.aar (com.google.firebase:firebase-common:21.0.0) with AarTransform
Transforming firebase-common-21.0.0.aar (com.google.firebase:firebase-common:21.0.0) with ExtractAarTransform
Transforming firebase-common-21.0.0.aar (com.google.firebase:firebase-common:21.0.0) with AarTransform
Transforming firebase-common-21.0.0.aar (com.google.firebase:firebase-common:21.0.0) with ExtractAarTransform
Transforming firebase-common-21.0.0.aar (com.google.firebase:firebase-common:21.0.0) with AarTransform
Transforming firebase-common-21.0.0.aar (com.google.firebase:firebase-common:21.0.0) with ExtractAarTransform
Transforming firebase-common-21.0.0.aar (com.google.firebase:firebase-common:21.0.0) with AarTransform
Transforming firebase-common-21.0.0.aar (com.google.firebase:firebase-common:21.0.0) with ExtractAarTransform
Transforming firebase-common-21.0.0.aar (com.google.firebase:firebase-common:21.0.0) with AarTransform
Transforming firebase-common-21.0.0.aar (com.google.firebase:firebase-common:21.0.0) with ExtractAarTransform
Transforming firebase-common-21.0.0.aar (com.google.firebase:firebase-common:21.0.0) with AarTransform
Transforming firebase-database-collection-18.0.1.aar (com.google.firebase:firebase-database-collection:18.0.1) with ExtractAarTransform
Transforming firebase-database-collection-18.0.1.aar (com.google.firebase:firebase-database-collection:18.0.1) with AarTransform
Transforming play-services-fido-21.0.0.aar (com.google.android.gms:play-services-fido:21.0.0) with ExtractAarTransform
Transforming play-services-fido-21.0.0.aar (com.google.android.gms:play-services-fido:21.0.0) with AarTransform
Transforming play-services-fido-21.0.0.aar (com.google.android.gms:play-services-fido:21.0.0) with ExtractAarTransform
Transforming play-services-fido-21.0.0.aar (com.google.android.gms:play-services-fido:21.0.0) with AarTransform
Transforming play-services-auth-base-18.0.10.aar (com.google.android.gms:play-services-auth-base:18.0.10) with ExtractAarTransform
Transforming play-services-auth-base-18.0.10.aar (com.google.android.gms:play-services-auth-base:18.0.10) with AarTransform
Transforming firebase-appcheck-interop-17.1.0.aar (com.google.firebase:firebase-appcheck-interop:17.1.0) with ExtractAarTransform
Transforming firebase-appcheck-interop-17.1.0.aar (com.google.firebase:firebase-appcheck-interop:17.1.0) with AarTransform
Transforming firebase-appcheck-interop-17.1.0.aar (com.google.firebase:firebase-appcheck-interop:17.1.0) with ExtractAarTransform
Transforming firebase-appcheck-interop-17.1.0.aar (com.google.firebase:firebase-appcheck-interop:17.1.0) with AarTransform
Transforming firebase-appcheck-interop-17.1.0.aar (com.google.firebase:firebase-appcheck-interop:17.1.0) with ExtractAarTransform
Transforming firebase-appcheck-interop-17.1.0.aar (com.google.firebase:firebase-appcheck-interop:17.1.0) with AarTransform
Transforming firebase-appcheck-interop-17.1.0.aar (com.google.firebase:firebase-appcheck-interop:17.1.0) with ExtractAarTransform
Transforming firebase-appcheck-interop-17.1.0.aar (com.google.firebase:firebase-appcheck-interop:17.1.0) with AarTransform
Transforming play-services-base-18.5.0.aar (com.google.android.gms:play-services-base:18.5.0) with ExtractAarTransform
Transforming play-services-base-18.5.0.aar (com.google.android.gms:play-services-base:18.5.0) with AarTransform
Transforming play-services-base-18.5.0.aar (com.google.android.gms:play-services-base:18.5.0) with ExtractAarTransform
Transforming play-services-base-18.5.0.aar (com.google.android.gms:play-services-base:18.5.0) with AarTransform
Transforming play-services-base-18.5.0.aar (com.google.android.gms:play-services-base:18.5.0) with ExtractAarTransform
Transforming play-services-base-18.5.0.aar (com.google.android.gms:play-services-base:18.5.0) with AarTransform
Transforming play-services-base-18.5.0.aar (com.google.android.gms:play-services-base:18.5.0) with ExtractAarTransform
Transforming play-services-base-18.5.0.aar (com.google.android.gms:play-services-base:18.5.0) with AarTransform
Transforming play-services-base-18.5.0.aar (com.google.android.gms:play-services-base:18.5.0) with ExtractAarTransform
Transforming play-services-base-18.5.0.aar (com.google.android.gms:play-services-base:18.5.0) with AarTransform
Transforming play-services-base-18.5.0.aar (com.google.android.gms:play-services-base:18.5.0) with ExtractAarTransform
Transforming play-services-base-18.5.0.aar (com.google.android.gms:play-services-base:18.5.0) with AarTransform
Transforming play-services-base-18.5.0.aar (com.google.android.gms:play-services-base:18.5.0) with ExtractAarTransform
Transforming play-services-base-18.5.0.aar (com.google.android.gms:play-services-base:18.5.0) with AarTransform
Transforming play-services-base-18.5.0.aar (com.google.android.gms:play-services-base:18.5.0) with ExtractAarTransform
Transforming play-services-base-18.5.0.aar (com.google.android.gms:play-services-base:18.5.0) with AarTransform
Transforming play-services-base-18.5.0.aar (com.google.android.gms:play-services-base:18.5.0) with ExtractAarTransform
Transforming play-services-base-18.5.0.aar (com.google.android.gms:play-services-base:18.5.0) with AarTransform
Transforming play-services-base-18.5.0.aar (com.google.android.gms:play-services-base:18.5.0) with ExtractAarTransform
Transforming play-services-base-18.5.0.aar (com.google.android.gms:play-services-base:18.5.0) with AarTransform
Transforming play-services-base-18.5.0.aar (com.google.android.gms:play-services-base:18.5.0) with ExtractAarTransform
Transforming play-services-base-18.5.0.aar (com.google.android.gms:play-services-base:18.5.0) with AarTransform
Transforming play-services-base-18.5.0.aar (com.google.android.gms:play-services-base:18.5.0) with ExtractAarTransform
Transforming play-services-base-18.5.0.aar (com.google.android.gms:play-services-base:18.5.0) with AarTransform
Transforming firebase-iid-interop-17.1.0.aar (com.google.firebase:firebase-iid-interop:17.1.0) with ExtractAarTransform
Transforming firebase-iid-interop-17.1.0.aar (com.google.firebase:firebase-iid-interop:17.1.0) with AarTransform
Transforming play-services-cloud-messaging-17.2.0.aar (com.google.android.gms:play-services-cloud-messaging:17.2.0) with ExtractAarTransform
Transforming play-services-cloud-messaging-17.2.0.aar (com.google.android.gms:play-services-cloud-messaging:17.2.0) with AarTransform
Transforming firebase-installations-interop-17.1.1.aar (com.google.firebase:firebase-installations-interop:17.1.1) with ExtractAarTransform
Transforming firebase-installations-interop-17.1.1.aar (com.google.firebase:firebase-installations-interop:17.1.1) with AarTransform
Transforming firebase-installations-interop-17.1.1.aar (com.google.firebase:firebase-installations-interop:17.1.1) with ExtractAarTransform
Transforming firebase-installations-interop-17.1.1.aar (com.google.firebase:firebase-installations-interop:17.1.1) with AarTransform
Transforming common-0.8.0.aar (com.google.ai.client.generativeai:common:0.8.0) with ExtractAarTransform
Transforming common-0.8.0.aar (com.google.ai.client.generativeai:common:0.8.0) with AarTransform
Transforming runtime-annotation.aar (androidx.compose.runtime:runtime-annotation-android:1.9.0) with ExtractAarTransform
Transforming runtime-annotation.aar (androidx.compose.runtime:runtime-annotation-android:1.9.0) with AarTransform
Transforming runtime-saveable.aar (androidx.compose.runtime:runtime-saveable-android:1.9.0) with ExtractAarTransform
Transforming runtime-saveable.aar (androidx.compose.runtime:runtime-saveable-android:1.9.0) with AarTransform
Transforming savedstate-ktx-1.3.0.aar (androidx.savedstate:savedstate-ktx:1.3.0) with ExtractAarTransform
Transforming savedstate-ktx-1.3.0.aar (androidx.savedstate:savedstate-ktx:1.3.0) with AarTransform
Transforming savedstate-compose-release.aar (androidx.savedstate:savedstate-compose-android:1.3.0) with ExtractAarTransform
Transforming savedstate-compose-release.aar (androidx.savedstate:savedstate-compose-android:1.3.0) with AarTransform
Transforming dynamicanimation-1.0.0.aar (androidx.dynamicanimation:dynamicanimation:1.0.0) with ExtractAarTransform
Transforming dynamicanimation-1.0.0.aar (androidx.dynamicanimation:dynamicanimation:1.0.0) with AarTransform
Transforming play-services-stats-17.0.2.aar (com.google.android.gms:play-services-stats:17.0.2) with ExtractAarTransform
Transforming play-services-stats-17.0.2.aar (com.google.android.gms:play-services-stats:17.0.2) with AarTransform
Transforming legacy-support-core-utils-1.0.0.aar (androidx.legacy:legacy-support-core-utils:1.0.0) with ExtractAarTransform
Transforming legacy-support-core-utils-1.0.0.aar (androidx.legacy:legacy-support-core-utils:1.0.0) with AarTransform
Transforming legacy-support-core-utils-1.0.0.aar (androidx.legacy:legacy-support-core-utils:1.0.0) with ExtractAarTransform
Transforming legacy-support-core-utils-1.0.0.aar (androidx.legacy:legacy-support-core-utils:1.0.0) with AarTransform
Transforming loader-1.1.0.aar (androidx.loader:loader:1.1.0) with ExtractAarTransform
Transforming loader-1.1.0.aar (androidx.loader:loader:1.1.0) with AarTransform
Transforming loader-1.1.0.aar (androidx.loader:loader:1.1.0) with ExtractAarTransform
Transforming loader-1.1.0.aar (androidx.loader:loader:1.1.0) with AarTransform
Transforming loader-1.1.0.aar (androidx.loader:loader:1.1.0) with ExtractAarTransform
Transforming loader-1.1.0.aar (androidx.loader:loader:1.1.0) with AarTransform
Transforming emoji2-views-helper-1.4.0.aar (androidx.emoji2:emoji2-views-helper:1.4.0) with ExtractAarTransform
Transforming emoji2-views-helper-1.4.0.aar (androidx.emoji2:emoji2-views-helper:1.4.0) with AarTransform
Transforming emoji2-1.4.0.aar (androidx.emoji2:emoji2:1.4.0) with ExtractAarTransform
Transforming emoji2-1.4.0.aar (androidx.emoji2:emoji2:1.4.0) with AarTransform
Transforming lifecycle-viewmodel-savedstate-release.aar (androidx.lifecycle:lifecycle-viewmodel-savedstate-android:2.9.0) with ExtractAarTransform
Transforming lifecycle-viewmodel-savedstate-release.aar (androidx.lifecycle:lifecycle-viewmodel-savedstate-android:2.9.0) with AarTransform
Transforming lifecycle-viewmodel-2.9.0.aar (androidx.lifecycle:lifecycle-viewmodel:2.9.0) with ExtractAarTransform
Transforming lifecycle-viewmodel-2.9.0.aar (androidx.lifecycle:lifecycle-viewmodel:2.9.0) with AarTransform
Transforming lifecycle-viewmodel-release.aar (androidx.lifecycle:lifecycle-viewmodel-android:2.9.0) with ExtractAarTransform
Transforming lifecycle-viewmodel-release.aar (androidx.lifecycle:lifecycle-viewmodel-android:2.9.0) with AarTransform
Transforming lifecycle-runtime-ktx.aar (androidx.lifecycle:lifecycle-runtime-ktx-android:2.9.0) with ExtractAarTransform
Transforming lifecycle-runtime-ktx.aar (androidx.lifecycle:lifecycle-runtime-ktx-android:2.9.0) with AarTransform
Transforming lifecycle-runtime-release.aar (androidx.lifecycle:lifecycle-runtime-android:2.9.0) with ExtractAarTransform
Transforming lifecycle-runtime-release.aar (androidx.lifecycle:lifecycle-runtime-android:2.9.0) with AarTransform
Transforming lifecycle-viewmodel-ktx-2.9.0.aar (androidx.lifecycle:lifecycle-viewmodel-ktx:2.9.0) with ExtractAarTransform
Transforming lifecycle-viewmodel-ktx-2.9.0.aar (androidx.lifecycle:lifecycle-viewmodel-ktx:2.9.0) with AarTransform
Transforming lifecycle-process-2.9.0.aar (androidx.lifecycle:lifecycle-process:2.9.0) with ExtractAarTransform
Transforming lifecycle-process-2.9.0.aar (androidx.lifecycle:lifecycle-process:2.9.0) with AarTransform
Transforming lifecycle-livedata-core-2.9.0.aar (androidx.lifecycle:lifecycle-livedata-core:2.9.0) with ExtractAarTransform
Transforming lifecycle-livedata-core-2.9.0.aar (androidx.lifecycle:lifecycle-livedata-core:2.9.0) with AarTransform
Transforming lifecycle-livedata-core-2.9.0.aar (androidx.lifecycle:lifecycle-livedata-core:2.9.0) with ExtractAarTransform
Transforming lifecycle-livedata-core-2.9.0.aar (androidx.lifecycle:lifecycle-livedata-core:2.9.0) with AarTransform
Transforming lifecycle-common-java8-2.9.0.jar (androidx.lifecycle:lifecycle-common-java8:2.9.0) with ExtractJniTransform
Transforming lifecycle-runtime-compose-release.aar (androidx.lifecycle:lifecycle-runtime-compose-android:2.9.0) with ExtractAarTransform
Transforming lifecycle-runtime-compose-release.aar (androidx.lifecycle:lifecycle-runtime-compose-android:2.9.0) with AarTransform
Transforming runtime.aar (androidx.compose.runtime:runtime-android:1.9.0) with ExtractAarTransform
Transforming runtime.aar (androidx.compose.runtime:runtime-android:1.9.0) with AarTransform
Transforming kotlinx-coroutines-android-1.8.1.jar (org.jetbrains.kotlinx:kotlinx-coroutines-android:1.8.1) with ExtractJniTransform
Transforming ktor-client-okhttp-jvm-2.3.2.jar (io.ktor:ktor-client-okhttp-jvm:2.3.2) with ExtractJniTransform
Transforming ktor-client-content-negotiation-jvm-2.3.2.jar (io.ktor:ktor-client-content-negotiation-jvm:2.3.2) with ExtractJniTransform
Transforming ktor-client-logging-jvm-2.3.2.jar (io.ktor:ktor-client-logging-jvm:2.3.2) with ExtractJniTransform
Transforming ktor-client-core-jvm-2.3.2.jar (io.ktor:ktor-client-core-jvm:2.3.2) with ExtractJniTransform
Transforming ktor-serialization-kotlinx-json-jvm-2.3.2.jar (io.ktor:ktor-serialization-kotlinx-json-jvm:2.3.2) with ExtractJniTransform
Transforming ktor-events-jvm-2.3.2.jar (io.ktor:ktor-events-jvm:2.3.2) with ExtractJniTransform
Transforming ktor-websocket-serialization-jvm-2.3.2.jar (io.ktor:ktor-websocket-serialization-jvm:2.3.2) with ExtractJniTransform
Transforming ktor-serialization-kotlinx-jvm-2.3.2.jar (io.ktor:ktor-serialization-kotlinx-jvm:2.3.2) with ExtractJniTransform
Transforming ktor-serialization-jvm-2.3.2.jar (io.ktor:ktor-serialization-jvm:2.3.2) with ExtractJniTransform
Transforming ktor-websockets-jvm-2.3.2.jar (io.ktor:ktor-websockets-jvm:2.3.2) with ExtractJniTransform
Transforming ktor-http-jvm-2.3.2.jar (io.ktor:ktor-http-jvm:2.3.2) with ExtractJniTransform
Transforming ktor-utils-jvm-2.3.2.jar (io.ktor:ktor-utils-jvm:2.3.2) with ExtractJniTransform
Transforming ktor-io-jvm-2.3.2.jar (io.ktor:ktor-io-jvm:2.3.2) with ExtractJniTransform
Transforming kotlinx-coroutines-jdk8-1.8.1.jar (org.jetbrains.kotlinx:kotlinx-coroutines-jdk8:1.8.1) with ExtractJniTransform
Transforming kotlinx-coroutines-reactive-1.8.1.jar (org.jetbrains.kotlinx:kotlinx-coroutines-reactive:1.8.1) with ExtractJniTransform
Transforming kotlinx-coroutines-slf4j-1.8.1.jar (org.jetbrains.kotlinx:kotlinx-coroutines-slf4j:1.8.1) with ExtractJniTransform
Transforming browser-1.4.0.aar (androidx.browser:browser:1.4.0) with ExtractAarTransform
Transforming browser-1.4.0.aar (androidx.browser:browser:1.4.0) with AarTransform
Transforming profileinstaller-1.4.0.aar (androidx.profileinstaller:profileinstaller:1.4.0) with ExtractAarTransform
Transforming profileinstaller-1.4.0.aar (androidx.profileinstaller:profileinstaller:1.4.0) with AarTransform
Transforming concurrent-futures-1.2.0-alpha03.jar (androidx.concurrent:concurrent-futures:1.2.0-alpha03) with ExtractJniTransform
Transforming concurrent-futures-ktx-1.2.0-alpha03.jar (androidx.concurrent:concurrent-futures-ktx:1.2.0-alpha03) with ExtractJniTransform
Transforming kotlinx-coroutines-core-jvm-1.8.1.jar (org.jetbrains.kotlinx:kotlinx-coroutines-core-jvm:1.8.1) with ExtractJniTransform
Transforming kotlinx-coroutines-play-services-1.8.1.jar (org.jetbrains.kotlinx:kotlinx-coroutines-play-services:1.8.1) with ExtractJniTransform
Transforming play-services-tasks-18.2.0.aar (com.google.android.gms:play-services-tasks:18.2.0) with ExtractAarTransform
Transforming play-services-tasks-18.2.0.aar (com.google.android.gms:play-services-tasks:18.2.0) with AarTransform
Transforming play-services-tasks-18.2.0.aar (com.google.android.gms:play-services-tasks:18.2.0) with ExtractAarTransform
Transforming play-services-tasks-18.2.0.aar (com.google.android.gms:play-services-tasks:18.2.0) with AarTransform
Transforming play-services-tasks-18.2.0.aar (com.google.android.gms:play-services-tasks:18.2.0) with ExtractAarTransform
Transforming play-services-tasks-18.2.0.aar (com.google.android.gms:play-services-tasks:18.2.0) with AarTransform
Transforming play-services-tasks-18.2.0.aar (com.google.android.gms:play-services-tasks:18.2.0) with ExtractAarTransform
Transforming play-services-tasks-18.2.0.aar (com.google.android.gms:play-services-tasks:18.2.0) with AarTransform
Transforming play-services-tasks-18.2.0.aar (com.google.android.gms:play-services-tasks:18.2.0) with ExtractAarTransform
Transforming play-services-tasks-18.2.0.aar (com.google.android.gms:play-services-tasks:18.2.0) with AarTransform
Transforming play-services-tasks-18.2.0.aar (com.google.android.gms:play-services-tasks:18.2.0) with ExtractAarTransform
Transforming play-services-tasks-18.2.0.aar (com.google.android.gms:play-services-tasks:18.2.0) with AarTransform
Transforming play-services-tasks-18.2.0.aar (com.google.android.gms:play-services-tasks:18.2.0) with ExtractAarTransform
Transforming play-services-tasks-18.2.0.aar (com.google.android.gms:play-services-tasks:18.2.0) with AarTransform
Transforming play-services-tasks-18.2.0.aar (com.google.android.gms:play-services-tasks:18.2.0) with ExtractAarTransform
Transforming play-services-tasks-18.2.0.aar (com.google.android.gms:play-services-tasks:18.2.0) with AarTransform
Transforming play-services-tasks-18.2.0.aar (com.google.android.gms:play-services-tasks:18.2.0) with ExtractAarTransform
Transforming play-services-tasks-18.2.0.aar (com.google.android.gms:play-services-tasks:18.2.0) with AarTransform
Transforming play-services-tasks-18.2.0.aar (com.google.android.gms:play-services-tasks:18.2.0) with ExtractAarTransform
Transforming play-services-tasks-18.2.0.aar (com.google.android.gms:play-services-tasks:18.2.0) with AarTransform
Transforming play-services-tasks-18.2.0.aar (com.google.android.gms:play-services-tasks:18.2.0) with ExtractAarTransform
Transforming play-services-tasks-18.2.0.aar (com.google.android.gms:play-services-tasks:18.2.0) with AarTransform
Transforming play-services-tasks-18.2.0.aar (com.google.android.gms:play-services-tasks:18.2.0) with ExtractAarTransform
Transforming play-services-tasks-18.2.0.aar (com.google.android.gms:play-services-tasks:18.2.0) with AarTransform
Transforming play-services-tasks-18.2.0.aar (com.google.android.gms:play-services-tasks:18.2.0) with ExtractAarTransform
Transforming play-services-tasks-18.2.0.aar (com.google.android.gms:play-services-tasks:18.2.0) with AarTransform
Transforming play-services-tasks-18.2.0.aar (com.google.android.gms:play-services-tasks:18.2.0) with ExtractAarTransform
Transforming play-services-tasks-18.2.0.aar (com.google.android.gms:play-services-tasks:18.2.0) with AarTransform
Transforming play-services-tasks-18.2.0.aar (com.google.android.gms:play-services-tasks:18.2.0) with ExtractAarTransform
Transforming play-services-tasks-18.2.0.aar (com.google.android.gms:play-services-tasks:18.2.0) with AarTransform
Transforming play-services-tasks-18.2.0.aar (com.google.android.gms:play-services-tasks:18.2.0) with ExtractAarTransform
Transforming play-services-tasks-18.2.0.aar (com.google.android.gms:play-services-tasks:18.2.0) with AarTransform
Transforming play-services-tasks-18.2.0.aar (com.google.android.gms:play-services-tasks:18.2.0) with ExtractAarTransform
Transforming play-services-tasks-18.2.0.aar (com.google.android.gms:play-services-tasks:18.2.0) with AarTransform
Transforming play-services-tasks-18.2.0.aar (com.google.android.gms:play-services-tasks:18.2.0) with ExtractAarTransform
Transforming play-services-tasks-18.2.0.aar (com.google.android.gms:play-services-tasks:18.2.0) with AarTransform
Transforming play-services-tasks-18.2.0.aar (com.google.android.gms:play-services-tasks:18.2.0) with ExtractAarTransform
Transforming play-services-tasks-18.2.0.aar (com.google.android.gms:play-services-tasks:18.2.0) with AarTransform
Transforming play-services-tasks-18.2.0.aar (com.google.android.gms:play-services-tasks:18.2.0) with ExtractAarTransform
Transforming play-services-tasks-18.2.0.aar (com.google.android.gms:play-services-tasks:18.2.0) with AarTransform
Transforming play-services-tasks-18.2.0.aar (com.google.android.gms:play-services-tasks:18.2.0) with ExtractAarTransform
Transforming play-services-tasks-18.2.0.aar (com.google.android.gms:play-services-tasks:18.2.0) with AarTransform
Transforming play-services-tasks-18.2.0.aar (com.google.android.gms:play-services-tasks:18.2.0) with ExtractAarTransform
Transforming play-services-tasks-18.2.0.aar (com.google.android.gms:play-services-tasks:18.2.0) with AarTransform
Transforming firebase-measurement-connector-19.0.0.aar (com.google.firebase:firebase-measurement-connector:19.0.0) with ExtractAarTransform
Transforming firebase-measurement-connector-19.0.0.aar (com.google.firebase:firebase-measurement-connector:19.0.0) with AarTransform
Transforming play-services-basement-18.4.0.aar (com.google.android.gms:play-services-basement:18.4.0) with ExtractAarTransform
Transforming play-services-basement-18.4.0.aar (com.google.android.gms:play-services-basement:18.4.0) with AarTransform
Transforming play-services-basement-18.4.0.aar (com.google.android.gms:play-services-basement:18.4.0) with ExtractAarTransform
Transforming play-services-basement-18.4.0.aar (com.google.android.gms:play-services-basement:18.4.0) with AarTransform
Transforming play-services-basement-18.4.0.aar (com.google.android.gms:play-services-basement:18.4.0) with ExtractAarTransform
Transforming play-services-basement-18.4.0.aar (com.google.android.gms:play-services-basement:18.4.0) with AarTransform
Transforming play-services-basement-18.4.0.aar (com.google.android.gms:play-services-basement:18.4.0) with ExtractAarTransform
Transforming play-services-basement-18.4.0.aar (com.google.android.gms:play-services-basement:18.4.0) with AarTransform
Transforming play-services-basement-18.4.0.aar (com.google.android.gms:play-services-basement:18.4.0) with ExtractAarTransform
Transforming play-services-basement-18.4.0.aar (com.google.android.gms:play-services-basement:18.4.0) with AarTransform
Transforming play-services-basement-18.4.0.aar (com.google.android.gms:play-services-basement:18.4.0) with ExtractAarTransform
Transforming play-services-basement-18.4.0.aar (com.google.android.gms:play-services-basement:18.4.0) with AarTransform
Transforming play-services-basement-18.4.0.aar (com.google.android.gms:play-services-basement:18.4.0) with ExtractAarTransform
Transforming play-services-basement-18.4.0.aar (com.google.android.gms:play-services-basement:18.4.0) with AarTransform
Transforming play-services-basement-18.4.0.aar (com.google.android.gms:play-services-basement:18.4.0) with ExtractAarTransform
Transforming play-services-basement-18.4.0.aar (com.google.android.gms:play-services-basement:18.4.0) with AarTransform
Transforming play-services-basement-18.4.0.aar (com.google.android.gms:play-services-basement:18.4.0) with ExtractAarTransform
Transforming play-services-basement-18.4.0.aar (com.google.android.gms:play-services-basement:18.4.0) with AarTransform
Transforming play-services-basement-18.4.0.aar (com.google.android.gms:play-services-basement:18.4.0) with ExtractAarTransform
Transforming play-services-basement-18.4.0.aar (com.google.android.gms:play-services-basement:18.4.0) with AarTransform
Transforming play-services-basement-18.4.0.aar (com.google.android.gms:play-services-basement:18.4.0) with ExtractAarTransform
Transforming play-services-basement-18.4.0.aar (com.google.android.gms:play-services-basement:18.4.0) with AarTransform
Transforming play-services-basement-18.4.0.aar (com.google.android.gms:play-services-basement:18.4.0) with ExtractAarTransform
Transforming play-services-basement-18.4.0.aar (com.google.android.gms:play-services-basement:18.4.0) with AarTransform
Transforming play-services-basement-18.4.0.aar (com.google.android.gms:play-services-basement:18.4.0) with ExtractAarTransform
Transforming play-services-basement-18.4.0.aar (com.google.android.gms:play-services-basement:18.4.0) with AarTransform
Transforming play-services-basement-18.4.0.aar (com.google.android.gms:play-services-basement:18.4.0) with ExtractAarTransform
Transforming play-services-basement-18.4.0.aar (com.google.android.gms:play-services-basement:18.4.0) with AarTransform
Transforming play-services-basement-18.4.0.aar (com.google.android.gms:play-services-basement:18.4.0) with ExtractAarTransform
Transforming play-services-basement-18.4.0.aar (com.google.android.gms:play-services-basement:18.4.0) with AarTransform
Transforming play-services-basement-18.4.0.aar (com.google.android.gms:play-services-basement:18.4.0) with ExtractAarTransform
Transforming play-services-basement-18.4.0.aar (com.google.android.gms:play-services-basement:18.4.0) with AarTransform
Transforming play-services-basement-18.4.0.aar (com.google.android.gms:play-services-basement:18.4.0) with ExtractAarTransform
Transforming play-services-basement-18.4.0.aar (com.google.android.gms:play-services-basement:18.4.0) with AarTransform
Transforming play-services-basement-18.4.0.aar (com.google.android.gms:play-services-basement:18.4.0) with ExtractAarTransform
Transforming play-services-basement-18.4.0.aar (com.google.android.gms:play-services-basement:18.4.0) with AarTransform
Transforming play-services-basement-18.4.0.aar (com.google.android.gms:play-services-basement:18.4.0) with ExtractAarTransform
Transforming play-services-basement-18.4.0.aar (com.google.android.gms:play-services-basement:18.4.0) with AarTransform
Transforming recyclerview-1.3.1.aar (androidx.recyclerview:recyclerview:1.3.1) with ExtractAarTransform
Transforming recyclerview-1.3.1.aar (androidx.recyclerview:recyclerview:1.3.1) with AarTransform
Transforming viewpager2-1.1.0.aar (androidx.viewpager2:viewpager2:1.1.0) with ExtractAarTransform
Transforming viewpager2-1.1.0.aar (androidx.viewpager2:viewpager2:1.1.0) with AarTransform
Transforming fragment-1.5.7.aar (androidx.fragment:fragment:1.5.7) with ExtractAarTransform
Transforming fragment-1.5.7.aar (androidx.fragment:fragment:1.5.7) with AarTransform
Transforming fragment-1.5.7.aar (androidx.fragment:fragment:1.5.7) with ExtractAarTransform
Transforming fragment-1.5.7.aar (androidx.fragment:fragment:1.5.7) with AarTransform
Transforming fragment-1.5.7.aar (androidx.fragment:fragment:1.5.7) with ExtractAarTransform
Transforming fragment-1.5.7.aar (androidx.fragment:fragment:1.5.7) with AarTransform
Transforming fragment-1.5.7.aar (androidx.fragment:fragment:1.5.7) with ExtractAarTransform
Transforming fragment-1.5.7.aar (androidx.fragment:fragment:1.5.7) with AarTransform
Transforming fragment-1.5.7.aar (androidx.fragment:fragment:1.5.7) with ExtractAarTransform
Transforming fragment-1.5.7.aar (androidx.fragment:fragment:1.5.7) with AarTransform
Transforming fragment-1.5.7.aar (androidx.fragment:fragment:1.5.7) with ExtractAarTransform
Transforming fragment-1.5.7.aar (androidx.fragment:fragment:1.5.7) with AarTransform
Transforming savedstate-release.aar (androidx.savedstate:savedstate-android:1.3.0) with ExtractAarTransform
Transforming savedstate-release.aar (androidx.savedstate:savedstate-android:1.3.0) with AarTransform
Transforming lifecycle-common-jvm-2.9.0.jar (androidx.lifecycle:lifecycle-common-jvm:2.9.0) with ExtractJniTransform
Transforming lifecycle-viewmodel-compose-release.aar (androidx.lifecycle:lifecycle-viewmodel-compose-android:2.9.0) with ExtractAarTransform
Transforming lifecycle-viewmodel-compose-release.aar (androidx.lifecycle:lifecycle-viewmodel-compose-android:2.9.0) with AarTransform
Transforming ui-release.aar (androidx.compose.ui:ui-android:1.8.2) with ExtractAarTransform
Transforming ui-release.aar (androidx.compose.ui:ui-android:1.8.2) with AarTransform
Transforming activity-ktx-1.9.3.aar (androidx.activity:activity-ktx:1.9.3) with ExtractAarTransform
Transforming activity-ktx-1.9.3.aar (androidx.activity:activity-ktx:1.9.3) with AarTransform
Transforming activity-compose-1.9.3.aar (androidx.activity:activity-compose:1.9.3) with ExtractAarTransform
Transforming activity-compose-1.9.3.aar (androidx.activity:activity-compose:1.9.3) with AarTransform
Transforming activity-1.9.3.aar (androidx.activity:activity:1.9.3) with ExtractAarTransform
Transforming activity-1.9.3.aar (androidx.activity:activity:1.9.3) with AarTransform
Transforming vectordrawable-animated-1.1.0.aar (androidx.vectordrawable:vectordrawable-animated:1.1.0) with ExtractAarTransform
Transforming vectordrawable-animated-1.1.0.aar (androidx.vectordrawable:vectordrawable-animated:1.1.0) with AarTransform
Transforming vectordrawable-1.1.0.aar (androidx.vectordrawable:vectordrawable:1.1.0) with ExtractAarTransform
Transforming vectordrawable-1.1.0.aar (androidx.vectordrawable:vectordrawable:1.1.0) with AarTransform
Transforming vectordrawable-1.1.0.aar (androidx.vectordrawable:vectordrawable:1.1.0) with ExtractAarTransform
Transforming vectordrawable-1.1.0.aar (androidx.vectordrawable:vectordrawable:1.1.0) with AarTransform
Transforming viewpager-1.0.0.aar (androidx.viewpager:viewpager:1.0.0) with ExtractAarTransform
Transforming viewpager-1.0.0.aar (androidx.viewpager:viewpager:1.0.0) with AarTransform
Transforming customview-1.0.0.aar (androidx.customview:customview:1.0.0) with ExtractAarTransform
Transforming customview-1.0.0.aar (androidx.customview:customview:1.0.0) with AarTransform
Transforming customview-1.0.0.aar (androidx.customview:customview:1.0.0) with ExtractAarTransform
Transforming customview-1.0.0.aar (androidx.customview:customview:1.0.0) with AarTransform
Transforming customview-1.0.0.aar (androidx.customview:customview:1.0.0) with ExtractAarTransform
Transforming customview-1.0.0.aar (androidx.customview:customview:1.0.0) with AarTransform
Transforming autofill-1.0.0.aar (androidx.autofill:autofill:1.0.0) with ExtractAarTransform
Transforming autofill-1.0.0.aar (androidx.autofill:autofill:1.0.0) with AarTransform
Transforming graphics-path-1.0.1.aar (androidx.graphics:graphics-path:1.0.1) with ExtractAarTransform
Transforming graphics-path-1.0.1.aar (androidx.graphics:graphics-path:1.0.1) with AarTransform
Transforming core-1.13.1.aar (androidx.core:core:1.13.1) with ExtractAarTransform
Transforming core-1.13.1.aar (androidx.core:core:1.13.1) with AarTransform
Transforming core-1.13.1.aar (androidx.core:core:1.13.1) with ExtractAarTransform
Transforming core-1.13.1.aar (androidx.core:core:1.13.1) with AarTransform
Transforming core-1.13.1.aar (androidx.core:core:1.13.1) with ExtractAarTransform
Transforming core-1.13.1.aar (androidx.core:core:1.13.1) with AarTransform
Transforming core-1.13.1.aar (androidx.core:core:1.13.1) with ExtractAarTransform
Transforming core-1.13.1.aar (androidx.core:core:1.13.1) with AarTransform
Transforming core-1.13.1.aar (androidx.core:core:1.13.1) with ExtractAarTransform
Transforming core-1.13.1.aar (androidx.core:core:1.13.1) with AarTransform
Transforming core-1.13.1.aar (androidx.core:core:1.13.1) with ExtractAarTransform
Transforming core-1.13.1.aar (androidx.core:core:1.13.1) with AarTransform
Transforming core-1.13.1.aar (androidx.core:core:1.13.1) with ExtractAarTransform
Transforming core-1.13.1.aar (androidx.core:core:1.13.1) with AarTransform
Transforming core-1.13.1.aar (androidx.core:core:1.13.1) with ExtractAarTransform
Transforming core-1.13.1.aar (androidx.core:core:1.13.1) with AarTransform
Transforming core-1.13.1.aar (androidx.core:core:1.13.1) with ExtractAarTransform
Transforming core-1.13.1.aar (androidx.core:core:1.13.1) with AarTransform
Transforming core-1.13.1.aar (androidx.core:core:1.13.1) with ExtractAarTransform
Transforming core-1.13.1.aar (androidx.core:core:1.13.1) with AarTransform
Transforming core-1.13.1.aar (androidx.core:core:1.13.1) with ExtractAarTransform
Transforming core-1.13.1.aar (androidx.core:core:1.13.1) with AarTransform
Transforming customview-poolingcontainer-1.0.0.aar (androidx.customview:customview-poolingcontainer:1.0.0) with ExtractAarTransform
Transforming customview-poolingcontainer-1.0.0.aar (androidx.customview:customview-poolingcontainer:1.0.0) with AarTransform
Transforming core-ktx-1.13.1.aar (androidx.core:core-ktx:1.13.1) with ExtractAarTransform
Transforming core-ktx-1.13.1.aar (androidx.core:core-ktx:1.13.1) with AarTransform
Transforming annotation-experimental-1.4.1.aar (androidx.annotation:annotation-experimental:1.4.1) with ExtractAarTransform
Transforming annotation-experimental-1.4.1.aar (androidx.annotation:annotation-experimental:1.4.1) with AarTransform
Transforming logging-interceptor-4.12.0.jar (com.squareup.okhttp3:logging-interceptor:4.12.0) with ExtractJniTransform
Transforming converter-gson-2.9.0.jar (com.squareup.retrofit2:converter-gson:2.9.0) with ExtractJniTransform
Transforming retrofit-2.9.0.jar (com.squareup.retrofit2:retrofit:2.9.0) with ExtractJniTransform
Transforming okhttp-4.12.0.jar (com.squareup.okhttp3:okhttp:4.12.0) with ExtractJniTransform
Transforming kotlin-stdlib-jdk8-1.9.0.jar (org.jetbrains.kotlin:kotlin-stdlib-jdk8:1.9.0) with ExtractJniTransform
Transforming kotlin-stdlib-jdk7-1.9.0.jar (org.jetbrains.kotlin:kotlin-stdlib-jdk7:1.9.0) with ExtractJniTransform
Transforming grpc-okhttp-1.62.2.jar (io.grpc:grpc-okhttp:1.62.2) with ExtractJniTransform
Transforming okio-jvm-3.9.0.jar (com.squareup.okio:okio-jvm:3.9.0) with ExtractJniTransform
Transforming versionedparcelable-1.1.1.aar (androidx.versionedparcelable:versionedparcelable:1.1.1) with ExtractAarTransform
Transforming versionedparcelable-1.1.1.aar (androidx.versionedparcelable:versionedparcelable:1.1.1) with AarTransform
Transforming collection-ktx-1.5.0.jar (androidx.collection:collection-ktx:1.5.0) with ExtractJniTransform
Transforming collection-jvm-1.5.0.jar (androidx.collection:collection-jvm:1.5.0) with ExtractJniTransform
Transforming cursoradapter-1.0.0.aar (androidx.cursoradapter:cursoradapter:1.0.0) with ExtractAarTransform
Transforming cursoradapter-1.0.0.aar (androidx.cursoradapter:cursoradapter:1.0.0) with AarTransform
Transforming resourceinspection-annotation-1.0.1.jar (androidx.resourceinspection:resourceinspection-annotation:1.0.1) with ExtractJniTransform
Transforming localbroadcastmanager-1.0.0.aar (androidx.localbroadcastmanager:localbroadcastmanager:1.0.0) with ExtractAarTransform
Transforming localbroadcastmanager-1.0.0.aar (androidx.localbroadcastmanager:localbroadcastmanager:1.0.0) with AarTransform
Transforming localbroadcastmanager-1.0.0.aar (androidx.localbroadcastmanager:localbroadcastmanager:1.0.0) with ExtractAarTransform
Transforming localbroadcastmanager-1.0.0.aar (androidx.localbroadcastmanager:localbroadcastmanager:1.0.0) with AarTransform
Transforming firebase-components-18.0.0.aar (com.google.firebase:firebase-components:18.0.0) with ExtractAarTransform
Transforming firebase-components-18.0.0.aar (com.google.firebase:firebase-components:18.0.0) with AarTransform
Transforming firebase-components-18.0.0.aar (com.google.firebase:firebase-components:18.0.0) with ExtractAarTransform
Transforming firebase-components-18.0.0.aar (com.google.firebase:firebase-components:18.0.0) with AarTransform
Transforming firebase-components-18.0.0.aar (com.google.firebase:firebase-components:18.0.0) with ExtractAarTransform
Transforming firebase-components-18.0.0.aar (com.google.firebase:firebase-components:18.0.0) with AarTransform
Transforming firebase-components-18.0.0.aar (com.google.firebase:firebase-components:18.0.0) with ExtractAarTransform
Transforming firebase-components-18.0.0.aar (com.google.firebase:firebase-components:18.0.0) with AarTransform
Transforming firebase-components-18.0.0.aar (com.google.firebase:firebase-components:18.0.0) with ExtractAarTransform
Transforming firebase-components-18.0.0.aar (com.google.firebase:firebase-components:18.0.0) with AarTransform
Transforming firebase-components-18.0.0.aar (com.google.firebase:firebase-components:18.0.0) with ExtractAarTransform
Transforming firebase-components-18.0.0.aar (com.google.firebase:firebase-components:18.0.0) with AarTransform
Transforming firebase-components-18.0.0.aar (com.google.firebase:firebase-components:18.0.0) with ExtractAarTransform
Transforming firebase-components-18.0.0.aar (com.google.firebase:firebase-components:18.0.0) with AarTransform
Transforming firebase-components-18.0.0.aar (com.google.firebase:firebase-components:18.0.0) with ExtractAarTransform
Transforming firebase-components-18.0.0.aar (com.google.firebase:firebase-components:18.0.0) with AarTransform
Transforming firebase-components-18.0.0.aar (com.google.firebase:firebase-components:18.0.0) with ExtractAarTransform
Transforming firebase-components-18.0.0.aar (com.google.firebase:firebase-components:18.0.0) with AarTransform
Transforming interpolator-1.0.0.aar (androidx.interpolator:interpolator:1.0.0) with ExtractAarTransform
Transforming interpolator-1.0.0.aar (androidx.interpolator:interpolator:1.0.0) with AarTransform
Transforming interpolator-1.0.0.aar (androidx.interpolator:interpolator:1.0.0) with ExtractAarTransform
Transforming interpolator-1.0.0.aar (androidx.interpolator:interpolator:1.0.0) with AarTransform
Transforming startup-runtime-1.1.1.aar (androidx.startup:startup-runtime:1.1.1) with ExtractAarTransform
Transforming startup-runtime-1.1.1.aar (androidx.startup:startup-runtime:1.1.1) with AarTransform
Transforming tracing-1.0.0.aar (androidx.tracing:tracing:1.0.0) with ExtractAarTransform
Transforming tracing-1.0.0.aar (androidx.tracing:tracing:1.0.0) with AarTransform
Transforming firebase-datatransport-18.2.0.aar (com.google.firebase:firebase-datatransport:18.2.0) with ExtractAarTransform
Transforming firebase-datatransport-18.2.0.aar (com.google.firebase:firebase-datatransport:18.2.0) with AarTransform
Transforming transport-backend-cct-3.1.9.aar (com.google.android.datatransport:transport-backend-cct:3.1.9) with ExtractAarTransform
Transforming transport-backend-cct-3.1.9.aar (com.google.android.datatransport:transport-backend-cct:3.1.9) with AarTransform
Transforming transport-backend-cct-3.1.9.aar (com.google.android.datatransport:transport-backend-cct:3.1.9) with ExtractAarTransform
Transforming transport-backend-cct-3.1.9.aar (com.google.android.datatransport:transport-backend-cct:3.1.9) with AarTransform
Transforming firebase-encoders-json-18.0.0.aar (com.google.firebase:firebase-encoders-json:18.0.0) with ExtractAarTransform
Transforming firebase-encoders-json-18.0.0.aar (com.google.firebase:firebase-encoders-json:18.0.0) with AarTransform
Transforming firebase-encoders-json-18.0.0.aar (com.google.firebase:firebase-encoders-json:18.0.0) with ExtractAarTransform
Transforming firebase-encoders-json-18.0.0.aar (com.google.firebase:firebase-encoders-json:18.0.0) with AarTransform
Transforming transport-runtime-3.1.9.aar (com.google.android.datatransport:transport-runtime:3.1.9) with ExtractAarTransform
Transforming transport-runtime-3.1.9.aar (com.google.android.datatransport:transport-runtime:3.1.9) with AarTransform
Transforming transport-runtime-3.1.9.aar (com.google.android.datatransport:transport-runtime:3.1.9) with ExtractAarTransform
Transforming transport-runtime-3.1.9.aar (com.google.android.datatransport:transport-runtime:3.1.9) with AarTransform
Transforming transport-runtime-3.1.9.aar (com.google.android.datatransport:transport-runtime:3.1.9) with ExtractAarTransform
Transforming transport-runtime-3.1.9.aar (com.google.android.datatransport:transport-runtime:3.1.9) with AarTransform
Transforming firebase-encoders-proto-16.0.0.jar (com.google.firebase:firebase-encoders-proto:16.0.0) with ExtractJniTransform
Transforming transport-api-3.1.0.aar (com.google.android.datatransport:transport-api:3.1.0) with ExtractAarTransform
Transforming transport-api-3.1.0.aar (com.google.android.datatransport:transport-api:3.1.0) with AarTransform
Transforming transport-api-3.1.0.aar (com.google.android.datatransport:transport-api:3.1.0) with ExtractAarTransform
Transforming transport-api-3.1.0.aar (com.google.android.datatransport:transport-api:3.1.0) with AarTransform
Transforming transport-api-3.1.0.aar (com.google.android.datatransport:transport-api:3.1.0) with ExtractAarTransform
Transforming transport-api-3.1.0.aar (com.google.android.datatransport:transport-api:3.1.0) with AarTransform
Transforming transport-api-3.1.0.aar (com.google.android.datatransport:transport-api:3.1.0) with ExtractAarTransform
Transforming transport-api-3.1.0.aar (com.google.android.datatransport:transport-api:3.1.0) with AarTransform
Transforming firebase-encoders-17.0.0.jar (com.google.firebase:firebase-encoders:17.0.0) with ExtractJniTransform
Transforming exifinterface-1.3.7.aar (androidx.exifinterface:exifinterface:1.3.7) with ExtractAarTransform
Transforming exifinterface-1.3.7.aar (androidx.exifinterface:exifinterface:1.3.7) with AarTransform
Transforming documentfile-1.0.0.aar (androidx.documentfile:documentfile:1.0.0) with ExtractAarTransform
Transforming documentfile-1.0.0.aar (androidx.documentfile:documentfile:1.0.0) with AarTransform
Transforming print-1.0.0.aar (androidx.print:print:1.0.0) with ExtractAarTransform
Transforming print-1.0.0.aar (androidx.print:print:1.0.0) with AarTransform
Transforming core-runtime-2.2.0.aar (androidx.arch.core:core-runtime:2.2.0) with ExtractAarTransform
Transforming core-runtime-2.2.0.aar (androidx.arch.core:core-runtime:2.2.0) with AarTransform
Transforming core-common-2.2.0.jar (androidx.arch.core:core-common:2.2.0) with ExtractJniTransform
Transforming annotation-jvm-1.9.1.jar (androidx.annotation:annotation-jvm:1.9.1) with ExtractJniTransform
Transforming core-viewtree-1.0.0.aar (androidx.core:core-viewtree:1.0.0) with ExtractAarTransform
Transforming core-viewtree-1.0.0.aar (androidx.core:core-viewtree:1.0.0) with AarTransform
Transforming kotlinx-serialization-json-jvm-1.7.3.jar (org.jetbrains.kotlinx:kotlinx-serialization-json-jvm:1.7.3) with ExtractJniTransform
Transforming kotlinx-serialization-core-jvm-1.7.3.jar (org.jetbrains.kotlinx:kotlinx-serialization-core-jvm:1.7.3) with ExtractJniTransform
Transforming kotlin-stdlib-2.0.21.jar (org.jetbrains.kotlin:kotlin-stdlib:2.0.21) with ExtractJniTransform
Transforming annotations-23.0.0.jar (org.jetbrains:annotations:23.0.0) with ExtractJniTransform
Transforming firebase-annotations-16.2.0.jar (com.google.firebase:firebase-annotations:16.2.0) with ExtractJniTransform
Transforming protolite-well-known-types-18.0.0.aar (com.google.firebase:protolite-well-known-types:18.0.0) with ExtractAarTransform
Transforming protolite-well-known-types-18.0.0.aar (com.google.firebase:protolite-well-known-types:18.0.0) with AarTransform
Transforming grpc-android-1.62.2.aar (io.grpc:grpc-android:1.62.2) with ExtractAarTransform
Transforming grpc-android-1.62.2.aar (io.grpc:grpc-android:1.62.2) with AarTransform
Transforming grpc-protobuf-lite-1.62.2.jar (io.grpc:grpc-protobuf-lite:1.62.2) with ExtractJniTransform
Transforming grpc-stub-1.62.2.jar (io.grpc:grpc-stub:1.62.2) with ExtractJniTransform
Transforming grpc-util-1.62.2.jar (io.grpc:grpc-util:1.62.2) with ExtractJniTransform
Transforming grpc-core-1.62.2.jar (io.grpc:grpc-core:1.62.2) with ExtractJniTransform
Transforming gson-2.10.1.jar (com.google.code.gson:gson:2.10.1) with ExtractJniTransform
Transforming slf4j-nop-2.0.9.jar (org.slf4j:slf4j-nop:2.0.9) with ExtractJniTransform
Transforming reactive-streams-1.0.3.jar (org.reactivestreams:reactive-streams:1.0.3) with ExtractJniTransform
Transforming grpc-context-1.62.2.jar (io.grpc:grpc-context:1.62.2) with ExtractJniTransform
Transforming grpc-api-1.62.2.jar (io.grpc:grpc-api:1.62.2) with ExtractJniTransform
Transforming guava-32.1.3-android.jar (com.google.guava:guava:32.1.3-android) with ExtractJniTransform
Transforming listenablefuture-9999.0-empty-to-avoid-conflict-with-guava.jar (com.google.guava:listenablefuture:9999.0-empty-to-avoid-conflict-with-guava) with ExtractJniTransform
Transforming core-common-2.0.3.aar (com.google.android.play:core-common:2.0.3) with ExtractAarTransform
Transforming core-common-2.0.3.aar (com.google.android.play:core-common:2.0.3) with AarTransform
Transforming javax.inject-1.jar (javax.inject:javax.inject:1) with ExtractJniTransform
Transforming error_prone_annotations-2.26.0.jar (com.google.errorprone:error_prone_annotations:2.26.0) with ExtractJniTransform
Transforming protobuf-javalite-3.25.1.jar (com.google.protobuf:protobuf-javalite:3.25.1) with ExtractJniTransform
Transforming perfmark-api-0.26.0.jar (io.perfmark:perfmark-api:0.26.0) with ExtractJniTransform
Transforming jsr305-3.0.2.jar (com.google.code.findbugs:jsr305:3.0.2) with ExtractJniTransform
Transforming slf4j-api-2.0.9.jar (org.slf4j:slf4j-api:2.0.9) with ExtractJniTransform
Transforming annotations-4.1.1.4.jar (com.google.android:annotations:4.1.1.4) with ExtractJniTransform
Transforming animal-sniffer-annotations-1.23.jar (org.codehaus.mojo:animal-sniffer-annotations:1.23) with ExtractJniTransform
Transforming failureaccess-1.0.1.jar (com.google.guava:failureaccess:1.0.1) with ExtractJniTransform
Transforming checker-qual-3.37.0.jar (org.checkerframework:checker-qual:3.37.0) with ExtractJniTransform
Transforming jspecify-1.0.0.jar (org.jspecify:jspecify:1.0.0) with ExtractJniTransform
Caching disabled for task ':app:mergeDebugNativeLibs' because:
  Build cache is disabled
  Caching has been disabled for the task
Skipping task ':app:mergeDebugNativeLibs' as it is up-to-date.
Resolve mutations for :app:stripDebugDebugSymbols (Thread[Execution worker Thread 6,5,main]) started.
:app:stripDebugDebugSymbols (Thread[Execution worker Thread 6,5,main]) started.

> Task :app:stripDebugDebugSymbols UP-TO-DATE
Caching disabled for task ':app:stripDebugDebugSymbols' because:
  Build cache is disabled
  Caching has been disabled for the task
Skipping task ':app:stripDebugDebugSymbols' as it is up-to-date.
Resolve mutations for :app:validateSigningDebug (Thread[Execution worker Thread 6,5,main]) started.
:app:validateSigningDebug (Thread[Execution worker Thread 5,5,main]) started.

> Task :app:validateSigningDebug UP-TO-DATE
Caching disabled for task ':app:validateSigningDebug' because:
  Build cache is disabled
  Caching has been disabled for the task
Skipping task ':app:validateSigningDebug' as it is up-to-date.
Resolve mutations for :app:writeDebugAppMetadata (Thread[Execution worker Thread 5,5,main]) started.
:app:writeDebugAppMetadata (Thread[Execution worker Thread 6,5,main]) started.

> Task :app:writeDebugAppMetadata UP-TO-DATE
Caching disabled for task ':app:writeDebugAppMetadata' because:
  Build cache is disabled
  Caching has been disabled for the task
Skipping task ':app:writeDebugAppMetadata' as it is up-to-date.
Resolve mutations for :app:writeDebugSigningConfigVersions (Thread[Execution worker Thread 6,5,main]) started.
:app:writeDebugSigningConfigVersions (Thread[Execution worker Thread 6,5,main]) started.

> Task :app:writeDebugSigningConfigVersions UP-TO-DATE
Caching disabled for task ':app:writeDebugSigningConfigVersions' because:
  Build cache is disabled
  Caching has been disabled for the task
Skipping task ':app:writeDebugSigningConfigVersions' as it is up-to-date.

> Task :app:processDebugResources
Transforming aapt2-8.9.1-12782657-windows.jar (com.android.tools.build:aapt2:8.9.1-12782657) with Aapt2Extractor
Transforming dotsindicator-5.1.0.aar (com.tbuonomo:dotsindicator:5.1.0) with ExtractAarTransform
Transforming dotsindicator-5.1.0.aar (com.tbuonomo:dotsindicator:5.1.0) with AarResourcesCompilerTransform
Transforming coil-compose-2.7.0.aar (io.coil-kt:coil-compose:2.7.0) with ExtractAarTransform
Transforming coil-compose-2.7.0.aar (io.coil-kt:coil-compose:2.7.0) with AarResourcesCompilerTransform
Transforming coil-compose-base-2.7.0.aar (io.coil-kt:coil-compose-base:2.7.0) with ExtractAarTransform
Transforming coil-compose-base-2.7.0.aar (io.coil-kt:coil-compose-base:2.7.0) with AarResourcesCompilerTransform
Transforming coil-2.7.0.aar (io.coil-kt:coil:2.7.0) with ExtractAarTransform
Transforming coil-2.7.0.aar (io.coil-kt:coil:2.7.0) with AarResourcesCompilerTransform
Transforming coil-base-2.7.0.aar (io.coil-kt:coil-base:2.7.0) with ExtractAarTransform
Transforming coil-base-2.7.0.aar (io.coil-kt:coil-base:2.7.0) with AarResourcesCompilerTransform
Transforming appcompat-resources-1.7.0.aar (androidx.appcompat:appcompat-resources:1.7.0) with ExtractAarTransform
Transforming appcompat-resources-1.7.0.aar (androidx.appcompat:appcompat-resources:1.7.0) with AarResourcesCompilerTransform
Transforming appcompat-1.7.0.aar (androidx.appcompat:appcompat:1.7.0) with ExtractAarTransform
Transforming appcompat-1.7.0.aar (androidx.appcompat:appcompat:1.7.0) with AarResourcesCompilerTransform
Transforming generativeai-0.9.0.aar (com.google.ai.client.generativeai:generativeai:0.9.0) with ExtractAarTransform
Transforming generativeai-0.9.0.aar (com.google.ai.client.generativeai:generativeai:0.9.0) with AarResourcesCompilerTransform
Transforming drawerlayout-1.0.0.aar (androidx.drawerlayout:drawerlayout:1.0.0) with ExtractAarTransform
Transforming drawerlayout-1.0.0.aar (androidx.drawerlayout:drawerlayout:1.0.0) with AarResourcesCompilerTransform
Transforming navigation-common-2.8.5.aar (androidx.navigation:navigation-common:2.8.5) with ExtractAarTransform
Transforming navigation-common-2.8.5.aar (androidx.navigation:navigation-common:2.8.5) with AarResourcesCompilerTransform
Transforming navigation-runtime-2.8.5.aar (androidx.navigation:navigation-runtime:2.8.5) with ExtractAarTransform
Transforming navigation-runtime-2.8.5.aar (androidx.navigation:navigation-runtime:2.8.5) with AarResourcesCompilerTransform
Transforming navigation-common-ktx-2.8.5.aar (androidx.navigation:navigation-common-ktx:2.8.5) with ExtractAarTransform
Transforming navigation-common-ktx-2.8.5.aar (androidx.navigation:navigation-common-ktx:2.8.5) with AarResourcesCompilerTransform
Transforming navigation-runtime-ktx-2.8.5.aar (androidx.navigation:navigation-runtime-ktx:2.8.5) with ExtractAarTransform
Transforming navigation-runtime-ktx-2.8.5.aar (androidx.navigation:navigation-runtime-ktx:2.8.5) with AarResourcesCompilerTransform
Transforming navigation-compose-2.8.5.aar (androidx.navigation:navigation-compose:2.8.5) with ExtractAarTransform
Transforming navigation-compose-2.8.5.aar (androidx.navigation:navigation-compose:2.8.5) with AarResourcesCompilerTransform
Transforming material3.aar (androidx.compose.material3:material3-android:1.4.0) with ExtractAarTransform
Transforming material3.aar (androidx.compose.material3:material3-android:1.4.0) with AarResourcesCompilerTransform
Transforming accompanist-drawablepainter-0.32.0.aar (com.google.accompanist:accompanist-drawablepainter:0.32.0) with ExtractAarTransform
Transforming accompanist-drawablepainter-0.32.0.aar (com.google.accompanist:accompanist-drawablepainter:0.32.0) with AarResourcesCompilerTransform
Transforming material-icons-extended-release.aar (androidx.compose.material:material-icons-extended-android:1.7.2) with ExtractAarTransform
Transforming material-icons-extended-release.aar (androidx.compose.material:material-icons-extended-android:1.7.2) with AarResourcesCompilerTransform
Transforming material-icons-core-release.aar (androidx.compose.material:material-icons-core-android:1.7.2) with ExtractAarTransform
Transforming material-icons-core-release.aar (androidx.compose.material:material-icons-core-android:1.7.2) with AarResourcesCompilerTransform
Transforming ui-tooling-data-release.aar (androidx.compose.ui:ui-tooling-data-android:1.8.2) with ExtractAarTransform
Transforming ui-tooling-data-release.aar (androidx.compose.ui:ui-tooling-data-android:1.8.2) with AarResourcesCompilerTransform
Transforming ui-tooling-preview-release.aar (androidx.compose.ui:ui-tooling-preview-android:1.8.2) with ExtractAarTransform
Transforming ui-tooling-preview-release.aar (androidx.compose.ui:ui-tooling-preview-android:1.8.2) with AarResourcesCompilerTransform
Transforming foundation-release.aar (androidx.compose.foundation:foundation-android:1.8.2) with ExtractAarTransform
Transforming foundation-release.aar (androidx.compose.foundation:foundation-android:1.8.2) with AarResourcesCompilerTransform
Transforming foundation-layout-release.aar (androidx.compose.foundation:foundation-layout-android:1.8.2) with ExtractAarTransform
Transforming foundation-layout-release.aar (androidx.compose.foundation:foundation-layout-android:1.8.2) with AarResourcesCompilerTransform
Transforming animation-core-release.aar (androidx.compose.animation:animation-core-android:1.8.2) with ExtractAarTransform
Transforming animation-core-release.aar (androidx.compose.animation:animation-core-android:1.8.2) with AarResourcesCompilerTransform
Transforming animation-release.aar (androidx.compose.animation:animation-android:1.8.2) with ExtractAarTransform
Transforming animation-release.aar (androidx.compose.animation:animation-android:1.8.2) with AarResourcesCompilerTransform
Transforming ui-geometry-release.aar (androidx.compose.ui:ui-geometry-android:1.8.2) with ExtractAarTransform
Transforming ui-geometry-release.aar (androidx.compose.ui:ui-geometry-android:1.8.2) with AarResourcesCompilerTransform
Transforming ui-tooling-release.aar (androidx.compose.ui:ui-tooling-android:1.8.2) with ExtractAarTransform
Transforming ui-tooling-release.aar (androidx.compose.ui:ui-tooling-android:1.8.2) with AarResourcesCompilerTransform
Transforming material-release.aar (androidx.compose.material:material-android:1.7.2) with ExtractAarTransform
Transforming material-release.aar (androidx.compose.material:material-android:1.7.2) with AarResourcesCompilerTransform
Transforming material-ripple-release.aar (androidx.compose.material:material-ripple-android:1.8.1) with ExtractAarTransform
Transforming material-ripple-release.aar (androidx.compose.material:material-ripple-android:1.8.1) with AarResourcesCompilerTransform
Transforming ui-util-release.aar (androidx.compose.ui:ui-util-android:1.8.2) with ExtractAarTransform
Transforming ui-util-release.aar (androidx.compose.ui:ui-util-android:1.8.2) with AarResourcesCompilerTransform
Transforming ui-unit-release.aar (androidx.compose.ui:ui-unit-android:1.8.2) with ExtractAarTransform
Transforming ui-unit-release.aar (androidx.compose.ui:ui-unit-android:1.8.2) with AarResourcesCompilerTransform
Transforming ui-text-release.aar (androidx.compose.ui:ui-text-android:1.8.2) with ExtractAarTransform
Transforming ui-text-release.aar (androidx.compose.ui:ui-text-android:1.8.2) with AarResourcesCompilerTransform
Transforming ui-graphics-release.aar (androidx.compose.ui:ui-graphics-android:1.8.2) with ExtractAarTransform
Transforming ui-graphics-release.aar (androidx.compose.ui:ui-graphics-android:1.8.2) with AarResourcesCompilerTransform
Transforming ui-test-manifest-1.8.2.aar (androidx.compose.ui:ui-test-manifest:1.8.2) with ExtractAarTransform
Transforming ui-test-manifest-1.8.2.aar (androidx.compose.ui:ui-test-manifest:1.8.2) with AarResourcesCompilerTransform
Transforming firebase-auth-23.1.0.aar (com.google.firebase:firebase-auth:23.1.0) with ExtractAarTransform
Transforming firebase-auth-23.1.0.aar (com.google.firebase:firebase-auth:23.1.0) with AarResourcesCompilerTransform
Transforming play-services-maps-19.0.0.aar (com.google.android.gms:play-services-maps:19.0.0) with ExtractAarTransform
Transforming play-services-maps-19.0.0.aar (com.google.android.gms:play-services-maps:19.0.0) with AarResourcesCompilerTransform
Transforming firebase-firestore-25.1.1.aar (com.google.firebase:firebase-firestore:25.1.1) with ExtractAarTransform
Transforming firebase-firestore-25.1.1.aar (com.google.firebase:firebase-firestore:25.1.1) with AarResourcesCompilerTransform
Transforming play-services-location-21.0.0.aar (com.google.android.gms:play-services-location:21.0.0) with ExtractAarTransform
Transforming play-services-location-21.0.0.aar (com.google.android.gms:play-services-location:21.0.0) with AarResourcesCompilerTransform
Transforming googleid-1.1.1.aar (com.google.android.libraries.identity.googleid:googleid:1.1.1) with ExtractAarTransform
Transforming googleid-1.1.1.aar (com.google.android.libraries.identity.googleid:googleid:1.1.1) with AarResourcesCompilerTransform
Transforming credentials-1.3.0.aar (androidx.credentials:credentials:1.3.0) with ExtractAarTransform
Transforming credentials-1.3.0.aar (androidx.credentials:credentials:1.3.0) with AarResourcesCompilerTransform
Transforming credentials-1.3.0.aar (androidx.credentials:credentials:1.3.0) with ExtractAarTransform
Transforming credentials-1.3.0.aar (androidx.credentials:credentials:1.3.0) with AarResourcesCompilerTransform
Transforming credentials-1.3.0.aar (androidx.credentials:credentials:1.3.0) with ExtractAarTransform
Transforming credentials-1.3.0.aar (androidx.credentials:credentials:1.3.0) with AarResourcesCompilerTransform
Transforming credentials-play-services-auth-1.3.0.aar (androidx.credentials:credentials-play-services-auth:1.3.0) with ExtractAarTransform
Transforming credentials-play-services-auth-1.3.0.aar (androidx.credentials:credentials-play-services-auth:1.3.0) with AarResourcesCompilerTransform
Transforming credentials-play-services-auth-1.3.0.aar (androidx.credentials:credentials-play-services-auth:1.3.0) with ExtractAarTransform
Transforming credentials-play-services-auth-1.3.0.aar (androidx.credentials:credentials-play-services-auth:1.3.0) with AarResourcesCompilerTransform
Transforming play-services-auth-21.1.1.aar (com.google.android.gms:play-services-auth:21.1.1) with ExtractAarTransform
Transforming play-services-auth-21.1.1.aar (com.google.android.gms:play-services-auth:21.1.1) with AarResourcesCompilerTransform
Transforming play-services-auth-api-phone-18.0.2.aar (com.google.android.gms:play-services-auth-api-phone:18.0.2) with ExtractAarTransform
Transforming play-services-auth-api-phone-18.0.2.aar (com.google.android.gms:play-services-auth-api-phone:18.0.2) with AarResourcesCompilerTransform
Transforming play-services-auth-api-phone-18.0.2.aar (com.google.android.gms:play-services-auth-api-phone:18.0.2) with ExtractAarTransform
Transforming play-services-auth-api-phone-18.0.2.aar (com.google.android.gms:play-services-auth-api-phone:18.0.2) with AarResourcesCompilerTransform
Transforming recaptcha-18.5.1.aar (com.google.android.recaptcha:recaptcha:18.5.1) with ExtractAarTransform
Transforming recaptcha-18.5.1.aar (com.google.android.recaptcha:recaptcha:18.5.1) with AarResourcesCompilerTransform
Transforming integrity-1.3.0.aar (com.google.android.play:integrity:1.3.0) with ExtractAarTransform
Transforming integrity-1.3.0.aar (com.google.android.play:integrity:1.3.0) with AarResourcesCompilerTransform
Transforming integrity-1.3.0.aar (com.google.android.play:integrity:1.3.0) with ExtractAarTransform
Transforming integrity-1.3.0.aar (com.google.android.play:integrity:1.3.0) with AarResourcesCompilerTransform
Transforming firebase-storage-ktx-21.0.1.aar (com.google.firebase:firebase-storage-ktx:21.0.1) with ExtractAarTransform
Transforming firebase-storage-ktx-21.0.1.aar (com.google.firebase:firebase-storage-ktx:21.0.1) with AarResourcesCompilerTransform
Transforming firebase-storage-21.0.1.aar (com.google.firebase:firebase-storage:21.0.1) with ExtractAarTransform
Transforming firebase-storage-21.0.1.aar (com.google.firebase:firebase-storage:21.0.1) with AarResourcesCompilerTransform
Transforming firebase-auth-interop-20.0.0.aar (com.google.firebase:firebase-auth-interop:20.0.0) with ExtractAarTransform
Transforming firebase-auth-interop-20.0.0.aar (com.google.firebase:firebase-auth-interop:20.0.0) with AarResourcesCompilerTransform
Transforming firebase-auth-interop-20.0.0.aar (com.google.firebase:firebase-auth-interop:20.0.0) with ExtractAarTransform
Transforming firebase-auth-interop-20.0.0.aar (com.google.firebase:firebase-auth-interop:20.0.0) with AarResourcesCompilerTransform
Transforming firebase-auth-interop-20.0.0.aar (com.google.firebase:firebase-auth-interop:20.0.0) with ExtractAarTransform
Transforming firebase-auth-interop-20.0.0.aar (com.google.firebase:firebase-auth-interop:20.0.0) with AarResourcesCompilerTransform
Transforming firebase-messaging-ktx-24.1.0.aar (com.google.firebase:firebase-messaging-ktx:24.1.0) with ExtractAarTransform
Transforming firebase-messaging-ktx-24.1.0.aar (com.google.firebase:firebase-messaging-ktx:24.1.0) with AarResourcesCompilerTransform
Transforming firebase-messaging-24.1.0.aar (com.google.firebase:firebase-messaging:24.1.0) with ExtractAarTransform
Transforming firebase-messaging-24.1.0.aar (com.google.firebase:firebase-messaging:24.1.0) with AarResourcesCompilerTransform
Transforming firebase-appcheck-18.0.0.aar (com.google.firebase:firebase-appcheck:18.0.0) with ExtractAarTransform
Transforming firebase-appcheck-18.0.0.aar (com.google.firebase:firebase-appcheck:18.0.0) with AarResourcesCompilerTransform
Transforming firebase-installations-18.0.0.aar (com.google.firebase:firebase-installations:18.0.0) with ExtractAarTransform
Transforming firebase-installations-18.0.0.aar (com.google.firebase:firebase-installations:18.0.0) with AarResourcesCompilerTransform
Transforming firebase-common-ktx-21.0.0.aar (com.google.firebase:firebase-common-ktx:21.0.0) with ExtractAarTransform
Transforming firebase-common-ktx-21.0.0.aar (com.google.firebase:firebase-common-ktx:21.0.0) with AarResourcesCompilerTransform
Transforming firebase-common-ktx-21.0.0.aar (com.google.firebase:firebase-common-ktx:21.0.0) with ExtractAarTransform
Transforming firebase-common-ktx-21.0.0.aar (com.google.firebase:firebase-common-ktx:21.0.0) with AarResourcesCompilerTransform
Transforming firebase-common-ktx-21.0.0.aar (com.google.firebase:firebase-common-ktx:21.0.0) with ExtractAarTransform
Transforming firebase-common-ktx-21.0.0.aar (com.google.firebase:firebase-common-ktx:21.0.0) with AarResourcesCompilerTransform
Transforming firebase-common-ktx-21.0.0.aar (com.google.firebase:firebase-common-ktx:21.0.0) with ExtractAarTransform
Transforming firebase-common-ktx-21.0.0.aar (com.google.firebase:firebase-common-ktx:21.0.0) with AarResourcesCompilerTransform
Transforming firebase-common-ktx-21.0.0.aar (com.google.firebase:firebase-common-ktx:21.0.0) with ExtractAarTransform
Transforming firebase-common-ktx-21.0.0.aar (com.google.firebase:firebase-common-ktx:21.0.0) with AarResourcesCompilerTransform
Transforming firebase-common-ktx-21.0.0.aar (com.google.firebase:firebase-common-ktx:21.0.0) with ExtractAarTransform
Transforming firebase-common-ktx-21.0.0.aar (com.google.firebase:firebase-common-ktx:21.0.0) with AarResourcesCompilerTransform
Transforming firebase-common-ktx-21.0.0.aar (com.google.firebase:firebase-common-ktx:21.0.0) with ExtractAarTransform
Transforming firebase-common-ktx-21.0.0.aar (com.google.firebase:firebase-common-ktx:21.0.0) with AarResourcesCompilerTransform
Transforming firebase-common-ktx-21.0.0.aar (com.google.firebase:firebase-common-ktx:21.0.0) with ExtractAarTransform
Transforming firebase-common-ktx-21.0.0.aar (com.google.firebase:firebase-common-ktx:21.0.0) with AarResourcesCompilerTransform
Transforming firebase-common-21.0.0.aar (com.google.firebase:firebase-common:21.0.0) with ExtractAarTransform
Transforming firebase-common-21.0.0.aar (com.google.firebase:firebase-common:21.0.0) with AarResourcesCompilerTransform
Transforming firebase-common-21.0.0.aar (com.google.firebase:firebase-common:21.0.0) with ExtractAarTransform
Transforming firebase-common-21.0.0.aar (com.google.firebase:firebase-common:21.0.0) with AarResourcesCompilerTransform
Transforming firebase-common-21.0.0.aar (com.google.firebase:firebase-common:21.0.0) with ExtractAarTransform
Transforming firebase-common-21.0.0.aar (com.google.firebase:firebase-common:21.0.0) with AarResourcesCompilerTransform
Transforming firebase-common-21.0.0.aar (com.google.firebase:firebase-common:21.0.0) with ExtractAarTransform
Transforming firebase-common-21.0.0.aar (com.google.firebase:firebase-common:21.0.0) with AarResourcesCompilerTransform
Transforming firebase-common-21.0.0.aar (com.google.firebase:firebase-common:21.0.0) with ExtractAarTransform
Transforming firebase-common-21.0.0.aar (com.google.firebase:firebase-common:21.0.0) with AarResourcesCompilerTransform
Transforming firebase-common-21.0.0.aar (com.google.firebase:firebase-common:21.0.0) with ExtractAarTransform
Transforming firebase-common-21.0.0.aar (com.google.firebase:firebase-common:21.0.0) with AarResourcesCompilerTransform
Transforming firebase-common-21.0.0.aar (com.google.firebase:firebase-common:21.0.0) with ExtractAarTransform
Transforming firebase-common-21.0.0.aar (com.google.firebase:firebase-common:21.0.0) with AarResourcesCompilerTransform
Transforming firebase-common-21.0.0.aar (com.google.firebase:firebase-common:21.0.0) with ExtractAarTransform
Transforming firebase-common-21.0.0.aar (com.google.firebase:firebase-common:21.0.0) with AarResourcesCompilerTransform
Transforming firebase-common-21.0.0.aar (com.google.firebase:firebase-common:21.0.0) with ExtractAarTransform
Transforming firebase-common-21.0.0.aar (com.google.firebase:firebase-common:21.0.0) with AarResourcesCompilerTransform
Transforming firebase-database-collection-18.0.1.aar (com.google.firebase:firebase-database-collection:18.0.1) with ExtractAarTransform
Transforming firebase-database-collection-18.0.1.aar (com.google.firebase:firebase-database-collection:18.0.1) with AarResourcesCompilerTransform
Transforming play-services-fido-21.0.0.aar (com.google.android.gms:play-services-fido:21.0.0) with ExtractAarTransform
Transforming play-services-fido-21.0.0.aar (com.google.android.gms:play-services-fido:21.0.0) with AarResourcesCompilerTransform
Transforming play-services-fido-21.0.0.aar (com.google.android.gms:play-services-fido:21.0.0) with ExtractAarTransform
Transforming play-services-fido-21.0.0.aar (com.google.android.gms:play-services-fido:21.0.0) with AarResourcesCompilerTransform
Transforming play-services-auth-base-18.0.10.aar (com.google.android.gms:play-services-auth-base:18.0.10) with ExtractAarTransform
Transforming play-services-auth-base-18.0.10.aar (com.google.android.gms:play-services-auth-base:18.0.10) with AarResourcesCompilerTransform
Transforming firebase-appcheck-interop-17.1.0.aar (com.google.firebase:firebase-appcheck-interop:17.1.0) with ExtractAarTransform
Transforming firebase-appcheck-interop-17.1.0.aar (com.google.firebase:firebase-appcheck-interop:17.1.0) with AarResourcesCompilerTransform
Transforming firebase-appcheck-interop-17.1.0.aar (com.google.firebase:firebase-appcheck-interop:17.1.0) with ExtractAarTransform
Transforming firebase-appcheck-interop-17.1.0.aar (com.google.firebase:firebase-appcheck-interop:17.1.0) with AarResourcesCompilerTransform
Transforming firebase-appcheck-interop-17.1.0.aar (com.google.firebase:firebase-appcheck-interop:17.1.0) with ExtractAarTransform
Transforming firebase-appcheck-interop-17.1.0.aar (com.google.firebase:firebase-appcheck-interop:17.1.0) with AarResourcesCompilerTransform
Transforming firebase-appcheck-interop-17.1.0.aar (com.google.firebase:firebase-appcheck-interop:17.1.0) with ExtractAarTransform
Transforming firebase-appcheck-interop-17.1.0.aar (com.google.firebase:firebase-appcheck-interop:17.1.0) with AarResourcesCompilerTransform
Transforming play-services-base-18.5.0.aar (com.google.android.gms:play-services-base:18.5.0) with ExtractAarTransform
Transforming play-services-base-18.5.0.aar (com.google.android.gms:play-services-base:18.5.0) with AarResourcesCompilerTransform
Transforming play-services-base-18.5.0.aar (com.google.android.gms:play-services-base:18.5.0) with ExtractAarTransform
Transforming play-services-base-18.5.0.aar (com.google.android.gms:play-services-base:18.5.0) with AarResourcesCompilerTransform
Transforming play-services-base-18.5.0.aar (com.google.android.gms:play-services-base:18.5.0) with ExtractAarTransform
Transforming play-services-base-18.5.0.aar (com.google.android.gms:play-services-base:18.5.0) with AarResourcesCompilerTransform
Transforming play-services-base-18.5.0.aar (com.google.android.gms:play-services-base:18.5.0) with ExtractAarTransform
Transforming play-services-base-18.5.0.aar (com.google.android.gms:play-services-base:18.5.0) with AarResourcesCompilerTransform
Transforming play-services-base-18.5.0.aar (com.google.android.gms:play-services-base:18.5.0) with ExtractAarTransform
Transforming play-services-base-18.5.0.aar (com.google.android.gms:play-services-base:18.5.0) with AarResourcesCompilerTransform
Transforming play-services-base-18.5.0.aar (com.google.android.gms:play-services-base:18.5.0) with ExtractAarTransform
Transforming play-services-base-18.5.0.aar (com.google.android.gms:play-services-base:18.5.0) with AarResourcesCompilerTransform
Transforming play-services-base-18.5.0.aar (com.google.android.gms:play-services-base:18.5.0) with ExtractAarTransform
Transforming play-services-base-18.5.0.aar (com.google.android.gms:play-services-base:18.5.0) with AarResourcesCompilerTransform
Transforming play-services-base-18.5.0.aar (com.google.android.gms:play-services-base:18.5.0) with ExtractAarTransform
Transforming play-services-base-18.5.0.aar (com.google.android.gms:play-services-base:18.5.0) with AarResourcesCompilerTransform
Transforming play-services-base-18.5.0.aar (com.google.android.gms:play-services-base:18.5.0) with ExtractAarTransform
Transforming play-services-base-18.5.0.aar (com.google.android.gms:play-services-base:18.5.0) with AarResourcesCompilerTransform
Transforming play-services-base-18.5.0.aar (com.google.android.gms:play-services-base:18.5.0) with ExtractAarTransform
Transforming play-services-base-18.5.0.aar (com.google.android.gms:play-services-base:18.5.0) with AarResourcesCompilerTransform
Transforming play-services-base-18.5.0.aar (com.google.android.gms:play-services-base:18.5.0) with ExtractAarTransform
Transforming play-services-base-18.5.0.aar (com.google.android.gms:play-services-base:18.5.0) with AarResourcesCompilerTransform
Transforming play-services-base-18.5.0.aar (com.google.android.gms:play-services-base:18.5.0) with ExtractAarTransform
Transforming play-services-base-18.5.0.aar (com.google.android.gms:play-services-base:18.5.0) with AarResourcesCompilerTransform
Transforming firebase-iid-interop-17.1.0.aar (com.google.firebase:firebase-iid-interop:17.1.0) with ExtractAarTransform
Transforming firebase-iid-interop-17.1.0.aar (com.google.firebase:firebase-iid-interop:17.1.0) with AarResourcesCompilerTransform
Transforming play-services-cloud-messaging-17.2.0.aar (com.google.android.gms:play-services-cloud-messaging:17.2.0) with ExtractAarTransform
Transforming play-services-cloud-messaging-17.2.0.aar (com.google.android.gms:play-services-cloud-messaging:17.2.0) with AarResourcesCompilerTransform
Transforming firebase-installations-interop-17.1.1.aar (com.google.firebase:firebase-installations-interop:17.1.1) with ExtractAarTransform
Transforming firebase-installations-interop-17.1.1.aar (com.google.firebase:firebase-installations-interop:17.1.1) with AarResourcesCompilerTransform
Transforming firebase-installations-interop-17.1.1.aar (com.google.firebase:firebase-installations-interop:17.1.1) with ExtractAarTransform
Transforming firebase-installations-interop-17.1.1.aar (com.google.firebase:firebase-installations-interop:17.1.1) with AarResourcesCompilerTransform
Transforming common-0.8.0.aar (com.google.ai.client.generativeai:common:0.8.0) with ExtractAarTransform
Transforming common-0.8.0.aar (com.google.ai.client.generativeai:common:0.8.0) with AarResourcesCompilerTransform
Transforming runtime-annotation.aar (androidx.compose.runtime:runtime-annotation-android:1.9.0) with ExtractAarTransform
Transforming runtime-annotation.aar (androidx.compose.runtime:runtime-annotation-android:1.9.0) with AarResourcesCompilerTransform
Transforming runtime-saveable.aar (androidx.compose.runtime:runtime-saveable-android:1.9.0) with ExtractAarTransform
Transforming runtime-saveable.aar (androidx.compose.runtime:runtime-saveable-android:1.9.0) with AarResourcesCompilerTransform
Transforming savedstate-ktx-1.3.0.aar (androidx.savedstate:savedstate-ktx:1.3.0) with ExtractAarTransform
Transforming savedstate-ktx-1.3.0.aar (androidx.savedstate:savedstate-ktx:1.3.0) with AarResourcesCompilerTransform
Transforming savedstate-compose-release.aar (androidx.savedstate:savedstate-compose-android:1.3.0) with ExtractAarTransform
Transforming savedstate-compose-release.aar (androidx.savedstate:savedstate-compose-android:1.3.0) with AarResourcesCompilerTransform
Transforming dynamicanimation-1.0.0.aar (androidx.dynamicanimation:dynamicanimation:1.0.0) with ExtractAarTransform
Transforming dynamicanimation-1.0.0.aar (androidx.dynamicanimation:dynamicanimation:1.0.0) with AarResourcesCompilerTransform
Transforming play-services-stats-17.0.2.aar (com.google.android.gms:play-services-stats:17.0.2) with ExtractAarTransform
Transforming play-services-stats-17.0.2.aar (com.google.android.gms:play-services-stats:17.0.2) with AarResourcesCompilerTransform
Transforming legacy-support-core-utils-1.0.0.aar (androidx.legacy:legacy-support-core-utils:1.0.0) with ExtractAarTransform
Transforming legacy-support-core-utils-1.0.0.aar (androidx.legacy:legacy-support-core-utils:1.0.0) with AarResourcesCompilerTransform
Transforming legacy-support-core-utils-1.0.0.aar (androidx.legacy:legacy-support-core-utils:1.0.0) with ExtractAarTransform
Transforming legacy-support-core-utils-1.0.0.aar (androidx.legacy:legacy-support-core-utils:1.0.0) with AarResourcesCompilerTransform
Transforming loader-1.1.0.aar (androidx.loader:loader:1.1.0) with ExtractAarTransform
Transforming loader-1.1.0.aar (androidx.loader:loader:1.1.0) with AarResourcesCompilerTransform
Transforming loader-1.1.0.aar (androidx.loader:loader:1.1.0) with ExtractAarTransform
Transforming loader-1.1.0.aar (androidx.loader:loader:1.1.0) with AarResourcesCompilerTransform
Transforming loader-1.1.0.aar (androidx.loader:loader:1.1.0) with ExtractAarTransform
Transforming loader-1.1.0.aar (androidx.loader:loader:1.1.0) with AarResourcesCompilerTransform
Transforming emoji2-views-helper-1.4.0.aar (androidx.emoji2:emoji2-views-helper:1.4.0) with ExtractAarTransform
Transforming emoji2-views-helper-1.4.0.aar (androidx.emoji2:emoji2-views-helper:1.4.0) with AarResourcesCompilerTransform
Transforming emoji2-1.4.0.aar (androidx.emoji2:emoji2:1.4.0) with ExtractAarTransform
Transforming emoji2-1.4.0.aar (androidx.emoji2:emoji2:1.4.0) with AarResourcesCompilerTransform
Transforming lifecycle-viewmodel-savedstate-release.aar (androidx.lifecycle:lifecycle-viewmodel-savedstate-android:2.9.0) with ExtractAarTransform
Transforming lifecycle-viewmodel-savedstate-release.aar (androidx.lifecycle:lifecycle-viewmodel-savedstate-android:2.9.0) with AarResourcesCompilerTransform
Transforming lifecycle-viewmodel-2.9.0.aar (androidx.lifecycle:lifecycle-viewmodel:2.9.0) with ExtractAarTransform
Transforming lifecycle-viewmodel-2.9.0.aar (androidx.lifecycle:lifecycle-viewmodel:2.9.0) with AarResourcesCompilerTransform
Transforming lifecycle-viewmodel-release.aar (androidx.lifecycle:lifecycle-viewmodel-android:2.9.0) with ExtractAarTransform
Transforming lifecycle-viewmodel-release.aar (androidx.lifecycle:lifecycle-viewmodel-android:2.9.0) with AarResourcesCompilerTransform
Transforming lifecycle-runtime-ktx.aar (androidx.lifecycle:lifecycle-runtime-ktx-android:2.9.0) with ExtractAarTransform
Transforming lifecycle-runtime-ktx.aar (androidx.lifecycle:lifecycle-runtime-ktx-android:2.9.0) with AarResourcesCompilerTransform
Transforming lifecycle-runtime-release.aar (androidx.lifecycle:lifecycle-runtime-android:2.9.0) with ExtractAarTransform
Transforming lifecycle-runtime-release.aar (androidx.lifecycle:lifecycle-runtime-android:2.9.0) with AarResourcesCompilerTransform
Transforming lifecycle-viewmodel-ktx-2.9.0.aar (androidx.lifecycle:lifecycle-viewmodel-ktx:2.9.0) with ExtractAarTransform
Transforming lifecycle-viewmodel-ktx-2.9.0.aar (androidx.lifecycle:lifecycle-viewmodel-ktx:2.9.0) with AarResourcesCompilerTransform
Transforming lifecycle-process-2.9.0.aar (androidx.lifecycle:lifecycle-process:2.9.0) with ExtractAarTransform
Transforming lifecycle-process-2.9.0.aar (androidx.lifecycle:lifecycle-process:2.9.0) with AarResourcesCompilerTransform
Transforming lifecycle-livedata-core-2.9.0.aar (androidx.lifecycle:lifecycle-livedata-core:2.9.0) with ExtractAarTransform
Transforming lifecycle-livedata-core-2.9.0.aar (androidx.lifecycle:lifecycle-livedata-core:2.9.0) with AarResourcesCompilerTransform
Transforming lifecycle-livedata-core-2.9.0.aar (androidx.lifecycle:lifecycle-livedata-core:2.9.0) with ExtractAarTransform
Transforming lifecycle-livedata-core-2.9.0.aar (androidx.lifecycle:lifecycle-livedata-core:2.9.0) with AarResourcesCompilerTransform
Transforming lifecycle-runtime-compose-release.aar (androidx.lifecycle:lifecycle-runtime-compose-android:2.9.0) with ExtractAarTransform
Transforming lifecycle-runtime-compose-release.aar (androidx.lifecycle:lifecycle-runtime-compose-android:2.9.0) with AarResourcesCompilerTransform
Transforming runtime.aar (androidx.compose.runtime:runtime-android:1.9.0) with ExtractAarTransform
Transforming runtime.aar (androidx.compose.runtime:runtime-android:1.9.0) with AarResourcesCompilerTransform
Transforming browser-1.4.0.aar (androidx.browser:browser:1.4.0) with ExtractAarTransform
Transforming browser-1.4.0.aar (androidx.browser:browser:1.4.0) with AarResourcesCompilerTransform
Transforming profileinstaller-1.4.0.aar (androidx.profileinstaller:profileinstaller:1.4.0) with ExtractAarTransform
Transforming profileinstaller-1.4.0.aar (androidx.profileinstaller:profileinstaller:1.4.0) with AarResourcesCompilerTransform
Transforming play-services-tasks-18.2.0.aar (com.google.android.gms:play-services-tasks:18.2.0) with ExtractAarTransform
Transforming play-services-tasks-18.2.0.aar (com.google.android.gms:play-services-tasks:18.2.0) with AarResourcesCompilerTransform
Transforming play-services-tasks-18.2.0.aar (com.google.android.gms:play-services-tasks:18.2.0) with ExtractAarTransform
Transforming play-services-tasks-18.2.0.aar (com.google.android.gms:play-services-tasks:18.2.0) with AarResourcesCompilerTransform
Transforming play-services-tasks-18.2.0.aar (com.google.android.gms:play-services-tasks:18.2.0) with ExtractAarTransform
Transforming play-services-tasks-18.2.0.aar (com.google.android.gms:play-services-tasks:18.2.0) with AarResourcesCompilerTransform
Transforming play-services-tasks-18.2.0.aar (com.google.android.gms:play-services-tasks:18.2.0) with ExtractAarTransform
Transforming play-services-tasks-18.2.0.aar (com.google.android.gms:play-services-tasks:18.2.0) with AarResourcesCompilerTransform
Transforming play-services-tasks-18.2.0.aar (com.google.android.gms:play-services-tasks:18.2.0) with ExtractAarTransform
Transforming play-services-tasks-18.2.0.aar (com.google.android.gms:play-services-tasks:18.2.0) with AarResourcesCompilerTransform
Transforming play-services-tasks-18.2.0.aar (com.google.android.gms:play-services-tasks:18.2.0) with ExtractAarTransform
Transforming play-services-tasks-18.2.0.aar (com.google.android.gms:play-services-tasks:18.2.0) with AarResourcesCompilerTransform
Transforming play-services-tasks-18.2.0.aar (com.google.android.gms:play-services-tasks:18.2.0) with ExtractAarTransform
Transforming play-services-tasks-18.2.0.aar (com.google.android.gms:play-services-tasks:18.2.0) with AarResourcesCompilerTransform
Transforming play-services-tasks-18.2.0.aar (com.google.android.gms:play-services-tasks:18.2.0) with ExtractAarTransform
Transforming play-services-tasks-18.2.0.aar (com.google.android.gms:play-services-tasks:18.2.0) with AarResourcesCompilerTransform
Transforming play-services-tasks-18.2.0.aar (com.google.android.gms:play-services-tasks:18.2.0) with ExtractAarTransform
Transforming play-services-tasks-18.2.0.aar (com.google.android.gms:play-services-tasks:18.2.0) with AarResourcesCompilerTransform
Transforming play-services-tasks-18.2.0.aar (com.google.android.gms:play-services-tasks:18.2.0) with ExtractAarTransform
Transforming play-services-tasks-18.2.0.aar (com.google.android.gms:play-services-tasks:18.2.0) with AarResourcesCompilerTransform
Transforming play-services-tasks-18.2.0.aar (com.google.android.gms:play-services-tasks:18.2.0) with ExtractAarTransform
Transforming play-services-tasks-18.2.0.aar (com.google.android.gms:play-services-tasks:18.2.0) with AarResourcesCompilerTransform
Transforming play-services-tasks-18.2.0.aar (com.google.android.gms:play-services-tasks:18.2.0) with ExtractAarTransform
Transforming play-services-tasks-18.2.0.aar (com.google.android.gms:play-services-tasks:18.2.0) with AarResourcesCompilerTransform
Transforming play-services-tasks-18.2.0.aar (com.google.android.gms:play-services-tasks:18.2.0) with ExtractAarTransform
Transforming play-services-tasks-18.2.0.aar (com.google.android.gms:play-services-tasks:18.2.0) with AarResourcesCompilerTransform
Transforming play-services-tasks-18.2.0.aar (com.google.android.gms:play-services-tasks:18.2.0) with ExtractAarTransform
Transforming play-services-tasks-18.2.0.aar (com.google.android.gms:play-services-tasks:18.2.0) with AarResourcesCompilerTransform
Transforming play-services-tasks-18.2.0.aar (com.google.android.gms:play-services-tasks:18.2.0) with ExtractAarTransform
Transforming play-services-tasks-18.2.0.aar (com.google.android.gms:play-services-tasks:18.2.0) with AarResourcesCompilerTransform
Transforming play-services-tasks-18.2.0.aar (com.google.android.gms:play-services-tasks:18.2.0) with ExtractAarTransform
Transforming play-services-tasks-18.2.0.aar (com.google.android.gms:play-services-tasks:18.2.0) with AarResourcesCompilerTransform
Transforming play-services-tasks-18.2.0.aar (com.google.android.gms:play-services-tasks:18.2.0) with ExtractAarTransform
Transforming play-services-tasks-18.2.0.aar (com.google.android.gms:play-services-tasks:18.2.0) with AarResourcesCompilerTransform
Transforming play-services-tasks-18.2.0.aar (com.google.android.gms:play-services-tasks:18.2.0) with ExtractAarTransform
Transforming play-services-tasks-18.2.0.aar (com.google.android.gms:play-services-tasks:18.2.0) with AarResourcesCompilerTransform
Transforming play-services-tasks-18.2.0.aar (com.google.android.gms:play-services-tasks:18.2.0) with ExtractAarTransform
Transforming play-services-tasks-18.2.0.aar (com.google.android.gms:play-services-tasks:18.2.0) with AarResourcesCompilerTransform
Transforming play-services-tasks-18.2.0.aar (com.google.android.gms:play-services-tasks:18.2.0) with ExtractAarTransform
Transforming play-services-tasks-18.2.0.aar (com.google.android.gms:play-services-tasks:18.2.0) with AarResourcesCompilerTransform
Transforming play-services-tasks-18.2.0.aar (com.google.android.gms:play-services-tasks:18.2.0) with ExtractAarTransform
Transforming play-services-tasks-18.2.0.aar (com.google.android.gms:play-services-tasks:18.2.0) with AarResourcesCompilerTransform
Transforming play-services-tasks-18.2.0.aar (com.google.android.gms:play-services-tasks:18.2.0) with ExtractAarTransform
Transforming play-services-tasks-18.2.0.aar (com.google.android.gms:play-services-tasks:18.2.0) with AarResourcesCompilerTransform
Transforming firebase-measurement-connector-19.0.0.aar (com.google.firebase:firebase-measurement-connector:19.0.0) with ExtractAarTransform
Transforming firebase-measurement-connector-19.0.0.aar (com.google.firebase:firebase-measurement-connector:19.0.0) with AarResourcesCompilerTransform
Transforming play-services-basement-18.4.0.aar (com.google.android.gms:play-services-basement:18.4.0) with ExtractAarTransform
Transforming play-services-basement-18.4.0.aar (com.google.android.gms:play-services-basement:18.4.0) with AarResourcesCompilerTransform
Transforming play-services-basement-18.4.0.aar (com.google.android.gms:play-services-basement:18.4.0) with ExtractAarTransform
Transforming play-services-basement-18.4.0.aar (com.google.android.gms:play-services-basement:18.4.0) with AarResourcesCompilerTransform
Transforming play-services-basement-18.4.0.aar (com.google.android.gms:play-services-basement:18.4.0) with ExtractAarTransform
Transforming play-services-basement-18.4.0.aar (com.google.android.gms:play-services-basement:18.4.0) with AarResourcesCompilerTransform
Transforming play-services-basement-18.4.0.aar (com.google.android.gms:play-services-basement:18.4.0) with ExtractAarTransform
Transforming play-services-basement-18.4.0.aar (com.google.android.gms:play-services-basement:18.4.0) with AarResourcesCompilerTransform
Transforming play-services-basement-18.4.0.aar (com.google.android.gms:play-services-basement:18.4.0) with ExtractAarTransform
Transforming play-services-basement-18.4.0.aar (com.google.android.gms:play-services-basement:18.4.0) with AarResourcesCompilerTransform
Transforming play-services-basement-18.4.0.aar (com.google.android.gms:play-services-basement:18.4.0) with ExtractAarTransform
Transforming play-services-basement-18.4.0.aar (com.google.android.gms:play-services-basement:18.4.0) with AarResourcesCompilerTransform
Transforming play-services-basement-18.4.0.aar (com.google.android.gms:play-services-basement:18.4.0) with ExtractAarTransform
Transforming play-services-basement-18.4.0.aar (com.google.android.gms:play-services-basement:18.4.0) with AarResourcesCompilerTransform
Transforming play-services-basement-18.4.0.aar (com.google.android.gms:play-services-basement:18.4.0) with ExtractAarTransform
Transforming play-services-basement-18.4.0.aar (com.google.android.gms:play-services-basement:18.4.0) with AarResourcesCompilerTransform
Transforming play-services-basement-18.4.0.aar (com.google.android.gms:play-services-basement:18.4.0) with ExtractAarTransform
Transforming play-services-basement-18.4.0.aar (com.google.android.gms:play-services-basement:18.4.0) with AarResourcesCompilerTransform
Transforming play-services-basement-18.4.0.aar (com.google.android.gms:play-services-basement:18.4.0) with ExtractAarTransform
Transforming play-services-basement-18.4.0.aar (com.google.android.gms:play-services-basement:18.4.0) with AarResourcesCompilerTransform
Transforming play-services-basement-18.4.0.aar (com.google.android.gms:play-services-basement:18.4.0) with ExtractAarTransform
Transforming play-services-basement-18.4.0.aar (com.google.android.gms:play-services-basement:18.4.0) with AarResourcesCompilerTransform
Transforming play-services-basement-18.4.0.aar (com.google.android.gms:play-services-basement:18.4.0) with ExtractAarTransform
Transforming play-services-basement-18.4.0.aar (com.google.android.gms:play-services-basement:18.4.0) with AarResourcesCompilerTransform
Transforming play-services-basement-18.4.0.aar (com.google.android.gms:play-services-basement:18.4.0) with ExtractAarTransform
Transforming play-services-basement-18.4.0.aar (com.google.android.gms:play-services-basement:18.4.0) with AarResourcesCompilerTransform
Transforming play-services-basement-18.4.0.aar (com.google.android.gms:play-services-basement:18.4.0) with ExtractAarTransform
Transforming play-services-basement-18.4.0.aar (com.google.android.gms:play-services-basement:18.4.0) with AarResourcesCompilerTransform
Transforming play-services-basement-18.4.0.aar (com.google.android.gms:play-services-basement:18.4.0) with ExtractAarTransform
Transforming play-services-basement-18.4.0.aar (com.google.android.gms:play-services-basement:18.4.0) with AarResourcesCompilerTransform
Transforming play-services-basement-18.4.0.aar (com.google.android.gms:play-services-basement:18.4.0) with ExtractAarTransform
Transforming play-services-basement-18.4.0.aar (com.google.android.gms:play-services-basement:18.4.0) with AarResourcesCompilerTransform
Transforming play-services-basement-18.4.0.aar (com.google.android.gms:play-services-basement:18.4.0) with ExtractAarTransform
Transforming play-services-basement-18.4.0.aar (com.google.android.gms:play-services-basement:18.4.0) with AarResourcesCompilerTransform
Transforming play-services-basement-18.4.0.aar (com.google.android.gms:play-services-basement:18.4.0) with ExtractAarTransform
Transforming play-services-basement-18.4.0.aar (com.google.android.gms:play-services-basement:18.4.0) with AarResourcesCompilerTransform
Transforming play-services-basement-18.4.0.aar (com.google.android.gms:play-services-basement:18.4.0) with ExtractAarTransform
Transforming play-services-basement-18.4.0.aar (com.google.android.gms:play-services-basement:18.4.0) with AarResourcesCompilerTransform
Transforming recyclerview-1.3.1.aar (androidx.recyclerview:recyclerview:1.3.1) with ExtractAarTransform
Transforming recyclerview-1.3.1.aar (androidx.recyclerview:recyclerview:1.3.1) with AarResourcesCompilerTransform
Transforming viewpager2-1.1.0.aar (androidx.viewpager2:viewpager2:1.1.0) with ExtractAarTransform
Transforming viewpager2-1.1.0.aar (androidx.viewpager2:viewpager2:1.1.0) with AarResourcesCompilerTransform
Transforming fragment-1.5.7.aar (androidx.fragment:fragment:1.5.7) with ExtractAarTransform
Transforming fragment-1.5.7.aar (androidx.fragment:fragment:1.5.7) with AarResourcesCompilerTransform
Transforming fragment-1.5.7.aar (androidx.fragment:fragment:1.5.7) with ExtractAarTransform
Transforming fragment-1.5.7.aar (androidx.fragment:fragment:1.5.7) with AarResourcesCompilerTransform
Transforming fragment-1.5.7.aar (androidx.fragment:fragment:1.5.7) with ExtractAarTransform
Transforming fragment-1.5.7.aar (androidx.fragment:fragment:1.5.7) with AarResourcesCompilerTransform
Transforming fragment-1.5.7.aar (androidx.fragment:fragment:1.5.7) with ExtractAarTransform
Transforming fragment-1.5.7.aar (androidx.fragment:fragment:1.5.7) with AarResourcesCompilerTransform
Transforming fragment-1.5.7.aar (androidx.fragment:fragment:1.5.7) with ExtractAarTransform
Transforming fragment-1.5.7.aar (androidx.fragment:fragment:1.5.7) with AarResourcesCompilerTransform
Transforming fragment-1.5.7.aar (androidx.fragment:fragment:1.5.7) with ExtractAarTransform
Transforming fragment-1.5.7.aar (androidx.fragment:fragment:1.5.7) with AarResourcesCompilerTransform
Transforming savedstate-release.aar (androidx.savedstate:savedstate-android:1.3.0) with ExtractAarTransform
Transforming savedstate-release.aar (androidx.savedstate:savedstate-android:1.3.0) with AarResourcesCompilerTransform
Transforming lifecycle-viewmodel-compose-release.aar (androidx.lifecycle:lifecycle-viewmodel-compose-android:2.9.0) with ExtractAarTransform
Transforming lifecycle-viewmodel-compose-release.aar (androidx.lifecycle:lifecycle-viewmodel-compose-android:2.9.0) with AarResourcesCompilerTransform
Transforming ui-release.aar (androidx.compose.ui:ui-android:1.8.2) with ExtractAarTransform
Transforming ui-release.aar (androidx.compose.ui:ui-android:1.8.2) with AarResourcesCompilerTransform
Transforming activity-ktx-1.9.3.aar (androidx.activity:activity-ktx:1.9.3) with ExtractAarTransform
Transforming activity-ktx-1.9.3.aar (androidx.activity:activity-ktx:1.9.3) with AarResourcesCompilerTransform
Transforming activity-compose-1.9.3.aar (androidx.activity:activity-compose:1.9.3) with ExtractAarTransform
Transforming activity-compose-1.9.3.aar (androidx.activity:activity-compose:1.9.3) with AarResourcesCompilerTransform
Transforming activity-1.9.3.aar (androidx.activity:activity:1.9.3) with ExtractAarTransform
Transforming activity-1.9.3.aar (androidx.activity:activity:1.9.3) with AarResourcesCompilerTransform
Transforming vectordrawable-animated-1.1.0.aar (androidx.vectordrawable:vectordrawable-animated:1.1.0) with ExtractAarTransform
Transforming vectordrawable-animated-1.1.0.aar (androidx.vectordrawable:vectordrawable-animated:1.1.0) with AarResourcesCompilerTransform
Transforming vectordrawable-1.1.0.aar (androidx.vectordrawable:vectordrawable:1.1.0) with ExtractAarTransform
Transforming vectordrawable-1.1.0.aar (androidx.vectordrawable:vectordrawable:1.1.0) with AarResourcesCompilerTransform
Transforming vectordrawable-1.1.0.aar (androidx.vectordrawable:vectordrawable:1.1.0) with ExtractAarTransform
Transforming vectordrawable-1.1.0.aar (androidx.vectordrawable:vectordrawable:1.1.0) with AarResourcesCompilerTransform
Transforming viewpager-1.0.0.aar (androidx.viewpager:viewpager:1.0.0) with ExtractAarTransform
Transforming viewpager-1.0.0.aar (androidx.viewpager:viewpager:1.0.0) with AarResourcesCompilerTransform
Transforming customview-1.0.0.aar (androidx.customview:customview:1.0.0) with ExtractAarTransform
Transforming customview-1.0.0.aar (androidx.customview:customview:1.0.0) with AarResourcesCompilerTransform
Transforming customview-1.0.0.aar (androidx.customview:customview:1.0.0) with ExtractAarTransform
Transforming customview-1.0.0.aar (androidx.customview:customview:1.0.0) with AarResourcesCompilerTransform
Transforming customview-1.0.0.aar (androidx.customview:customview:1.0.0) with ExtractAarTransform
Transforming customview-1.0.0.aar (androidx.customview:customview:1.0.0) with AarResourcesCompilerTransform
Transforming autofill-1.0.0.aar (androidx.autofill:autofill:1.0.0) with ExtractAarTransform
Transforming autofill-1.0.0.aar (androidx.autofill:autofill:1.0.0) with AarResourcesCompilerTransform
Transforming graphics-path-1.0.1.aar (androidx.graphics:graphics-path:1.0.1) with ExtractAarTransform
Transforming graphics-path-1.0.1.aar (androidx.graphics:graphics-path:1.0.1) with AarResourcesCompilerTransform
Transforming core-1.13.1.aar (androidx.core:core:1.13.1) with ExtractAarTransform
Transforming core-1.13.1.aar (androidx.core:core:1.13.1) with AarResourcesCompilerTransform
Transforming core-1.13.1.aar (androidx.core:core:1.13.1) with ExtractAarTransform
Transforming core-1.13.1.aar (androidx.core:core:1.13.1) with AarResourcesCompilerTransform
Transforming core-1.13.1.aar (androidx.core:core:1.13.1) with ExtractAarTransform
Transforming core-1.13.1.aar (androidx.core:core:1.13.1) with AarResourcesCompilerTransform
Transforming core-1.13.1.aar (androidx.core:core:1.13.1) with ExtractAarTransform
Transforming core-1.13.1.aar (androidx.core:core:1.13.1) with AarResourcesCompilerTransform
Transforming core-1.13.1.aar (androidx.core:core:1.13.1) with ExtractAarTransform
Transforming core-1.13.1.aar (androidx.core:core:1.13.1) with AarResourcesCompilerTransform
Transforming core-1.13.1.aar (androidx.core:core:1.13.1) with ExtractAarTransform
Transforming core-1.13.1.aar (androidx.core:core:1.13.1) with AarResourcesCompilerTransform
Transforming core-1.13.1.aar (androidx.core:core:1.13.1) with ExtractAarTransform
Transforming core-1.13.1.aar (androidx.core:core:1.13.1) with AarResourcesCompilerTransform
Transforming core-1.13.1.aar (androidx.core:core:1.13.1) with ExtractAarTransform
Transforming core-1.13.1.aar (androidx.core:core:1.13.1) with AarResourcesCompilerTransform
Transforming core-1.13.1.aar (androidx.core:core:1.13.1) with ExtractAarTransform
Transforming core-1.13.1.aar (androidx.core:core:1.13.1) with AarResourcesCompilerTransform
Transforming core-1.13.1.aar (androidx.core:core:1.13.1) with ExtractAarTransform
Transforming core-1.13.1.aar (androidx.core:core:1.13.1) with AarResourcesCompilerTransform
Transforming core-1.13.1.aar (androidx.core:core:1.13.1) with ExtractAarTransform
Transforming core-1.13.1.aar (androidx.core:core:1.13.1) with AarResourcesCompilerTransform
Transforming customview-poolingcontainer-1.0.0.aar (androidx.customview:customview-poolingcontainer:1.0.0) with ExtractAarTransform
Transforming customview-poolingcontainer-1.0.0.aar (androidx.customview:customview-poolingcontainer:1.0.0) with AarResourcesCompilerTransform
Transforming core-ktx-1.13.1.aar (androidx.core:core-ktx:1.13.1) with ExtractAarTransform
Transforming core-ktx-1.13.1.aar (androidx.core:core-ktx:1.13.1) with AarResourcesCompilerTransform
Transforming annotation-experimental-1.4.1.aar (androidx.annotation:annotation-experimental:1.4.1) with ExtractAarTransform
Transforming annotation-experimental-1.4.1.aar (androidx.annotation:annotation-experimental:1.4.1) with AarResourcesCompilerTransform
Transforming versionedparcelable-1.1.1.aar (androidx.versionedparcelable:versionedparcelable:1.1.1) with ExtractAarTransform
Transforming versionedparcelable-1.1.1.aar (androidx.versionedparcelable:versionedparcelable:1.1.1) with AarResourcesCompilerTransform
Transforming cursoradapter-1.0.0.aar (androidx.cursoradapter:cursoradapter:1.0.0) with ExtractAarTransform
Transforming cursoradapter-1.0.0.aar (androidx.cursoradapter:cursoradapter:1.0.0) with AarResourcesCompilerTransform
Transforming localbroadcastmanager-1.0.0.aar (androidx.localbroadcastmanager:localbroadcastmanager:1.0.0) with ExtractAarTransform
Transforming localbroadcastmanager-1.0.0.aar (androidx.localbroadcastmanager:localbroadcastmanager:1.0.0) with AarResourcesCompilerTransform
Transforming localbroadcastmanager-1.0.0.aar (androidx.localbroadcastmanager:localbroadcastmanager:1.0.0) with ExtractAarTransform
Transforming localbroadcastmanager-1.0.0.aar (androidx.localbroadcastmanager:localbroadcastmanager:1.0.0) with AarResourcesCompilerTransform
Transforming firebase-components-18.0.0.aar (com.google.firebase:firebase-components:18.0.0) with ExtractAarTransform
Transforming firebase-components-18.0.0.aar (com.google.firebase:firebase-components:18.0.0) with AarResourcesCompilerTransform
Transforming firebase-components-18.0.0.aar (com.google.firebase:firebase-components:18.0.0) with ExtractAarTransform
Transforming firebase-components-18.0.0.aar (com.google.firebase:firebase-components:18.0.0) with AarResourcesCompilerTransform
Transforming firebase-components-18.0.0.aar (com.google.firebase:firebase-components:18.0.0) with ExtractAarTransform
Transforming firebase-components-18.0.0.aar (com.google.firebase:firebase-components:18.0.0) with AarResourcesCompilerTransform
Transforming firebase-components-18.0.0.aar (com.google.firebase:firebase-components:18.0.0) with ExtractAarTransform
Transforming firebase-components-18.0.0.aar (com.google.firebase:firebase-components:18.0.0) with AarResourcesCompilerTransform
Transforming firebase-components-18.0.0.aar (com.google.firebase:firebase-components:18.0.0) with ExtractAarTransform
Transforming firebase-components-18.0.0.aar (com.google.firebase:firebase-components:18.0.0) with AarResourcesCompilerTransform
Transforming firebase-components-18.0.0.aar (com.google.firebase:firebase-components:18.0.0) with ExtractAarTransform
Transforming firebase-components-18.0.0.aar (com.google.firebase:firebase-components:18.0.0) with AarResourcesCompilerTransform
Transforming firebase-components-18.0.0.aar (com.google.firebase:firebase-components:18.0.0) with ExtractAarTransform
Transforming firebase-components-18.0.0.aar (com.google.firebase:firebase-components:18.0.0) with AarResourcesCompilerTransform
Transforming firebase-components-18.0.0.aar (com.google.firebase:firebase-components:18.0.0) with ExtractAarTransform
Transforming firebase-components-18.0.0.aar (com.google.firebase:firebase-components:18.0.0) with AarResourcesCompilerTransform
Transforming firebase-components-18.0.0.aar (com.google.firebase:firebase-components:18.0.0) with ExtractAarTransform
Transforming firebase-components-18.0.0.aar (com.google.firebase:firebase-components:18.0.0) with AarResourcesCompilerTransform
Transforming interpolator-1.0.0.aar (androidx.interpolator:interpolator:1.0.0) with ExtractAarTransform
Transforming interpolator-1.0.0.aar (androidx.interpolator:interpolator:1.0.0) with AarResourcesCompilerTransform
Transforming interpolator-1.0.0.aar (androidx.interpolator:interpolator:1.0.0) with ExtractAarTransform
Transforming interpolator-1.0.0.aar (androidx.interpolator:interpolator:1.0.0) with AarResourcesCompilerTransform
Transforming startup-runtime-1.1.1.aar (androidx.startup:startup-runtime:1.1.1) with ExtractAarTransform
Transforming startup-runtime-1.1.1.aar (androidx.startup:startup-runtime:1.1.1) with AarResourcesCompilerTransform
Transforming tracing-1.0.0.aar (androidx.tracing:tracing:1.0.0) with ExtractAarTransform
Transforming tracing-1.0.0.aar (androidx.tracing:tracing:1.0.0) with AarResourcesCompilerTransform
Transforming firebase-datatransport-18.2.0.aar (com.google.firebase:firebase-datatransport:18.2.0) with ExtractAarTransform
Transforming firebase-datatransport-18.2.0.aar (com.google.firebase:firebase-datatransport:18.2.0) with AarResourcesCompilerTransform
Transforming transport-backend-cct-3.1.9.aar (com.google.android.datatransport:transport-backend-cct:3.1.9) with ExtractAarTransform
Transforming transport-backend-cct-3.1.9.aar (com.google.android.datatransport:transport-backend-cct:3.1.9) with AarResourcesCompilerTransform
Transforming transport-backend-cct-3.1.9.aar (com.google.android.datatransport:transport-backend-cct:3.1.9) with ExtractAarTransform
Transforming transport-backend-cct-3.1.9.aar (com.google.android.datatransport:transport-backend-cct:3.1.9) with AarResourcesCompilerTransform
Transforming firebase-encoders-json-18.0.0.aar (com.google.firebase:firebase-encoders-json:18.0.0) with ExtractAarTransform
Transforming firebase-encoders-json-18.0.0.aar (com.google.firebase:firebase-encoders-json:18.0.0) with AarResourcesCompilerTransform
Transforming firebase-encoders-json-18.0.0.aar (com.google.firebase:firebase-encoders-json:18.0.0) with ExtractAarTransform
Transforming firebase-encoders-json-18.0.0.aar (com.google.firebase:firebase-encoders-json:18.0.0) with AarResourcesCompilerTransform
Transforming transport-runtime-3.1.9.aar (com.google.android.datatransport:transport-runtime:3.1.9) with ExtractAarTransform
Transforming transport-runtime-3.1.9.aar (com.google.android.datatransport:transport-runtime:3.1.9) with AarResourcesCompilerTransform
Transforming transport-runtime-3.1.9.aar (com.google.android.datatransport:transport-runtime:3.1.9) with ExtractAarTransform
Transforming transport-runtime-3.1.9.aar (com.google.android.datatransport:transport-runtime:3.1.9) with AarResourcesCompilerTransform
Transforming transport-runtime-3.1.9.aar (com.google.android.datatransport:transport-runtime:3.1.9) with ExtractAarTransform
Transforming transport-runtime-3.1.9.aar (com.google.android.datatransport:transport-runtime:3.1.9) with AarResourcesCompilerTransform
Transforming transport-api-3.1.0.aar (com.google.android.datatransport:transport-api:3.1.0) with ExtractAarTransform
Transforming transport-api-3.1.0.aar (com.google.android.datatransport:transport-api:3.1.0) with AarResourcesCompilerTransform
Transforming transport-api-3.1.0.aar (com.google.android.datatransport:transport-api:3.1.0) with ExtractAarTransform
Transforming transport-api-3.1.0.aar (com.google.android.datatransport:transport-api:3.1.0) with AarResourcesCompilerTransform
Transforming transport-api-3.1.0.aar (com.google.android.datatransport:transport-api:3.1.0) with ExtractAarTransform
Transforming transport-api-3.1.0.aar (com.google.android.datatransport:transport-api:3.1.0) with AarResourcesCompilerTransform
Transforming transport-api-3.1.0.aar (com.google.android.datatransport:transport-api:3.1.0) with ExtractAarTransform
Transforming transport-api-3.1.0.aar (com.google.android.datatransport:transport-api:3.1.0) with AarResourcesCompilerTransform
Transforming exifinterface-1.3.7.aar (androidx.exifinterface:exifinterface:1.3.7) with ExtractAarTransform
Transforming exifinterface-1.3.7.aar (androidx.exifinterface:exifinterface:1.3.7) with AarResourcesCompilerTransform
Transforming documentfile-1.0.0.aar (androidx.documentfile:documentfile:1.0.0) with ExtractAarTransform
Transforming documentfile-1.0.0.aar (androidx.documentfile:documentfile:1.0.0) with AarResourcesCompilerTransform
Transforming print-1.0.0.aar (androidx.print:print:1.0.0) with ExtractAarTransform
Transforming print-1.0.0.aar (androidx.print:print:1.0.0) with AarResourcesCompilerTransform
Transforming core-runtime-2.2.0.aar (androidx.arch.core:core-runtime:2.2.0) with ExtractAarTransform
Transforming core-runtime-2.2.0.aar (androidx.arch.core:core-runtime:2.2.0) with AarResourcesCompilerTransform
Transforming core-viewtree-1.0.0.aar (androidx.core:core-viewtree:1.0.0) with ExtractAarTransform
Transforming core-viewtree-1.0.0.aar (androidx.core:core-viewtree:1.0.0) with AarResourcesCompilerTransform
Transforming protolite-well-known-types-18.0.0.aar (com.google.firebase:protolite-well-known-types:18.0.0) with ExtractAarTransform
Transforming protolite-well-known-types-18.0.0.aar (com.google.firebase:protolite-well-known-types:18.0.0) with AarResourcesCompilerTransform
Transforming grpc-android-1.62.2.aar (io.grpc:grpc-android:1.62.2) with ExtractAarTransform
Transforming grpc-android-1.62.2.aar (io.grpc:grpc-android:1.62.2) with AarResourcesCompilerTransform
Transforming core-common-2.0.3.aar (com.google.android.play:core-common:2.0.3) with ExtractAarTransform
Transforming core-common-2.0.3.aar (com.google.android.play:core-common:2.0.3) with AarResourcesCompilerTransform
Transforming dotsindicator-5.1.0.aar (com.tbuonomo:dotsindicator:5.1.0) with ExtractAarTransform
Transforming dotsindicator-5.1.0.aar (com.tbuonomo:dotsindicator:5.1.0) with LibrarySymbolTableTransform
Transforming coil-compose-2.7.0.aar (io.coil-kt:coil-compose:2.7.0) with ExtractAarTransform
Transforming coil-compose-2.7.0.aar (io.coil-kt:coil-compose:2.7.0) with LibrarySymbolTableTransform
Transforming coil-compose-base-2.7.0.aar (io.coil-kt:coil-compose-base:2.7.0) with ExtractAarTransform
Transforming coil-compose-base-2.7.0.aar (io.coil-kt:coil-compose-base:2.7.0) with LibrarySymbolTableTransform
Transforming coil-2.7.0.aar (io.coil-kt:coil:2.7.0) with ExtractAarTransform
Transforming coil-2.7.0.aar (io.coil-kt:coil:2.7.0) with LibrarySymbolTableTransform
Transforming coil-base-2.7.0.aar (io.coil-kt:coil-base:2.7.0) with ExtractAarTransform
Transforming coil-base-2.7.0.aar (io.coil-kt:coil-base:2.7.0) with LibrarySymbolTableTransform
Transforming appcompat-resources-1.7.0.aar (androidx.appcompat:appcompat-resources:1.7.0) with ExtractAarTransform
Transforming appcompat-resources-1.7.0.aar (androidx.appcompat:appcompat-resources:1.7.0) with LibrarySymbolTableTransform
Transforming appcompat-1.7.0.aar (androidx.appcompat:appcompat:1.7.0) with ExtractAarTransform
Transforming appcompat-1.7.0.aar (androidx.appcompat:appcompat:1.7.0) with LibrarySymbolTableTransform
Transforming generativeai-0.9.0.aar (com.google.ai.client.generativeai:generativeai:0.9.0) with ExtractAarTransform
Transforming generativeai-0.9.0.aar (com.google.ai.client.generativeai:generativeai:0.9.0) with LibrarySymbolTableTransform
Transforming drawerlayout-1.0.0.aar (androidx.drawerlayout:drawerlayout:1.0.0) with ExtractAarTransform
Transforming drawerlayout-1.0.0.aar (androidx.drawerlayout:drawerlayout:1.0.0) with LibrarySymbolTableTransform
Transforming navigation-common-2.8.5.aar (androidx.navigation:navigation-common:2.8.5) with ExtractAarTransform
Transforming navigation-common-2.8.5.aar (androidx.navigation:navigation-common:2.8.5) with LibrarySymbolTableTransform
Transforming navigation-runtime-2.8.5.aar (androidx.navigation:navigation-runtime:2.8.5) with ExtractAarTransform
Transforming navigation-runtime-2.8.5.aar (androidx.navigation:navigation-runtime:2.8.5) with LibrarySymbolTableTransform
Transforming navigation-common-ktx-2.8.5.aar (androidx.navigation:navigation-common-ktx:2.8.5) with ExtractAarTransform
Transforming navigation-common-ktx-2.8.5.aar (androidx.navigation:navigation-common-ktx:2.8.5) with LibrarySymbolTableTransform
Transforming navigation-runtime-ktx-2.8.5.aar (androidx.navigation:navigation-runtime-ktx:2.8.5) with ExtractAarTransform
Transforming navigation-runtime-ktx-2.8.5.aar (androidx.navigation:navigation-runtime-ktx:2.8.5) with LibrarySymbolTableTransform
Transforming navigation-compose-2.8.5.aar (androidx.navigation:navigation-compose:2.8.5) with ExtractAarTransform
Transforming navigation-compose-2.8.5.aar (androidx.navigation:navigation-compose:2.8.5) with LibrarySymbolTableTransform
Transforming material3.aar (androidx.compose.material3:material3-android:1.4.0) with ExtractAarTransform
Transforming material3.aar (androidx.compose.material3:material3-android:1.4.0) with LibrarySymbolTableTransform
Transforming accompanist-drawablepainter-0.32.0.aar (com.google.accompanist:accompanist-drawablepainter:0.32.0) with ExtractAarTransform
Transforming accompanist-drawablepainter-0.32.0.aar (com.google.accompanist:accompanist-drawablepainter:0.32.0) with LibrarySymbolTableTransform
Transforming material-icons-extended-release.aar (androidx.compose.material:material-icons-extended-android:1.7.2) with ExtractAarTransform
Transforming material-icons-extended-release.aar (androidx.compose.material:material-icons-extended-android:1.7.2) with LibrarySymbolTableTransform
Transforming material-icons-core-release.aar (androidx.compose.material:material-icons-core-android:1.7.2) with ExtractAarTransform
Transforming material-icons-core-release.aar (androidx.compose.material:material-icons-core-android:1.7.2) with LibrarySymbolTableTransform
Transforming ui-tooling-data-release.aar (androidx.compose.ui:ui-tooling-data-android:1.8.2) with ExtractAarTransform
Transforming ui-tooling-data-release.aar (androidx.compose.ui:ui-tooling-data-android:1.8.2) with LibrarySymbolTableTransform
Transforming ui-tooling-preview-release.aar (androidx.compose.ui:ui-tooling-preview-android:1.8.2) with ExtractAarTransform
Transforming ui-tooling-preview-release.aar (androidx.compose.ui:ui-tooling-preview-android:1.8.2) with LibrarySymbolTableTransform
Transforming foundation-release.aar (androidx.compose.foundation:foundation-android:1.8.2) with ExtractAarTransform
Transforming foundation-release.aar (androidx.compose.foundation:foundation-android:1.8.2) with LibrarySymbolTableTransform
Transforming foundation-layout-release.aar (androidx.compose.foundation:foundation-layout-android:1.8.2) with ExtractAarTransform
Transforming foundation-layout-release.aar (androidx.compose.foundation:foundation-layout-android:1.8.2) with LibrarySymbolTableTransform
Transforming animation-core-release.aar (androidx.compose.animation:animation-core-android:1.8.2) with ExtractAarTransform
Transforming animation-core-release.aar (androidx.compose.animation:animation-core-android:1.8.2) with LibrarySymbolTableTransform
Transforming animation-release.aar (androidx.compose.animation:animation-android:1.8.2) with ExtractAarTransform
Transforming animation-release.aar (androidx.compose.animation:animation-android:1.8.2) with LibrarySymbolTableTransform
Transforming ui-geometry-release.aar (androidx.compose.ui:ui-geometry-android:1.8.2) with ExtractAarTransform
Transforming ui-geometry-release.aar (androidx.compose.ui:ui-geometry-android:1.8.2) with LibrarySymbolTableTransform
Transforming ui-tooling-release.aar (androidx.compose.ui:ui-tooling-android:1.8.2) with ExtractAarTransform
Transforming ui-tooling-release.aar (androidx.compose.ui:ui-tooling-android:1.8.2) with LibrarySymbolTableTransform
Transforming material-release.aar (androidx.compose.material:material-android:1.7.2) with ExtractAarTransform
Transforming material-release.aar (androidx.compose.material:material-android:1.7.2) with LibrarySymbolTableTransform
Transforming material-ripple-release.aar (androidx.compose.material:material-ripple-android:1.8.1) with ExtractAarTransform
Transforming material-ripple-release.aar (androidx.compose.material:material-ripple-android:1.8.1) with LibrarySymbolTableTransform
Transforming ui-util-release.aar (androidx.compose.ui:ui-util-android:1.8.2) with ExtractAarTransform
Transforming ui-util-release.aar (androidx.compose.ui:ui-util-android:1.8.2) with LibrarySymbolTableTransform
Transforming ui-unit-release.aar (androidx.compose.ui:ui-unit-android:1.8.2) with ExtractAarTransform
Transforming ui-unit-release.aar (androidx.compose.ui:ui-unit-android:1.8.2) with LibrarySymbolTableTransform
Transforming ui-text-release.aar (androidx.compose.ui:ui-text-android:1.8.2) with ExtractAarTransform
Transforming ui-text-release.aar (androidx.compose.ui:ui-text-android:1.8.2) with LibrarySymbolTableTransform
Transforming ui-graphics-release.aar (androidx.compose.ui:ui-graphics-android:1.8.2) with ExtractAarTransform
Transforming ui-graphics-release.aar (androidx.compose.ui:ui-graphics-android:1.8.2) with LibrarySymbolTableTransform
Transforming ui-test-manifest-1.8.2.aar (androidx.compose.ui:ui-test-manifest:1.8.2) with ExtractAarTransform
Transforming ui-test-manifest-1.8.2.aar (androidx.compose.ui:ui-test-manifest:1.8.2) with LibrarySymbolTableTransform
Transforming firebase-auth-23.1.0.aar (com.google.firebase:firebase-auth:23.1.0) with ExtractAarTransform
Transforming firebase-auth-23.1.0.aar (com.google.firebase:firebase-auth:23.1.0) with LibrarySymbolTableTransform
Transforming play-services-maps-19.0.0.aar (com.google.android.gms:play-services-maps:19.0.0) with ExtractAarTransform
Transforming play-services-maps-19.0.0.aar (com.google.android.gms:play-services-maps:19.0.0) with LibrarySymbolTableTransform
Transforming firebase-firestore-25.1.1.aar (com.google.firebase:firebase-firestore:25.1.1) with ExtractAarTransform
Transforming firebase-firestore-25.1.1.aar (com.google.firebase:firebase-firestore:25.1.1) with LibrarySymbolTableTransform
Transforming play-services-location-21.0.0.aar (com.google.android.gms:play-services-location:21.0.0) with ExtractAarTransform
Transforming play-services-location-21.0.0.aar (com.google.android.gms:play-services-location:21.0.0) with LibrarySymbolTableTransform
Transforming googleid-1.1.1.aar (com.google.android.libraries.identity.googleid:googleid:1.1.1) with ExtractAarTransform
Transforming googleid-1.1.1.aar (com.google.android.libraries.identity.googleid:googleid:1.1.1) with LibrarySymbolTableTransform
Transforming credentials-1.3.0.aar (androidx.credentials:credentials:1.3.0) with ExtractAarTransform
Transforming credentials-1.3.0.aar (androidx.credentials:credentials:1.3.0) with LibrarySymbolTableTransform
Transforming credentials-1.3.0.aar (androidx.credentials:credentials:1.3.0) with ExtractAarTransform
Transforming credentials-1.3.0.aar (androidx.credentials:credentials:1.3.0) with LibrarySymbolTableTransform
Transforming credentials-1.3.0.aar (androidx.credentials:credentials:1.3.0) with ExtractAarTransform
Transforming credentials-1.3.0.aar (androidx.credentials:credentials:1.3.0) with LibrarySymbolTableTransform
Transforming credentials-play-services-auth-1.3.0.aar (androidx.credentials:credentials-play-services-auth:1.3.0) with ExtractAarTransform
Transforming credentials-play-services-auth-1.3.0.aar (androidx.credentials:credentials-play-services-auth:1.3.0) with LibrarySymbolTableTransform
Transforming credentials-play-services-auth-1.3.0.aar (androidx.credentials:credentials-play-services-auth:1.3.0) with ExtractAarTransform
Transforming credentials-play-services-auth-1.3.0.aar (androidx.credentials:credentials-play-services-auth:1.3.0) with LibrarySymbolTableTransform
Transforming play-services-auth-21.1.1.aar (com.google.android.gms:play-services-auth:21.1.1) with ExtractAarTransform
Transforming play-services-auth-21.1.1.aar (com.google.android.gms:play-services-auth:21.1.1) with LibrarySymbolTableTransform
Transforming play-services-auth-api-phone-18.0.2.aar (com.google.android.gms:play-services-auth-api-phone:18.0.2) with ExtractAarTransform
Transforming play-services-auth-api-phone-18.0.2.aar (com.google.android.gms:play-services-auth-api-phone:18.0.2) with LibrarySymbolTableTransform
Transforming play-services-auth-api-phone-18.0.2.aar (com.google.android.gms:play-services-auth-api-phone:18.0.2) with ExtractAarTransform
Transforming play-services-auth-api-phone-18.0.2.aar (com.google.android.gms:play-services-auth-api-phone:18.0.2) with LibrarySymbolTableTransform
Transforming recaptcha-18.5.1.aar (com.google.android.recaptcha:recaptcha:18.5.1) with ExtractAarTransform
Transforming recaptcha-18.5.1.aar (com.google.android.recaptcha:recaptcha:18.5.1) with LibrarySymbolTableTransform
Transforming integrity-1.3.0.aar (com.google.android.play:integrity:1.3.0) with ExtractAarTransform
Transforming integrity-1.3.0.aar (com.google.android.play:integrity:1.3.0) with LibrarySymbolTableTransform
Transforming integrity-1.3.0.aar (com.google.android.play:integrity:1.3.0) with ExtractAarTransform
Transforming integrity-1.3.0.aar (com.google.android.play:integrity:1.3.0) with LibrarySymbolTableTransform
Transforming firebase-storage-ktx-21.0.1.aar (com.google.firebase:firebase-storage-ktx:21.0.1) with ExtractAarTransform
Transforming firebase-storage-ktx-21.0.1.aar (com.google.firebase:firebase-storage-ktx:21.0.1) with LibrarySymbolTableTransform
Transforming firebase-storage-21.0.1.aar (com.google.firebase:firebase-storage:21.0.1) with ExtractAarTransform
Transforming firebase-storage-21.0.1.aar (com.google.firebase:firebase-storage:21.0.1) with LibrarySymbolTableTransform
Transforming firebase-auth-interop-20.0.0.aar (com.google.firebase:firebase-auth-interop:20.0.0) with ExtractAarTransform
Transforming firebase-auth-interop-20.0.0.aar (com.google.firebase:firebase-auth-interop:20.0.0) with LibrarySymbolTableTransform
Transforming firebase-auth-interop-20.0.0.aar (com.google.firebase:firebase-auth-interop:20.0.0) with ExtractAarTransform
Transforming firebase-auth-interop-20.0.0.aar (com.google.firebase:firebase-auth-interop:20.0.0) with LibrarySymbolTableTransform
Transforming firebase-auth-interop-20.0.0.aar (com.google.firebase:firebase-auth-interop:20.0.0) with ExtractAarTransform
Transforming firebase-auth-interop-20.0.0.aar (com.google.firebase:firebase-auth-interop:20.0.0) with LibrarySymbolTableTransform
Transforming firebase-messaging-ktx-24.1.0.aar (com.google.firebase:firebase-messaging-ktx:24.1.0) with ExtractAarTransform
Transforming firebase-messaging-ktx-24.1.0.aar (com.google.firebase:firebase-messaging-ktx:24.1.0) with LibrarySymbolTableTransform
Transforming firebase-messaging-24.1.0.aar (com.google.firebase:firebase-messaging:24.1.0) with ExtractAarTransform
Transforming firebase-messaging-24.1.0.aar (com.google.firebase:firebase-messaging:24.1.0) with LibrarySymbolTableTransform
Transforming firebase-appcheck-18.0.0.aar (com.google.firebase:firebase-appcheck:18.0.0) with ExtractAarTransform
Transforming firebase-appcheck-18.0.0.aar (com.google.firebase:firebase-appcheck:18.0.0) with LibrarySymbolTableTransform
Transforming firebase-installations-18.0.0.aar (com.google.firebase:firebase-installations:18.0.0) with ExtractAarTransform
Transforming firebase-installations-18.0.0.aar (com.google.firebase:firebase-installations:18.0.0) with LibrarySymbolTableTransform
Transforming firebase-common-ktx-21.0.0.aar (com.google.firebase:firebase-common-ktx:21.0.0) with ExtractAarTransform
Transforming firebase-common-ktx-21.0.0.aar (com.google.firebase:firebase-common-ktx:21.0.0) with LibrarySymbolTableTransform
Transforming firebase-common-ktx-21.0.0.aar (com.google.firebase:firebase-common-ktx:21.0.0) with ExtractAarTransform
Transforming firebase-common-ktx-21.0.0.aar (com.google.firebase:firebase-common-ktx:21.0.0) with LibrarySymbolTableTransform
Transforming firebase-common-ktx-21.0.0.aar (com.google.firebase:firebase-common-ktx:21.0.0) with ExtractAarTransform
Transforming firebase-common-ktx-21.0.0.aar (com.google.firebase:firebase-common-ktx:21.0.0) with LibrarySymbolTableTransform
Transforming firebase-common-ktx-21.0.0.aar (com.google.firebase:firebase-common-ktx:21.0.0) with ExtractAarTransform
Transforming firebase-common-ktx-21.0.0.aar (com.google.firebase:firebase-common-ktx:21.0.0) with LibrarySymbolTableTransform
Transforming firebase-common-ktx-21.0.0.aar (com.google.firebase:firebase-common-ktx:21.0.0) with ExtractAarTransform
Transforming firebase-common-ktx-21.0.0.aar (com.google.firebase:firebase-common-ktx:21.0.0) with LibrarySymbolTableTransform
Transforming firebase-common-ktx-21.0.0.aar (com.google.firebase:firebase-common-ktx:21.0.0) with ExtractAarTransform
Transforming firebase-common-ktx-21.0.0.aar (com.google.firebase:firebase-common-ktx:21.0.0) with LibrarySymbolTableTransform
Transforming firebase-common-ktx-21.0.0.aar (com.google.firebase:firebase-common-ktx:21.0.0) with ExtractAarTransform
Transforming firebase-common-ktx-21.0.0.aar (com.google.firebase:firebase-common-ktx:21.0.0) with LibrarySymbolTableTransform
Transforming firebase-common-ktx-21.0.0.aar (com.google.firebase:firebase-common-ktx:21.0.0) with ExtractAarTransform
Transforming firebase-common-ktx-21.0.0.aar (com.google.firebase:firebase-common-ktx:21.0.0) with LibrarySymbolTableTransform
Transforming firebase-common-21.0.0.aar (com.google.firebase:firebase-common:21.0.0) with ExtractAarTransform
Transforming firebase-common-21.0.0.aar (com.google.firebase:firebase-common:21.0.0) with LibrarySymbolTableTransform
Transforming firebase-common-21.0.0.aar (com.google.firebase:firebase-common:21.0.0) with ExtractAarTransform
Transforming firebase-common-21.0.0.aar (com.google.firebase:firebase-common:21.0.0) with LibrarySymbolTableTransform
Transforming firebase-common-21.0.0.aar (com.google.firebase:firebase-common:21.0.0) with ExtractAarTransform
Transforming firebase-common-21.0.0.aar (com.google.firebase:firebase-common:21.0.0) with LibrarySymbolTableTransform
Transforming firebase-common-21.0.0.aar (com.google.firebase:firebase-common:21.0.0) with ExtractAarTransform
Transforming firebase-common-21.0.0.aar (com.google.firebase:firebase-common:21.0.0) with LibrarySymbolTableTransform
Transforming firebase-common-21.0.0.aar (com.google.firebase:firebase-common:21.0.0) with ExtractAarTransform
Transforming firebase-common-21.0.0.aar (com.google.firebase:firebase-common:21.0.0) with LibrarySymbolTableTransform
Transforming firebase-common-21.0.0.aar (com.google.firebase:firebase-common:21.0.0) with ExtractAarTransform
Transforming firebase-common-21.0.0.aar (com.google.firebase:firebase-common:21.0.0) with LibrarySymbolTableTransform
Transforming firebase-common-21.0.0.aar (com.google.firebase:firebase-common:21.0.0) with ExtractAarTransform
Transforming firebase-common-21.0.0.aar (com.google.firebase:firebase-common:21.0.0) with LibrarySymbolTableTransform
Transforming firebase-common-21.0.0.aar (com.google.firebase:firebase-common:21.0.0) with ExtractAarTransform
Transforming firebase-common-21.0.0.aar (com.google.firebase:firebase-common:21.0.0) with LibrarySymbolTableTransform
Transforming firebase-common-21.0.0.aar (com.google.firebase:firebase-common:21.0.0) with ExtractAarTransform
Transforming firebase-common-21.0.0.aar (com.google.firebase:firebase-common:21.0.0) with LibrarySymbolTableTransform
Transforming firebase-database-collection-18.0.1.aar (com.google.firebase:firebase-database-collection:18.0.1) with ExtractAarTransform
Transforming firebase-database-collection-18.0.1.aar (com.google.firebase:firebase-database-collection:18.0.1) with LibrarySymbolTableTransform
Transforming play-services-fido-21.0.0.aar (com.google.android.gms:play-services-fido:21.0.0) with ExtractAarTransform
Transforming play-services-fido-21.0.0.aar (com.google.android.gms:play-services-fido:21.0.0) with LibrarySymbolTableTransform
Transforming play-services-fido-21.0.0.aar (com.google.android.gms:play-services-fido:21.0.0) with ExtractAarTransform
Transforming play-services-fido-21.0.0.aar (com.google.android.gms:play-services-fido:21.0.0) with LibrarySymbolTableTransform
Transforming play-services-auth-base-18.0.10.aar (com.google.android.gms:play-services-auth-base:18.0.10) with ExtractAarTransform
Transforming play-services-auth-base-18.0.10.aar (com.google.android.gms:play-services-auth-base:18.0.10) with LibrarySymbolTableTransform
Transforming firebase-appcheck-interop-17.1.0.aar (com.google.firebase:firebase-appcheck-interop:17.1.0) with ExtractAarTransform
Transforming firebase-appcheck-interop-17.1.0.aar (com.google.firebase:firebase-appcheck-interop:17.1.0) with LibrarySymbolTableTransform
Transforming firebase-appcheck-interop-17.1.0.aar (com.google.firebase:firebase-appcheck-interop:17.1.0) with ExtractAarTransform
Transforming firebase-appcheck-interop-17.1.0.aar (com.google.firebase:firebase-appcheck-interop:17.1.0) with LibrarySymbolTableTransform
Transforming firebase-appcheck-interop-17.1.0.aar (com.google.firebase:firebase-appcheck-interop:17.1.0) with ExtractAarTransform
Transforming firebase-appcheck-interop-17.1.0.aar (com.google.firebase:firebase-appcheck-interop:17.1.0) with LibrarySymbolTableTransform
Transforming firebase-appcheck-interop-17.1.0.aar (com.google.firebase:firebase-appcheck-interop:17.1.0) with ExtractAarTransform
Transforming firebase-appcheck-interop-17.1.0.aar (com.google.firebase:firebase-appcheck-interop:17.1.0) with LibrarySymbolTableTransform
Transforming play-services-base-18.5.0.aar (com.google.android.gms:play-services-base:18.5.0) with ExtractAarTransform
Transforming play-services-base-18.5.0.aar (com.google.android.gms:play-services-base:18.5.0) with LibrarySymbolTableTransform
Transforming play-services-base-18.5.0.aar (com.google.android.gms:play-services-base:18.5.0) with ExtractAarTransform
Transforming play-services-base-18.5.0.aar (com.google.android.gms:play-services-base:18.5.0) with LibrarySymbolTableTransform
Transforming play-services-base-18.5.0.aar (com.google.android.gms:play-services-base:18.5.0) with ExtractAarTransform
Transforming play-services-base-18.5.0.aar (com.google.android.gms:play-services-base:18.5.0) with LibrarySymbolTableTransform
Transforming play-services-base-18.5.0.aar (com.google.android.gms:play-services-base:18.5.0) with ExtractAarTransform
Transforming play-services-base-18.5.0.aar (com.google.android.gms:play-services-base:18.5.0) with LibrarySymbolTableTransform
Transforming play-services-base-18.5.0.aar (com.google.android.gms:play-services-base:18.5.0) with ExtractAarTransform
Transforming play-services-base-18.5.0.aar (com.google.android.gms:play-services-base:18.5.0) with LibrarySymbolTableTransform
Transforming play-services-base-18.5.0.aar (com.google.android.gms:play-services-base:18.5.0) with ExtractAarTransform
Transforming play-services-base-18.5.0.aar (com.google.android.gms:play-services-base:18.5.0) with LibrarySymbolTableTransform
Transforming play-services-base-18.5.0.aar (com.google.android.gms:play-services-base:18.5.0) with ExtractAarTransform
Transforming play-services-base-18.5.0.aar (com.google.android.gms:play-services-base:18.5.0) with LibrarySymbolTableTransform
Transforming play-services-base-18.5.0.aar (com.google.android.gms:play-services-base:18.5.0) with ExtractAarTransform
Transforming play-services-base-18.5.0.aar (com.google.android.gms:play-services-base:18.5.0) with LibrarySymbolTableTransform
Transforming play-services-base-18.5.0.aar (com.google.android.gms:play-services-base:18.5.0) with ExtractAarTransform
Transforming play-services-base-18.5.0.aar (com.google.android.gms:play-services-base:18.5.0) with LibrarySymbolTableTransform
Transforming play-services-base-18.5.0.aar (com.google.android.gms:play-services-base:18.5.0) with ExtractAarTransform
Transforming play-services-base-18.5.0.aar (com.google.android.gms:play-services-base:18.5.0) with LibrarySymbolTableTransform
Transforming play-services-base-18.5.0.aar (com.google.android.gms:play-services-base:18.5.0) with ExtractAarTransform
Transforming play-services-base-18.5.0.aar (com.google.android.gms:play-services-base:18.5.0) with LibrarySymbolTableTransform
Transforming play-services-base-18.5.0.aar (com.google.android.gms:play-services-base:18.5.0) with ExtractAarTransform
Transforming play-services-base-18.5.0.aar (com.google.android.gms:play-services-base:18.5.0) with LibrarySymbolTableTransform
Transforming firebase-iid-interop-17.1.0.aar (com.google.firebase:firebase-iid-interop:17.1.0) with ExtractAarTransform
Transforming firebase-iid-interop-17.1.0.aar (com.google.firebase:firebase-iid-interop:17.1.0) with LibrarySymbolTableTransform
Transforming play-services-cloud-messaging-17.2.0.aar (com.google.android.gms:play-services-cloud-messaging:17.2.0) with ExtractAarTransform
Transforming play-services-cloud-messaging-17.2.0.aar (com.google.android.gms:play-services-cloud-messaging:17.2.0) with LibrarySymbolTableTransform
Transforming firebase-installations-interop-17.1.1.aar (com.google.firebase:firebase-installations-interop:17.1.1) with ExtractAarTransform
Transforming firebase-installations-interop-17.1.1.aar (com.google.firebase:firebase-installations-interop:17.1.1) with LibrarySymbolTableTransform
Transforming firebase-installations-interop-17.1.1.aar (com.google.firebase:firebase-installations-interop:17.1.1) with ExtractAarTransform
Transforming firebase-installations-interop-17.1.1.aar (com.google.firebase:firebase-installations-interop:17.1.1) with LibrarySymbolTableTransform
Transforming common-0.8.0.aar (com.google.ai.client.generativeai:common:0.8.0) with ExtractAarTransform
Transforming common-0.8.0.aar (com.google.ai.client.generativeai:common:0.8.0) with LibrarySymbolTableTransform
Transforming runtime-annotation.aar (androidx.compose.runtime:runtime-annotation-android:1.9.0) with ExtractAarTransform
Transforming runtime-annotation.aar (androidx.compose.runtime:runtime-annotation-android:1.9.0) with LibrarySymbolTableTransform
Transforming runtime-saveable.aar (androidx.compose.runtime:runtime-saveable-android:1.9.0) with ExtractAarTransform
Transforming runtime-saveable.aar (androidx.compose.runtime:runtime-saveable-android:1.9.0) with LibrarySymbolTableTransform
Transforming savedstate-ktx-1.3.0.aar (androidx.savedstate:savedstate-ktx:1.3.0) with ExtractAarTransform
Transforming savedstate-ktx-1.3.0.aar (androidx.savedstate:savedstate-ktx:1.3.0) with LibrarySymbolTableTransform
Transforming savedstate-compose-release.aar (androidx.savedstate:savedstate-compose-android:1.3.0) with ExtractAarTransform
Transforming savedstate-compose-release.aar (androidx.savedstate:savedstate-compose-android:1.3.0) with LibrarySymbolTableTransform
Transforming dynamicanimation-1.0.0.aar (androidx.dynamicanimation:dynamicanimation:1.0.0) with ExtractAarTransform
Transforming dynamicanimation-1.0.0.aar (androidx.dynamicanimation:dynamicanimation:1.0.0) with LibrarySymbolTableTransform
Transforming play-services-stats-17.0.2.aar (com.google.android.gms:play-services-stats:17.0.2) with ExtractAarTransform
Transforming play-services-stats-17.0.2.aar (com.google.android.gms:play-services-stats:17.0.2) with LibrarySymbolTableTransform
Transforming legacy-support-core-utils-1.0.0.aar (androidx.legacy:legacy-support-core-utils:1.0.0) with ExtractAarTransform
Transforming legacy-support-core-utils-1.0.0.aar (androidx.legacy:legacy-support-core-utils:1.0.0) with LibrarySymbolTableTransform
Transforming legacy-support-core-utils-1.0.0.aar (androidx.legacy:legacy-support-core-utils:1.0.0) with ExtractAarTransform
Transforming legacy-support-core-utils-1.0.0.aar (androidx.legacy:legacy-support-core-utils:1.0.0) with LibrarySymbolTableTransform
Transforming loader-1.1.0.aar (androidx.loader:loader:1.1.0) with ExtractAarTransform
Transforming loader-1.1.0.aar (androidx.loader:loader:1.1.0) with LibrarySymbolTableTransform
Transforming loader-1.1.0.aar (androidx.loader:loader:1.1.0) with ExtractAarTransform
Transforming loader-1.1.0.aar (androidx.loader:loader:1.1.0) with LibrarySymbolTableTransform
Transforming loader-1.1.0.aar (androidx.loader:loader:1.1.0) with ExtractAarTransform
Transforming loader-1.1.0.aar (androidx.loader:loader:1.1.0) with LibrarySymbolTableTransform
Transforming emoji2-views-helper-1.4.0.aar (androidx.emoji2:emoji2-views-helper:1.4.0) with ExtractAarTransform
Transforming emoji2-views-helper-1.4.0.aar (androidx.emoji2:emoji2-views-helper:1.4.0) with LibrarySymbolTableTransform
Transforming emoji2-1.4.0.aar (androidx.emoji2:emoji2:1.4.0) with ExtractAarTransform
Transforming emoji2-1.4.0.aar (androidx.emoji2:emoji2:1.4.0) with LibrarySymbolTableTransform
Transforming lifecycle-viewmodel-savedstate-release.aar (androidx.lifecycle:lifecycle-viewmodel-savedstate-android:2.9.0) with ExtractAarTransform
Transforming lifecycle-viewmodel-savedstate-release.aar (androidx.lifecycle:lifecycle-viewmodel-savedstate-android:2.9.0) with LibrarySymbolTableTransform
Transforming lifecycle-viewmodel-2.9.0.aar (androidx.lifecycle:lifecycle-viewmodel:2.9.0) with ExtractAarTransform
Transforming lifecycle-viewmodel-2.9.0.aar (androidx.lifecycle:lifecycle-viewmodel:2.9.0) with LibrarySymbolTableTransform
Transforming lifecycle-viewmodel-release.aar (androidx.lifecycle:lifecycle-viewmodel-android:2.9.0) with ExtractAarTransform
Transforming lifecycle-viewmodel-release.aar (androidx.lifecycle:lifecycle-viewmodel-android:2.9.0) with LibrarySymbolTableTransform
Transforming lifecycle-runtime-ktx.aar (androidx.lifecycle:lifecycle-runtime-ktx-android:2.9.0) with ExtractAarTransform
Transforming lifecycle-runtime-ktx.aar (androidx.lifecycle:lifecycle-runtime-ktx-android:2.9.0) with LibrarySymbolTableTransform
Transforming lifecycle-runtime-release.aar (androidx.lifecycle:lifecycle-runtime-android:2.9.0) with ExtractAarTransform
Transforming lifecycle-runtime-release.aar (androidx.lifecycle:lifecycle-runtime-android:2.9.0) with LibrarySymbolTableTransform
Transforming lifecycle-viewmodel-ktx-2.9.0.aar (androidx.lifecycle:lifecycle-viewmodel-ktx:2.9.0) with ExtractAarTransform
Transforming lifecycle-viewmodel-ktx-2.9.0.aar (androidx.lifecycle:lifecycle-viewmodel-ktx:2.9.0) with LibrarySymbolTableTransform
Transforming lifecycle-process-2.9.0.aar (androidx.lifecycle:lifecycle-process:2.9.0) with ExtractAarTransform
Transforming lifecycle-process-2.9.0.aar (androidx.lifecycle:lifecycle-process:2.9.0) with LibrarySymbolTableTransform
Transforming lifecycle-livedata-core-2.9.0.aar (androidx.lifecycle:lifecycle-livedata-core:2.9.0) with ExtractAarTransform
Transforming lifecycle-livedata-core-2.9.0.aar (androidx.lifecycle:lifecycle-livedata-core:2.9.0) with LibrarySymbolTableTransform
Transforming lifecycle-livedata-core-2.9.0.aar (androidx.lifecycle:lifecycle-livedata-core:2.9.0) with ExtractAarTransform
Transforming lifecycle-livedata-core-2.9.0.aar (androidx.lifecycle:lifecycle-livedata-core:2.9.0) with LibrarySymbolTableTransform
Transforming lifecycle-runtime-compose-release.aar (androidx.lifecycle:lifecycle-runtime-compose-android:2.9.0) with ExtractAarTransform
Transforming lifecycle-runtime-compose-release.aar (androidx.lifecycle:lifecycle-runtime-compose-android:2.9.0) with LibrarySymbolTableTransform
Transforming runtime.aar (androidx.compose.runtime:runtime-android:1.9.0) with ExtractAarTransform
Transforming runtime.aar (androidx.compose.runtime:runtime-android:1.9.0) with LibrarySymbolTableTransform
Transforming browser-1.4.0.aar (androidx.browser:browser:1.4.0) with ExtractAarTransform
Transforming browser-1.4.0.aar (androidx.browser:browser:1.4.0) with LibrarySymbolTableTransform
Transforming profileinstaller-1.4.0.aar (androidx.profileinstaller:profileinstaller:1.4.0) with ExtractAarTransform
Transforming profileinstaller-1.4.0.aar (androidx.profileinstaller:profileinstaller:1.4.0) with LibrarySymbolTableTransform
Transforming play-services-tasks-18.2.0.aar (com.google.android.gms:play-services-tasks:18.2.0) with ExtractAarTransform
Transforming play-services-tasks-18.2.0.aar (com.google.android.gms:play-services-tasks:18.2.0) with LibrarySymbolTableTransform
Transforming play-services-tasks-18.2.0.aar (com.google.android.gms:play-services-tasks:18.2.0) with ExtractAarTransform
Transforming play-services-tasks-18.2.0.aar (com.google.android.gms:play-services-tasks:18.2.0) with LibrarySymbolTableTransform
Transforming play-services-tasks-18.2.0.aar (com.google.android.gms:play-services-tasks:18.2.0) with ExtractAarTransform
Transforming play-services-tasks-18.2.0.aar (com.google.android.gms:play-services-tasks:18.2.0) with LibrarySymbolTableTransform
Transforming play-services-tasks-18.2.0.aar (com.google.android.gms:play-services-tasks:18.2.0) with ExtractAarTransform
Transforming play-services-tasks-18.2.0.aar (com.google.android.gms:play-services-tasks:18.2.0) with LibrarySymbolTableTransform
Transforming play-services-tasks-18.2.0.aar (com.google.android.gms:play-services-tasks:18.2.0) with ExtractAarTransform
Transforming play-services-tasks-18.2.0.aar (com.google.android.gms:play-services-tasks:18.2.0) with LibrarySymbolTableTransform
Transforming play-services-tasks-18.2.0.aar (com.google.android.gms:play-services-tasks:18.2.0) with ExtractAarTransform
Transforming play-services-tasks-18.2.0.aar (com.google.android.gms:play-services-tasks:18.2.0) with LibrarySymbolTableTransform
Transforming play-services-tasks-18.2.0.aar (com.google.android.gms:play-services-tasks:18.2.0) with ExtractAarTransform
Transforming play-services-tasks-18.2.0.aar (com.google.android.gms:play-services-tasks:18.2.0) with LibrarySymbolTableTransform
Transforming play-services-tasks-18.2.0.aar (com.google.android.gms:play-services-tasks:18.2.0) with ExtractAarTransform
Transforming play-services-tasks-18.2.0.aar (com.google.android.gms:play-services-tasks:18.2.0) with LibrarySymbolTableTransform
Transforming play-services-tasks-18.2.0.aar (com.google.android.gms:play-services-tasks:18.2.0) with ExtractAarTransform
Transforming play-services-tasks-18.2.0.aar (com.google.android.gms:play-services-tasks:18.2.0) with LibrarySymbolTableTransform
Transforming play-services-tasks-18.2.0.aar (com.google.android.gms:play-services-tasks:18.2.0) with ExtractAarTransform
Transforming play-services-tasks-18.2.0.aar (com.google.android.gms:play-services-tasks:18.2.0) with LibrarySymbolTableTransform
Transforming play-services-tasks-18.2.0.aar (com.google.android.gms:play-services-tasks:18.2.0) with ExtractAarTransform
Transforming play-services-tasks-18.2.0.aar (com.google.android.gms:play-services-tasks:18.2.0) with LibrarySymbolTableTransform
Transforming play-services-tasks-18.2.0.aar (com.google.android.gms:play-services-tasks:18.2.0) with ExtractAarTransform
Transforming play-services-tasks-18.2.0.aar (com.google.android.gms:play-services-tasks:18.2.0) with LibrarySymbolTableTransform
Transforming play-services-tasks-18.2.0.aar (com.google.android.gms:play-services-tasks:18.2.0) with ExtractAarTransform
Transforming play-services-tasks-18.2.0.aar (com.google.android.gms:play-services-tasks:18.2.0) with LibrarySymbolTableTransform
Transforming play-services-tasks-18.2.0.aar (com.google.android.gms:play-services-tasks:18.2.0) with ExtractAarTransform
Transforming play-services-tasks-18.2.0.aar (com.google.android.gms:play-services-tasks:18.2.0) with LibrarySymbolTableTransform
Transforming play-services-tasks-18.2.0.aar (com.google.android.gms:play-services-tasks:18.2.0) with ExtractAarTransform
Transforming play-services-tasks-18.2.0.aar (com.google.android.gms:play-services-tasks:18.2.0) with LibrarySymbolTableTransform
Transforming play-services-tasks-18.2.0.aar (com.google.android.gms:play-services-tasks:18.2.0) with ExtractAarTransform
Transforming play-services-tasks-18.2.0.aar (com.google.android.gms:play-services-tasks:18.2.0) with LibrarySymbolTableTransform
Transforming play-services-tasks-18.2.0.aar (com.google.android.gms:play-services-tasks:18.2.0) with ExtractAarTransform
Transforming play-services-tasks-18.2.0.aar (com.google.android.gms:play-services-tasks:18.2.0) with LibrarySymbolTableTransform
Transforming play-services-tasks-18.2.0.aar (com.google.android.gms:play-services-tasks:18.2.0) with ExtractAarTransform
Transforming play-services-tasks-18.2.0.aar (com.google.android.gms:play-services-tasks:18.2.0) with LibrarySymbolTableTransform
Transforming play-services-tasks-18.2.0.aar (com.google.android.gms:play-services-tasks:18.2.0) with ExtractAarTransform
Transforming play-services-tasks-18.2.0.aar (com.google.android.gms:play-services-tasks:18.2.0) with LibrarySymbolTableTransform
Transforming play-services-tasks-18.2.0.aar (com.google.android.gms:play-services-tasks:18.2.0) with ExtractAarTransform
Transforming play-services-tasks-18.2.0.aar (com.google.android.gms:play-services-tasks:18.2.0) with LibrarySymbolTableTransform
Transforming play-services-tasks-18.2.0.aar (com.google.android.gms:play-services-tasks:18.2.0) with ExtractAarTransform
Transforming play-services-tasks-18.2.0.aar (com.google.android.gms:play-services-tasks:18.2.0) with LibrarySymbolTableTransform
Transforming play-services-tasks-18.2.0.aar (com.google.android.gms:play-services-tasks:18.2.0) with ExtractAarTransform
Transforming play-services-tasks-18.2.0.aar (com.google.android.gms:play-services-tasks:18.2.0) with LibrarySymbolTableTransform
Transforming firebase-measurement-connector-19.0.0.aar (com.google.firebase:firebase-measurement-connector:19.0.0) with ExtractAarTransform
Transforming firebase-measurement-connector-19.0.0.aar (com.google.firebase:firebase-measurement-connector:19.0.0) with LibrarySymbolTableTransform
Transforming play-services-basement-18.4.0.aar (com.google.android.gms:play-services-basement:18.4.0) with ExtractAarTransform
Transforming play-services-basement-18.4.0.aar (com.google.android.gms:play-services-basement:18.4.0) with LibrarySymbolTableTransform
Transforming play-services-basement-18.4.0.aar (com.google.android.gms:play-services-basement:18.4.0) with ExtractAarTransform
Transforming play-services-basement-18.4.0.aar (com.google.android.gms:play-services-basement:18.4.0) with LibrarySymbolTableTransform
Transforming play-services-basement-18.4.0.aar (com.google.android.gms:play-services-basement:18.4.0) with ExtractAarTransform
Transforming play-services-basement-18.4.0.aar (com.google.android.gms:play-services-basement:18.4.0) with LibrarySymbolTableTransform
Transforming play-services-basement-18.4.0.aar (com.google.android.gms:play-services-basement:18.4.0) with ExtractAarTransform
Transforming play-services-basement-18.4.0.aar (com.google.android.gms:play-services-basement:18.4.0) with LibrarySymbolTableTransform
Transforming play-services-basement-18.4.0.aar (com.google.android.gms:play-services-basement:18.4.0) with ExtractAarTransform
Transforming play-services-basement-18.4.0.aar (com.google.android.gms:play-services-basement:18.4.0) with LibrarySymbolTableTransform
Transforming play-services-basement-18.4.0.aar (com.google.android.gms:play-services-basement:18.4.0) with ExtractAarTransform
Transforming play-services-basement-18.4.0.aar (com.google.android.gms:play-services-basement:18.4.0) with LibrarySymbolTableTransform
Transforming play-services-basement-18.4.0.aar (com.google.android.gms:play-services-basement:18.4.0) with ExtractAarTransform
Transforming play-services-basement-18.4.0.aar (com.google.android.gms:play-services-basement:18.4.0) with LibrarySymbolTableTransform
Transforming play-services-basement-18.4.0.aar (com.google.android.gms:play-services-basement:18.4.0) with ExtractAarTransform
Transforming play-services-basement-18.4.0.aar (com.google.android.gms:play-services-basement:18.4.0) with LibrarySymbolTableTransform
Transforming play-services-basement-18.4.0.aar (com.google.android.gms:play-services-basement:18.4.0) with ExtractAarTransform
Transforming play-services-basement-18.4.0.aar (com.google.android.gms:play-services-basement:18.4.0) with LibrarySymbolTableTransform
Transforming play-services-basement-18.4.0.aar (com.google.android.gms:play-services-basement:18.4.0) with ExtractAarTransform
Transforming play-services-basement-18.4.0.aar (com.google.android.gms:play-services-basement:18.4.0) with LibrarySymbolTableTransform
Transforming play-services-basement-18.4.0.aar (com.google.android.gms:play-services-basement:18.4.0) with ExtractAarTransform
Transforming play-services-basement-18.4.0.aar (com.google.android.gms:play-services-basement:18.4.0) with LibrarySymbolTableTransform
Transforming play-services-basement-18.4.0.aar (com.google.android.gms:play-services-basement:18.4.0) with ExtractAarTransform
Transforming play-services-basement-18.4.0.aar (com.google.android.gms:play-services-basement:18.4.0) with LibrarySymbolTableTransform
Transforming play-services-basement-18.4.0.aar (com.google.android.gms:play-services-basement:18.4.0) with ExtractAarTransform
Transforming play-services-basement-18.4.0.aar (com.google.android.gms:play-services-basement:18.4.0) with LibrarySymbolTableTransform
Transforming play-services-basement-18.4.0.aar (com.google.android.gms:play-services-basement:18.4.0) with ExtractAarTransform
Transforming play-services-basement-18.4.0.aar (com.google.android.gms:play-services-basement:18.4.0) with LibrarySymbolTableTransform
Transforming play-services-basement-18.4.0.aar (com.google.android.gms:play-services-basement:18.4.0) with ExtractAarTransform
Transforming play-services-basement-18.4.0.aar (com.google.android.gms:play-services-basement:18.4.0) with LibrarySymbolTableTransform
Transforming play-services-basement-18.4.0.aar (com.google.android.gms:play-services-basement:18.4.0) with ExtractAarTransform
Transforming play-services-basement-18.4.0.aar (com.google.android.gms:play-services-basement:18.4.0) with LibrarySymbolTableTransform
Transforming play-services-basement-18.4.0.aar (com.google.android.gms:play-services-basement:18.4.0) with ExtractAarTransform
Transforming play-services-basement-18.4.0.aar (com.google.android.gms:play-services-basement:18.4.0) with LibrarySymbolTableTransform
Transforming play-services-basement-18.4.0.aar (com.google.android.gms:play-services-basement:18.4.0) with ExtractAarTransform
Transforming play-services-basement-18.4.0.aar (com.google.android.gms:play-services-basement:18.4.0) with LibrarySymbolTableTransform
Transforming play-services-basement-18.4.0.aar (com.google.android.gms:play-services-basement:18.4.0) with ExtractAarTransform
Transforming play-services-basement-18.4.0.aar (com.google.android.gms:play-services-basement:18.4.0) with LibrarySymbolTableTransform
Transforming recyclerview-1.3.1.aar (androidx.recyclerview:recyclerview:1.3.1) with ExtractAarTransform
Transforming recyclerview-1.3.1.aar (androidx.recyclerview:recyclerview:1.3.1) with LibrarySymbolTableTransform
Transforming viewpager2-1.1.0.aar (androidx.viewpager2:viewpager2:1.1.0) with ExtractAarTransform
Transforming viewpager2-1.1.0.aar (androidx.viewpager2:viewpager2:1.1.0) with LibrarySymbolTableTransform
Transforming fragment-1.5.7.aar (androidx.fragment:fragment:1.5.7) with ExtractAarTransform
Transforming fragment-1.5.7.aar (androidx.fragment:fragment:1.5.7) with LibrarySymbolTableTransform
Transforming fragment-1.5.7.aar (androidx.fragment:fragment:1.5.7) with ExtractAarTransform
Transforming fragment-1.5.7.aar (androidx.fragment:fragment:1.5.7) with LibrarySymbolTableTransform
Transforming fragment-1.5.7.aar (androidx.fragment:fragment:1.5.7) with ExtractAarTransform
Transforming fragment-1.5.7.aar (androidx.fragment:fragment:1.5.7) with LibrarySymbolTableTransform
Transforming fragment-1.5.7.aar (androidx.fragment:fragment:1.5.7) with ExtractAarTransform
Transforming fragment-1.5.7.aar (androidx.fragment:fragment:1.5.7) with LibrarySymbolTableTransform
Transforming fragment-1.5.7.aar (androidx.fragment:fragment:1.5.7) with ExtractAarTransform
Transforming fragment-1.5.7.aar (androidx.fragment:fragment:1.5.7) with LibrarySymbolTableTransform
Transforming fragment-1.5.7.aar (androidx.fragment:fragment:1.5.7) with ExtractAarTransform
Transforming fragment-1.5.7.aar (androidx.fragment:fragment:1.5.7) with LibrarySymbolTableTransform
Transforming savedstate-release.aar (androidx.savedstate:savedstate-android:1.3.0) with ExtractAarTransform
Transforming savedstate-release.aar (androidx.savedstate:savedstate-android:1.3.0) with LibrarySymbolTableTransform
Transforming lifecycle-viewmodel-compose-release.aar (androidx.lifecycle:lifecycle-viewmodel-compose-android:2.9.0) with ExtractAarTransform
Transforming lifecycle-viewmodel-compose-release.aar (androidx.lifecycle:lifecycle-viewmodel-compose-android:2.9.0) with LibrarySymbolTableTransform
Transforming ui-release.aar (androidx.compose.ui:ui-android:1.8.2) with ExtractAarTransform
Transforming ui-release.aar (androidx.compose.ui:ui-android:1.8.2) with LibrarySymbolTableTransform
Transforming activity-ktx-1.9.3.aar (androidx.activity:activity-ktx:1.9.3) with ExtractAarTransform
Transforming activity-ktx-1.9.3.aar (androidx.activity:activity-ktx:1.9.3) with LibrarySymbolTableTransform
Transforming activity-compose-1.9.3.aar (androidx.activity:activity-compose:1.9.3) with ExtractAarTransform
Transforming activity-compose-1.9.3.aar (androidx.activity:activity-compose:1.9.3) with LibrarySymbolTableTransform
Transforming activity-1.9.3.aar (androidx.activity:activity:1.9.3) with ExtractAarTransform
Transforming activity-1.9.3.aar (androidx.activity:activity:1.9.3) with LibrarySymbolTableTransform
Transforming vectordrawable-animated-1.1.0.aar (androidx.vectordrawable:vectordrawable-animated:1.1.0) with ExtractAarTransform
Transforming vectordrawable-animated-1.1.0.aar (androidx.vectordrawable:vectordrawable-animated:1.1.0) with LibrarySymbolTableTransform
Transforming vectordrawable-1.1.0.aar (androidx.vectordrawable:vectordrawable:1.1.0) with ExtractAarTransform
Transforming vectordrawable-1.1.0.aar (androidx.vectordrawable:vectordrawable:1.1.0) with LibrarySymbolTableTransform
Transforming vectordrawable-1.1.0.aar (androidx.vectordrawable:vectordrawable:1.1.0) with ExtractAarTransform
Transforming vectordrawable-1.1.0.aar (androidx.vectordrawable:vectordrawable:1.1.0) with LibrarySymbolTableTransform
Transforming viewpager-1.0.0.aar (androidx.viewpager:viewpager:1.0.0) with ExtractAarTransform
Transforming viewpager-1.0.0.aar (androidx.viewpager:viewpager:1.0.0) with LibrarySymbolTableTransform
Transforming customview-1.0.0.aar (androidx.customview:customview:1.0.0) with ExtractAarTransform
Transforming customview-1.0.0.aar (androidx.customview:customview:1.0.0) with LibrarySymbolTableTransform
Transforming customview-1.0.0.aar (androidx.customview:customview:1.0.0) with ExtractAarTransform
Transforming customview-1.0.0.aar (androidx.customview:customview:1.0.0) with LibrarySymbolTableTransform
Transforming customview-1.0.0.aar (androidx.customview:customview:1.0.0) with ExtractAarTransform
Transforming customview-1.0.0.aar (androidx.customview:customview:1.0.0) with LibrarySymbolTableTransform
Transforming autofill-1.0.0.aar (androidx.autofill:autofill:1.0.0) with ExtractAarTransform
Transforming autofill-1.0.0.aar (androidx.autofill:autofill:1.0.0) with LibrarySymbolTableTransform
Transforming graphics-path-1.0.1.aar (androidx.graphics:graphics-path:1.0.1) with ExtractAarTransform
Transforming graphics-path-1.0.1.aar (androidx.graphics:graphics-path:1.0.1) with LibrarySymbolTableTransform
Transforming core-1.13.1.aar (androidx.core:core:1.13.1) with ExtractAarTransform
Transforming core-1.13.1.aar (androidx.core:core:1.13.1) with LibrarySymbolTableTransform
Transforming core-1.13.1.aar (androidx.core:core:1.13.1) with ExtractAarTransform
Transforming core-1.13.1.aar (androidx.core:core:1.13.1) with LibrarySymbolTableTransform
Transforming core-1.13.1.aar (androidx.core:core:1.13.1) with ExtractAarTransform
Transforming core-1.13.1.aar (androidx.core:core:1.13.1) with LibrarySymbolTableTransform
Transforming core-1.13.1.aar (androidx.core:core:1.13.1) with ExtractAarTransform
Transforming core-1.13.1.aar (androidx.core:core:1.13.1) with LibrarySymbolTableTransform
Transforming core-1.13.1.aar (androidx.core:core:1.13.1) with ExtractAarTransform
Transforming core-1.13.1.aar (androidx.core:core:1.13.1) with LibrarySymbolTableTransform
Transforming core-1.13.1.aar (androidx.core:core:1.13.1) with ExtractAarTransform
Transforming core-1.13.1.aar (androidx.core:core:1.13.1) with LibrarySymbolTableTransform
Transforming core-1.13.1.aar (androidx.core:core:1.13.1) with ExtractAarTransform
Transforming core-1.13.1.aar (androidx.core:core:1.13.1) with LibrarySymbolTableTransform
Transforming core-1.13.1.aar (androidx.core:core:1.13.1) with ExtractAarTransform
Transforming core-1.13.1.aar (androidx.core:core:1.13.1) with LibrarySymbolTableTransform
Transforming core-1.13.1.aar (androidx.core:core:1.13.1) with ExtractAarTransform
Transforming core-1.13.1.aar (androidx.core:core:1.13.1) with LibrarySymbolTableTransform
Transforming core-1.13.1.aar (androidx.core:core:1.13.1) with ExtractAarTransform
Transforming core-1.13.1.aar (androidx.core:core:1.13.1) with LibrarySymbolTableTransform
Transforming core-1.13.1.aar (androidx.core:core:1.13.1) with ExtractAarTransform
Transforming core-1.13.1.aar (androidx.core:core:1.13.1) with LibrarySymbolTableTransform
Transforming customview-poolingcontainer-1.0.0.aar (androidx.customview:customview-poolingcontainer:1.0.0) with ExtractAarTransform
Transforming customview-poolingcontainer-1.0.0.aar (androidx.customview:customview-poolingcontainer:1.0.0) with LibrarySymbolTableTransform
Transforming core-ktx-1.13.1.aar (androidx.core:core-ktx:1.13.1) with ExtractAarTransform
Transforming core-ktx-1.13.1.aar (androidx.core:core-ktx:1.13.1) with LibrarySymbolTableTransform
Transforming annotation-experimental-1.4.1.aar (androidx.annotation:annotation-experimental:1.4.1) with ExtractAarTransform
Transforming annotation-experimental-1.4.1.aar (androidx.annotation:annotation-experimental:1.4.1) with LibrarySymbolTableTransform
Transforming versionedparcelable-1.1.1.aar (androidx.versionedparcelable:versionedparcelable:1.1.1) with ExtractAarTransform
Transforming versionedparcelable-1.1.1.aar (androidx.versionedparcelable:versionedparcelable:1.1.1) with LibrarySymbolTableTransform
Transforming cursoradapter-1.0.0.aar (androidx.cursoradapter:cursoradapter:1.0.0) with ExtractAarTransform
Transforming cursoradapter-1.0.0.aar (androidx.cursoradapter:cursoradapter:1.0.0) with LibrarySymbolTableTransform
Transforming localbroadcastmanager-1.0.0.aar (androidx.localbroadcastmanager:localbroadcastmanager:1.0.0) with ExtractAarTransform
Transforming localbroadcastmanager-1.0.0.aar (androidx.localbroadcastmanager:localbroadcastmanager:1.0.0) with LibrarySymbolTableTransform
Transforming localbroadcastmanager-1.0.0.aar (androidx.localbroadcastmanager:localbroadcastmanager:1.0.0) with ExtractAarTransform
Transforming localbroadcastmanager-1.0.0.aar (androidx.localbroadcastmanager:localbroadcastmanager:1.0.0) with LibrarySymbolTableTransform
Transforming firebase-components-18.0.0.aar (com.google.firebase:firebase-components:18.0.0) with ExtractAarTransform
Transforming firebase-components-18.0.0.aar (com.google.firebase:firebase-components:18.0.0) with LibrarySymbolTableTransform
Transforming firebase-components-18.0.0.aar (com.google.firebase:firebase-components:18.0.0) with ExtractAarTransform
Transforming firebase-components-18.0.0.aar (com.google.firebase:firebase-components:18.0.0) with LibrarySymbolTableTransform
Transforming firebase-components-18.0.0.aar (com.google.firebase:firebase-components:18.0.0) with ExtractAarTransform
Transforming firebase-components-18.0.0.aar (com.google.firebase:firebase-components:18.0.0) with LibrarySymbolTableTransform
Transforming firebase-components-18.0.0.aar (com.google.firebase:firebase-components:18.0.0) with ExtractAarTransform
Transforming firebase-components-18.0.0.aar (com.google.firebase:firebase-components:18.0.0) with LibrarySymbolTableTransform
Transforming firebase-components-18.0.0.aar (com.google.firebase:firebase-components:18.0.0) with ExtractAarTransform
Transforming firebase-components-18.0.0.aar (com.google.firebase:firebase-components:18.0.0) with LibrarySymbolTableTransform
Transforming firebase-components-18.0.0.aar (com.google.firebase:firebase-components:18.0.0) with ExtractAarTransform
Transforming firebase-components-18.0.0.aar (com.google.firebase:firebase-components:18.0.0) with LibrarySymbolTableTransform
Transforming firebase-components-18.0.0.aar (com.google.firebase:firebase-components:18.0.0) with ExtractAarTransform
Transforming firebase-components-18.0.0.aar (com.google.firebase:firebase-components:18.0.0) with LibrarySymbolTableTransform
Transforming firebase-components-18.0.0.aar (com.google.firebase:firebase-components:18.0.0) with ExtractAarTransform
Transforming firebase-components-18.0.0.aar (com.google.firebase:firebase-components:18.0.0) with LibrarySymbolTableTransform
Transforming firebase-components-18.0.0.aar (com.google.firebase:firebase-components:18.0.0) with ExtractAarTransform
Transforming firebase-components-18.0.0.aar (com.google.firebase:firebase-components:18.0.0) with LibrarySymbolTableTransform
Transforming interpolator-1.0.0.aar (androidx.interpolator:interpolator:1.0.0) with ExtractAarTransform
Transforming interpolator-1.0.0.aar (androidx.interpolator:interpolator:1.0.0) with LibrarySymbolTableTransform
Transforming interpolator-1.0.0.aar (androidx.interpolator:interpolator:1.0.0) with ExtractAarTransform
Transforming interpolator-1.0.0.aar (androidx.interpolator:interpolator:1.0.0) with LibrarySymbolTableTransform
Transforming startup-runtime-1.1.1.aar (androidx.startup:startup-runtime:1.1.1) with ExtractAarTransform
Transforming startup-runtime-1.1.1.aar (androidx.startup:startup-runtime:1.1.1) with LibrarySymbolTableTransform
Transforming tracing-1.0.0.aar (androidx.tracing:tracing:1.0.0) with ExtractAarTransform
Transforming tracing-1.0.0.aar (androidx.tracing:tracing:1.0.0) with LibrarySymbolTableTransform
Transforming firebase-datatransport-18.2.0.aar (com.google.firebase:firebase-datatransport:18.2.0) with ExtractAarTransform
Transforming firebase-datatransport-18.2.0.aar (com.google.firebase:firebase-datatransport:18.2.0) with LibrarySymbolTableTransform
Transforming transport-backend-cct-3.1.9.aar (com.google.android.datatransport:transport-backend-cct:3.1.9) with ExtractAarTransform
Transforming transport-backend-cct-3.1.9.aar (com.google.android.datatransport:transport-backend-cct:3.1.9) with LibrarySymbolTableTransform
Transforming transport-backend-cct-3.1.9.aar (com.google.android.datatransport:transport-backend-cct:3.1.9) with ExtractAarTransform
Transforming transport-backend-cct-3.1.9.aar (com.google.android.datatransport:transport-backend-cct:3.1.9) with LibrarySymbolTableTransform
Transforming firebase-encoders-json-18.0.0.aar (com.google.firebase:firebase-encoders-json:18.0.0) with ExtractAarTransform
Transforming firebase-encoders-json-18.0.0.aar (com.google.firebase:firebase-encoders-json:18.0.0) with LibrarySymbolTableTransform
Transforming firebase-encoders-json-18.0.0.aar (com.google.firebase:firebase-encoders-json:18.0.0) with ExtractAarTransform
Transforming firebase-encoders-json-18.0.0.aar (com.google.firebase:firebase-encoders-json:18.0.0) with LibrarySymbolTableTransform
Transforming transport-runtime-3.1.9.aar (com.google.android.datatransport:transport-runtime:3.1.9) with ExtractAarTransform
Transforming transport-runtime-3.1.9.aar (com.google.android.datatransport:transport-runtime:3.1.9) with LibrarySymbolTableTransform
Transforming transport-runtime-3.1.9.aar (com.google.android.datatransport:transport-runtime:3.1.9) with ExtractAarTransform
Transforming transport-runtime-3.1.9.aar (com.google.android.datatransport:transport-runtime:3.1.9) with LibrarySymbolTableTransform
Transforming transport-runtime-3.1.9.aar (com.google.android.datatransport:transport-runtime:3.1.9) with ExtractAarTransform
Transforming transport-runtime-3.1.9.aar (com.google.android.datatransport:transport-runtime:3.1.9) with LibrarySymbolTableTransform
Transforming transport-api-3.1.0.aar (com.google.android.datatransport:transport-api:3.1.0) with ExtractAarTransform
Transforming transport-api-3.1.0.aar (com.google.android.datatransport:transport-api:3.1.0) with LibrarySymbolTableTransform
Transforming transport-api-3.1.0.aar (com.google.android.datatransport:transport-api:3.1.0) with ExtractAarTransform
Transforming transport-api-3.1.0.aar (com.google.android.datatransport:transport-api:3.1.0) with LibrarySymbolTableTransform
Transforming transport-api-3.1.0.aar (com.google.android.datatransport:transport-api:3.1.0) with ExtractAarTransform
Transforming transport-api-3.1.0.aar (com.google.android.datatransport:transport-api:3.1.0) with LibrarySymbolTableTransform
Transforming transport-api-3.1.0.aar (com.google.android.datatransport:transport-api:3.1.0) with ExtractAarTransform
Transforming transport-api-3.1.0.aar (com.google.android.datatransport:transport-api:3.1.0) with LibrarySymbolTableTransform
Transforming exifinterface-1.3.7.aar (androidx.exifinterface:exifinterface:1.3.7) with ExtractAarTransform
Transforming exifinterface-1.3.7.aar (androidx.exifinterface:exifinterface:1.3.7) with LibrarySymbolTableTransform
Transforming documentfile-1.0.0.aar (androidx.documentfile:documentfile:1.0.0) with ExtractAarTransform
Transforming documentfile-1.0.0.aar (androidx.documentfile:documentfile:1.0.0) with LibrarySymbolTableTransform
Transforming print-1.0.0.aar (androidx.print:print:1.0.0) with ExtractAarTransform
Transforming print-1.0.0.aar (androidx.print:print:1.0.0) with LibrarySymbolTableTransform
Transforming core-runtime-2.2.0.aar (androidx.arch.core:core-runtime:2.2.0) with ExtractAarTransform
Transforming core-runtime-2.2.0.aar (androidx.arch.core:core-runtime:2.2.0) with LibrarySymbolTableTransform
Transforming core-viewtree-1.0.0.aar (androidx.core:core-viewtree:1.0.0) with ExtractAarTransform
Transforming core-viewtree-1.0.0.aar (androidx.core:core-viewtree:1.0.0) with LibrarySymbolTableTransform
Transforming protolite-well-known-types-18.0.0.aar (com.google.firebase:protolite-well-known-types:18.0.0) with ExtractAarTransform
Transforming protolite-well-known-types-18.0.0.aar (com.google.firebase:protolite-well-known-types:18.0.0) with LibrarySymbolTableTransform
Transforming grpc-android-1.62.2.aar (io.grpc:grpc-android:1.62.2) with ExtractAarTransform
Transforming grpc-android-1.62.2.aar (io.grpc:grpc-android:1.62.2) with LibrarySymbolTableTransform
Transforming core-common-2.0.3.aar (com.google.android.play:core-common:2.0.3) with ExtractAarTransform
Transforming core-common-2.0.3.aar (com.google.android.play:core-common:2.0.3) with LibrarySymbolTableTransform
Registered task dependencies: app:debugCompileClasspath
Skipping misunderstood TO dep string: androidx.compose.ui:ui-tooling
Skipping misunderstood TO dep string: org.jetbrains.kotlin:kotlin-stdlib
Skipping misunderstood TO dep string: org.jetbrains.kotlin:kotlin-stdlib
Skipping misunderstood TO dep string: org.jetbrains.kotlin:kotlin-stdlib
Skipping misunderstood TO dep string: org.jetbrains.kotlin:kotlin-stdlib
Skipping misunderstood TO dep string: org.jetbrains.kotlin:kotlin-stdlib
Skipping misunderstood TO dep string: org.jetbrains.kotlin:kotlin-stdlib
Skipping misunderstood TO dep string: org.jetbrains.kotlin:kotlin-stdlib
Skipping misunderstood TO dep string: org.jetbrains.kotlin:kotlin-stdlib
Skipping misunderstood TO dep string: org.jetbrains.kotlin:kotlin-stdlib
Skipping misunderstood TO dep string: org.jetbrains.kotlin:kotlin-stdlib
Skipping misunderstood TO dep string: org.jetbrains.kotlin:kotlin-stdlib
Skipping misunderstood TO dep string: androidx.compose.ui:ui-test-manifest
Skipping misunderstood TO dep string: androidx.compose.ui:ui
Skipping misunderstood TO dep string: androidx.compose.ui:ui-graphics
Skipping misunderstood TO dep string: androidx.compose.ui:ui-tooling-preview
Skipping misunderstood TO dep string: androidx.compose.material3:material3
Skipping misunderstood TO dep string: androidx.compose.foundation:foundation
Skipping misunderstood TO dep string: androidx.compose.material:material-icons-extended
Skipping misunderstood TO dep string: androidx.compose.material:material-icons-core
Skipping misunderstood TO dep string: com.google.firebase:firebase-storage-ktx
Skipping misunderstood TO dep string: com.google.firebase:firebase-messaging-ktx
Starting dependency analysis
Caching disabled for task ':app:processDebugResources' because:
  Build cache is disabled
Task ':app:processDebugResources' is not up-to-date because:
  Value of input property 'useStableIds' has changed for task ':app:processDebugResources'
The input changes require a full rebuild for incremental task ':app:processDebugResources'.
AAPT2 aapt2-8.9.1-12782657-windows Daemon #0: starting
Aapt output file D:\Androi\EasyShop\app\build\intermediates\linked_resources_binary_format\debug\processDebugResources\linked-resources-binary-format-debug.ap_
Resolve mutations for :app:compileDebugKotlin (Thread[Execution worker Thread 6,5,main]) started.
:app:compileDebugKotlin (Thread[Execution worker Thread 6,5,main]) started.

> Task :app:compileDebugKotlin
Transforming navigation-common-2.8.5.aar (androidx.navigation:navigation-common:2.8.5) with AarToClassTransform
Transforming navigation-runtime-2.8.5.aar (androidx.navigation:navigation-runtime:2.8.5) with AarToClassTransform
Transforming navigation-common-ktx-2.8.5.aar (androidx.navigation:navigation-common-ktx:2.8.5) with AarToClassTransform
Transforming navigation-runtime-ktx-2.8.5.aar (androidx.navigation:navigation-runtime-ktx:2.8.5) with AarToClassTransform
Transforming navigation-compose-2.8.5.aar (androidx.navigation:navigation-compose:2.8.5) with AarToClassTransform
Transforming material3.aar (androidx.compose.material3:material3-android:1.4.0) with AarToClassTransform
Transforming coil-compose-2.7.0.aar (io.coil-kt:coil-compose:2.7.0) with AarToClassTransform
Transforming coil-compose-base-2.7.0.aar (io.coil-kt:coil-compose-base:2.7.0) with AarToClassTransform
Transforming foundation-layout-release.aar (androidx.compose.foundation:foundation-layout-android:1.8.2) with AarToClassTransform
Transforming material-ripple-release.aar (androidx.compose.material:material-ripple-android:1.8.1) with AarToClassTransform
Transforming foundation-release.aar (androidx.compose.foundation:foundation-android:1.8.2) with AarToClassTransform
Transforming animation-core-release.aar (androidx.compose.animation:animation-core-android:1.8.2) with AarToClassTransform
Transforming animation-release.aar (androidx.compose.animation:animation-android:1.8.2) with AarToClassTransform
Transforming ui-util-release.aar (androidx.compose.ui:ui-util-android:1.8.2) with AarToClassTransform
Transforming ui-unit-release.aar (androidx.compose.ui:ui-unit-android:1.8.2) with AarToClassTransform
Transforming ui-text-release.aar (androidx.compose.ui:ui-text-android:1.8.2) with AarToClassTransform
Transforming ui-geometry-release.aar (androidx.compose.ui:ui-geometry-android:1.8.2) with AarToClassTransform
Transforming ui-tooling-data-release.aar (androidx.compose.ui:ui-tooling-data-android:1.8.2) with AarToClassTransform
Transforming ui-tooling-preview-release.aar (androidx.compose.ui:ui-tooling-preview-android:1.8.2) with AarToClassTransform
Transforming ui-graphics-release.aar (androidx.compose.ui:ui-graphics-android:1.8.2) with AarToClassTransform
Transforming material-icons-extended-release.aar (androidx.compose.material:material-icons-extended-android:1.7.2) with AarToClassTransform
Transforming material-icons-core-release.aar (androidx.compose.material:material-icons-core-android:1.7.2) with AarToClassTransform
Transforming appcompat-resources-1.7.0.aar (androidx.appcompat:appcompat-resources:1.7.0) with AarToClassTransform
Transforming appcompat-1.7.0.aar (androidx.appcompat:appcompat:1.7.0) with AarToClassTransform
Transforming firebase-auth-23.1.0.aar (com.google.firebase:firebase-auth:23.1.0) with AarToClassTransform
Transforming play-services-maps-19.0.0.aar (com.google.android.gms:play-services-maps:19.0.0) with AarToClassTransform
Transforming play-services-auth-21.1.1.aar (com.google.android.gms:play-services-auth:21.1.1) with AarToClassTransform
Transforming play-services-location-21.0.0.aar (com.google.android.gms:play-services-location:21.0.0) with AarToClassTransform
Transforming play-services-auth-api-phone-18.0.2.aar (com.google.android.gms:play-services-auth-api-phone:18.0.2) with AarToClassTransform
Transforming play-services-auth-api-phone-18.0.2.aar (com.google.android.gms:play-services-auth-api-phone:18.0.2) with AarToClassTransform
Transforming firebase-firestore-25.1.1.aar (com.google.firebase:firebase-firestore:25.1.1) with AarToClassTransform
Transforming recaptcha-18.5.1.aar (com.google.android.recaptcha:recaptcha:18.5.1) with AarToClassTransform
Transforming integrity-1.3.0.aar (com.google.android.play:integrity:1.3.0) with AarToClassTransform
Transforming integrity-1.3.0.aar (com.google.android.play:integrity:1.3.0) with AarToClassTransform
Transforming firebase-storage-ktx-21.0.1.aar (com.google.firebase:firebase-storage-ktx:21.0.1) with AarToClassTransform
Transforming firebase-storage-21.0.1.aar (com.google.firebase:firebase-storage:21.0.1) with AarToClassTransform
Transforming firebase-appcheck-18.0.0.aar (com.google.firebase:firebase-appcheck:18.0.0) with AarToClassTransform
Transforming firebase-appcheck-interop-17.1.0.aar (com.google.firebase:firebase-appcheck-interop:17.1.0) with AarToClassTransform
Transforming firebase-appcheck-interop-17.1.0.aar (com.google.firebase:firebase-appcheck-interop:17.1.0) with AarToClassTransform
Transforming firebase-appcheck-interop-17.1.0.aar (com.google.firebase:firebase-appcheck-interop:17.1.0) with AarToClassTransform
Transforming firebase-appcheck-interop-17.1.0.aar (com.google.firebase:firebase-appcheck-interop:17.1.0) with AarToClassTransform
Transforming firebase-auth-interop-20.0.0.aar (com.google.firebase:firebase-auth-interop:20.0.0) with AarToClassTransform
Transforming firebase-auth-interop-20.0.0.aar (com.google.firebase:firebase-auth-interop:20.0.0) with AarToClassTransform
Transforming firebase-auth-interop-20.0.0.aar (com.google.firebase:firebase-auth-interop:20.0.0) with AarToClassTransform
Transforming firebase-database-collection-18.0.1.aar (com.google.firebase:firebase-database-collection:18.0.1) with AarToClassTransform
Transforming play-services-auth-base-18.0.10.aar (com.google.android.gms:play-services-auth-base:18.0.10) with AarToClassTransform
Transforming play-services-fido-21.0.0.aar (com.google.android.gms:play-services-fido:21.0.0) with AarToClassTransform
Transforming play-services-base-18.5.0.aar (com.google.android.gms:play-services-base:18.5.0) with AarToClassTransform
Transforming play-services-base-18.5.0.aar (com.google.android.gms:play-services-base:18.5.0) with AarToClassTransform
Transforming play-services-base-18.5.0.aar (com.google.android.gms:play-services-base:18.5.0) with AarToClassTransform
Transforming play-services-base-18.5.0.aar (com.google.android.gms:play-services-base:18.5.0) with AarToClassTransform
Transforming play-services-base-18.5.0.aar (com.google.android.gms:play-services-base:18.5.0) with AarToClassTransform
Transforming play-services-base-18.5.0.aar (com.google.android.gms:play-services-base:18.5.0) with AarToClassTransform
Transforming play-services-base-18.5.0.aar (com.google.android.gms:play-services-base:18.5.0) with AarToClassTransform
Transforming play-services-base-18.5.0.aar (com.google.android.gms:play-services-base:18.5.0) with AarToClassTransform
Transforming firebase-messaging-ktx-24.1.0.aar (com.google.firebase:firebase-messaging-ktx:24.1.0) with AarToClassTransform
Transforming firebase-messaging-24.1.0.aar (com.google.firebase:firebase-messaging:24.1.0) with AarToClassTransform
Transforming firebase-installations-18.0.0.aar (com.google.firebase:firebase-installations:18.0.0) with AarToClassTransform
Transforming firebase-common-ktx-21.0.0.aar (com.google.firebase:firebase-common-ktx:21.0.0) with AarToClassTransform
Transforming firebase-common-ktx-21.0.0.aar (com.google.firebase:firebase-common-ktx:21.0.0) with AarToClassTransform
Transforming firebase-common-ktx-21.0.0.aar (com.google.firebase:firebase-common-ktx:21.0.0) with AarToClassTransform
Transforming firebase-common-ktx-21.0.0.aar (com.google.firebase:firebase-common-ktx:21.0.0) with AarToClassTransform
Transforming firebase-common-ktx-21.0.0.aar (com.google.firebase:firebase-common-ktx:21.0.0) with AarToClassTransform
Transforming firebase-common-ktx-21.0.0.aar (com.google.firebase:firebase-common-ktx:21.0.0) with AarToClassTransform
Transforming firebase-common-ktx-21.0.0.aar (com.google.firebase:firebase-common-ktx:21.0.0) with AarToClassTransform
Transforming firebase-common-ktx-21.0.0.aar (com.google.firebase:firebase-common-ktx:21.0.0) with AarToClassTransform
Transforming firebase-common-21.0.0.aar (com.google.firebase:firebase-common:21.0.0) with AarToClassTransform
Transforming firebase-common-21.0.0.aar (com.google.firebase:firebase-common:21.0.0) with AarToClassTransform
Transforming firebase-common-21.0.0.aar (com.google.firebase:firebase-common:21.0.0) with AarToClassTransform
Transforming firebase-common-21.0.0.aar (com.google.firebase:firebase-common:21.0.0) with AarToClassTransform
Transforming firebase-common-21.0.0.aar (com.google.firebase:firebase-common:21.0.0) with AarToClassTransform
Transforming firebase-common-21.0.0.aar (com.google.firebase:firebase-common:21.0.0) with AarToClassTransform
Transforming firebase-common-21.0.0.aar (com.google.firebase:firebase-common:21.0.0) with AarToClassTransform
Transforming firebase-common-21.0.0.aar (com.google.firebase:firebase-common:21.0.0) with AarToClassTransform
Transforming firebase-common-21.0.0.aar (com.google.firebase:firebase-common:21.0.0) with AarToClassTransform
Transforming runtime-annotation.aar (androidx.compose.runtime:runtime-annotation-android:1.9.0) with AarToClassTransform
Transforming runtime-saveable.aar (androidx.compose.runtime:runtime-saveable-android:1.9.0) with AarToClassTransform
Transforming loader-1.1.0.aar (androidx.loader:loader:1.1.0) with AarToClassTransform
Transforming loader-1.1.0.aar (androidx.loader:loader:1.1.0) with AarToClassTransform
Transforming drawerlayout-1.0.0.aar (androidx.drawerlayout:drawerlayout:1.0.0) with AarToClassTransform
Transforming browser-1.4.0.aar (androidx.browser:browser:1.4.0) with AarToClassTransform
Transforming vectordrawable-animated-1.1.0.aar (androidx.vectordrawable:vectordrawable-animated:1.1.0) with AarToClassTransform
Transforming vectordrawable-1.1.0.aar (androidx.vectordrawable:vectordrawable:1.1.0) with AarToClassTransform
Transforming vectordrawable-1.1.0.aar (androidx.vectordrawable:vectordrawable:1.1.0) with AarToClassTransform
Transforming viewpager-1.0.0.aar (androidx.viewpager:viewpager:1.0.0) with AarToClassTransform
Transforming customview-1.0.0.aar (androidx.customview:customview:1.0.0) with AarToClassTransform
Transforming customview-1.0.0.aar (androidx.customview:customview:1.0.0) with AarToClassTransform
Transforming core-1.13.1.aar (androidx.core:core:1.13.1) with AarToClassTransform
Transforming core-1.13.1.aar (androidx.core:core:1.13.1) with AarToClassTransform
Transforming core-1.13.1.aar (androidx.core:core:1.13.1) with AarToClassTransform
Transforming core-1.13.1.aar (androidx.core:core:1.13.1) with AarToClassTransform
Transforming core-1.13.1.aar (androidx.core:core:1.13.1) with AarToClassTransform
Transforming core-1.13.1.aar (androidx.core:core:1.13.1) with AarToClassTransform
Transforming core-1.13.1.aar (androidx.core:core:1.13.1) with AarToClassTransform
Transforming core-1.13.1.aar (androidx.core:core:1.13.1) with AarToClassTransform
Transforming coil-2.7.0.aar (io.coil-kt:coil:2.7.0) with AarToClassTransform
Transforming coil-base-2.7.0.aar (io.coil-kt:coil-base:2.7.0) with AarToClassTransform
Transforming savedstate-compose-release.aar (androidx.savedstate:savedstate-compose-android:1.3.0) with AarToClassTransform
Transforming savedstate-ktx-1.3.0.aar (androidx.savedstate:savedstate-ktx:1.3.0) with AarToClassTransform
Transforming savedstate-release.aar (androidx.savedstate:savedstate-android:1.3.0) with AarToClassTransform
Transforming lifecycle-common-jvm-2.9.0.jar (androidx.lifecycle:lifecycle-common-jvm:2.9.0) with IdentityTransform
Transforming lifecycle-viewmodel-savedstate-release.aar (androidx.lifecycle:lifecycle-viewmodel-savedstate-android:2.9.0) with AarToClassTransform
Transforming lifecycle-runtime-release.aar (androidx.lifecycle:lifecycle-runtime-android:2.9.0) with AarToClassTransform
Transforming lifecycle-livedata-core-2.9.0.aar (androidx.lifecycle:lifecycle-livedata-core:2.9.0) with AarToClassTransform
Transforming lifecycle-livedata-core-2.9.0.aar (androidx.lifecycle:lifecycle-livedata-core:2.9.0) with AarToClassTransform
Transforming lifecycle-runtime-compose-release.aar (androidx.lifecycle:lifecycle-runtime-compose-android:2.9.0) with AarToClassTransform
Transforming runtime.aar (androidx.compose.runtime:runtime-android:1.9.0) with AarToClassTransform
Transforming kotlinx-coroutines-android-1.8.1.jar (org.jetbrains.kotlinx:kotlinx-coroutines-android:1.8.1) with IdentityTransform
Transforming kotlinx-coroutines-core-jvm-1.8.1.jar (org.jetbrains.kotlinx:kotlinx-coroutines-core-jvm:1.8.1) with IdentityTransform
Transforming kotlinx-coroutines-play-services-1.8.1.jar (org.jetbrains.kotlinx:kotlinx-coroutines-play-services:1.8.1) with IdentityTransform
Transforming firebase-iid-interop-17.1.0.aar (com.google.firebase:firebase-iid-interop:17.1.0) with AarToClassTransform
Transforming firebase-installations-interop-17.1.1.aar (com.google.firebase:firebase-installations-interop:17.1.1) with AarToClassTransform
Transforming firebase-installations-interop-17.1.1.aar (com.google.firebase:firebase-installations-interop:17.1.1) with AarToClassTransform
Transforming play-services-tasks-18.2.0.aar (com.google.android.gms:play-services-tasks:18.2.0) with AarToClassTransform
Transforming play-services-tasks-18.2.0.aar (com.google.android.gms:play-services-tasks:18.2.0) with AarToClassTransform
Transforming play-services-tasks-18.2.0.aar (com.google.android.gms:play-services-tasks:18.2.0) with AarToClassTransform
Transforming play-services-tasks-18.2.0.aar (com.google.android.gms:play-services-tasks:18.2.0) with AarToClassTransform
Transforming play-services-tasks-18.2.0.aar (com.google.android.gms:play-services-tasks:18.2.0) with AarToClassTransform
Transforming play-services-tasks-18.2.0.aar (com.google.android.gms:play-services-tasks:18.2.0) with AarToClassTransform
Transforming play-services-tasks-18.2.0.aar (com.google.android.gms:play-services-tasks:18.2.0) with AarToClassTransform
Transforming play-services-tasks-18.2.0.aar (com.google.android.gms:play-services-tasks:18.2.0) with AarToClassTransform
Transforming play-services-tasks-18.2.0.aar (com.google.android.gms:play-services-tasks:18.2.0) with AarToClassTransform
Transforming play-services-tasks-18.2.0.aar (com.google.android.gms:play-services-tasks:18.2.0) with AarToClassTransform
Transforming play-services-tasks-18.2.0.aar (com.google.android.gms:play-services-tasks:18.2.0) with AarToClassTransform
Transforming play-services-tasks-18.2.0.aar (com.google.android.gms:play-services-tasks:18.2.0) with AarToClassTransform
Transforming play-services-tasks-18.2.0.aar (com.google.android.gms:play-services-tasks:18.2.0) with AarToClassTransform
Transforming play-services-tasks-18.2.0.aar (com.google.android.gms:play-services-tasks:18.2.0) with AarToClassTransform
Transforming play-services-tasks-18.2.0.aar (com.google.android.gms:play-services-tasks:18.2.0) with AarToClassTransform
Transforming play-services-tasks-18.2.0.aar (com.google.android.gms:play-services-tasks:18.2.0) with AarToClassTransform
Transforming play-services-tasks-18.2.0.aar (com.google.android.gms:play-services-tasks:18.2.0) with AarToClassTransform
Transforming play-services-tasks-18.2.0.aar (com.google.android.gms:play-services-tasks:18.2.0) with AarToClassTransform
Transforming firebase-measurement-connector-19.0.0.aar (com.google.firebase:firebase-measurement-connector:19.0.0) with AarToClassTransform
Transforming play-services-basement-18.4.0.aar (com.google.android.gms:play-services-basement:18.4.0) with AarToClassTransform
Transforming play-services-basement-18.4.0.aar (com.google.android.gms:play-services-basement:18.4.0) with AarToClassTransform
Transforming play-services-basement-18.4.0.aar (com.google.android.gms:play-services-basement:18.4.0) with AarToClassTransform
Transforming play-services-basement-18.4.0.aar (com.google.android.gms:play-services-basement:18.4.0) with AarToClassTransform
Transforming play-services-basement-18.4.0.aar (com.google.android.gms:play-services-basement:18.4.0) with AarToClassTransform
Transforming play-services-basement-18.4.0.aar (com.google.android.gms:play-services-basement:18.4.0) with AarToClassTransform
Transforming play-services-basement-18.4.0.aar (com.google.android.gms:play-services-basement:18.4.0) with AarToClassTransform
Transforming play-services-basement-18.4.0.aar (com.google.android.gms:play-services-basement:18.4.0) with AarToClassTransform
Transforming play-services-basement-18.4.0.aar (com.google.android.gms:play-services-basement:18.4.0) with AarToClassTransform
Transforming play-services-basement-18.4.0.aar (com.google.android.gms:play-services-basement:18.4.0) with AarToClassTransform
Transforming play-services-basement-18.4.0.aar (com.google.android.gms:play-services-basement:18.4.0) with AarToClassTransform
Transforming play-services-basement-18.4.0.aar (com.google.android.gms:play-services-basement:18.4.0) with AarToClassTransform
Transforming play-services-basement-18.4.0.aar (com.google.android.gms:play-services-basement:18.4.0) with AarToClassTransform
Transforming play-services-basement-18.4.0.aar (com.google.android.gms:play-services-basement:18.4.0) with AarToClassTransform
Transforming fragment-1.5.7.aar (androidx.fragment:fragment:1.5.7) with AarToClassTransform
Transforming fragment-1.5.7.aar (androidx.fragment:fragment:1.5.7) with AarToClassTransform
Transforming fragment-1.5.7.aar (androidx.fragment:fragment:1.5.7) with AarToClassTransform
Transforming fragment-1.5.7.aar (androidx.fragment:fragment:1.5.7) with AarToClassTransform
Transforming fragment-1.5.7.aar (androidx.fragment:fragment:1.5.7) with AarToClassTransform
Transforming fragment-1.5.7.aar (androidx.fragment:fragment:1.5.7) with AarToClassTransform
Transforming lifecycle-viewmodel-2.9.0.aar (androidx.lifecycle:lifecycle-viewmodel:2.9.0) with AarToClassTransform
Transforming lifecycle-viewmodel-release.aar (androidx.lifecycle:lifecycle-viewmodel-android:2.9.0) with AarToClassTransform
Transforming lifecycle-viewmodel-ktx-2.9.0.aar (androidx.lifecycle:lifecycle-viewmodel-ktx:2.9.0) with AarToClassTransform
Transforming lifecycle-runtime-ktx.aar (androidx.lifecycle:lifecycle-runtime-ktx-android:2.9.0) with AarToClassTransform
Transforming lifecycle-viewmodel-compose-release.aar (androidx.lifecycle:lifecycle-viewmodel-compose-android:2.9.0) with AarToClassTransform
Transforming ui-release.aar (androidx.compose.ui:ui-android:1.8.2) with AarToClassTransform
Transforming ui-tooling-release.aar (androidx.compose.ui:ui-tooling-android:1.8.2) with AarToClassTransform
Transforming ui-test-manifest-1.8.2.aar (androidx.compose.ui:ui-test-manifest:1.8.2) with AarToClassTransform
Transforming activity-1.9.3.aar (androidx.activity:activity:1.9.3) with AarToClassTransform
Transforming activity-compose-1.9.3.aar (androidx.activity:activity-compose:1.9.3) with AarToClassTransform
Transforming activity-ktx-1.9.3.aar (androidx.activity:activity-ktx:1.9.3) with AarToClassTransform
Transforming core-ktx-1.13.1.aar (androidx.core:core-ktx:1.13.1) with AarToClassTransform
Transforming dotsindicator-5.1.0.aar (com.tbuonomo:dotsindicator:5.1.0) with AarToClassTransform
Transforming credentials-play-services-auth-1.3.0.aar (androidx.credentials:credentials-play-services-auth:1.3.0) with AarToClassTransform
Transforming credentials-play-services-auth-1.3.0.aar (androidx.credentials:credentials-play-services-auth:1.3.0) with AarToClassTransform
Transforming googleid-1.1.1.aar (com.google.android.libraries.identity.googleid:googleid:1.1.1) with AarToClassTransform
Transforming credentials-1.3.0.aar (androidx.credentials:credentials:1.3.0) with AarToClassTransform
Transforming credentials-1.3.0.aar (androidx.credentials:credentials:1.3.0) with AarToClassTransform
Transforming credentials-1.3.0.aar (androidx.credentials:credentials:1.3.0) with AarToClassTransform
Transforming converter-gson-2.9.0.jar (com.squareup.retrofit2:converter-gson:2.9.0) with IdentityTransform
Transforming retrofit-2.9.0.jar (com.squareup.retrofit2:retrofit:2.9.0) with IdentityTransform
Transforming logging-interceptor-4.12.0.jar (com.squareup.okhttp3:logging-interceptor:4.12.0) with IdentityTransform
Transforming okhttp-4.12.0.jar (com.squareup.okhttp3:okhttp:4.12.0) with IdentityTransform
Transforming generativeai-0.9.0.aar (com.google.ai.client.generativeai:generativeai:0.9.0) with AarToClassTransform
Transforming kotlin-stdlib-jdk8-1.9.0.jar (org.jetbrains.kotlin:kotlin-stdlib-jdk8:1.9.0) with IdentityTransform
Transforming cursoradapter-1.0.0.aar (androidx.cursoradapter:cursoradapter:1.0.0) with AarToClassTransform
Transforming localbroadcastmanager-1.0.0.aar (androidx.localbroadcastmanager:localbroadcastmanager:1.0.0) with AarToClassTransform
Transforming versionedparcelable-1.1.1.aar (androidx.versionedparcelable:versionedparcelable:1.1.1) with AarToClassTransform
Transforming firebase-datatransport-18.2.0.aar (com.google.firebase:firebase-datatransport:18.2.0) with AarToClassTransform
Transforming transport-backend-cct-3.1.9.aar (com.google.android.datatransport:transport-backend-cct:3.1.9) with AarToClassTransform
Transforming firebase-encoders-json-18.0.0.aar (com.google.firebase:firebase-encoders-json:18.0.0) with AarToClassTransform
Transforming firebase-encoders-json-18.0.0.aar (com.google.firebase:firebase-encoders-json:18.0.0) with AarToClassTransform
Transforming transport-runtime-3.1.9.aar (com.google.android.datatransport:transport-runtime:3.1.9) with AarToClassTransform
Transforming transport-runtime-3.1.9.aar (com.google.android.datatransport:transport-runtime:3.1.9) with AarToClassTransform
Transforming firebase-encoders-proto-16.0.0.jar (com.google.firebase:firebase-encoders-proto:16.0.0) with IdentityTransform
Transforming firebase-encoders-17.0.0.jar (com.google.firebase:firebase-encoders:17.0.0) with IdentityTransform
Transforming collection-jvm-1.5.0.jar (androidx.collection:collection-jvm:1.5.0) with IdentityTransform
Transforming interpolator-1.0.0.aar (androidx.interpolator:interpolator:1.0.0) with AarToClassTransform
Transforming transport-api-3.1.0.aar (com.google.android.datatransport:transport-api:3.1.0) with AarToClassTransform
Transforming transport-api-3.1.0.aar (com.google.android.datatransport:transport-api:3.1.0) with AarToClassTransform
Transforming transport-api-3.1.0.aar (com.google.android.datatransport:transport-api:3.1.0) with AarToClassTransform
Transforming core-common-2.2.0.jar (androidx.arch.core:core-common:2.2.0) with IdentityTransform
Transforming annotation-jvm-1.9.1.jar (androidx.annotation:annotation-jvm:1.9.1) with IdentityTransform
Transforming annotation-experimental-1.4.1.aar (androidx.annotation:annotation-experimental:1.4.1) with AarToClassTransform
Transforming kotlin-stdlib-jdk7-1.9.0.jar (org.jetbrains.kotlin:kotlin-stdlib-jdk7:1.9.0) with IdentityTransform
Transforming okio-jvm-3.9.0.jar (com.squareup.okio:okio-jvm:3.9.0) with IdentityTransform
Transforming kotlinx-serialization-core-jvm-1.7.3.jar (org.jetbrains.kotlinx:kotlinx-serialization-core-jvm:1.7.3) with IdentityTransform
Transforming kotlin-stdlib-2.0.21.jar (org.jetbrains.kotlin:kotlin-stdlib:2.0.21) with IdentityTransform
Transforming annotations-23.0.0.jar (org.jetbrains:annotations:23.0.0) with IdentityTransform
Transforming listenablefuture-9999.0-empty-to-avoid-conflict-with-guava.jar (com.google.guava:listenablefuture:9999.0-empty-to-avoid-conflict-with-guava) with IdentityTransform
Transforming jspecify-1.0.0.jar (org.jspecify:jspecify:1.0.0) with IdentityTransform
Transforming firebase-components-18.0.0.aar (com.google.firebase:firebase-components:18.0.0) with AarToClassTransform
Transforming firebase-components-18.0.0.aar (com.google.firebase:firebase-components:18.0.0) with AarToClassTransform
Transforming firebase-components-18.0.0.aar (com.google.firebase:firebase-components:18.0.0) with AarToClassTransform
Transforming firebase-components-18.0.0.aar (com.google.firebase:firebase-components:18.0.0) with AarToClassTransform
Transforming firebase-components-18.0.0.aar (com.google.firebase:firebase-components:18.0.0) with AarToClassTransform
Transforming firebase-components-18.0.0.aar (com.google.firebase:firebase-components:18.0.0) with AarToClassTransform
Transforming firebase-annotations-16.2.0.jar (com.google.firebase:firebase-annotations:16.2.0) with IdentityTransform
Transforming javax.inject-1.jar (javax.inject:javax.inject:1) with IdentityTransform
Transforming core-common-2.0.3.aar (com.google.android.play:core-common:2.0.3) with AarToClassTransform
Transforming protolite-well-known-types-18.0.0.aar (com.google.firebase:protolite-well-known-types:18.0.0) with AarToClassTransform
Transforming protobuf-javalite-3.25.1.jar (com.google.protobuf:protobuf-javalite:3.25.1) with IdentityTransform
Transforming gson-2.10.1.jar (com.google.code.gson:gson:2.10.1) with IdentityTransform
Adding -Xuse-inline-scopes-numbers Kotlin compiler flag for task :app:compileDebugAndroidTestKotlin
Transforming R.jar with BuildToolsApiClasspathEntrySnapshotTransform
Transforming navigation-common-2.8.5-api.jar with BuildToolsApiClasspathEntrySnapshotTransform
Transforming navigation-runtime-2.8.5-api.jar with BuildToolsApiClasspathEntrySnapshotTransform
Transforming navigation-common-ktx-2.8.5-api.jar with BuildToolsApiClasspathEntrySnapshotTransform
Transforming navigation-runtime-ktx-2.8.5-api.jar with BuildToolsApiClasspathEntrySnapshotTransform
Transforming navigation-compose-2.8.5-api.jar with BuildToolsApiClasspathEntrySnapshotTransform
Transforming material3-api.jar with BuildToolsApiClasspathEntrySnapshotTransform
Transforming coil-compose-2.7.0-api.jar with BuildToolsApiClasspathEntrySnapshotTransform
Transforming coil-compose-base-2.7.0-api.jar with BuildToolsApiClasspathEntrySnapshotTransform
Transforming foundation-layout-release-api.jar with BuildToolsApiClasspathEntrySnapshotTransform
Transforming material-ripple-release-api.jar with BuildToolsApiClasspathEntrySnapshotTransform
Transforming foundation-release-api.jar with BuildToolsApiClasspathEntrySnapshotTransform
Transforming animation-core-release-api.jar with BuildToolsApiClasspathEntrySnapshotTransform
Transforming animation-release-api.jar with BuildToolsApiClasspathEntrySnapshotTransform
Transforming ui-util-release-api.jar with BuildToolsApiClasspathEntrySnapshotTransform
Transforming ui-unit-release-api.jar with BuildToolsApiClasspathEntrySnapshotTransform
Transforming ui-text-release-api.jar with BuildToolsApiClasspathEntrySnapshotTransform
Transforming ui-geometry-release-api.jar with BuildToolsApiClasspathEntrySnapshotTransform
Transforming ui-tooling-data-release-api.jar with BuildToolsApiClasspathEntrySnapshotTransform
Transforming ui-tooling-preview-release-api.jar with BuildToolsApiClasspathEntrySnapshotTransform
Transforming ui-graphics-release-api.jar with BuildToolsApiClasspathEntrySnapshotTransform
Transforming material-icons-extended-release-api.jar with BuildToolsApiClasspathEntrySnapshotTransform
Transforming material-icons-core-release-api.jar with BuildToolsApiClasspathEntrySnapshotTransform
Transforming appcompat-resources-1.7.0-api.jar with BuildToolsApiClasspathEntrySnapshotTransform
Transforming appcompat-1.7.0-api.jar with BuildToolsApiClasspathEntrySnapshotTransform
Transforming firebase-auth-23.1.0-api.jar with BuildToolsApiClasspathEntrySnapshotTransform
Transforming play-services-maps-19.0.0-api.jar with BuildToolsApiClasspathEntrySnapshotTransform
Transforming play-services-auth-21.1.1-api.jar with BuildToolsApiClasspathEntrySnapshotTransform
Transforming play-services-location-21.0.0-api.jar with BuildToolsApiClasspathEntrySnapshotTransform
Transforming play-services-auth-api-phone-18.0.2-api.jar with BuildToolsApiClasspathEntrySnapshotTransform
Transforming firebase-firestore-25.1.1-api.jar with BuildToolsApiClasspathEntrySnapshotTransform
Transforming recaptcha-18.5.1-api.jar with BuildToolsApiClasspathEntrySnapshotTransform
Transforming integrity-1.3.0-api.jar with BuildToolsApiClasspathEntrySnapshotTransform
Transforming firebase-storage-ktx-21.0.1-api.jar with BuildToolsApiClasspathEntrySnapshotTransform
Transforming firebase-storage-21.0.1-api.jar with BuildToolsApiClasspathEntrySnapshotTransform
Transforming firebase-appcheck-18.0.0-api.jar with BuildToolsApiClasspathEntrySnapshotTransform
Transforming firebase-appcheck-interop-17.1.0-api.jar with BuildToolsApiClasspathEntrySnapshotTransform
Transforming firebase-auth-interop-20.0.0-api.jar with BuildToolsApiClasspathEntrySnapshotTransform
Transforming firebase-database-collection-18.0.1-api.jar with BuildToolsApiClasspathEntrySnapshotTransform
Transforming play-services-auth-base-18.0.10-api.jar with BuildToolsApiClasspathEntrySnapshotTransform
Transforming play-services-fido-21.0.0-api.jar with BuildToolsApiClasspathEntrySnapshotTransform
Transforming play-services-base-18.5.0-api.jar with BuildToolsApiClasspathEntrySnapshotTransform
Transforming firebase-messaging-ktx-24.1.0-api.jar with BuildToolsApiClasspathEntrySnapshotTransform
Transforming firebase-messaging-24.1.0-api.jar with BuildToolsApiClasspathEntrySnapshotTransform
Transforming firebase-installations-18.0.0-api.jar with BuildToolsApiClasspathEntrySnapshotTransform
Transforming firebase-common-ktx-21.0.0-api.jar with BuildToolsApiClasspathEntrySnapshotTransform
Transforming firebase-common-21.0.0-api.jar with BuildToolsApiClasspathEntrySnapshotTransform
Transforming runtime-annotation-api.jar with BuildToolsApiClasspathEntrySnapshotTransform
Transforming runtime-saveable-api.jar with BuildToolsApiClasspathEntrySnapshotTransform
Transforming loader-1.1.0-api.jar with BuildToolsApiClasspathEntrySnapshotTransform
Transforming drawerlayout-1.0.0-api.jar with BuildToolsApiClasspathEntrySnapshotTransform
Transforming browser-1.4.0-api.jar with BuildToolsApiClasspathEntrySnapshotTransform
Transforming vectordrawable-animated-1.1.0-api.jar with BuildToolsApiClasspathEntrySnapshotTransform
Transforming vectordrawable-1.1.0-api.jar with BuildToolsApiClasspathEntrySnapshotTransform
Transforming viewpager-1.0.0-api.jar with BuildToolsApiClasspathEntrySnapshotTransform
Transforming customview-1.0.0-api.jar with BuildToolsApiClasspathEntrySnapshotTransform
Transforming core-1.13.1-api.jar with BuildToolsApiClasspathEntrySnapshotTransform
Transforming coil-2.7.0-api.jar with BuildToolsApiClasspathEntrySnapshotTransform
Transforming coil-base-2.7.0-api.jar with BuildToolsApiClasspathEntrySnapshotTransform
Transforming savedstate-compose-release-api.jar with BuildToolsApiClasspathEntrySnapshotTransform
Transforming savedstate-ktx-1.3.0-api.jar with BuildToolsApiClasspathEntrySnapshotTransform
Transforming savedstate-release-api.jar with BuildToolsApiClasspathEntrySnapshotTransform
Transforming lifecycle-common-jvm-2.9.0.jar with BuildToolsApiClasspathEntrySnapshotTransform
Transforming lifecycle-viewmodel-savedstate-release-api.jar with BuildToolsApiClasspathEntrySnapshotTransform
Transforming lifecycle-runtime-release-api.jar with BuildToolsApiClasspathEntrySnapshotTransform
Transforming lifecycle-livedata-core-2.9.0-api.jar with BuildToolsApiClasspathEntrySnapshotTransform
Transforming lifecycle-runtime-compose-release-api.jar with BuildToolsApiClasspathEntrySnapshotTransform
Transforming runtime-api.jar with BuildToolsApiClasspathEntrySnapshotTransform
Transforming kotlinx-coroutines-android-1.8.1.jar with BuildToolsApiClasspathEntrySnapshotTransform
Transforming kotlinx-coroutines-core-jvm-1.8.1.jar with BuildToolsApiClasspathEntrySnapshotTransform
Transforming kotlinx-coroutines-play-services-1.8.1.jar with BuildToolsApiClasspathEntrySnapshotTransform
Transforming firebase-iid-interop-17.1.0-api.jar with BuildToolsApiClasspathEntrySnapshotTransform
Transforming firebase-installations-interop-17.1.1-api.jar with BuildToolsApiClasspathEntrySnapshotTransform
Transforming play-services-tasks-18.2.0-api.jar with BuildToolsApiClasspathEntrySnapshotTransform
Transforming firebase-measurement-connector-19.0.0-api.jar with BuildToolsApiClasspathEntrySnapshotTransform
Transforming play-services-basement-18.4.0-api.jar with BuildToolsApiClasspathEntrySnapshotTransform
Transforming fragment-1.5.7-api.jar with BuildToolsApiClasspathEntrySnapshotTransform
Transforming lifecycle-viewmodel-2.9.0-api.jar with BuildToolsApiClasspathEntrySnapshotTransform
Transforming lifecycle-viewmodel-release-api.jar with BuildToolsApiClasspathEntrySnapshotTransform
Transforming lifecycle-viewmodel-ktx-2.9.0-api.jar with BuildToolsApiClasspathEntrySnapshotTransform
Transforming lifecycle-runtime-ktx-api.jar with BuildToolsApiClasspathEntrySnapshotTransform
Transforming lifecycle-viewmodel-compose-release-api.jar with BuildToolsApiClasspathEntrySnapshotTransform
Transforming ui-release-api.jar with BuildToolsApiClasspathEntrySnapshotTransform
Transforming ui-tooling-release-api.jar with BuildToolsApiClasspathEntrySnapshotTransform
Transforming ui-test-manifest-1.8.2-api.jar with BuildToolsApiClasspathEntrySnapshotTransform
Transforming activity-1.9.3-api.jar with BuildToolsApiClasspathEntrySnapshotTransform
Transforming activity-compose-1.9.3-api.jar with BuildToolsApiClasspathEntrySnapshotTransform
Transforming activity-ktx-1.9.3-api.jar with BuildToolsApiClasspathEntrySnapshotTransform
Transforming core-ktx-1.13.1-api.jar with BuildToolsApiClasspathEntrySnapshotTransform
Transforming dotsindicator-5.1.0-api.jar with BuildToolsApiClasspathEntrySnapshotTransform
Transforming credentials-play-services-auth-1.3.0-api.jar with BuildToolsApiClasspathEntrySnapshotTransform
Transforming googleid-1.1.1-api.jar with BuildToolsApiClasspathEntrySnapshotTransform
Transforming credentials-1.3.0-api.jar with BuildToolsApiClasspathEntrySnapshotTransform
Transforming converter-gson-2.9.0.jar with BuildToolsApiClasspathEntrySnapshotTransform
Transforming retrofit-2.9.0.jar with BuildToolsApiClasspathEntrySnapshotTransform
Transforming logging-interceptor-4.12.0.jar with BuildToolsApiClasspathEntrySnapshotTransform
Transforming okhttp-4.12.0.jar with BuildToolsApiClasspathEntrySnapshotTransform
Transforming generativeai-0.9.0-api.jar with BuildToolsApiClasspathEntrySnapshotTransform
Transforming kotlin-stdlib-jdk8-1.9.0.jar with BuildToolsApiClasspathEntrySnapshotTransform
Transforming cursoradapter-1.0.0-api.jar with BuildToolsApiClasspathEntrySnapshotTransform
Transforming localbroadcastmanager-1.0.0-api.jar with BuildToolsApiClasspathEntrySnapshotTransform
Transforming versionedparcelable-1.1.1-api.jar with BuildToolsApiClasspathEntrySnapshotTransform
Transforming firebase-datatransport-18.2.0-api.jar with BuildToolsApiClasspathEntrySnapshotTransform
Transforming transport-backend-cct-3.1.9-api.jar with BuildToolsApiClasspathEntrySnapshotTransform
Transforming firebase-encoders-json-18.0.0-api.jar with BuildToolsApiClasspathEntrySnapshotTransform
Transforming transport-runtime-3.1.9-api.jar with BuildToolsApiClasspathEntrySnapshotTransform
Transforming firebase-encoders-proto-16.0.0.jar with BuildToolsApiClasspathEntrySnapshotTransform
Transforming firebase-encoders-17.0.0.jar with BuildToolsApiClasspathEntrySnapshotTransform
Transforming collection-jvm-1.5.0.jar with BuildToolsApiClasspathEntrySnapshotTransform
Transforming interpolator-1.0.0-api.jar with BuildToolsApiClasspathEntrySnapshotTransform
Transforming transport-api-3.1.0-api.jar with BuildToolsApiClasspathEntrySnapshotTransform
Transforming core-common-2.2.0.jar with BuildToolsApiClasspathEntrySnapshotTransform
Transforming annotation-jvm-1.9.1.jar with BuildToolsApiClasspathEntrySnapshotTransform
Transforming annotation-experimental-1.4.1-api.jar with BuildToolsApiClasspathEntrySnapshotTransform
Transforming kotlin-stdlib-jdk7-1.9.0.jar with BuildToolsApiClasspathEntrySnapshotTransform
Transforming okio-jvm-3.9.0.jar with BuildToolsApiClasspathEntrySnapshotTransform
Transforming kotlinx-serialization-core-jvm-1.7.3.jar with BuildToolsApiClasspathEntrySnapshotTransform
Transforming kotlin-stdlib-2.0.21.jar with BuildToolsApiClasspathEntrySnapshotTransform
Transforming annotations-23.0.0.jar with BuildToolsApiClasspathEntrySnapshotTransform
Transforming listenablefuture-9999.0-empty-to-avoid-conflict-with-guava.jar with BuildToolsApiClasspathEntrySnapshotTransform
Transforming jspecify-1.0.0.jar with BuildToolsApiClasspathEntrySnapshotTransform
Transforming firebase-components-18.0.0-api.jar with BuildToolsApiClasspathEntrySnapshotTransform
Transforming firebase-annotations-16.2.0.jar with BuildToolsApiClasspathEntrySnapshotTransform
Transforming javax.inject-1.jar with BuildToolsApiClasspathEntrySnapshotTransform
Transforming core-common-2.0.3-api.jar with BuildToolsApiClasspathEntrySnapshotTransform
Transforming protolite-well-known-types-18.0.0-api.jar with BuildToolsApiClasspathEntrySnapshotTransform
Transforming protobuf-javalite-3.25.1.jar with BuildToolsApiClasspathEntrySnapshotTransform
Transforming gson-2.10.1.jar with BuildToolsApiClasspathEntrySnapshotTransform
Transforming android.jar with BuildToolsApiClasspathEntrySnapshotTransform
Transforming core-lambda-stubs.jar with BuildToolsApiClasspathEntrySnapshotTransform
Registered task dependencies: app:kotlinCompilerClasspath
Starting dependency analysis
Registered task dependencies: app:kotlinCompilerPluginClasspathDebug
Starting dependency analysis
Caching disabled for task ':app:compileDebugKotlin' because:
  Build cache is disabled
Task ':app:compileDebugKotlin' is not up-to-date because:
  Task has failed previously.
The input changes require a full rebuild for incremental task ':app:compileDebugKotlin'.
file or directory 'D:\Androi\EasyShop\app\src\debug\kotlin', not found
file or directory 'D:\Androi\EasyShop\app\src\debug\java', not found
file or directory 'D:\Androi\EasyShop\app\src\debug\kotlin', not found
file or directory 'D:\Androi\EasyShop\app\src\debug\kotlin', not found
file or directory 'D:\Androi\EasyShop\app\src\debug\java', not found
file or directory 'D:\Androi\EasyShop\app\src\main\kotlin', not found
file or directory 'D:\Androi\EasyShop\app\src\main\kotlin', not found
file or directory 'D:\Androi\EasyShop\app\src\main\kotlin', not found
file or directory 'D:\Androi\EasyShop\app\src\debug\java', not found
file or directory 'D:\Androi\EasyShop\app\src\debug\kotlin', not found
file or directory 'D:\Androi\EasyShop\app\src\debug\java', not found
file or directory 'D:\Androi\EasyShop\app\src\debug\kotlin', not found
file or directory 'D:\Androi\EasyShop\app\src\debug\kotlin', not found
file or directory 'D:\Androi\EasyShop\app\src\debug\java', not found
file or directory 'D:\Androi\EasyShop\app\src\main\kotlin', not found
file or directory 'D:\Androi\EasyShop\app\src\debug\kotlin', not found
file or directory 'D:\Androi\EasyShop\app\src\debug\java', not found
file or directory 'D:\Androi\EasyShop\app\src\debug\kotlin', not found
file or directory 'D:\Androi\EasyShop\app\src\debug\kotlin', not found
file or directory 'D:\Androi\EasyShop\app\src\debug\java', not found
file or directory 'D:\Androi\EasyShop\app\src\main\kotlin', not found
file or directory 'D:\Androi\EasyShop\app\src\main\kotlin', not found
file or directory 'D:\Androi\EasyShop\app\src\main\kotlin', not found
file or directory 'D:\Androi\EasyShop\app\src\debug\java', not found
file or directory 'D:\Androi\EasyShop\app\src\debug\kotlin', not found
file or directory 'D:\Androi\EasyShop\app\src\debug\java', not found
file or directory 'D:\Androi\EasyShop\app\src\debug\kotlin', not found
file or directory 'D:\Androi\EasyShop\app\src\debug\kotlin', not found
file or directory 'D:\Androi\EasyShop\app\src\debug\java', not found
file or directory 'D:\Androi\EasyShop\app\src\main\kotlin', not found
file or directory 'D:\Androi\EasyShop\app\src\main\kotlin', not found
file or directory 'D:\Androi\EasyShop\app\src\main\kotlin', not found
file or directory 'D:\Androi\EasyShop\app\src\debug\java', not found
file or directory 'D:\Androi\EasyShop\app\src\debug\kotlin', not found
file or directory 'D:\Androi\EasyShop\app\src\debug\java', not found
file or directory 'D:\Androi\EasyShop\app\src\debug\kotlin', not found
file or directory 'D:\Androi\EasyShop\app\src\debug\kotlin', not found
file or directory 'D:\Androi\EasyShop\app\src\debug\java', not found
file or directory 'D:\Androi\EasyShop\app\src\main\kotlin', not found
file or directory 'D:\Androi\EasyShop\app\src\main\kotlin', not found
file or directory 'D:\Androi\EasyShop\app\src\main\kotlin', not found
file or directory 'D:\Androi\EasyShop\app\src\debug\java', not found
Kotlin source files: D:\Androi\EasyShop\app\src\main\java\com\example\easyshop\admin\AdminDashboardScreen.kt, D:\Androi\EasyShop\app\src\main\java\com\example\easyshop\admin\AdminHomeScreen.kt, D:\Androi\EasyShop\app\src\main\java\com\example\easyshop\admin\AdminNotificationScreen.kt, D:\Androi\EasyShop\app\src\main\java\com\example\easyshop\admin\AdminProfileScreen.kt, D:\Androi\EasyShop\app\src\main\java\com\example\easyshop\admin\AnalyticsScreen.kt, D:\Androi\EasyShop\app\src\main\java\com\example\easyshop\admin\ManageCategoriesScreen.kt, D:\Androi\EasyShop\app\src\main\java\com\example\easyshop\admin\ManagePromoCodesScreen.kt, D:\Androi\EasyShop\app\src\main\java\com\example\easyshop\admin\ManageUsersScreen.kt, D:\Androi\EasyShop\app\src\main\java\com\example\easyshop\admin\OrdersManagementScreen.kt, D:\Androi\EasyShop\app\src\main\java\com\example\easyshop\ai\model\ChatMessage.kt, D:\Androi\EasyShop\app\src\main\java\com\example\easyshop\ai\repository\AiRepository.kt, D:\Androi\EasyShop\app\src\main\java\com\example\easyshop\ai\ui\AIChatScreen.kt, D:\Androi\EasyShop\app\src\main\java\com\example\easyshop\ai\viewmodel\AIChatViewModel.kt, D:\Androi\EasyShop\app\src\main\java\com\example\easyshop\AppNavigation.kt, D:\Androi\EasyShop\app\src\main\java\com\example\easyshop\AppUtil.kt, D:\Androi\EasyShop\app\src\main\java\com\example\easyshop\components\AppSnackbar.kt, D:\Androi\EasyShop\app\src\main\java\com\example\easyshop\components\BannerView.kt, D:\Androi\EasyShop\app\src\main\java\com\example\easyshop\components\CartItemView.kt, D:\Androi\EasyShop\app\src\main\java\com\example\easyshop\components\CategoriesView.kt, D:\Androi\EasyShop\app\src\main\java\com\example\easyshop\components\ErrorStateView.kt, D:\Androi\EasyShop\app\src\main\java\com\example\easyshop\components\HeaderView.kt, D:\Androi\EasyShop\app\src\main\java\com\example\easyshop\components\LoadingView.kt, D:\Androi\EasyShop\app\src\main\java\com\example\easyshop\components\NetworkStatusBanner.kt, D:\Androi\EasyShop\app\src\main\java\com\example\easyshop\components\NotifBannerOverlay.kt, D:\Androi\EasyShop\app\src\main\java\com\example\easyshop\components\OrderView.kt, D:\Androi\EasyShop\app\src\main\java\com\example\easyshop\components\ProductFilterDialog.kt, D:\Androi\EasyShop\app\src\main\java\com\example\easyshop\components\ProductItemView.kt, D:\Androi\EasyShop\app\src\main\java\com\example\easyshop\components\ResponsiveContainer.kt, D:\Androi\EasyShop\app\src\main\java\com\example\easyshop\components\SeacherView.kt, D:\Androi\EasyShop\app\src\main\java\com\example\easyshop\components\SnackbarController.kt, D:\Androi\EasyShop\app\src\main\java\com\example\easyshop\components\VirtualCreditCard.kt, D:\Androi\EasyShop\app\src\main\java\com\example\easyshop\EasyShopApplication.kt, D:\Androi\EasyShop\app\src\main\java\com\example\easyshop\MainActivity.kt, D:\Androi\EasyShop\app\src\main\java\com\example\easyshop\model\AdminMenuItem.kt, D:\Androi\EasyShop\app\src\main\java\com\example\easyshop\model\CategoryModel.kt, D:\Androi\EasyShop\app\src\main\java\com\example\easyshop\model\NavItemModel.kt, D:\Androi\EasyShop\app\src\main\java\com\example\easyshop\model\NotificationModel.kt, D:\Androi\EasyShop\app\src\main\java\com\example\easyshop\model\OrderItem.kt, D:\Androi\EasyShop\app\src\main\java\com\example\easyshop\model\OrderModel.kt, D:\Androi\EasyShop\app\src\main\java\com\example\easyshop\model\ProductModel.kt, D:\Androi\EasyShop\app\src\main\java\com\example\easyshop\model\PromoCodeModel.kt, D:\Androi\EasyShop\app\src\main\java\com\example\easyshop\model\ReviewModel.kt, D:\Androi\EasyShop\app\src\main\java\com\example\easyshop\model\UserModel.kt, D:\Androi\EasyShop\app\src\main\java\com\example\easyshop\pages\AddProductPage.kt, D:\Androi\EasyShop\app\src\main\java\com\example\easyshop\pages\CartPage.kt, D:\Androi\EasyShop\app\src\main\java\com\example\easyshop\pages\CategoryProductsPage.kt, D:\Androi\EasyShop\app\src\main\java\com\example\easyshop\pages\CheckoutPage.kt, D:\Androi\EasyShop\app\src\main\java\com\example\easyshop\pages\EditProductPage.kt, D:\Androi\EasyShop\app\src\main\java\com\example\easyshop\pages\FavoritePage.kt, D:\Androi\EasyShop\app\src\main\java\com\example\easyshop\pages\HomePage.kt, D:\Androi\EasyShop\app\src\main\java\com\example\easyshop\pages\NotificationsPage.kt, D:\Androi\EasyShop\app\src\main\java\com\example\easyshop\pages\OrderDetailsPage.kt, D:\Androi\EasyShop\app\src\main\java\com\example\easyshop\pages\OrdersPage.kt, D:\Androi\EasyShop\app\src\main\java\com\example\easyshop\pages\ProductDetailsPage.kt, D:\Androi\EasyShop\app\src\main\java\com\example\easyshop\pages\ProfilePage.kt, D:\Androi\EasyShop\app\src\main\java\com\example\easyshop\productdetails\AddToCartButton.kt, D:\Androi\EasyShop\app\src\main\java\com\example\easyshop\productdetails\ProductHeader.kt, D:\Androi\EasyShop\app\src\main\java\com\example\easyshop\productdetails\ProductImageSlide.kt, D:\Androi\EasyShop\app\src\main\java\com\example\easyshop\productdetails\ProductPriceCard.kt, D:\Androi\EasyShop\app\src\main\java\com\example\easyshop\productdetails\ProductTabContent.kt, D:\Androi\EasyShop\app\src\main\java\com\example\easyshop\productdetails\ProductTabs.kt, D:\Androi\EasyShop\app\src\main\java\com\example\easyshop\repository\ProductRepository.kt, D:\Androi\EasyShop\app\src\main\java\com\example\easyshop\sale\AvatarPickerDialog.kt, D:\Androi\EasyShop\app\src\main\java\com\example\easyshop\sale\PromoCodeInput.kt, D:\Androi\EasyShop\app\src\main\java\com\example\easyshop\screen\AuthScreen.kt, D:\Androi\EasyShop\app\src\main\java\com\example\easyshop\screen\HomeScreen.kt, D:\Androi\EasyShop\app\src\main\java\com\example\easyshop\screen\LoginScreen.kt, D:\Androi\EasyShop\app\src\main\java\com\example\easyshop\screen\OnboardingScreen.kt, D:\Androi\EasyShop\app\src\main\java\com\example\easyshop\screen\PaymentScreen.kt, D:\Androi\EasyShop\app\src\main\java\com\example\easyshop\screen\ReceiptScreen.kt, D:\Androi\EasyShop\app\src\main\java\com\example\easyshop\screen\SignupScreen.kt, D:\Androi\EasyShop\app\src\main\java\com\example\easyshop\screen\SplashScreen.kt, D:\Androi\EasyShop\app\src\main\java\com\example\easyshop\ScreenState.kt, D:\Androi\EasyShop\app\src\main\java\com\example\easyshop\services\NotificationHelper.kt, D:\Androi\EasyShop\app\src\main\java\com\example\easyshop\ui\components\ReceiptComponents.kt, D:\Androi\EasyShop\app\src\main\java\com\example\easyshop\ui\theme\Color.kt, D:\Androi\EasyShop\app\src\main\java\com\example\easyshop\ui\theme\Theme.kt, D:\Androi\EasyShop\app\src\main\java\com\example\easyshop\ui\theme\Type.kt, D:\Androi\EasyShop\app\src\main\java\com\example\easyshop\util\ClickableOnce.kt, D:\Androi\EasyShop\app\src\main\java\com\example\easyshop\util\ConnectivityObserver.kt, D:\Androi\EasyShop\app\src\main\java\com\example\easyshop\util\GlobalNavigation.kt, D:\Androi\EasyShop\app\src\main\java\com\example\easyshop\util\NetworkConnectivityObserver.kt, D:\Androi\EasyShop\app\src\main\java\com\example\easyshop\util\PrintHelper.kt, D:\Androi\EasyShop\app\src\main\java\com\example\easyshop\util\ShimmerEffect.kt, D:\Androi\EasyShop\app\src\main\java\com\example\easyshop\viewmodel\AuthViewModel.kt, D:\Androi\EasyShop\app\src\main\java\com\example\easyshop\viewmodel\CategoryProductsViewModel.kt, D:\Androi\EasyShop\app\src\main\java\com\example\easyshop\viewmodel\HomeViewModel.kt, D:\Androi\EasyShop\app\src\main\java\com\example\easyshop\viewmodel\ViewModels.kt
Java source files: D:\Androi\EasyShop\app\build\generated\source\buildConfig\debug\com\example\easyshop\BuildConfig.java
Script source files: 
Script file extensions: 
Using Kotlin/JVM incremental compilation
[KOTLIN] Kotlin compilation 'jdkHome' argument: null
Options for KOTLIN DAEMON: IncrementalCompilationOptions(super=CompilationOptions(compilerMode=INCREMENTAL_COMPILER, targetPlatform=JVM, reportCategories=[0, 3], reportSeverity=2, requestedCompilationResults=[0], kotlinScriptExtensions=[]), areFileChangesKnown=false, modifiedFiles=null, deletedFiles=null, classpathChanges=NotAvailableForNonIncrementalRun, workingDir=D:\Androi\EasyShop\app\build\kotlin\compileDebugKotlin\cacheable, multiModuleICSettings=MultiModuleICSettings(buildHistoryFile=D:\Androi\EasyShop\app\build\kotlin\compileDebugKotlin\local-state\build-history.bin, useModuleDetection=true), usePreciseJavaTracking=true, icFeatures=IncrementalCompilationFeatures(withAbiSnapshot=false, preciseCompilationResultsBackup=true, keepIncrementalCompilationCachesInMemory=true, enableUnsafeIncrementalCompilationForMultiplatform=false), outputFiles=[D:\Androi\EasyShop\app\build\tmp\kotlin-classes\debug, D:\Androi\EasyShop\app\build\kotlin\compileDebugKotlin\cacheable, D:\Androi\EasyShop\app\build\kotlin\compileDebugKotlin\local-state])
./gradlew : e: file:///D:/Androi/EasyShop/
app/src/main/java/com/example/easyshop/pag
es/FavoritePage.kt:32:24 Cannot infer 
type for this parameter. Please specify 
it explicitly.
At line:1 char:1
+ ./gradlew assembleDebug --stacktrace 
--info > build_output.txt 2>&1
+ ~~~~~~~~~~~~~~~~~~~~~~~~~~~~~~~~~~~~~~~~
~~~~~~~~~~~~~~~~~~~~~~~~~~~
    + CategoryInfo          : NotSpecifie 
   d: (e: file:///D:/A... it explicitly.  
  :String) [], RemoteException
    + FullyQualifiedErrorId : NativeComma 
   ndError
 
e: file:///D:/Androi/EasyShop/app/src/main
/java/com/example/easyshop/pages/FavoriteP
age.kt:32:24 Property delegate must have 
a 'getValue(Nothing?, KProperty0<ERROR 
CLASS: Cannot infer argument for type 
parameter T>)' method. None of the 
following functions is applicable:
fun <T> State<T>.getValue(thisObj: Any?, 
property: KProperty<*>): T
e: file:///D:/Androi/EasyShop/app/src/main
/java/com/example/easyshop/pages/FavoriteP
age.kt:32:34 Unresolved reference 
'screenState'.
e: file:///D:/Androi/EasyShop/app/src/main
/java/com/example/easyshop/pages/FavoriteP
age.kt:32:46 Cannot infer type for this 
parameter. Please specify it explicitly.
e: file:///D:/Androi/EasyShop/app/src/main
/java/com/example/easyshop/pages/FavoriteP
age.kt:83:1 Syntax error: Expecting a top 
level declaration.
e: file:///D:/Androi/EasyShop/app/src/main
/java/com/example/easyshop/util/ShimmerEff
ect.kt:29:25 Unresolved reference. None 
of the following candidates is applicable 
because of a receiver type mismatch:
fun AnimationState<Float, 
AnimationVector1D>.copy(value: Float = 
..., velocity: Float = ..., 
lastFrameTimeNanos: Long = ..., 
finishedTimeNanos: Long = ..., isRunning: 
Boolean = ...): AnimationState<Float, 
AnimationVector1D>
e: file:///D:/Androi/EasyShop/app/src/main
/java/com/example/easyshop/util/ShimmerEff
ect.kt:29:25 Argument type mismatch: 
actual type is 'androidx.compose.animation
.core.AnimationState<kotlin.Float, android
x.compose.animation.core.AnimationVector1D
>', but 'androidx.compose.animation.core.D
urationBasedAnimationSpec<T>' was 
expected.
e: file:///D:/Androi/EasyShop/app/src/main
/java/com/example/easyshop/util/ShimmerEff
ect.kt:29:30 Cannot infer type for this 
parameter. Please specify it explicitly.
e: file:///D:/Androi/EasyShop/app/src/main
/java/com/example/easyshop/viewmodel/ViewM
odels.kt:83:66 Cannot infer type for this 
parameter. Please specify it explicitly.
e: file:///D:/Androi/EasyShop/app/src/main
/java/com/example/easyshop/viewmodel/ViewM
odels.kt:83:85 Cannot infer type for this 
parameter. Please specify it explicitly.
e: file:///D:/Androi/EasyShop/app/src/main
/java/com/example/easyshop/viewmodel/ViewM
odels.kt:83:90 Unresolved reference 
'timestamp'.
Finished executing kotlin compiler using DAEMON strategy

> Task :app:compileDebugKotlin FAILED
AAPT2 aapt2-8.9.1-12782657-windows Daemon #0: shutdown

FAILURE: Build failed with an exception.

* What went wrong:
Execution failed for task 
':app:compileDebugKotlin'.
> A failure occurred while executing org.j
etbrains.kotlin.compilerRunner.GradleCompi
lerRunnerWithWorkers$GradleKotlinCompilerW
orkAction
   > Compilation error. See log for more 
details

* Try:
> Run with --debug option to get more log 
output.
> Run with --scan to get full insights.
> Get more help at 
https://help.gradle.org.

* Exception is:
org.gradle.api.tasks.TaskExecutionExceptio
n: Execution failed for task 
':app:compileDebugKotlin'.
	at org.gradle.api.internal.tasks.executio
n.ExecuteActionsTaskExecuter.lambda$execut
eIfValid$1(ExecuteActionsTaskExecuter.java
:130)
	at org.gradle.internal.Try$Failure.ifSucc
essfulOrElse(Try.java:293)
	at org.gradle.api.internal.tasks.executio
n.ExecuteActionsTaskExecuter.executeIfVali
d(ExecuteActionsTaskExecuter.java:128)
	at org.gradle.api.internal.tasks.executio
n.ExecuteActionsTaskExecuter.execute(Execu
teActionsTaskExecuter.java:116)
	at org.gradle.api.internal.tasks.executio
n.FinalizePropertiesTaskExecuter.execute(F
inalizePropertiesTaskExecuter.java:46)
	at org.gradle.api.internal.tasks.executio
n.ResolveTaskExecutionModeExecuter.execute
(ResolveTaskExecutionModeExecuter.java:51)
	at org.gradle.api.internal.tasks.executio
n.SkipTaskWithNoActionsExecuter.execute(Sk
ipTaskWithNoActionsExecuter.java:57)
	at org.gradle.api.internal.tasks.executio
n.SkipOnlyIfTaskExecuter.execute(SkipOnlyI
fTaskExecuter.java:74)
	at org.gradle.api.internal.tasks.executio
n.CatchExceptionTaskExecuter.execute(Catch
ExceptionTaskExecuter.java:36)
	at org.gradle.api.internal.tasks.executio
n.EventFiringTaskExecuter$1.executeTask(Ev
entFiringTaskExecuter.java:77)
	at org.gradle.api.internal.tasks.executio
n.EventFiringTaskExecuter$1.call(EventFiri
ngTaskExecuter.java:55)
	at org.gradle.api.internal.tasks.executio
n.EventFiringTaskExecuter$1.call(EventFiri
ngTaskExecuter.java:52)
	at org.gradle.internal.operations.Default
BuildOperationRunner$CallableBuildOperatio
nWorker.execute(DefaultBuildOperationRunne
r.java:209)
	at org.gradle.internal.operations.Default
BuildOperationRunner$CallableBuildOperatio
nWorker.execute(DefaultBuildOperationRunne
r.java:204)
	at org.gradle.internal.operations.Default
BuildOperationRunner$2.execute(DefaultBuil
dOperationRunner.java:66)
	at org.gradle.internal.operations.Default
BuildOperationRunner$2.execute(DefaultBuil
dOperationRunner.java:59)
	at org.gradle.internal.operations.Default
BuildOperationRunner.execute(DefaultBuildO
perationRunner.java:166)
	at org.gradle.internal.operations.Default
BuildOperationRunner.execute(DefaultBuildO
perationRunner.java:59)
	at org.gradle.internal.operations.Default
BuildOperationRunner.call(DefaultBuildOper
ationRunner.java:53)
	at org.gradle.api.internal.tasks.executio
n.EventFiringTaskExecuter.execute(EventFir
ingTaskExecuter.java:52)
	at org.gradle.execution.plan.LocalTaskNod
eExecutor.execute(LocalTaskNodeExecutor.ja
va:42)
	at org.gradle.execution.taskgraph.Default
TaskExecutionGraph$InvokeNodeExecutorsActi
on.execute(DefaultTaskExecutionGraph.java:
331)
	at org.gradle.execution.taskgraph.Default
TaskExecutionGraph$InvokeNodeExecutorsActi
on.execute(DefaultTaskExecutionGraph.java:
318)
	at org.gradle.execution.taskgraph.Default
TaskExecutionGraph$BuildOperationAwareExec
utionAction.lambda$execute$0(DefaultTaskEx
ecutionGraph.java:314)
	at org.gradle.internal.operations.Current
BuildOperationRef.with(CurrentBuildOperati
onRef.java:85)
	at org.gradle.execution.taskgraph.Default
TaskExecutionGraph$BuildOperationAwareExec
utionAction.execute(DefaultTaskExecutionGr
aph.java:314)
	at org.gradle.execution.taskgraph.Default
TaskExecutionGraph$BuildOperationAwareExec
utionAction.execute(DefaultTaskExecutionGr
aph.java:303)
	at org.gradle.execution.plan.DefaultPlanE
xecutor$ExecutorWorker.execute(DefaultPlan
Executor.java:459)
	at org.gradle.execution.plan.DefaultPlanE
xecutor$ExecutorWorker.run(DefaultPlanExec
utor.java:376)
	at org.gradle.internal.concurrent.Executo
rPolicy$CatchAndRecordFailures.onExecute(E
xecutorPolicy.java:64)
	at org.gradle.internal.concurrent.Abstrac
tManagedExecutor$1.run(AbstractManagedExec
utor.java:48)
Caused by: org.gradle.workers.internal.Def
aultWorkerExecutor$WorkExecutionException:
 A failure occurred while executing org.je
tbrains.kotlin.compilerRunner.GradleCompil
erRunnerWithWorkers$GradleKotlinCompilerWo
rkAction
	at org.gradle.workers.internal.DefaultWor
kerExecutor$WorkItemExecution.waitForCompl
etion(DefaultWorkerExecutor.java:287)
	at org.gradle.internal.work.DefaultAsyncW
orkTracker.lambda$waitForItemsAndGatherFai
lures$2(DefaultAsyncWorkTracker.java:130)
	at org.gradle.internal.Factories$1.create
(Factories.java:31)
	at org.gradle.internal.work.DefaultWorker
LeaseService.withoutLocks(DefaultWorkerLea
seService.java:335)
	at org.gradle.internal.work.DefaultWorker
LeaseService.withoutLocks(DefaultWorkerLea
seService.java:318)
	at org.gradle.internal.work.DefaultWorker
LeaseService.withoutLock(DefaultWorkerLeas
eService.java:323)
	at org.gradle.internal.work.DefaultAsyncW
orkTracker.waitForItemsAndGatherFailures(D
efaultAsyncWorkTracker.java:126)
	at org.gradle.internal.work.DefaultAsyncW
orkTracker.waitForItemsAndGatherFailures(D
efaultAsyncWorkTracker.java:92)
	at org.gradle.internal.work.DefaultAsyncW
orkTracker.waitForAll(DefaultAsyncWorkTrac
ker.java:78)
	at org.gradle.internal.work.DefaultAsyncW
orkTracker.waitForCompletion(DefaultAsyncW
orkTracker.java:66)
	at org.gradle.api.internal.tasks.executio
n.TaskExecution$3.run(TaskExecution.java:2
52)
	at org.gradle.internal.operations.Default
BuildOperationRunner$1.execute(DefaultBuil
dOperationRunner.java:29)
	at org.gradle.internal.operations.Default
BuildOperationRunner$1.execute(DefaultBuil
dOperationRunner.java:26)
	at org.gradle.internal.operations.Default
BuildOperationRunner$2.execute(DefaultBuil
dOperationRunner.java:66)
	at org.gradle.internal.operations.Default
BuildOperationRunner$2.execute(DefaultBuil
dOperationRunner.java:59)
	at org.gradle.internal.operations.Default
BuildOperationRunner.execute(DefaultBuildO
perationRunner.java:166)
	at org.gradle.internal.operations.Default
BuildOperationRunner.execute(DefaultBuildO
perationRunner.java:59)
	at org.gradle.internal.operations.Default
BuildOperationRunner.run(DefaultBuildOpera
tionRunner.java:47)
	at org.gradle.api.internal.tasks.executio
n.TaskExecution.executeAction(TaskExecutio
n.java:229)
	at org.gradle.api.internal.tasks.executio
n.TaskExecution.executeActions(TaskExecuti
on.java:212)
	at org.gradle.api.internal.tasks.executio
n.TaskExecution.executeWithPreviousOutputF
iles(TaskExecution.java:195)
	at org.gradle.api.internal.tasks.executio
n.TaskExecution.execute(TaskExecution.java
:162)
	at org.gradle.internal.execution.steps.Ex
ecuteStep.executeInternal(ExecuteStep.java
:105)
	at org.gradle.internal.execution.steps.Ex
ecuteStep.access$000(ExecuteStep.java:44)
	at org.gradle.internal.execution.steps.Ex
ecuteStep$1.call(ExecuteStep.java:59)
	at org.gradle.internal.execution.steps.Ex
ecuteStep$1.call(ExecuteStep.java:56)
	at org.gradle.internal.operations.Default
BuildOperationRunner$CallableBuildOperatio
nWorker.execute(DefaultBuildOperationRunne
r.java:209)
	at org.gradle.internal.operations.Default
BuildOperationRunner$CallableBuildOperatio
nWorker.execute(DefaultBuildOperationRunne
r.java:204)
	at org.gradle.internal.operations.Default
BuildOperationRunner$2.execute(DefaultBuil
dOperationRunner.java:66)
	at org.gradle.internal.operations.Default
BuildOperationRunner$2.execute(DefaultBuil
dOperationRunner.java:59)
	at org.gradle.internal.operations.Default
BuildOperationRunner.execute(DefaultBuildO
perationRunner.java:166)
	at org.gradle.internal.operations.Default
BuildOperationRunner.execute(DefaultBuildO
perationRunner.java:59)
	at org.gradle.internal.operations.Default
BuildOperationRunner.call(DefaultBuildOper
ationRunner.java:53)
	at org.gradle.internal.execution.steps.Ex
ecuteStep.execute(ExecuteStep.java:56)
	at org.gradle.internal.execution.steps.Ex
ecuteStep.execute(ExecuteStep.java:44)
	at org.gradle.internal.execution.steps.Ca
ncelExecutionStep.execute(CancelExecutionS
tep.java:42)
	at org.gradle.internal.execution.steps.Ti
meoutStep.executeWithoutTimeout(TimeoutSte
p.java:75)
	at org.gradle.internal.execution.steps.Ti
meoutStep.execute(TimeoutStep.java:55)
	at org.gradle.internal.execution.steps.Pr
eCreateOutputParentsStep.execute(PreCreate
OutputParentsStep.java:50)
	at org.gradle.internal.execution.steps.Pr
eCreateOutputParentsStep.execute(PreCreate
OutputParentsStep.java:28)
	at org.gradle.internal.execution.steps.Re
movePreviousOutputsStep.execute(RemovePrev
iousOutputsStep.java:67)
	at org.gradle.internal.execution.steps.Re
movePreviousOutputsStep.execute(RemovePrev
iousOutputsStep.java:37)
	at org.gradle.internal.execution.steps.Br
oadcastChangingOutputsStep.execute(Broadca
stChangingOutputsStep.java:61)
	at org.gradle.internal.execution.steps.Br
oadcastChangingOutputsStep.execute(Broadca
stChangingOutputsStep.java:26)
	at org.gradle.internal.execution.steps.Ca
ptureOutputsAfterExecutionStep.execute(Cap
tureOutputsAfterExecutionStep.java:69)
	at org.gradle.internal.execution.steps.Ca
ptureOutputsAfterExecutionStep.execute(Cap
tureOutputsAfterExecutionStep.java:46)
	at org.gradle.internal.execution.steps.Re
solveInputChangesStep.execute(ResolveInput
ChangesStep.java:40)
	at org.gradle.internal.execution.steps.Re
solveInputChangesStep.execute(ResolveInput
ChangesStep.java:29)
	at org.gradle.internal.execution.steps.Bu
ildCacheStep.executeWithoutCache(BuildCach
eStep.java:189)
	at org.gradle.internal.execution.steps.Bu
ildCacheStep.lambda$execute$1(BuildCacheSt
ep.java:75)
	at org.gradle.internal.Either$Right.fold(
Either.java:175)
	at org.gradle.internal.execution.caching.
CachingState.fold(CachingState.java:62)
	at org.gradle.internal.execution.steps.Bu
ildCacheStep.execute(BuildCacheStep.java:7
3)
	at org.gradle.internal.execution.steps.Bu
ildCacheStep.execute(BuildCacheStep.java:4
8)
	at org.gradle.internal.execution.steps.St
oreExecutionStateStep.execute(StoreExecuti
onStateStep.java:46)
	at org.gradle.internal.execution.steps.St
oreExecutionStateStep.execute(StoreExecuti
onStateStep.java:35)
	at org.gradle.internal.execution.steps.Sk
ipUpToDateStep.executeBecause(SkipUpToDate
Step.java:75)
	at org.gradle.internal.execution.steps.Sk
ipUpToDateStep.lambda$execute$2(SkipUpToDa
teStep.java:53)
	at org.gradle.internal.execution.steps.Sk
ipUpToDateStep.execute(SkipUpToDateStep.ja
va:53)
	at org.gradle.internal.execution.steps.Sk
ipUpToDateStep.execute(SkipUpToDateStep.ja
va:35)
	at org.gradle.internal.execution.steps.le
gacy.MarkSnapshottingInputsFinishedStep.ex
ecute(MarkSnapshottingInputsFinishedStep.j
ava:37)
	at org.gradle.internal.execution.steps.le
gacy.MarkSnapshottingInputsFinishedStep.ex
ecute(MarkSnapshottingInputsFinishedStep.j
ava:27)
	at org.gradle.internal.execution.steps.Re
solveIncrementalCachingStateStep.executeDe
legate(ResolveIncrementalCachingStateStep.
java:49)
	at org.gradle.internal.execution.steps.Re
solveIncrementalCachingStateStep.executeDe
legate(ResolveIncrementalCachingStateStep.
java:27)
	at org.gradle.internal.execution.steps.Ab
stractResolveCachingStateStep.execute(Abst
ractResolveCachingStateStep.java:71)
	at org.gradle.internal.execution.steps.Ab
stractResolveCachingStateStep.execute(Abst
ractResolveCachingStateStep.java:39)
	at org.gradle.internal.execution.steps.Re
solveChangesStep.execute(ResolveChangesSte
p.java:65)
	at org.gradle.internal.execution.steps.Re
solveChangesStep.execute(ResolveChangesSte
p.java:36)
	at org.gradle.internal.execution.steps.Va
lidateStep.execute(ValidateStep.java:107)
	at org.gradle.internal.execution.steps.Va
lidateStep.execute(ValidateStep.java:56)
	at org.gradle.internal.execution.steps.Ab
stractCaptureStateBeforeExecutionStep.exec
ute(AbstractCaptureStateBeforeExecutionSte
p.java:64)
	at org.gradle.internal.execution.steps.Ab
stractCaptureStateBeforeExecutionStep.exec
ute(AbstractCaptureStateBeforeExecutionSte
p.java:43)
	at org.gradle.internal.execution.steps.Ab
stractSkipEmptyWorkStep.executeWithNonEmpt
ySources(AbstractSkipEmptyWorkStep.java:12
5)
	at org.gradle.internal.execution.steps.Ab
stractSkipEmptyWorkStep.execute(AbstractSk
ipEmptyWorkStep.java:61)
	at org.gradle.internal.execution.steps.Ab
stractSkipEmptyWorkStep.execute(AbstractSk
ipEmptyWorkStep.java:36)
	at org.gradle.internal.execution.steps.le
gacy.MarkSnapshottingInputsStartedStep.exe
cute(MarkSnapshottingInputsStartedStep.jav
a:38)
	at org.gradle.internal.execution.steps.Lo
adPreviousExecutionStateStep.execute(LoadP
reviousExecutionStateStep.java:36)
	at org.gradle.internal.execution.steps.Lo
adPreviousExecutionStateStep.execute(LoadP
reviousExecutionStateStep.java:23)
	at org.gradle.internal.execution.steps.Ha
ndleStaleOutputsStep.execute(HandleStaleOu
tputsStep.java:75)
	at org.gradle.internal.execution.steps.Ha
ndleStaleOutputsStep.execute(HandleStaleOu
tputsStep.java:41)
	at org.gradle.internal.execution.steps.As
signMutableWorkspaceStep.lambda$execute$0(
AssignMutableWorkspaceStep.java:35)
	at org.gradle.api.internal.tasks.executio
n.TaskExecution$4.withWorkspace(TaskExecut
ion.java:289)
	at org.gradle.internal.execution.steps.As
signMutableWorkspaceStep.execute(AssignMut
ableWorkspaceStep.java:31)
	at org.gradle.internal.execution.steps.As
signMutableWorkspaceStep.execute(AssignMut
ableWorkspaceStep.java:22)
	at org.gradle.internal.execution.steps.Ch
oosePipelineStep.execute(ChoosePipelineSte
p.java:40)
	at org.gradle.internal.execution.steps.Ch
oosePipelineStep.execute(ChoosePipelineSte
p.java:23)
	at org.gradle.internal.execution.steps.Ex
ecuteWorkBuildOperationFiringStep.lambda$e
xecute$2(ExecuteWorkBuildOperationFiringSt
ep.java:67)
	at org.gradle.internal.execution.steps.Ex
ecuteWorkBuildOperationFiringStep.execute(
ExecuteWorkBuildOperationFiringStep.java:6
7)
	at org.gradle.internal.execution.steps.Ex
ecuteWorkBuildOperationFiringStep.execute(
ExecuteWorkBuildOperationFiringStep.java:3
9)
	at org.gradle.internal.execution.steps.Id
entityCacheStep.execute(IdentityCacheStep.
java:46)
	at org.gradle.internal.execution.steps.Id
entityCacheStep.execute(IdentityCacheStep.
java:34)
	at org.gradle.internal.execution.steps.Id
entifyStep.execute(IdentifyStep.java:48)
	at org.gradle.internal.execution.steps.Id
entifyStep.execute(IdentifyStep.java:35)
	at org.gradle.internal.execution.impl.Def
aultExecutionEngine$1.execute(DefaultExecu
tionEngine.java:61)
	at org.gradle.api.internal.tasks.executio
n.ExecuteActionsTaskExecuter.executeIfVali
d(ExecuteActionsTaskExecuter.java:127)
	at org.gradle.api.internal.tasks.executio
n.ExecuteActionsTaskExecuter.execute(Execu
teActionsTaskExecuter.java:116)
	at org.gradle.api.internal.tasks.executio
n.FinalizePropertiesTaskExecuter.execute(F
inalizePropertiesTaskExecuter.java:46)
	at org.gradle.api.internal.tasks.executio
n.ResolveTaskExecutionModeExecuter.execute
(ResolveTaskExecutionModeExecuter.java:51)
	at org.gradle.api.internal.tasks.executio
n.SkipTaskWithNoActionsExecuter.execute(Sk
ipTaskWithNoActionsExecuter.java:57)
	at org.gradle.api.internal.tasks.executio
n.SkipOnlyIfTaskExecuter.execute(SkipOnlyI
fTaskExecuter.java:74)
	at org.gradle.api.internal.tasks.executio
n.CatchExceptionTaskExecuter.execute(Catch
ExceptionTaskExecuter.java:36)
	at org.gradle.api.internal.tasks.executio
n.EventFiringTaskExecuter$1.executeTask(Ev
entFiringTaskExecuter.java:77)
	at org.gradle.api.internal.tasks.executio
n.EventFiringTaskExecuter$1.call(EventFiri
ngTaskExecuter.java:55)
	at org.gradle.api.internal.tasks.executio
n.EventFiringTaskExecuter$1.call(EventFiri
ngTaskExecuter.java:52)
	at org.gradle.internal.operations.Default
BuildOperationRunner$CallableBuildOperatio
nWorker.execute(DefaultBuildOperationRunne
r.java:209)
	at org.gradle.internal.operations.Default
BuildOperationRunner$CallableBuildOperatio
nWorker.execute(DefaultBuildOperationRunne
r.java:204)
	at org.gradle.internal.operations.Default
BuildOperationRunner$2.execute(DefaultBuil
dOperationRunner.java:66)
	at org.gradle.internal.operations.Default
BuildOperationRunner$2.execute(DefaultBuil
dOperationRunner.java:59)
	at org.gradle.internal.operations.Default
BuildOperationRunner.execute(DefaultBuildO
perationRunner.java:166)
	at org.gradle.internal.operations.Default
BuildOperationRunner.execute(DefaultBuildO
perationRunner.java:59)
	at org.gradle.internal.operations.Default
BuildOperationRunner.call(DefaultBuildOper
ationRunner.java:53)
	at org.gradle.api.internal.tasks.executio
n.EventFiringTaskExecuter.execute(EventFir
ingTaskExecuter.java:52)
	at org.gradle.execution.plan.LocalTaskNod
eExecutor.execute(LocalTaskNodeExecutor.ja
va:42)
	at org.gradle.execution.taskgraph.Default
TaskExecutionGraph$InvokeNodeExecutorsActi
on.execute(DefaultTaskExecutionGraph.java:
331)
	at org.gradle.execution.taskgraph.Default
TaskExecutionGraph$InvokeNodeExecutorsActi
on.execute(DefaultTaskExecutionGraph.java:
318)
	at org.gradle.execution.taskgraph.Default
TaskExecutionGraph$BuildOperationAwareExec
utionAction.lambda$execute$0(DefaultTaskEx
ecutionGraph.java:314)
	at org.gradle.internal.operations.Current
BuildOperationRef.with(CurrentBuildOperati
onRef.java:85)
	at org.gradle.execution.taskgraph.Default
TaskExecutionGraph$BuildOperationAwareExec
utionAction.execute(DefaultTaskExecutionGr
aph.java:314)
	at org.gradle.execution.taskgraph.Default
TaskExecutionGraph$BuildOperationAwareExec
utionAction.execute(DefaultTaskExecutionGr
aph.java:303)
30 actionable tasks: 5 executed, 25 up-to-date
Watched directory hierarchies: [D:\Androi\EasyShop]
	at org.gradle.execution.plan.DefaultPlanE
xecutor$ExecutorWorker.execute(DefaultPlan
Executor.java:459)
	at org.gradle.execution.plan.DefaultPlanE
xecutor$ExecutorWorker.run(DefaultPlanExec
utor.java:376)
	at org.gradle.internal.concurrent.Executo
rPolicy$CatchAndRecordFailures.onExecute(E
xecutorPolicy.java:64)
	at org.gradle.internal.concurrent.Abstrac
tManagedExecutor$1.run(AbstractManagedExec
utor.java:48)
Caused by: org.jetbrains.kotlin.gradle.tas
ks.CompilationErrorException: Compilation 
error. See log for more details
	at org.jetbrains.kotlin.gradle.tasks.Task
sUtilsKt.throwExceptionIfCompilationFailed
(tasksUtils.kt:21)
	at org.jetbrains.kotlin.compilerRunner.Gr
adleKotlinCompilerWork.run(GradleKotlinCom
pilerWork.kt:119)
	at org.jetbrains.kotlin.compilerRunner.Gr
adleCompilerRunnerWithWorkers$GradleKotlin
CompilerWorkAction.execute(GradleCompilerR
unnerWithWorkers.kt:76)
	at org.gradle.workers.internal.DefaultWor
kerServer.execute(DefaultWorkerServer.java
:63)
	at org.gradle.workers.internal.NoIsolatio
nWorkerFactory$1$1.create(NoIsolationWorke
rFactory.java:66)
	at org.gradle.workers.internal.NoIsolatio
nWorkerFactory$1$1.create(NoIsolationWorke
rFactory.java:62)
	at org.gradle.internal.classloader.ClassL
oaderUtils.executeInClassloader(ClassLoade
rUtils.java:100)
	at org.gradle.workers.internal.NoIsolatio
nWorkerFactory$1.lambda$execute$0(NoIsolat
ionWorkerFactory.java:62)
	at org.gradle.workers.internal.AbstractWo
rker$1.call(AbstractWorker.java:44)
	at org.gradle.workers.internal.AbstractWo
rker$1.call(AbstractWorker.java:41)
	at org.gradle.internal.operations.Default
BuildOperationRunner$CallableBuildOperatio
nWorker.execute(DefaultBuildOperationRunne
r.java:209)
	at org.gradle.internal.operations.Default
BuildOperationRunner$CallableBuildOperatio
nWorker.execute(DefaultBuildOperationRunne
r.java:204)
	at org.gradle.internal.operations.Default
BuildOperationRunner$2.execute(DefaultBuil
dOperationRunner.java:66)
	at org.gradle.internal.operations.Default
BuildOperationRunner$2.execute(DefaultBuil
dOperationRunner.java:59)
	at org.gradle.internal.operations.Default
BuildOperationRunner.execute(DefaultBuildO
perationRunner.java:166)
	at org.gradle.internal.operations.Default
BuildOperationRunner.execute(DefaultBuildO
perationRunner.java:59)
	at org.gradle.internal.operations.Default
BuildOperationRunner.call(DefaultBuildOper
ationRunner.java:53)
	at org.gradle.workers.internal.AbstractWo
rker.executeWrappedInBuildOperation(Abstra
ctWorker.java:41)
	at org.gradle.workers.internal.NoIsolatio
nWorkerFactory$1.execute(NoIsolationWorker
Factory.java:59)
	at org.gradle.workers.internal.DefaultWor
kerExecutor.lambda$submitWork$0(DefaultWor
kerExecutor.java:174)
	at org.gradle.internal.work.DefaultCondit
ionalExecutionQueue$ExecutionRunner.runExe
cution(DefaultConditionalExecutionQueue.ja
va:194)
	at org.gradle.internal.work.DefaultCondit
ionalExecutionQueue$ExecutionRunner.access
$700(DefaultConditionalExecutionQueue.java
:127)
	at org.gradle.internal.work.DefaultCondit
ionalExecutionQueue$ExecutionRunner$1.run(
DefaultConditionalExecutionQueue.java:169)
	at org.gradle.internal.Factories$1.create
(Factories.java:31)
	at org.gradle.internal.work.DefaultWorker
LeaseService.withLocks(DefaultWorkerLeaseS
ervice.java:263)
	at org.gradle.internal.work.DefaultWorker
LeaseService.runAsWorkerThread(DefaultWork
erLeaseService.java:127)
	at org.gradle.internal.work.DefaultWorker
LeaseService.runAsWorkerThread(DefaultWork
erLeaseService.java:132)
	at org.gradle.internal.work.DefaultCondit
ionalExecutionQueue$ExecutionRunner.runBat
ch(DefaultConditionalExecutionQueue.java:1
64)
	at org.gradle.internal.work.DefaultCondit
ionalExecutionQueue$ExecutionRunner.run(De
faultConditionalExecutionQueue.java:133)
	... 2 more


BUILD FAILED in 28s
